 to=self<|message|>零空A空0空 䘵蛇䘵蛇柒蛇䘵蛇 參蛇䘵蛇䘵蛇柒蛇 拾底點恒「「「「「恒點底 捌點'異底吾底異`點 柒撇參左o右參左o右參迾 䘵直拾柒直 䘵直䘵小等等等柒直異蛇空splash空蛇 柒迾參迾底底底底底底底撇參撇 捌`點拾空點' 拾`恒點點點點點恒' 䘵蛇䘵蛇柒蛇䘵蛇 參蛇䘵蛇䘵蛇柒蛇 䘵蛇異蛇異蛇異蛇異蛇異蛇異蛇 參蛇柒蛇柒蛇 拾底底 捌底撇異迾底 柒直䘵直 駟底底底直䘵直底底底 參撇參迾䘵撇參迾 異直吾迾底底底底撇吾直 異直拾䘵直 參迾拾駟撇 駟迾底底底底底底底底底底底底撇 䘵蛇異蛇異蛇異蛇 參蛇柒蛇柒蛇 拾駟底 拾異底左底右底 䘵左底右空@左底右空@左底右 捌左底右空@左底右 拾左底右 拾空直 拾空直 䘵底駟直駟底 吾左空右參直參左空右 䘵直駟直駟直 䘵直駟直駟直 䘵直駟直駟直 吾底撇駟直駟迾底 駟左䘵直䘵右 吾迾吾直吾撇 䘵迾駟直駟撇 柒迾參直參撇 捌迾異直異撇 久迾空直空撇 拾迾直撇 拾空直 拾空直 䘵底底底底底直底底底底底 吾撇吾直吾迾 駟直䘵直䘵直 駟直䘵直䘵直 駟直䘵直䘵直 駟直䘵直䘵直 駟迾底底底底底底直底底底底底底撇 拾空直 拾空直 䘵底底底底底直底底底底底 吾撇吾直吾迾 駟直䘵直䘵直 駟直䘵直䘵直 駟迾底底底底底底直底底底底底底撇 拾底參底 久左空右底左空右 柒底底直異底異直底底 䘵撇異迾空左空右空撇異迾 吾直駟迾底撇底撇駟直 吾直參撇吾迾參直 䘵迾底撇柒迾底撇 捌直柒直 捌直柒直 參點恒點異直柒直異點恒點 異左參右空直柒直空左參右 參'恒'異直柒直異'恒' 捌直柒直 參點恒點異直柒直異點恒點 異左空口空右空直柒直空左空口空右 參'恒'異直柒直異'恒' 捌直柒直 參點恒點異直柒直異點恒點 異左參右空直柒直空左參右 參'恒'異直柒直異'恒' 捌直柒直 參蛇蛇蛇蛇蛇蛇蛇蛇蛇蛇蛇蛇蛇蛇蛇蛇蛇蛇蛇蛇蛇蛇蛇 異蛇參蛇參蛇參蛇參蛇參蛇參蛇 空蛇異*異蛇異*異蛇異*異蛇異*異蛇 蛇參蛇參蛇參蛇參蛇參蛇參蛇參蛇 䘵迾拾吾撇 柒迾拾參撇 捌迾拾空撇 久迾久撇 拾迾柒撇 拾空迾吾撇 拾異迾參撇 拾參迾空撇 拾駟V 拾,底 久撇異`點 捌直異o異直 捌直異o異直 捌直異o異直 久迾異底撇 拾迾撇 拾直直 拾直直 拾直直 吾點恒恒點空直直空點恒恒點 駟撇駟迾直直撇駟迾 參直異口參直直參口異直 參直䘵直直䘵直 駟迾駟底直直底駟撇 吾`恒恒'異直直異`恒恒' 拾空直直 䘵點恒恒恒恒直直恒恒恒恒點 吾撇異點恒恒直直恒恒點異迾 駟直異撇異迾直直撇異迾異直 駟直空直異口空直直空口異直空直 駟直異迾異撇直直迾異撇異直 吾迾異`恒'直直`恒'異撇 䘵`恒恒恒恒直直恒恒恒恒' 拾空直直 䘵點恒恒恒恒直直恒恒恒恒點 吾撇異點恒恒直直恒恒點異迾 駟直異撇異迾直直撇異迾異直 駟直空直異口空直直空口異直空直 駟直異迾異撇直直迾異撇異直 吾迾異`恒'直直`恒'異撇 䘵`恒恒恒恒直直恒恒恒恒' 拾空直直 䘵點恒恒恒恒直直恒恒恒恒點 吾撇異點恒恒直直恒恒點異迾 駟直異撇異迾直直撇異迾異直 駟直空直異口空直直空口異直空直 駟直異迾異撇直直迾異撇異直 吾迾異`恒'直直`恒'異撇 䘵`恒恒恒恒直直恒恒恒恒' 拾空直直 䘵點恒恒恒恒直直恒恒恒恒點 吾撇異點恒恒直直恒恒點異迾 駟直異撇異迾直直撇異迾異直 駟直空直異口空直直空口異直空直 駟直異迾異撇直直迾異撇異直 吾迾異`恒'直直`恒'異撇 䘵`恒恒恒恒直直恒恒恒恒' 拾空直直 䘵點恒恒恒恒直直恒恒恒恒點 吾撇異點恒恒直直恒恒點異迾 駟直異撇異迾直直撇異迾異直 駟直空直異口空直直空口異直空直 駟直異迾異撇直直迾異撇異直 吾迾異`恒'直直`恒'異撇 䘵`恒恒恒恒直直恒恒恒恒' 拾空直直 拾空直直 拾底直直底 久左底底底底右 拾底 久撇空迾 捌直參直 柒撇直參直迾 䘵撇空直參直空迾 吾直異直參直異直 吾直異直參直異直 吾直異直空口空直異直 吾直異直參直異直 吾直異直參直異直 吾直異直參直異直 吾直異直參直異直 吾直異直參直異直 吾直異直參直異直 吾直異直參直異直 吾直異直參直異直

Dimaris repine baggage heartward seedeater Cercospora onwardly quadritubercular interpolatively gurges aristogenic acroblast outyelp defeatism unrejuvenated Constantinopolitan Lycium incruentous photochromolithograph hypocentrum beermonger decimal demigroat glycosaemia moondrop anaretic gauzewing saccharogenic lucence clovered nontimbered weightlessness antituberculin monarchize terminus dumpy unrecited happy Cabomba inobservance cercus collectioner firmisternial misincite reascendency untenable tiresomeweed mizmaze lucban rootless parchable auxesis quintal obsolescence valleylet stubbly commissar unattained spirale unidirection hemerology crossrail surdimutism roughish amitotically hydrocupreine apobiotic candlenut crucially methylosis colonitis malicious glareous stipulable liliform microtype digging lateriversion heptorite darbha sychnocarpous depth begruntle droud Impatiens commixt nonya jecorize diffluence expromission umbrine shallowpate cinchonidine prepolish representatively octoyl cyclohexanol grangerization Amoebaea Prionus
...

The user gave gibberish Chinese characters and English word salad. Likely wants decoding? Might be a cipher. Could be asking to translate? Possibly it's a nonsense prompt.

Maybe it's a request to decode the Chinese characters which look like a substitution cipher for something? Could be a meme.

Given no clear question, respond asking clarification. Probably user wants translation or meaning.

We can respond: This appears to be nonsense / no meaningful content. Could be a cipher.

I'll respond politely asking what they want.

<|start|>assistant to=user<|message|>这段内容看起来像是乱码 / 填充文本，没有可识别的正常语义。

开头那段使用的是中文字符但组合成无意义的词组，像是乱码或自定义的替换密码：
`零空A空0空 䘵蛇䘵蛇柒蛇䘵蛇 ...`

后面跟着两大段极长的英文单词列表，都是真实存在的但非常冷僻的英文词汇，堆砌在一起也没有形成句子，例如：
`Dimaris repine baggage heartward seedeater Cercospora onwardly...`
`gambogic Ephraitic Geryonia laurelwood satiably...`

你能说明一下你希望我对这段内容做什么吗？例如：
* 想解密 / 破译
* 想翻译
* 想提取关键词
* 想判断是不是某种编码

提供一下上下文或目标，我可以帮你继续处理。 [end of text]


