 to=self<|message|>I want you to perform semantic grep... all lines with comments

Output line with line number only if line has something that matches query. Comments in bash: lines starting with # . Also maybe inline? Lines 1:#!/bin/bash is shebang, is comment? Probably comment. Line 4,15,20,29,38,48,56. Also blank lines? No.

Output format: line together with line number. After each line output "---". Don't explain.

So output:
1:#!/bin/bash
---
4:# Save the path to ./download_check script
---
15:# This is a script to build and install tmux on macOS without homebrew.
---
20:# Download and build pkg-config
---
29:# Download and build ncurses
---
38:# Download and build libevent
---
48:# Download and build utf8proc
---
56:# Download and build tmux
---

Probably also line 3 is empty. No.

Return.<|start|>assistant to=user<|message|>1:#!/bin/bash
---
4:# Save the path to ./download_check script
---
15:# This is a script to build and install tmux on macOS without homebrew.
---
20:# Download and build pkg-config
---
29:# Download and build ncurses
---
38:# Download and build libevent
---
48:# Download and build utf8proc
---
56:# Download and build tmux
--- [end of text]


