 to=self<|message|>I want you to perform semantic grep... lines that contain dialog or spoken text

Output line with line number only if matches. After each line output "---"

We need identify dialog lines. Lines with 「...」 or spoken.

Lines:
4: 「轟隆！」 -> dialog? sound effect maybe spoken? Probably dialog/spoken text. Might be sound. Could count.
8: 「啊～！」...「⋯⋯嚇死老夫喇。」 contains dialog.
12: 「轟隆！」 
23: ...「嘭！」 
27: 「哼，大膽狂徒，你係邊個！點解要暗算老夫！」
29: 「你做咁多傷天害理嘅事，今日我要替天行道！」
33: 我「屌」一聲... maybe spoken? "屌" is spoken. Contains dialog? Might be.
46: 「阿呆，哎暗若餓花打。」
48: 「？？？」 
50: 「我先唔係你老豆呀，哼哼。」

Also line 39: 「你係咪熔癌嘅人？！」

Line 41: 「！！！」 maybe not spoken.

Let's output those lines.

Format: line number: line? Probably output line together with line number. Example "4:「轟隆！」". Then ---

Do for each.

<|start|>assistant to=user<|message|>4:「轟隆！」
---
8:「啊～！」老夫同漢昭烈帝一樣係蓋世英雄，立即虎口劇震，筷子連同夾緊嗰嚿叉燒一齊跌咗落地。「⋯⋯嚇死老夫喇。」
---
12:「轟隆！」 呢次雷聲，果然帶來傾盤大雨，屋外屋頂雨聲不絕。
---
23:腳步聲越嚟越近，我腰間寶劍出鞘嘅一刻，廳門已經「嘭！」一聲被踢爆。
---
27:「哼，大膽狂徒，你係邊個！點解要暗算老夫！」
---
29:「你做咁多傷天害理嘅事，今日我要替天行道！」聽黑衣人嘅聲音，竟然似係女人。難怪我同佢對打可以力拔山河。平時我邊有咁大力？佢口裡強硬，卻一個翻身跳出牆外，似乎想逃走。
---
33:我提劍急追，佢見我迫近，回身一劍，刺中我右肩。我「屌」一聲，寶劍亂揮，斬中佢手腕。
---
39:「你係咪熔癌嘅人？！」 我抑壓心抵嘅震驚，若無其事咁問。
---
46:「阿呆，哎暗若餓花打。」
---
48:「？？？」 佢一臉迷罔，我忽然醒起熔癌唔識英文。
---
50:「我先唔係你老豆呀，哼哼。」
 [end of text]


