 to=self<|message|>I want you to perform semantic grep... names of countries or regions. only output country/region names with line number, something like grep -n -o

We need output line number and country/region names. For every line, output line or requested contents with line number only if line has something matches.

Probably output like:
2: countries? Hmm.

Query: names of countries or regions. only output the country/region names with line number, something like grep -n -o

So for each line, extract country names.

Line 2: nations -> not name. No specific.

Line 4: Britain, Silesia, French, UK, Portugal. Also French cambrics... French is adjective. Probably country names: Britain, Silesia, France? French is demonym. Might count? Probably country name France. Also UK. Portugal.

We need output format. Probably each match on separate line with line number.

Simplify: output line number and country names found.

Let's parse:

1: none
2: none? "countries" generic.
3: empty
4: Britain, Silesia, French, UK, Portugal. Also French cambrics -> France? Might output French? Hmm.

Maybe output each occurrence.

Let's produce lines:

4: Britain
4: Silesia
4: France
4: UK
4: Portugal

5? line5 empty

6: Britain, France, Portugal, Germany

7? none

8? none

10? none

12? countries generic

14 empty

15 [Show original]

16: England, Hamburg, Dantzic, Riga, Holland, England, Holland

17: England

18: England, France, English, French

Let's output with --- separator.

Probably need line number then name.

I'll output each match.

<|start|>assistant to=user<|message|>4: Britain
---
4: Silesia
---
4: France
---
4: UK
---
4: Portugal
---
6: Britain
---
6: France
---
6: Portugal
---
6: Germany
---
16: England
---
16: Hamburg
---
16: Dantzic
---
16: Riga
---
16: Holland
---
16: England
---
16: Holland
---
17: England
---
18: England
---
18: France [end of text]


