Yo, pull up to the mic — this one's for the block.

**"THE FED"**

Yo, the Fed is the **bank of the whole country**, not just your corner.
It's the **boss of the money**, the one that keeps the whole game in check.
When things get wild, they step in — they calm the crowd, they hold the line.
They don't print cash for you, they don't hand you a free ride, they don't play the game.
They keep the **money flowing** so the whole city can move.

Think of it like the **DJ of the economy** — the one who sets the beat.
When the beat's too slow, they **turn it up** — they pump money in, they make it easy to borrow.
When the beat's too fast, they **slow it down** — they pull money back, they make it harder to borrow.
That's the whole trick — they keep the tempo right so nobody gets left behind.

Now, the **interest rate** — that's the **price of borrowing**.
When the Fed raises it, borrowing gets expensive, like a **cover charge** at the club.
People spend less, they save more, the whole city cools off.
When they lower it, borrowing gets cheap, like a **free pass** — everybody's out there spending.

And the **money supply** — that's how much cash is out there in the streets.
Too much money and prices go up — that's **inflation**, that's the **price tag** going crazy.
Too little money and things stall — that's **deflation**, that's the **beat dropping**.
The Fed keeps the balance so the prices don't blow up.

They also **watch the whole game** — they keep an eye on the banks, they make sure nobody's cheating.
If a bank's about to crash, they step in, they **bail it out**, they keep the whole city standing.
They're the **safety net**, the **back-up plan**, the one that keeps the whole thing from falling apart.

So when you hear "the Fed," don't think of a **bank building** — think of the **whole crew**.
They're the ones keeping the **money moving**, keeping the **beat steady**, keeping the **city alive**.
They don't do it for fun, they don't do it for the fame — they do it so **you** can make it.

**That's the Fed — the boss of the money, the DJ of the economy, the one that keeps the whole game in check.**
**Respect the Fed — that's the whole track.** 🎤💸🏦 [end of text]


