Yo, check it. Pull up, let’s break it down.

You know how the streets got their own rules? Who runs the block, who keeps the peace, who makes sure the money flow don’t dry up? Well, the **Federal Reserve** (or the Fed, for short) is basically the **CEO of the whole U.S. money game**. They ain’t the government, but they got the power to move the whole economy like a DJ switching the beat.

Here’s how they run it, no cap:

### 1. **They Control the "Interest Rate" (The Price of Borrowing)**
Think of interest rates like the **cover charge** to borrow money.
*   **When the economy is hot** (everyone spending, prices going up, inflation is high): The Fed **raises** the cover charge. Borrowing money gets expensive. So, you stop buying that new whip, the business stops expanding, and people slow down. This cools off the heat.
*   **When the economy is cold** (people scared, not spending, jobs low): The Fed **lowers** the cover charge. Borrowing money gets cheap. So, you buy that car, the business hires more people, and the money starts flowing again.

They’re basically **turning the thermostat** on the economy. Too hot? Cool it down. Too cold? Turn up the heat.

### 2. **They’re the "Bank for Banks"**
Banks need to keep some cash in the vault just in case. The Fed is the **big brother** that watches over all the banks. If a bank is acting shady or about to crash, the Fed steps in to make sure it doesn’t take the whole neighborhood down with it. They’re the **security guard** for the financial system.

### 3. **They Print the Money (Well, They Control It)**
The Fed doesn’t literally print every bill (that’s the Treasury), but they control **how much money is out there**. If there’s too much money chasing too few goods, prices go up (inflation). If there’s not enough money, things get stagnant. The Fed tries to keep the **money supply** balanced so prices stay stable.

### 4. **They Keep the Dollar Strong**
The Fed’s job is to make sure the **U.S. Dollar** stays respected worldwide. If the dollar gets weak, imports get expensive, and people lose trust. The Fed uses their tools to keep the dollar **hard** and reliable.

### **Why Should You Care?**
*   **If the Fed raises rates:** Your credit card payments go up, your mortgage might get more expensive, but your savings account might earn more interest.
*   **If the Fed lowers rates:** It’s easier to get loans, buy a house, or start a business, but your savings might not grow as fast.

### **The Bottom Line:**
The Fed is the **unseen hand** that tries to keep the economy from crashing or overheating. They’re not trying to make you rich, they’re trying to keep the **system stable** so everyone can keep playing the game.

So next time you hear "The Fed raised rates," just know: **They just made borrowing money more expensive to cool off the heat.** Simple as that. 🎤🔥 [end of text]


