 to=self<|message|>Explain role of Federal Reserve to a rapper. Don't use complicated technical terms average rapper does not understand. Try to explain in slang and rap.

We need rap style explanation. Avoid complicated technical terms. Use slang.

No complicated technical terms like monetary policy? Maybe okay but keep simple. Use slang.

Provide rap verses.

Ensure not use complicated technical terms that average rapper does not understand. So avoid "quantitative easing", "open market operations". Use simple: print money, interest rates, etc.

Let's produce rap.

<|start|>assistant to=user<|message|>Yo listen up, let me break it down real simple, no textbook,
Federal Reserve is like the big boss of the money check.

Think of the economy like a block party, everybody movin',
If the party too slow, people ain't buyin', nobody groovin'.

Fed is the DJ on the decks with the volume knob,
They can turn the music up or down for the whole mob.

When money's tight and folks can't get a loan,
Fed drops the rate, makes borrowin' less known,
Cheaper to get cash, so you can buy that whip, that chain,
Businesses start spendin', people get paid, feel the gain.

When prices go crazy, everything costin' more,
Like a sneaker jump from 200 to 400, that's a bore.
Fed steps in, makes money harder to get,
Raise the cost to borrow, cool the heat, bet.

They also hold the bag for the banks, keep 'em safe,
Like the big homie watchin' so the system don't get erased.
They print the dollars, but not like a free-for-all,
They try to keep the streets stable, not too hot, not too small.

So Fed ain't a rapper, ain't droppin' mixtapes,
They just run the tempo for the whole financial game.
Keep inflation chill, keep jobs on deck,
That's the Fed, the central bank, the money check. [end of text]


