Yo, listen up. Let me break down the biggest boss in the game—the Federal Reserve, aka the Fed. 

Think of the whole US economy like a massive studio session, right? The Fed is the Executive Producer. They don’t own the studio, but they control the board, the mics, and the master volume. If the track is sounding weak or too chaotic, they step in and fix the mix. 

Here’s how they run the game, broken down bar for bar:

**The Fed (The Executive Producer)**
Yo, pull up a chair, let me school you to the Fed,
The biggest boss in the game, the one calling the lead.
They don’t drop albums, they don’t step in the booth,
But they control all the cash and the paper, the truth.
When the economy’s hot, or the streets going broke,
They step in the mix, that’s the move they invoke.

**The Two Knobs: The Interest Rate & The Money Supply**
See, they got two main knobs on the mixing board,
When the bag gets tight, or the bag gets floored.
First knob is the "Rate"—that’s the price of the loan,
If you trying to buy a crib or a whip of your own.
When the Fed drops the rate, money’s cheap as a feature,
Bags circulating, heavy paper, no preacher.
But if prices get too high—like a ten-dollar egg?
They hike up the rate, put a cap on the bread.
Borrowing gets pricey, so the spending gets slow,
Cooling the streets down when the cash flow too low.

Second knob is the "Supply"—that’s the actual print,
Are we flooding the block, or we keeping it mint?
If a crisis hit—like the Rona shut down—
The Fed prints the checks so the whole town don’t drown.
They pump up the cash, get the market to bounce,
But print way too much? Inflation’s a bounce.
Your dollar gets weak, it won’t buy what it bought,
So the Fed gotta balance the money they brought.

**The Banks' Boss (Lender of Last Resort)**
Think of your bank like a rapper who’s signed,
The Fed is the label that’s standing behind.
If your bank runs out of cash and the panic starts spreadin',
The Fed steps in with the bag to stop the bleeding.
They loan them the paper, keep the vault doors locked,
"Too big to fail"—yeah, that’s the stock.

**The Vibe Check (Maximum Employment & Stable Prices)**
At the end of the day, the Fed got two goals,
Two platinum plaques hanging up on their walls:
Maximum employment—that’s jobs for the crew,
Everybody out working, got something to do.
And stable prices—so a bag stays a bag,
So the value of your grind don't go out sad.

So next time you cop a chain or you finance a car,
Just know the Fed set the price on the gas and the star.
They the ghostwriters of the dollar, the unseen hand,
Keeping the whole rap game steady, understand? [end of text]


