《老子》和《聖經》這兩段話，乍看之下似乎是截然相反的觀點，但實際上它們可能在不同的層面上描述了世界的運作方式。要判斷哪個「更對」，需要更深入地理解它們的語境和哲學基礎。

**《老子》：「天之道損有餘而補不足」**

*   **核心思想：** 強調平衡、調和、以及資源的合理分配。
*   **解釋：** 天道（自然法則）的運作方式是，對於過多的東西，會有所減少；對於不足的東西，會有所補充。這不是簡單的「劫富濟貧」，而是指自然界會通過各種方式，使事物趨向於一種平衡的狀態。例如，過多的雨水會導致洪水，自然會通過蒸發、滲透等方式來減少；而乾旱地區則需要雨水來補充。
*   **哲學基礎：** 道家思想，強調「無為而治」，順應自然，不強求，不妄為。通過減少過剩，增加不足，達到一種動態的平衡。

**《聖經》：「For whosoever hath, to him shall be given, and he shall have more abundance: but whosoever hath not, from him shall be taken away even that he hath.」**

*   **核心思想：** 強調努力、奉獻、以及神的回報。
*   **解釋：** 這段話通常被解釋為，那些已經擁有（例如，知識、技能、財富、信仰）的人，如果繼續努力，會得到更多的回報；而那些沒有任何東西的人，如果什麼都不做，甚至會失去他們所擁有的。
*   **哲學基礎：** 基督教思想，強調個人責任、努力工作、以及對神的信仰。通過努力和奉獻，可以獲得神的恩典和回報。

**哪個「更對」？**

這取決於你如何理解「對」的含義。

*   **從自然法則的角度：** 《老子》的描述可能更符合我們對自然界的觀察。自然界確實存在一種趨向平衡的機制，過多的資源會被消耗或轉化，而不足的資源會得到補充。
*   **從社會和個人發展的角度：** 《聖經》的描述可能更符合我們對社會和個人發展的觀察。在一個競爭激烈的社會中，那些已經擁有優勢的人，如果繼續努力，往往會獲得更多的機會和資源；而那些沒有任何優勢的人，如果缺乏努力和進取心，可能會被社會淘汰。

**更深入的思考：**

*   **兩者是否矛盾？** 實際上，這兩者可能並非完全矛盾。我們可以將《老子》的「天道」理解為自然法則，將《聖經》的描述理解為社會法則或個人發展法則。
*   **平衡的必要性：** 即使在一個強調努力和競爭的社會中，也需要關注資源的合理分配，避免過度集中，造成社會不公。
*   **個人努力與社會責任：** 個人努力固然重要，但社會也應該提供公平的機會，幫助那些處於弱勢地位的人，實現自我發展。

**結論：**

《老子》和《聖經》這兩段話，從不同的角度描述了世界的運作方式。它們並非完全矛盾，而是可以互補的。理解它們的語境和哲學基礎，可以幫助我們更全面地認識世界，並在個人發展和社會進步中找到平衡。

最終，哪個「更對」取決於你所處的環境、你的價值觀，以及你所關注的問題。重要的是，要從不同的角度思考問題，並找到適合自己的答案。
 [end of text]


