這是一個非常深刻且直指核心的哲學與神學問題。你將東方哲學的宇宙觀與西方宗教的奧秘並置，這兩段話表面上看來完全對立，但實際上，它們可能是在描述「天道」運行的兩個不同維度。

要回答「以天道而言，哪個才說得對？」，我們不能單看字面矛盾，而必須深入理解這兩句話背後的**運作機制**與**適用範疇**。

### 1. 《老子》的視角：物質與能量的「平衡法則」
「天之道損有餘而補不足」出自《道德經》第七十七章。老子觀察的是自然界與人類社會的**客觀規律**。

*   **自然界的體現：** 水往低處流，月盈則虧，日中則昃。高處的泥土被雨水沖刷到低谷，形成平原。這是物理學上的「熵增原理」與熱力學平衡，能量總是從高處流向低處，最終趨向均勻。
*   **人類社會的體現：** 歷史上的朝代更迭、土地兼併導致貧富懸殊，最終引發革命或災荒，重新分配財富。
*   **老子的結論：** 天道是一種「負回饋」系統。當一個系統過度傾斜時，宇宙會自動產生一種力量去削減多餘的，填補缺乏的，以維持整體的生生不息。**天道追求的是「系統的平衡與永續」。**

### 2. 聖經的視角：屬靈與心智的「複利法則」
聖經馬太福音13:12的這句話，在社會學中被稱為「馬太效應」。但如果只把它理解為「富人更富，窮人更窮」，就誤解了其原意。這句話的上下文是耶穌在講述為什麼要用比喻教導人，它針對的是**人的領受能力與屬靈狀態**。

*   **心智與認知的體現：** 「凡有的」指的是已經具備某種理解力、 openness（開放態度）或基礎能力的人。當你已經掌握了一門知識的基礎，你再學習進階知識就更容易，你的知識會產生「複利」。相反，「沒有的」指的是那些封閉自己、不願意用心領受的人，連他原本聽過的一點道理也會隨時間遺忘。
*   **屬靈與恩典的體現：** 在信仰層面，越是謙卑渴慕、已經擁有一點信心的人，上帝越會賜予他更多的啟示與恩典；而那些心硬、拒絕真理的人，連他們自以為擁有的一點點自義也會被剝奪。
*   **聖經的結論：** 這是一種「正回饋」系統。天道在對待「生命的成長」時，獎勵已經開始萌芽的種子。**天道在這裡追求的是「生命的擴張與質的躍升」。**

### 3. 兩者的融合：哪個才說得對？
以「天道」而言，**兩者都對，因為它們是天道在不同維度上的展現。**

我們可以這樣理解天道的全貌：

**A. 在「物質與存量」的世界裡，老子是對的（平衡法則）**
物質資源是有限的。如果天道不「損有餘而補不足」，資源就會被少數人完全壟斷，生態系統就會崩潰，人類社會就會走向毀滅。因此，在財富、權力、自然資源等「有限賽局」中，天道必然透過各種方式（如災難、革命、經濟危機）來強制平衡。

**B. 在「精神與增量」的世界裡，聖經是對的（複利法則）**
智慧、愛、信心、認知能力是無限的。在這些「無限賽局」中，天道不搞平均主義。你越去愛，你獲得的愛的能力就越強；你越去思考，你的智慧就越增長。天道不會把一個哲學家的智慧「損」下來分給一個不願意思考的人。對於不願意成長的靈魂，天道任由其枯萎；對於渴望成長的靈魂，天道給予無限的供應。

### 總結：天道的雙翼

如果把「天道」看作一個完整的生態系統：
*   **聖經的法則**是為了促進**「個體的進化與成長」**。它鼓勵人們去爭取、去領受、去擴張邊界。
*   **老子的法則**是為了維持**「整體的生存與平衡」**。它防止個體的無限擴張導致系統崩潰。

兩者缺一不可。如果只有聖經的法則，世界會變成極端的弱肉強食、貧富懸殊，最後走向毀滅；如果只有老子的法則，世界會變成絕對的死水一潭，沒有人願意去創新和成長（因為多出來的都會被損掉）。

因此，**天道在精神與認知上獎勵「有的」，在物質與權力上限制「有餘的」**。這兩句話合在一起，才是天道運作的完整圖像。 [end of text]


