這兩句話都不錯，只是**所論的對象不同**：一個論的是**自然規律**，一個論的是**社會與道德秩序**。把兩者混在一起問「哪個對」，就像問「重力對不對，還是愛對不對」一樣，需要先問清楚：你問的是**天道**，還是**人道**？

---

## 一、《老子》的「損有餘而補不足」——天道

原文（第七十七章）：

> 天之道，損有餘而補不足。
> 人之道，則不然，損不足以奉有餘。
> 故有餘者，損之將益；不足者，益之將損。

這裡的「天」，是**自然法則**：水往低處流、物極必反、月滿則虧、寒來暑往。有餘的東西，自然會消耗；不足的東西，自然會滋長。這是**物理與生態的平衡機制**，不以人的意志為轉移。

老子接著說了一句關鍵的：

> 是以聖人執天之道，以靜觀民命。

聖人**順應**天道，而不是**改造**天道。他明白：人若強行「補不足」，反而會擾亂自然的平衡；真正的智慧是**不強為**，讓萬物各得其所。

---

## 二、聖經的「有餘的將得，不足的將失」——人道

馬太福音 25:29（和合本）：

> 因為凡有的，將有餘；沒有的，連他所有的也要奪去。

這句話出自耶穌講的**才幹比喻**（馬太福音 25:14–30）。它論的是**人在世上的處境與選擇**：

- 一個人若善用自己所擁有的資源、才幹、機會，就會得到更多；
- 一個人若荒廢、浪費、不負責任，就會失去更多。

這是**道德與行為的因果**，不是自然法則。它強調的是**人的責任**：你如何對待你所擁有的，決定你將得到什麼。

---

## 三、兩者並不矛盾

| | 老子 | 聖經 |
|---|---|---|
| 對象 | 自然規律（天道） | 人的行為與處境（人道） |
| 性質 | 物理、生態、循環 | 道德、責任、因果 |
| 結論 | 有餘者會自然消耗，不足者會自然滋長 | 善用者將得更多，荒廢者將失去更多 |

**天道**說的是「**自然會如何**」，**人道**說的是「**人當如何**」。

- 水往低處流，是天道；但人修堤築壩，是人事。
- 物極必反，是天道；但人勤儉持家，是人事。
- 自然會把有餘的消耗掉，是天道；但人若善用所擁有的，會得到更多，是人事。

---

## 四、老子自己就回答了這個問題

老子在第七十七章直接點破了：

> 天之道，損有餘而補不足。
> **人之道，則不然，損不足以奉有餘。**

老子承認：人類的社會秩序，恰恰是**與天道相反的**——弱者被剝削，強者被奉承。所以他主張：

> 是以聖人執天之道，以靜觀民命。

聖人**順應**天道，讓自然去平衡，而不是用人的手段去扭曲它。

---

## 五、所以，哪個「對」？

**兩者都對，只是回答不同的問題：**

- 若問「**自然會如何**」——老子對：有餘者會消耗，不足者會滋長。
- 若問「**人當如何**」——聖經對：善用者將得更多，荒廢者將失去更多。

**真正的智慧，是同時明白兩者：**

> 自然會把有餘的消耗掉，所以不必驕傲；
> 人若善用所擁有的，會得到更多，所以不必放棄。

**天道不否定人的努力，人的努力也不違背天道——只要人順應自然，而不是扭曲自然。**

---

## 六、一句話總結

> **天道**：有餘者會自然消耗，不足者會自然滋長——這是**自然法則**，不以人的意志為轉移。
> **人道**：善用者將得更多，荒廢者將失去更多——這是**人的責任**，是人當如何選擇。
> **兩者並存，互不矛盾**：自然會平衡萬物，而人當善用所擁有的。

**所以，不是「哪個對」，而是「你問的是天道，還是人道？」**

---

如果你願意，我可以再深入探討：

- 老子「損有餘而補不足」在現代社會的應用（如資源分配、環境保護）
- 聖經「才幹比喻」的完整上下文與神學含義
- 兩者如何共同啟發我們面對貧富差距、環境危機等現實問題

你想從哪一個方向繼續？ [end of text]


