這是一個非常深刻且經典的哲學與神學比較問題。要回答「哪個才說得對」，我們首先需要釐清一個關鍵前提：**這兩句話並非在描述同一個層次的「道」或「法則」，它們的出發點、目的和適用領域完全不同。**

因此，與其問「哪個對」，不如問「它們各自揭示了什麼真理？」以及「在什麼情境下，哪一種法則更顯現？」

以下從幾個維度來分析：

---

### 一、語境與核心意涵的差異

#### 1. 《老子》：「天之道，損有餘而補不足」
- **出處**：《道德經》第七十七章。
- **核心概念**：**自然平衡（Equilibrium）**。
- **解釋**：
  - 老子這裡說的「天之道」，是指**自然界的物理法則與生態平衡**。
  - 例如：水往低處流（損高補低）、風雨調和、生態系統中資源的再分配。
  - 老子緊接著說：「人之道則不然，損不足以奉有餘。」意思是，**人間的社會制度、財富分配往往相反**——富者愈富，貧者愈貧。
  - **結論**：老子是在**批判人間的社會不公**，並呼籲人類應效法自然的平衡之道，追求和諧、謙抑、不爭。

#### 2. 《聖經》：「凡有的，還要加給他，叫他有餘；凡沒有的，連他所有的，也要奪過來。」
- **出處**：馬太福音 25:29（才幹的比喻），也見於馬可福音 4:25。
- **核心概念**：**屬靈原則與責任（Stewardship & Responsibility）**。
- **解釋**：
  - 這段話出自耶穌的比喻，背景是主人交託僕人管理才幹（資源、恩賜、機會）。
  - 這裡的「有」與「沒有」，不是指物質財富的絕對多寡，而是指**人是否願意使用、發展、忠信地管理**所擁有的資源。
  - 「有餘」者，是因他忠信、積極、開放，所以神賜下更多；「奪走」者，是因他恐懼、隱藏、不作為，導致恩賜枯萎。
  - **結論**：這是一條**屬靈與道德的因果律**，強調人的主動性、責任與回應。它不是神在「偏袒富人」，而是說：**你如何使用你所擁有的，決定了你將得到什麼。**

---

### 二、以「天道」而言，哪個才說得對？

這取決於你如何定義「天道」：

#### 1. 若「天道」指**自然物理法則** → 老子更貼近
- 在自然界中，確實存在「負反饋機制」（Negative Feedback）來維持平衡。例如：
  - 水位高處會流向低處。
  - 生態系統中，物種過多會導致資源匱乏，從而減少數量。
- 老子描述的是一種**自發的、無為的、趨向平衡**的自然秩序。

#### 2. 若「天道」指**屬靈、道德或歷史進程中的法則** → 聖經更貼近
- 在人類社會、個人成長、信仰實踐中，往往呈現「正反饋機制」（Positive Feedback）：
  - 學習越多，理解力越強，學得越快（複利效應）。
  - 信任越多，關係越深，機會越多。
  - 反之，若放棄使用能力，能力會退化（用進廢退）。
- 聖經揭示的是一種**動態的、基於回應與責任**的屬靈法則。它不是被動的平衡，而是主動的成長或衰敗。

#### 3. 更深的整合視角：兩者互補，而非矛盾

許多思想家（如儒家、道家與基督教神學家）認為，這兩者可以共存於不同層面：

| 維度 | 老子（天之道） | 聖經（才幹比喻） |
|------|----------------|------------------|
| **領域** | 自然、生態、社會結構的理想狀態 | 個人靈命、責任、恩賜管理 |
| **機制** | 平衡、謙抑、不爭 | 成長、忠信、主動 |
| **對「有餘」的態度** | 應「損」之，以達和諧 | 應「用」之，以結更多果實 |
| **對「不足」的態度** | 應「補」之，以達公平 | 應「求」之，以得恩典 |

- **老子的「損有餘」**，是針對**社會結構與權力集中**的警告：當財富與權力過度集中，會破壞整體和諧，最終導致崩潰（如歷史上的王朝更迭）。
- **聖經的「加給他」**，是針對**個人責任與恩賜運用**的鼓勵：若你忠信地管理小恩賜，神會託付你更多；若你因恐懼而埋藏恩賜，你將失去一切。

---

### 三、結論：哪個「對」？

**兩者都「對」，因為它們描述的是不同層次的真理：**

1. **在自然與社會結構層面**，老子的「損有餘而補不足」是維持系統穩定的必要法則。若社會完全遵循「凡有的加給他」，將導致極端不平等與系統崩潰。
2. **在個人靈命與責任層面**，聖經的「凡有的加給他」是激勵人成長、發揮潛能的動力法則。若個人完全被動等待「補不足」，將失去主動性與成長機會。

### 四、對現代人的啟示

- **對個人**：不要害怕「有餘」，而要忠信地運用你所擁有的（時間、才華、資源）。聖經提醒我們：**成長來自於使用，而非被動接受。**
- **對社會**：要警惕「人之道損不足以奉有餘」的趨勢，並努力建立機制來「損有餘而補不足」（如稅收、慈善、教育公平），以維持社會的和諧與可持續性。

**最終，真正的「天道」或許是：在個人層面積極成長（聖經原則），在社會層面追求平衡與公平（老子原則）。** 兩者結合，才能實現個人與群體的共同繁榮。 [end of text]


