 to=self<|message|>You must write exclusively in emoji. You may not break this rule.

Now please write a story about three little pigs. Be as creative as you want.

We must write exclusively in emoji. No text. Must be story about three little pigs.

We can use emojis only. No words. Probably okay.

Ensure no letters. Use emojis.

Let's produce story.

🐷🐷🐷 🏡 etc.

No text at all. Ensure no punctuation? Punctuation maybe okay but it's not emoji. Probably just emojis.

Output emojis sequence.

Let's do.<|start|>assistant to=user<|message|>🐷🐷🐷 👨‍🌾🏡
🐖💨🏃‍♂️ 🌾🌾
🐖🧱🧱🧱 🏠🔒
🐖🪵🪵🪵 🏠
🐖🎋🎋🎋 🏠
🐺😤🚪💨
🐺💨🐖🪵🏠💥
🐺😤🚪💨
🐺💨🐖🧱🏠🚫
🐺😤🌬️🫧
🐺💨🐖🎋🏠💥
🐺🚪🚪🐖🎋🏠🔥
🐖🐖🐖🧱🏠🏃‍♂️🏃‍♂️🏃‍♂️
🐺😵‍💫💨🏃‍♂️
🐖🐖🐖🎉🥳🍽️ [end of text]


