Based on the lyrics provided, here is the story and interpretation of the song.

### The Story: The Forest’s Final Feast

The lyrics describe a scene at a **small, run-down restaurant located deep in a forest**. The atmosphere is whimsical and chaotic, but there is a dark, underlying narrative of death and finality.

**The Setting & Characters:**
*   **The Restaurant:** It has a red-painted tin roof, is empty during lunch, and has no reservations. It seems abandoned or forgotten by humans ("tracing acorns won't get you there," "reaching it from a forgotten person").
*   **The Guests:** Not humans, but forest creatures. A small bear is dancing on someone’s hand, and birds are flapping and laughing.
*   **The Music:** Classical instruments (violin, flute, cello, viola) are playing from the kitchen, suggesting a formal, perhaps ritualistic, atmosphere.

**The Plot:**
1.  **Arrival:** The narrator (or the observer) arrives at this elusive forest restaurant. It’s empty, but the mood is lively due to the music and the animals.
2.  **The Menu:** The menu only lists "Recommended" items. The dishes served are human foods: Carpaccio, Paella, Buffet, Risotto.
3.  **The Twist:** The host welcomes the guests with a cheerful "Welcome, welcome, please come in. Eat your fill, then sleep."
4.  **The Climax:** The guests (the animals) dance wildly. The narrator notes there is **no dessert**.
5.  **The Ending:** The final line reveals the true purpose of the meal: *"We will deliver it all the way to the inside of the grave. Tonight is the last full course."*

### Literal Interpretation in a Fantastical Setting

You asked for an interpretation that makes **literal sense** in a fantastical world, not just a metaphor. Here is that literal story:

**This is a funeral banquet for a deceased forest spirit or a reclusive human who lived in the forest.**

*   **"Tracing acorns won't get you there / Reaching it from a forgotten person":** The restaurant is not accessible by normal means. It is a place of the dead or the forgotten. Only those who are "forgotten" (i.e., deceased or lost) can find it.
*   **"Empty pockets / No reservations / Empty seats":** The restaurant is not for the living. It is a place where the dead gather. The "empty seats" are for the souls that have not yet arrived, or it is a one-time event.
*   **"Birds flapping and laughing / Bear dancing":** In many folklore traditions, animals are the first to know when a death is near, or they are the spirits of the deceased. The bear and birds are not just guests; they are **spirits** or **familiar spirits** celebrating the final passage of their master or a fellow spirit.
*   **"Classical music from the kitchen":** This is the ritual music for the afterlife. It’s not a casual lunch; it’s a formal send-off.
*   **"Eat your fill, then sleep":** This is a euphemism for dying. The "sleep" is eternal.
*   **"No dessert":** There is no "after" life in this context. The meal is the end.
*   **"Deliver it all the way to the inside of the grave":** This is the key literal line. The food is not being eaten by the living. It is being **placed in the grave** as an offering. In many cultures, food is left for the dead to sustain them in the afterlife. The "full course" is the final meal the deceased will ever have.
*   **"Tonight is the last full course":** This confirms that the meal is a one-time event, marking the finality of death.

### Why It’s Lighthearted and Mischievous

The melody and tone are lighthearted because the song is framed as a **whimsical, almost cartoonish** event. The animals are dancing, the music is classical, and the host is cheerful. This creates a **juxtaposition** between the cheerful, playful surface and the dark, final reality of death. It’s a "mischievous" take on mortality: instead of being somber, the funeral is a wild, joyful, and slightly absurd party in the forest, where the dead are fed one last time by the spirits of the animals.

In short: **It’s a literal funeral feast in a magical forest, where the dead are served a final meal by dancing animal spirits, and the food is placed in the grave as a final offering.** [end of text]


