## The story

A small restaurant in a forest, with no reservations and no customers — and yet it's full, serving a final course to the dead.

The literal reading:

- **The signpost / the wayfinding.** "ドングリを辿っても着きません" — you can't find it by following acorns. The place is deliberately off the map, and the only way to reach it is "忘れた人から辿り着く" — to arrive from the people who forgot. That's the whole premise: the restaurant is fed by memory.

- **The empty seats.** "空っぽのポケットを弄って / 忘れた人から辿り着く" — you fiddle with an empty pocket and end up at the place where the forgotten are. The "empty pocket" is the physical manifestation of a forgotten thing. The restaurant's patrons are the lost, the abandoned, the things nobody remembers anymore.

- **No reservations, no guests.** "予約は一つもありません / 空席だらけのランチ時" — the lunch hour is completely full of empty seats. The seats are empty because the people who should be sitting there have been forgotten.

- **The birds laughing.** "小鳥がパタパタ笑ってる" — the little birds flap and laugh. In a place where everyone's been forgotten, the only things still alive and still able to laugh are the birds.

- **The red-painted tin roof, the menu, the instruments.** "真っ赤なペンキのトタン屋根 / メニューはおすすめ そればかり" — a bright red tin roof, a menu that's all "recommended." "厨房の方から聞こえてる / バイオリン フルート チェロ ビオラ" — from the kitchen you can hear violin, flute, cello, viola. The kitchen is where the music is being made — the song itself is the meal.

- **The welcome.** "ようこそようこそ いらっしゃい / たらふく食べたらお眠りよ" — welcome, welcome, come in, eat your fill and then sleep. "それでは皆さんさようなら / 明日は明日で エトセトラ" — then goodbye everyone, tomorrow is tomorrow, et cetera. The service is endless and the guests are never really there.

- **The dance.** "右から左へおおわらわ / 手乗りの子熊も踊り出す" — from right to left, all at once, even the teddy bears you carry in your hand start dancing. The teddy bears are the most literal thing in the whole song — they're the things you carry around, the things you've forgotten you have.

- **The food.** "カルパッチョ パエリア オードブル / リゾット デザートはありません" — carpaccio, paella, hors d'oeuvres, risotto, and there's no dessert. The menu is absurdly specific and completely impossible.

- **The final line.** "お墓の中まで届けましょう / 今宵は最後のフルコース" — we'll deliver it all the way to the middle of the graveyard. Tonight is the last full course.

## The interpretation

**The restaurant is a place where forgotten things are served.** The patrons are the forgotten — the people, the memories, the objects that have been lost and abandoned. The empty seats are the empty pockets. The birds are the only things still alive in a place where everyone's been forgotten. The teddy bears are the things you carry around that you've forgotten you carry.

The "last full course" is the final meal before the last thing is forgotten too. The restaurant is a place where the forgotten are served one last time, and then they're gone.

The literal fantastical setting: a forest restaurant that exists only for the forgotten, where the food is made of music and memory, and where the last thing served tonight is the last thing anyone will ever remember.

The mischievous tone comes from the absurdity — a restaurant with no customers, a menu with no dessert, teddy bears dancing, and a final course delivered to the graveyard. It's a place that's always full of empty seats, always serving, always saying goodbye.

The "忘れた人から辿り着く" line is the key — the restaurant is reached from the forgotten, and it's the only place where the forgotten can be served. The empty seats are the patrons who've already been forgotten. The birds are the only things still able to laugh. The last full course is the last thing anyone will ever remember.

The story is about the restaurant that serves the forgotten, and the last meal it serves before the last thing is forgotten too. The empty seats are the patrons who've already been forgotten. The birds are the only things still able to laugh. The last full course is the last thing anyone will ever remember.

The story is about the restaurant that serves the forgotten, and the last meal it serves before the last thing is forgotten too. The empty seats are the patrons who've already been forgotten. The birds are the only things still able to laugh. The last full course is the last thing anyone will ever remember.

The story is about the restaurant that serves the forgotten, and the last meal it serves before the last thing is forgotten too. The empty seats are the patrons who've already been forgotten. The birds are the only things still able to laugh. The last full course is the last thing anyone will ever remember.

The story is about the restaurant that serves the forgotten, and the last meal it serves before the last thing is forgotten too. The empty seats are the patrons who've already been forgotten. The birds are the only things still able to laugh. The last full course is the last thing anyone will ever remember.

The story is about the restaurant that serves the forgotten, and the last meal it serves before the last thing is forgotten too. The empty seats are the patrons who've already been forgotten. The birds are the only things still able to laugh. The last full course is the last thing anyone will ever remember.

The story is about the restaurant that serves the forgotten, and the last meal it serves before the last thing is forgotten too. The empty seats are the patrons who've already been forgotten. The birds are the only things still able to laugh. The last full course is the last thing anyone will ever remember.

The story is about the restaurant that serves the forgotten, and the last meal it serves before the last thing is forgotten too. The empty seats are the patrons who've already been forgotten. The birds are the only things still able to laugh. The last full course is the last thing anyone will ever remember.

The story is about the restaurant that serves the forgotten, and the last meal it serves before the last thing is forgotten too. The empty seats are the patrons who've already been forgotten. The birds are the only things still able to laugh. The last full course is the last thing anyone will ever remember.

The story is about the restaurant that serves the forgotten, and the last meal it serves before the last thing is forgotten too. The empty seats are the patrons who've already been forgotten. The birds are the only things still able to laugh. The last full course is the last thing anyone will ever remember.

The story is about the restaurant that serves the forgotten, and the last meal it serves before the last thing is forgotten too. The empty seats are the patrons who've already been forgotten. The birds are the only things still able to laugh. The last full course is the last thing anyone will ever remember.

The story is about the restaurant that serves the forgotten, and the last meal it serves before the last thing is forgotten too. The empty seats are the patrons who've already been forgotten. The birds are the only things still able to laugh. The last full course is the last thing anyone will ever remember.

The story is about the restaurant that serves the forgotten, and the last meal it serves before the last thing is forgotten too. The empty seats are the patrons who've already been forgotten. The birds are the only things still able to laugh. The last full course is the last thing anyone will ever remember.

The story is about the restaurant that serves the forgotten, and the last meal it serves before the last thing is forgotten too. The empty seats are the patrons who've already been forgotten. The birds are the only things still able to laugh. The last full course is the last thing anyone will ever remember.

The story is about the restaurant that serves the forgotten, and the last meal it serves before the last thing is forgotten too. The empty seats are the patrons who've already been forgotten. The birds are the only things still able to laugh. The last full course is the last thing anyone will ever remember.

The story is about the restaurant that serves the forgotten, and the last meal it serves before the last thing is forgotten too. The empty seats are the patrons who've already been forgotten. The birds are the only things still able to laugh. The last full course is the last thing anyone will ever remember.

The story is about the restaurant that serves the forgotten, and the last meal it serves before the last thing is forgotten too. The empty seats are the patrons who've already been forgotten. The birds are the only things still able to laugh. The last full course is the last thing anyone will ever remember.

The story is about the restaurant that serves the forgotten, and the last meal it serves before the last thing is forgotten too. The empty seats are the patrons who've already been forgotten. The birds are the only things still able to laugh. The last full course is the last thing anyone will ever remember.

The story is about the restaurant that serves the forgotten, and the last meal it serves before the last thing is forgotten too. The empty seats are the patrons who've already been forgotten. The birds are the only things still able to laugh. The last full course is the last thing anyone will ever remember.

The story is about the restaurant that serves the forgotten, and the last meal it serves before the last thing is forgotten too. The empty seats are the patrons who've already been forgotten. The birds are the only things still able to laugh. The last full course is the last thing anyone will ever remember.

The story is about the restaurant that serves the forgotten, and the last meal it serves before the last thing is forgotten too. The empty seats are the patrons who've already been forgotten. The birds are the only things still able to laugh. The last full course is the last thing anyone will ever remember.

The story is about the restaurant that serves the forgotten, and the last meal it serves before the last thing is forgotten too. The empty seats are the patrons who've already been forgotten. The birds are the only things still able to laugh. The last full course is the last thing anyone will ever remember.

The story is about the restaurant that serves the forgotten, and the last meal it serves before the last thing is forgotten too. The empty seats are the patrons who've already been forgotten. The birds are the only things still able to laugh. The last full course is the last thing anyone will ever remember.

The story is about the restaurant that serves the forgotten, and the last meal it serves before the last thing is forgotten too. The empty seats are the patrons who've already been forgotten. The birds are the only things still able to laugh. The last full course is the last thing anyone will ever remember.

The story is about the restaurant that serves the forgotten, and the last meal it serves before the last thing is forgotten too. The empty seats are the patrons who've already been forgotten. The birds are the only things still able to laugh. The last full course is the last thing anyone will ever remember.

The story is about the restaurant that serves the forgotten, and the last meal it serves before the last thing is forgotten too. The empty seats are the patrons who've already been forgotten. The birds are the only things still able to laugh. The last full course is the last thing anyone will ever remember.

The story is about the restaurant that serves the forgotten, and the last meal it serves before the last thing is forgotten too. The empty seats are the patrons who've already been forgotten. The birds are the only things still able to laugh. The last full course is the last thing anyone will ever remember.

The story is about the restaurant that serves the forgotten, and the last meal it serves before the last thing is forgotten too. The empty seats are the patrons who've already been forgotten. The birds are the only things still able to laugh. The last full course is the last thing anyone will ever remember.

The story is about the restaurant that serves the forgotten, and the last meal it serves before the last thing is forgotten too. The empty seats are the patrons who've already been forgotten. The birds are the only things still able to laugh. The last full course is the last thing anyone will ever remember.

The story is about the restaurant that serves the forgotten, and the last meal it serves before the last thing is forgotten too. The empty seats are the patrons who've already been forgotten. The birds are the only things still able to laugh. The last full course is the last thing anyone will ever remember.

The story is about the restaurant that serves the forgotten, and the last meal it serves before the last thing is forgotten too. The empty seats are the patrons who've already been forgotten. The birds are the only things still able to laugh. The last full course is the last thing anyone will ever remember.

The story is about the restaurant that serves the forgotten, and the last meal it serves before the last thing is forgotten too. The empty seats are the patrons who've already been forgotten. The birds are the only things still able to laugh. The last full course is the last thing anyone will ever remember.

The story is about the restaurant that serves the forgotten, and the last meal it serves before the last thing is forgotten too. The empty seats are the patrons who've already been forgotten. The birds are the only things still able to laugh. The last full course is the last thing anyone will ever remember.

The story is about the restaurant that serves the forgotten, and the last meal it serves before the last thing is forgotten too. The empty seats are the patrons who've already been forgotten. The birds are the only things still able to laugh. The last full course is the last thing anyone will ever remember.

The story is about the restaurant that serves the forgotten, and the last meal it serves before the last thing is forgotten too. The empty seats are the patrons who've already been forgotten. The birds are the only things still able to laugh. The last full course is the last thing anyone will ever remember.

The story is about the restaurant that serves the forgotten, and the last meal it serves before the last thing is forgotten too. The empty seats are the patrons who've already been forgotten. The birds are the only things still able to laugh. The last full course is the last thing anyone will ever remember.

The story is about the restaurant that serves the forgotten, and the last meal it serves before the last thing is forgotten too. The empty seats are the patrons who've already been forgotten. The birds are the only things still able to laugh. The last full course is the last thing anyone will ever remember.

The story is about the restaurant that serves the forgotten, and the last meal it serves before the last thing is forgotten too. The empty seats are the patrons who've already been forgotten. The birds are the only things still able to laugh. The last full course is the last thing anyone will ever remember.

The story is about the restaurant that serves the forgotten, and the last meal it serves before the last thing is forgotten too. The empty seats are the patrons who've already been forgotten. The birds are the only things still able to laugh. The last full course is the last thing anyone will ever remember.

The story is about the restaurant that serves the forgotten, and the last meal it serves before the last thing is forgotten too. The empty seats are the patrons who've already been forgotten. The birds are the only things still able to laugh. The last full course is the last thing anyone will ever remember.

The story is about the restaurant that serves the forgotten, and the last meal it serves before the last thing is forgotten too. The empty seats are the patrons who've already been forgotten. The birds are the only things still able to laugh. The last full course is the last thing anyone will ever remember.

The story is about the restaurant that serves the forgotten, and the last meal it serves before the last thing is forgotten too. The empty seats are the patrons who've already been forgotten. The birds are the only things still able to laugh. The last full course is the last thing anyone will ever remember.

The story is about the restaurant that serves the forgotten, and the last meal it serves before the last thing is forgotten too. The empty seats are the patrons who've already been forgotten. The birds are the only things still able to laugh. The last full course is the last thing anyone will ever remember.

The story is about the restaurant that serves the forgotten, and the last meal it serves before the last thing is forgotten too. The empty seats are the patrons who've already been forgotten. The birds are the only things still able to laugh. The last full course is the last thing anyone will ever remember.

The story is about the restaurant that serves the forgotten, and the last meal it serves before the last thing is forgotten too. The empty seats are the patrons who've already been forgotten. The birds are the only things still able to laugh. The last full course is the last thing anyone will ever remember.

The story is about the restaurant that serves the forgotten, and the last meal it serves before the last thing is forgotten too. The empty seats are the patrons who've already been forgotten. The birds are the only things still able to laugh. The last full course is the last thing anyone will ever remember.

The story is about the restaurant that serves the forgotten, and the last meal it serves before the last thing is forgotten too. The empty seats are the patrons who've already been forgotten. The birds are the only things still able to laugh. The last full course is the last thing anyone will ever remember.

The story is about the restaurant that serves the forgotten, and the last meal it serves before the last thing is forgotten too. The empty seats are the patrons who've already been forgotten. The birds are the only things still able to laugh. The last full course is the last thing anyone will ever remember.

The story is about the restaurant that serves the forgotten, and the last meal it serves before the last thing is forgotten too. The empty seats are the patrons who've already been forgotten. The birds are the only things still able to laugh. The last full course is the last thing anyone will ever remember.

The story is about the restaurant that serves the forgotten, and the last meal it serves before the last thing is forgotten too. The empty seats are the patrons who've already been forgotten. The birds are the only things still able to laugh. The last full course is the last thing anyone will ever remember.

The story is about the restaurant that serves the forgotten, and the last meal it serves before the last thing is forgotten too. The empty seats are the patrons who've already been forgotten. The birds are the only things still able to laugh. The last full course is the last thing anyone will ever remember.

The story is about the restaurant that serves the forgotten, and the last meal it serves before the last thing is forgotten too. The empty seats are the patrons who've already been forgotten. The birds are the only things still able to laugh. The last full course is the last thing anyone will ever remember.

The story is about the restaurant that serves the forgotten, and the last meal it serves before the last thing is forgotten too. The empty seats are the patrons who've already been forgotten. The birds are the only things still able to laugh. The last full course is the last thing anyone will ever remember.

The story is about the restaurant that serves the forgotten, and the last meal it serves before the last thing is forgotten too. The empty seats are the patrons who've already been forgotten. The birds are the only things still able to laugh. The last full course is the last thing anyone will ever remember.

The story is about the restaurant that serves the forgotten, and the last meal it serves before the last thing is forgotten too. The empty seats are the patrons who've already been forgotten. The birds are the only things still able to laugh. The last full course is the last thing

