This is a delightful and whimsical song. Here is the story it tells, along with the literal fantastical interpretation you requested.

**The Surface Story (Literal, Fantastical Interpretation)**

The song describes a tiny, magical restaurant deep in the forest. It is a place that cannot be found by following ordinary paths (like looking for acorns). Instead, you only arrive there if you have forgotten something—or someone—and you follow that memory of loss.

The restaurant is empty of other customers. The only menu item is the chef’s recommendation. The kitchen is not staffed by chefs but by a small orchestra of birds playing violin, flute, cello, and viola. A tiny, hand-sized bear dances as the staff rushes about.

The owner welcomes you, tells you to eat your fill and then sleep. Then, with a cheerful "goodbye," they say "tomorrow is tomorrow, et cetera."

The final verse takes a darker turn: the food is served from right to left (a reversal of normal order), and there is no dessert. The final line is: "Let us deliver it to you inside your grave. Tonight is the last full course."

**The Literal, Fantastical Interpretation**

This is a restaurant for the dead, or for those about to die.

1.  **"You cannot arrive by following acorns"** : This is not a place on any map. It is a liminal space between life and death.
2.  **"You arrive by following someone you forgot"** : You are guided here by the memory of a deceased loved one, or by your own forgotten past. The restaurant is a waystation for souls.
3.  **"No reservations, empty at lunch"** : Death is not scheduled, and the restaurant is always ready for the next guest.
4.  **"The little bird laughs"** : The bird is a psychopomp (a guide of souls), amused by the living person who has wandered in.
5.  **"The kitchen plays violin, flute, cello, viola"** : This is the music of the spheres, or the sound of the soul's transition. It is beautiful but eerie.
6.  **"Eat your fill, then sleep"** : The "sleep" is death. The meal is the last comfort before the final rest.
7.  **"Tomorrow is tomorrow, et cetera"** : For the dead, there is no tomorrow. The phrase is hollow, a cheerful lie.
8.  **"From right to left"** : In many cultures, right is life, left is death. The reversal signals the crossing over.
9.  **"No dessert"** : There is no sweetness or reward at the end. The meal is final.
10. **"Deliver it to you inside your grave"** : The food is a funeral offering. The "last full course" is the final meal of a life.

**The Deeper Meaning (Metaphorical)**

Beyond the literal ghost story, the song is a metaphor for **the end of a relationship or a phase of life**.

The "forgotten person" is an ex-lover or a friend you have lost touch with. The "empty restaurant" is the hollow feeling of a life once full of shared meals and laughter. The "last full course" is the final, painful conversation or breakup. The cheerful "tomorrow is tomorrow" is the hollow optimism you force yourself to feel after a loss. The "grave" is the finality of the goodbye.

**In short:** The song is a cheerful, musical ghost story about a restaurant that serves the dead, but it is also a poignant metaphor for the finality of loss and the strange, empty comfort of saying goodbye. [end of text]


