 to=self<|message|>Here are some lyrics for a Japanese song. Melody lighthearted and slightly mischievous.

Let me know what is story lyrics tell. Even though theme is fantastical... there should be at least one interpretation that makes literal sense in fantastical setting, and it is not just metaphorical.

We need interpret lyrics. Likely about a restaurant in forest for dead? "お墓の中まで届けましょう 今宵は最後のフルコース" deliver to grave. "忘れた人から辿り着く" arrive from forgotten people. "たらふく食べたらお眠りよ" eat full then sleep. "小鳥がパタパタ笑ってる" birds laugh.

Interpretation: restaurant for ghosts / forgotten people / dead. No reservations, empty seats, birds laugh. Acorn trail doesn't lead. Empty pocket. Red tin roof. Menu only recommended. Kitchen violin etc. Welcome, eat full then sleep. Goodbye, tomorrow etc. Right to left busy, pet bear dances. Carpaccio paella etc no dessert. Deliver to grave, tonight last full course.

Story: a restaurant in forest that serves those who are forgotten / dead, a liminal eatery where souls go. Or a restaurant that lures people to die? Mis chievous.

Probably about a death restaurant, like a hospice / funeral feast. The bear dances, no dessert because... deliver to grave.

Provide interpretation: it's a restaurant for the dead / forgotten, a final meal before passing.

Give answer.

<|start|>assistant to=user<|message|>The song is about a very literal, fantastical eatery that exists on the border between the living world and the dead.

The “森の小さなレストラン” is not a normal restaurant. You can’t find it by following acorns, you can’t get there with money — *空っぽのポケットを弄って* — and you can’t book a table. *予約は一つもありません*. It is *空席だらけのランチ時* and the birds are laughing at the emptiness.

You only arrive there *忘れた人から辿り着く* — from being forgotten. The customers are people who have been forgotten by the living, i.e. the dead, ghosts, or those who are on the way out. That is why the restaurant is empty of living patrons but full of a strange, festive atmosphere.

The place itself is shabby-fantastical: a red-painted tin roof, a menu that is only “おすすめ そればかり” — there is only the recommended course, no choice. In the kitchen you can hear violin, flute, cello, viola — a chamber music funeral feast.

The host is cheerfully mischievous:

*ようこそようこそ いらっしゃい*
*たらふく食べたらお眠りよ*
*それでは皆さんさようなら*
*明日は明日で エトセトラ*

Welcome in, eat your fill and then go to sleep. Goodbye everyone, tomorrow is tomorrow etc. The “sleep” is death, and the “tomorrow” is a throwaway because for these guests there is no tomorrow.

The service is frantic and surreal: *右から左へおおわらわ 手乗りの子熊も踊り出す*. A pet bear dances while the staff rushes. The menu is a surreal final banquet — carpaccio, paella, hors d’oeuvres, risotto — *デザートはありません*. No dessert, because the meal ends.

*お墓の中まで届けましょう 今宵は最後のフルコース*

We will deliver it right into the grave. Tonight is the last full course.

So literally in the fantastical setting: it is a forest death-café / way-station for the forgotten dead. It is a hospice restaurant that gives the forgotten a last, slightly absurd, communal dinner before they are put to rest. The lighthearted, mischievous melody is the tone of the place itself — a cheerful, almost carnival-like send-off, where eating your fill is the last thing you do before you sleep forever, and the staff will even bring the meal to your grave. [end of text]


