## The Situation

Let's establish the state:

- **Alice**: 2 copies of *Kindle* in hand. Sufficient mana.
- **Bob**: *Orim, the Great Sage* (1/3, legendary creature) on the battlefield, untapped. No cards in hand.
- **Turn**: Alice's turn.
- **Assumptions**: Bob's lands are tapped out (he can't respond with anything from his hand — but he has no hand anyway). Alice has enough mana.

## The Key Rule: Priority and the Stack

In Magic, the active player (Alice) gets priority at the beginning of her turn. She can cast spells and activate abilities. After she passes priority, Bob gets priority.

## The Crucial Detail: Orim's Ability

Orim has: **"Tap: Prevent the next 3 damage that would be dealt to any target this turn."**

This is a **tap ability** — it can be activated whenever Bob chooses, as long as Orim isn't already tapped.

## The Optimal Play

### Alice's optimal play:

Alice should **cast Kindle** targeting Orim. This deals 2 + (number of Kindles in graveyards) damage. Since there are 0 Kindles in graveyards, that's **2 damage**.

Orim has 3 toughness, so 2 damage isn't enough to kill it.

### Bob's optimal play:

Bob should **tap Orim to activate its ability**, preventing the next 3 damage that would be dealt to any target this turn.

This prevents the 2 damage from Kindle.

### The Result:

After this exchange:
- Orim survives (2 damage prevented, 3 toughness)
- Alice has 1 Kindle left in hand
- Bob has no cards in hand

## The Strategic Picture

Alice has 2 Kindles. If she casts both:
1. First Kindle: 2 damage to Orim (3 toughness) — survives
2. Second Kindle: 2 damage to Orim — survives

Orim has 3 toughness, and each Kindle only deals 2 damage. So Alice **cannot kill Orim** with just 2 Kindles.

Bob's optimal play is to simply **tap Orim to activate its damage prevention** whenever Alice casts Kindle. This is a free, recurring defense that prevents all damage.

## The Real Answer

**Alice cannot win this game.** With only 2 Kindles (each dealing 2 damage) against Orim's 3 toughness, and Bob's damage prevention ability, Orim will survive.

The optimal play for Alice is to keep casting Kindle (it's the best she has), but she should recognize that she can't kill Orim with just these cards.

The optimal play for Bob is to **tap Orim to activate its damage prevention** each time Alice casts Kindle, and to simply pass priority otherwise (he has no cards in hand).

## What Alice Should Do Differently

If Alice wants to actually win, she needs more damage output. Options:
- Draw more cards (e.g., with a card draw effect)
- Find a way to deal more damage per turn
- Use a different strategy entirely

But with the given information, **Alice cannot kill Orim with just 2 Kindles**, and Bob's damage prevention makes it even harder.

**Final answer: Bob wins this exchange. Alice's optimal play is to cast Kindle (her best available option), but she cannot kill Orim with just 2 copies. Bob's optimal play is to tap Orim to activate its damage prevention ability, which prevents all damage.** [end of text]


