The optimal play for Alice results in **Orim being destroyed**. 

To achieve this, Alice must cast her first Kindle, let it resolve, and then cast her second Kindle. Bob’s optimal play is to use Orim’s ability to prevent the damage from the first Kindle, but he will be unable to save Orim from the second. 

Here is the step-by-step breakdown of the game mechanics, the thought process for both players, and why this is the only correct outcome.

### The Thought Process

**Alice's Perspective:**
Alice knows that Orim will prevent the next 3 damage dealt to her. If she casts both Kindles at the same time (by holding priority and putting both on the stack), they will both resolve while Orim's ability is on the stack, meaning both would only deal 2 damage. Orim would survive with 1 toughness.
Instead, Alice realizes that Kindle counts the number of cards named Kindle *in all graveyards*. If she casts one Kindle, lets it resolve, and go to the graveyard, her second Kindle will be stronger. 

**Bob's Perspective:**
Bob knows Alice has two burn spells in hand. Because his lands are tapped out, he cannot cast any spells, meaning Orim's tap ability is his only way to survive. He must use Orim to prevent the damage from the first Kindle, because if he doesn't, Alice could simply respond by casting the second Kindle on the stack—meaning both would deal 2 damage. Two instances of 2 damage would kill Orim (3 toughness) if Bob doesn't prevent one of them. By preventing the first one, he hopes to force Alice to use her second spell on Orim, leaving Orim alive at 1 health (since the second Kindle would deal 3 damage, and 3 - 3 prevention = 0). 

### The Optimal Play Sequence

1. **Main Phase:** Alice casts the first **Kindle**, targeting Orim. 
2. **Priority:** Alice passes priority to Bob.
3. **Bob's Response:** Bob knows he must prevent this damage. He taps **Orim, Samite Healer**, targeting Orim to prevent the next 3 damage that would be dealt to it this turn. 
4. **Resolution:** Both players pass priority. Orim's ability resolves, creating a damage prevention shield on Orim. 
5. **Resolution:** Both players pass priority again. The first Kindle resolves. It calculates its damage: 2 (base) + 0 (Kindles in graveyards) = 2 damage. The 2 damage is prevented by Orim's shield (which now has 1 point of prevention remaining). The first Kindle is placed into Alice's graveyard.
6. **Main Phase:** Alice retains priority and casts her second **Kindle**, targeting Orim.
7. **Bob's Response:** Bob has no lands untapped and no cards in hand. He cannot respond. 
8. **Resolution:** The second Kindle resolves. It calculates its damage: 2 (base) + 1 (the first Kindle in Alice's graveyard) = 3 damage. 
9. **State-Based Actions:** Orim's remaining 1 point of damage prevention absorbs 1 of the 3 damage. The remaining 2 damage is dealt to Orim. Orim is a 1/3 creature, so it now has 2 damage marked on it. Since 2 damage is greater than or equal to its 1 toughness, Orim is destroyed and sent to Bob's graveyard.

### Why the mechanics work this way (MTG Rules as of 2024)

* **Priority and the Stack (CR 117):** The active player (Alice) receives priority after a spell resolves. This allows her to immediately cast her second Kindle before Bob can ever take another action. 
* **Last Known Information (CR 608.2g):** If an effect requires information from a source that is no longer in the zone it used to be, the game uses the "last known information." Even though Orim taps to activate its ability, it is still a legal target for Kindle. If Orim were somehow destroyed before Kindle resolved, Kindle would still deal damage to it using Orim's last known toughness.
* **Damage Prevention (CR 615):** Orim's ability creates a "prevention effect" with a "shield." It doesn't target the spell; it watches for the next 3 damage to be dealt to the chosen target. 
* **Graveyard Counting (CR 608.2h):** Kindle's effect is not an "enters the battlefield" ability, nor is it locked in upon casting. It is a resolving spell effect. When the second Kindle resolves, it looks at all graveyards and sees the first Kindle sitting there. Therefore, it correctly calculates its damage as 3. [end of text]


