This is a classic Magic: The Gathering puzzle that relies on understanding **damage prevention**, **stack resolution**, and **state-based actions**.

### The Short Answer
**Alice cannot kill Orim.** No matter how she plays, Orim will survive. Bob’s optimal play is to do nothing (or simply wait), as his permanent is protected by its own ability.

---

### Detailed Analysis

#### 1. Understanding the Cards

**Kindle**
*   **Type:** Instant
*   **Effect:** "Kindle deals X damage to any target, where X is 2 plus the number of cards named Kindle in all graveyards."
*   **Key Mechanic:** This is a **damage-dealing effect**. It does not destroy the creature; it deals damage. Damage to creatures is not lethal unless it exceeds the creature's toughness (or is marked as "lethal damage" by specific rules, which is not the case here).

**Orim, Samite Healer**
*   **Type:** Legendary Creature — Human Cleric
*   **Stats:** 1/3
*   **Ability:** "Tap: Prevent the next 3 damage that would be dealt to any target this turn."
*   **Key Mechanic:** This is a **damage prevention** ability. It does not block damage; it prevents it from being dealt in the first place. Crucially, it can be activated at any time during the turn (including in response to spells) as long as Orim is untapped.

#### 2. Alice’s Goal and Constraints

Alice wants to kill Orim. Orim has 3 toughness. To kill it with damage, Alice must deal **at least 3 damage** to it that is **not prevented**.

Alice has two copies of *Kindle*. Let’s calculate the damage each *Kindle* can deal:

*   **First Kindle:**
    *   When Alice casts the first *Kindle*, there are **0** cards named *Kindle* in any graveyard.
    *   Therefore, X = 2 + 0 = **2**.
    *   This *Kindle* deals **2 damage** to its target.

*   **Second Kindle:**
    *   If Alice casts the second *Kindle* after the first one has resolved and gone to the graveyard, there is now **1** card named *Kindle* in the graveyard.
    *   Therefore, X = 2 + 1 = **3**.
    *   This *Kindle* deals **3 damage** to its target.

So, Alice has the potential to deal 2 damage and then 3 damage, for a total of 5 damage. However, she must account for Orim’s prevention ability.

#### 3. The Interaction: Damage vs. Prevention

Orim’s ability says: **"Prevent the next 3 damage that would be dealt to any target this turn."**

This is a **continuous effect** that applies to damage *as it would be dealt*. It does not matter if the damage comes from one spell or multiple spells. It prevents the first 3 points of damage that *would* be dealt to any target (including Orim) during the turn.

Let’s walk through the possible plays:

### Scenario A: Alice casts both Kindles targeting Orim

1.  **Alice casts Kindle #1** targeting Orim.
    *   Stack: [Kindle #1]
    *   Bob can respond. Orim is untapped. Bob can activate Orim’s ability.
    *   **Bob activates Orim’s ability.**
        *   Stack: [Orim’s Ability, Kindle #1]
        *   Orim’s ability resolves first (LIFO). It creates a continuous effect: "Prevent the next 3 damage that would be dealt to any target this turn."
        *   Now, Kindle #1 resolves. It tries to deal 2 damage to Orim.
        *   The prevention effect is active. It prevents the first 3 damage. Since only 2 damage is being dealt, **all 2 damage is prevented**.
        *   Orim takes 0 damage.
        *   The prevention effect has now "used up" 2 of its 3 points of prevention. It still has 1 point of prevention remaining for the rest of the turn.

2.  **Alice casts Kindle #2** targeting Orim.
    *   Stack: [Kindle #2]
    *   Bob can respond. Orim is now tapped (from activating its ability). **Bob cannot activate Orim’s ability again** because it is tapped.
    *   However, the **continuous effect** from the first activation is still on the stack? **No.**
        *   *Correction:* Orim’s ability is a **one-shot effect** that creates a continuous effect. The continuous effect lasts until the end of the turn (or until the 3 damage is prevented). It does not go to the graveyard. It is a "prevention effect" that persists.
        *   So, even though Orim is tapped, the **prevention effect is still active** because it has only prevented 2 damage so far, and it can prevent up to 3.

    *   Kindle #2 resolves. It tries to deal 3 damage to Orim.
    *   The active prevention effect (from the first activation) is still in play. It has 1 point of prevention left (3 total - 2 used = 1 remaining).
    *   The prevention effect prevents the first 1 point of the 3 damage.
    *   The remaining **2 damage** is dealt to Orim.
    *   Orim has 3 toughness. It takes 2 damage. It is not destroyed.

**Result:** Orim survives with 1 damage marker (or just 2 damage dealt, reducing its effective toughness to 1, but it is not destroyed).

### Scenario B: Alice tries to trick Bob by not targeting Orim first

What if Alice casts Kindle #1 targeting something else (or herself, or a land)?

1.  **Alice casts Kindle #1** targeting a land (or herself).
    *   Stack: [Kindle #1]
    *   Bob can respond. Orim is untapped. Bob can activate Orim’s ability.
    *   **Bob activates Orim’s ability.**
        *   Stack: [Orim’s Ability, Kindle #1]
        *   Orim’s ability resolves. Prevention effect is active: "Prevent the next 3 damage that would be dealt to any target this turn."
        *   Kindle #1 resolves. It deals 2 damage to the land/self.
        *   The prevention effect prevents this 2 damage.
        *   The prevention effect has now used 2 of its 3 points. 1 point remains.

2.  **Alice casts Kindle #2** targeting Orim.
    *   Stack: [Kindle #2]
    *   Bob cannot activate Orim again (tapped).
    *   But the **prevention effect is still active** (1 point remaining).
    *   Kindle #2 resolves. It deals 3 damage to Orim.
    *   The prevention effect prevents 1 damage.
    *   Orim takes 2 damage.
    *   Orim survives.

**Result:** Orim survives.

### Scenario C: Alice casts Kindle #2 first?

Can Alice cast the second Kindle first? No, because the damage value is determined by the number of *Kindle* cards in graveyards **at the time the spell resolves**.

*   If she casts a Kindle when there are 0 in graveyards, it deals 2.
*   If she casts a Kindle when there is 1 in graveyards, it deals 3.

She cannot make the first spell deal 3 damage because there are no *Kindle* cards in the graveyard yet. She must cast one, let it resolve (sending it to the graveyard), and then cast the second one to get the 3 damage.

### Scenario D: Bob does NOT activate Orim’s ability

What if Bob makes a mistake and does not activate Orim’s ability?

1.  **Alice casts Kindle #1** targeting Orim.
    *   Stack: [Kindle #1]
    *   Bob does nothing.
    *   Kindle #1 resolves. Deals 2 damage to Orim.
    *   Orim has 3 toughness. It is not destroyed. It now has 2 damage on it.

2.  **Alice casts Kindle #2** targeting Orim.
    *   Stack: [Kindle #2]
    *   Bob can still activate Orim’s ability (it is still untapped).
    *   **Bob activates Orim’s ability.**
        *   Stack: [Orim’s Ability, Kindle #2]
        *   Orim’s ability resolves. Prevention effect: "Prevent the next 3 damage that would be dealt to any target this turn."
        *   Kindle #2 resolves. It deals 3 damage to Orim.
        *   The prevention effect prevents all 3 damage.
        *   Orim takes 0 additional damage.
    *   Orim still has the 2 damage from the first Kindle. It is not destroyed.

**Result:** Orim survives.

### Conclusion

In all possible scenarios, **Orim survives**.

*   If Bob activates Orim’s ability in response to the first Kindle, the prevention effect carries over to the second Kindle, preventing enough damage to keep Orim alive.
*   If Bob waits, he can activate it in response to the second Kindle, preventing the lethal 3 damage.
*   The key is that Orim’s ability prevents **3 damage total** this turn, regardless of how many spells deal it. Alice’s total potential damage is 5, but the first 3 points are prevented. The remaining 2 points are not enough to kill a 3-toughness creature.

### Optimal Play

*   **Alice:** She should cast both Kindles targeting Orim. This is her best chance, but it is not enough.
*   **Bob:** He should activate Orim’s ability in response to the **first** Kindle. This ensures that the prevention effect is active for both Kindles. If he waits until the second Kindle, he still saves Orim, but activating early is safer and more consistent.

**Final Outcome:** Orim survives. Alice fails to kill it. [end of text]


