 to=self<|message|>Consider game... Alice has two Kindle in hand. Bob has Orim untapped. Orim tap: Prevent next 3 damage that would be dealt to any target this turn.

Alice wants kill Orim. Orim 1/3. Kindle deals X damage where X is 2 plus number of cards named Kindle in all graveyards.

If Alice casts one Kindle for X? X = 2 + number in graveyards. If first cast, graveyards have 0 Kindle? Actually casting puts on stack, not graveyard yet. So X=2. Orim can tap to prevent next 3 damage. So 2 damage prevented, Orim lives.

If Alice casts both? She could cast first, Bob taps Orim to prevent 3. Then second Kindle resolves? X now = 2 + number in graveyards. First Kindle is in graveyard after resolution. So second Kindle deals 3 damage. Orim already used tap? Ability says prevent next 3 damage that would be dealt to any target this turn. Once used, it's used. Can tap again? Orim untapped after first tap? It tapped. So can't tap again unless untap. So second Kindle would kill? 3 damage to 1/3 creature = lethal.

But Bob could wait? If Alice casts first Kindle, Bob could choose not to tap? If he doesn't, Orim takes 2 damage, survives with 1 toughness left. Then second Kindle deals 3, kills. So he must tap.

Could Alice cast both at once? Stack order. She could cast first Kindle, then second Kindle in response? No, she needs mana. She can cast both sequentially. Optimal play: Alice casts first Kindle targeting Orim. Bob taps Orim to prevent 3. Then Alice casts second Kindle targeting Orim. Damage 3, Orim dies.

Could Bob do something else? No cards in hand, lands tapped. So outcome: Orim dies.

If Alice casts both at same time? She could cast first, then before it resolves cast second? No, first resolves then second.

Alternative: Alice could cast one Kindle for X=2, Bob prevents, then Alice has one Kindle left in hand, Orim still alive. She could wait.

Optimal play for Alice is to cast both in succession, forcing Bob to waste prevention on first.

Thus Orim dies.

Explain rules: damage prevention, stack, graveyard count.

Answer accordingly.

<|start|>assistant to=user<|message|>In Magic the Gathering damage is dealt on resolution and prevention is a replacement effect that applies as the damage is about to be dealt.

Kindle
Instant
Kindle deals X damage to any target, where X is 2 plus the number of cards named Kindle in all graveyards.

The value of X is determined as Kindle resolves, not as it is cast. The graveyard count is checked at that moment.

Orim, Samite Healer
1/3 Legendary Creature
Tap: Prevent the next 3 damage that would be dealt to any target this turn.

The activated ability creates a prevention shield for the rest of the turn. It can be used once per turn because Orim has to tap for it, and Bob has no untap effects and his lands are tapped out so he cannot replay Orim.

Alice has two Kindles in hand and enough mana. Bob has an untapped Orim and no other resources.

If Alice only casts one Kindle:

* X = 2 + 0 Kindle in all graveyards = 2
* Bob can in response to the spell, or on resolution, tap Orim. The prevention shield will replace the first 3 damage that would be dealt this turn to any target. The 2 damage from Kindle is fully prevented. Orim lives at 1/3.

That is a losing line for Alice.

The graveyard scaling is the key. The first Kindle that resolves goes to Alice's graveyard and raises the X of any later Kindle.

Optimal line for Alice:

1. Cast Kindle targeting Orim. Put it on the stack.
2. Bob must decide. If he does not tap Orim now the 2 damage will resolve and Orim will be at 1/3. If he does tap Orim now he prevents the next 3 damage this turn. Either way the first Kindle will resolve and go to Alice's graveyard.
3. After the first Kindle resolves, Alice has a Kindle in her graveyard. She now casts the second Kindle targeting Orim.

On resolution of the second Kindle:
X = 2 + number of cards named Kindle in all graveyards = 2 + 1 = 3

Orim is already tapped from step 2, so Bob cannot activate the prevention ability again this turn. Even if Bob had saved the tap, the prevention shield would have already been consumed by the first 2 damage. The prevention ability says *prevent the next 3 damage that would be dealt to any target this turn*. Once 2 damage has been prevented the shield is gone, the remaining 1 point of prevention is irrelevant and the ability cannot be re-activated because Orim is tapped.

3 damage is lethal to a 1/3 creature. Orim dies.

Bob's only decision point is whether to tap Orim on the first Kindle. If he does not, Orim takes 2 and is at 1 toughness left, and the second Kindle for 3 still kills him. If he does tap, he wastes the prevention on 2 damage and the second Kindle for 3 still kills him. There is no line that saves Orim with the resources given.

Hence the optimal play for Alice is to force the prevention with a 2-damage Kindle and then finish with the second Kindle for 3. The optimal play for Bob is to tap Orim on the first Kindle, which only delays the inevitable by one spell. Orim dies on Alice's turn. [end of text]


