Let’s walk through this step by step.

---

**Setup recap:**

- **Alice’s hand:** 2× Kindle  
- **Bob’s board:** Orim, Samite Healer (untapped, no summoning sickness)  
- **Bob’s hand:** Empty  
- **Bob’s lands:** Tapped out (no mana available)  
- **Alice’s turn:** She has enough mana to cast both Kindles.

---

### Kindle rules reminder

Kindle is an instant that reads:  
> Kindle deals X damage to any target, where X is 2 plus the number of cards named Kindle in all graveyards.

This means:

- First Kindle cast: X = 2 + 0 = 2 damage.
- After first Kindle resolves and goes to graveyard, second Kindle cast: X = 2 + 1 = 3 damage.

---

### Orim, Samite Healer ability

> Tap: Prevent the next 3 damage that would be dealt to any target this turn.

This is a **prevention effect**. It prevents damage *before* it is dealt. It does not heal; it stops damage from happening.

---

### Alice’s goal

Kill Orim (toughness 3).  
She has two Kindles: one for 2, one for 3.  
If she just casts them both without response, Bob can:

1. In response to the first Kindle (2 damage), tap Orim to prevent the next 3 damage to Orim.  
   - That prevention will apply to the first Kindle’s 2 damage (preventing all of it) and still have 1 point of prevention left over.
2. The second Kindle (3 damage) then comes in. The leftover 1 prevention reduces it to 2 damage, so Orim survives with 1 damage marked (toughness 3 → 1 damage marked = still alive).

So **casting both at once or in sequence without a trick** fails.

---

### Optimal play for Alice

Alice should **cast the first Kindle targeting Orim**.  
Bob will activate Orim’s ability in response, preventing the next 3 damage.

**Key point:** The prevention shield is used up (or partially used) on the first Kindle.  
Now Alice casts the **second Kindle** targeting Orim.  
- X = 3 (since one Kindle is already in the graveyard).  
- Bob has no untapped creatures or mana to activate Orim again (Orim is now tapped from its own ability).  
- The 3 damage is not prevented → Orim takes 3 damage, lethal.

---

### Bob’s optimal response

Bob has no better play.  
- If he doesn’t activate Orim on the first Kindle, Orim takes 2 damage (now has 2 damage marked).  
- Then second Kindle for 3 damage kills Orim anyway.  
- Activating on the first Kindle at least saves Orim temporarily, but the second Kindle still kills it because Orim is tapped and can’t activate again.

Bob’s only hope would be if he had another creature with a prevention ability or instant-speed trick, but he doesn’t.

---

### Outcome

**Alice kills Orim** by casting Kindle #1 (Bob prevents 2 of the 3 possible prevention, wasting 1), then casting Kindle #2 for lethal 3 damage while Orim is tapped.

---

**Final result:** Orim dies, Bob takes no damage to life total (all damage was to Orim). Alice loses both Kindles but removes the threat. [end of text]


