Okay, let's break down this Magic: The Gathering scenario and determine the optimal plays for Alice and Bob.

**Alice's Thought Process:**

Alice's goal is to eliminate Orim, Samite Healer. She has two copies of Kindle, which deal damage based on the number of Kindles in all graveyards.

*   **First Kindle:** Alice casts the first Kindle, targeting Orim.  She sets X to 2 (since there's one Kindle in her hand and none in any graveyard yet). This deals 2 damage to Orim.
*   **Bob's Response:** Bob, seeing that Orim is about to die, activates Orim's ability: "Tap: Prevent the next 3 damage that would be dealt to any target this turn." This prevents the 2 damage from the first Kindle. Orim remains at 3 life.
*   **Second Kindle:** Alice casts the second Kindle, targeting Orim. Now, there are two Kindles in the graveyard (one from Alice's hand, one from Alice's graveyard). She sets X to 2 + 2 = 4. This deals 4 damage to Orim.
*   **Bob's Response:** Bob cannot activate Orim's ability again, as it is already tapped. The 4 damage from the second Kindle is not prevented. Orim takes 4 damage, and dies.

**Bob's Thought Process:**

Bob's goal is to keep Orim alive as long as possible, as Orim can prevent damage to other creatures or even himself.

*   **Alice casts the first Kindle:** Bob immediately recognizes the threat. He taps Orim to activate its ability, preventing the 2 damage.
*   **Alice casts the second Kindle:** Bob is unable to activate Orim's ability again, as it is already tapped. Orim dies.

**Outcome:**

Alice successfully eliminates Orim with two copies of Kindle.

**Detailed Explanation with MTG Rules:**

1.  **Alice's Turn:** It is Alice's turn, so she can cast spells and activate abilities.
2.  **Casting Kindle:** Casting a spell involves putting it on the stack, paying its mana cost, and declaring its targets.
3.  **Priority:** After Alice casts Kindle, Bob receives priority. He can respond by casting spells or activating abilities.
4.  **Orim's Ability:** Bob activates Orim's ability by tapping it. This puts the ability on the stack.
5.  **Resolving the Stack:** The stack resolves in a Last-In, First-Out (LIFO) order. So, Orim's ability resolves first, preventing the next 3 damage.
6.  **Kindle Resolves:** Kindle resolves, dealing 2 damage to Orim. However, this damage is prevented by Orim's ability.
7.  **Second Kindle:** Alice casts the second Kindle, targeting Orim.
8.  **Bob's Response:** Bob cannot activate Orim's ability again, as it is already tapped.
9.  **Second Kindle Resolves:** Kindle resolves, dealing 4 damage to Orim. This damage is not prevented.
10. **Orim Dies:** Orim takes 4 damage, which is more than its toughness (3). Orim is put into the graveyard.

**Optimal Play:**

*   **Alice:** Cast Kindle targeting Orim, then cast the second Kindle targeting Orim.
*   **Bob:** Tap Orim to activate its ability in response to the first Kindle.

**Why this is optimal:**

*   Alice maximizes the damage dealt by Kindle by casting both copies.
*   Bob maximizes Orim's lifespan by preventing the first Kindle's damage.

 [end of text]


