A for Azeroth: The Shire

B for Azeroth: The Misty Mountains

C for Azeroth: The Black Forest

D for Azeroth: The Dwarves

E for Azeroth: The Ember City

F for Azeroth: The Fires of the North

G for Azeroth: The Gems of the Deep

H for Azeroth: The Hounds of the Plains

I for Azeroth: The Ice Mountains

J for Azeroth: The Jaguars of the Desert

K for Azeroth: The Kings of the Valley

L for Azeroth: The Lilies of the Valley

M for Azeroth: The Mountains of the Sky

N for Azeroth: The Nests of the Forest

O for Azeroth: The Oases of the Desert

P for Azeroth: The Ponds of the Lake

Q for Azeroth: The Quarries of the Mountains

R for Azeroth: The Rivers of the Valley

S for Azeroth: The Shops of the Village

T for Azeroth: The Trees of the Forest

U for Azeroth: The Untamed Plains

V for Azeroth: The Vines of the Desert

W for Azeroth: The Wonders of the World

X for Azeroth: The Xenoliths of the Deep

Y for Azeroth: The Yarn of the Sky

Z for Azeroth: The Zones of the World

This is a list of places in World of Warcraft lore for every character of the alphabet, starting with "A for Azeroth". Each place is a unique location in the game's world, and they are all original vanilla WoW expansions, without any expansions or expansions that would be part of the official expansions. [end of text]


