Here is a place in World of Warcraft lore for every letter of the alphabet, strictly limited to original vanilla WoW (no expansions), starting with your requested prompt:

**A for Azeroth** 
The name of the entire world, encompassing the Eastern Kingdoms, Kalimdor, and the newly discovered continents that players explored in vanilla WoW.

**B for Blackrock Mountain** 
A massive, volcanic mountain situated between the Burning Steppes and Searing Gorge. It housed two of vanilla's most iconic 40-man raids: Blackrock Depths (BRD) and Blackrock Spire (BRD/UBRS), as well as the lairs of Ragnaros and Nefarian.

**C for Crossroads** 
The central horde questing hub in the Barrens. Every vanilla Horde player has fond (or frustrating) memories of this place, largely because it was a constant target for Alliance PvP raids. 

**D for Durotar** 
The harsh, arid, red-rock homeland of the Orcs and Trolls, situated on the eastern coast of Kalimdor. It was here that Thrall founded the new Orcish capital of Orgrimmar.

**E for Elwynn Forest** 
The lush, peaceful starting zone for human players. Home to the bustling hub of Goldshire and bordered by Stormwind to the west, it was unfortunately plagued by the Defias Brotherhood and murlocs.

**F for Felwood** 
A dark, corrupted forest in northern Kalimdor, tainted by the remnants of the Third War and the presence of the Shadow Council. It was a high-level questing zone heavily tied to the Timbermaw Hold faction.

**G for Gnomeregan** 
The former capital city of the Gnomes, located in Dun Morogh. It was irradiated and overrun by troggs and the treacherous Sicco Thermaplugg, becoming a notoriously confusing mid-level dungeon in vanilla WoW.

**H for Hillsbrad Foothills** 
A contested zone in the Eastern Kingdoms famous for the endless PvP brawls between the Horde town of Tarren Mill and the Alliance town of Southshore. 

**I for Ironforge** 
The magnificent, carved mountain capital of the Dwarves in Dun Morogh. In vanilla WoW, it served as the primary Alliance hub, complete with an auction house, class trainers, and the iconic "deeprun tram" to Stormwind.

**J for Jintha'Alor** 
A massive, terraced troll temple-city in the Hinterlands. It was a high-level outdoor area heavily populated by the Vilebranch troll tribe, culminating in an altar where players could craft the mallet for Zul'Farrak.

**K for Kalimdor** 
The massive western continent that was newly rediscovered by the Eastern Kingdoms during the events of Warcraft III. It became the primary homeland for the Horde and the Night Elves in vanilla WoW.

**L for Loch Modan** 
A scenic, mountainous zone east of Dun Morogh, known for its massive dam (the Stonewrought Dam), its lake, and its population of Dark Iron dwarves, ogres, and troggs.

**M for Molten Core** 
The first 40-man raid in World of Warcraft, located deep within Blackrock Mountain. It was the domain of the Firelord Ragnaros and his elemental lieutenants.

**N for Naxxramas** 
Introduced in the final major content patch of vanilla WoW (Patch 1.11), this massive floating necropolis hovered above the Eastern Plaguelands and served as the lair of the lich Kel'Thuzad and his undead minions.

**O for Orgrimmar** 
The sprawling, dusty capital city of the Horde, founded by Thrall in Durotar. Named after the legendary Orc warchief Orgrim Doomhammer, it was the central hub for all Horde adventurers.

**P for Plaguelands** 
Divided into the Western and Eastern Plaguelands, these once-fertile lands of Lordaeron were blighted by the Scourge. They served as the premier end-game questing zones for both factions in vanilla WoW.

**Q for Quel'Thalas** 
The ancient homeland of the High Elves. While the rebuilt Blood Elf capital wouldn't be playable until *The Burning Crusade*, the ruined, undead-infested high-level zone of the Eversong Woods border region (the Ghostlands) was referenced in lore, and the Plaguelands represented the southern border of this fallen kingdom.

**R for Razorfen** 
Referring to the Razorfen Downs and Razorfen Kraul, the sprawling, thorn-filled boar and quilboar dungeons located in the southern Barrens. 

**S for Stranglethorn Vale** 
The massive, tropical jungle in the south of the Eastern Kingdoms. It was the ultimate contested zone, famous for its grueling questing, the Gurubashi Arena, and the Booty Bay pirate port.

**T for Tanaris** 
A vast, scorching desert in southern Kalimdor. It was home to the goblin city of Gadgetzan and the entrance to the Zul'Farrak dungeon, and was notorious for its endless open-world PvP.

**U for Un'Goro Crater** 
A lush, isolated zone in southern Kalimdor filled with dinosaurs, devilsaurs, and bizarre elementals. It was a unique, bowl-shaped zone heavily tied to Titan lore and the "Linken's Boomerang" questline.

**V for Vashj'ir** 
*(Wait, Vashj'ir was Cataclysm! Let's fix that.)*
**V for Vile Reef** 
A submerged area in the northwestern corner of Stranglethorn Vale. It was notable for its population of hostile murlocs and the presence of a large, ancient sea turtle named Gammerita.

**W for Winterspring** 
A snowy, cold zone in northern Kalimdor, situated at the base of Mount Hyjal. It was a high-level questing area known for its frostsabers, blue dragonflight, and the lengthy Wintersaber Trainers grind.

**X for Xroads** 
The common player abbreviation for the Crossroads in the Barrens. In vanilla WoW, "Xroads is under attack!" was a phrase echoed endlessly in Horde local defense chat.

**Y for Yojamba Isle** 
An island located off the northwest coast of Stranglethorn Vale. It served as the base of operations for the Zandalari trolls, where players turned in items from the Zul'Gurub raid to increase their faction reputation.

**Z for Zul'Gurub** 
A 20-man raid located in the northeastern corner of Stranglethorn Vale. It was the ancient capital of the Gurubashi Empire, where players faced off against the Blood God, Hakkar the Soulflayer, and his high priests. [end of text]


