A for **Alterac Mountains**  
B for **Blackrock Mountain**  
C for **The Crossroads**  
D for **Duskwood**  
E for **Elwynn Forest**  
F for **Feralas**  
G for **Gnomeregan**  
H for **Hillsbrad Foothills**  
I for **Ironforge**  
J for **Jintha’Alor** (The Hinterlands)  
K for **Karazhan** (tower present in vanilla, though not fully opened as a raid until TBC)  
L for **Loch Modan**  
M for **Molten Core**  
N for **Naxxramas** (added in patch 1.11, still vanilla)  
O for **Orgrimmar**  
P for **Plaguelands** (Western/Eastern)  
Q for **Quel’Thalas** (ruins present in Eastern Plaguelands)  
R for **Razorfen Downs**  
S for **Stranglethorn Vale**  
T for **Tanaris**  
U for **Undercity**  
V for **The Veiled Sea** (zone border off Feralas/Tanaris)  
W for **Wetlands**  
X for **Xavian** (satyr ruins in Felwood)  
Y for **Yojamba Isle** (Stranglethorn Vale)  
Z for **Zul’Gurub** [end of text]


