Okay, here's a list of places in Vanilla World of Warcraft lore, one for each letter of the alphabet:

*   **A** for **Azeroth** (The planet itself)
*   **B** for **Blackrock Depths** (A sprawling complex beneath Blackrock Mountain)
*   **C** for **Caverns of Time** (A mysterious area where time itself is fluid)
*   **D** for **Darkshore** (A night elf territory, now partially corrupted)
*   **E** for **Elwynn Forest** (A human starting zone)
*   **F** for **Feralas** (A jungle zone with a focus on nature and beasts)
*   **G** for **Gnomeregan** (The gnomish city, now overrun by leper gnomes)
*   **H** for **Hinterlands** (A rugged, mountainous zone with a rich history)
*   **I** for **Ironforge** (The dwarven capital city)
*   **J** for **Jungle Stranglethorn** (A dangerous jungle zone filled with trolls and beasts)
*   **K** for **Karazhan** (A mysterious tower, though not fully accessible in Vanilla)
*   **L** for **Loch Modan** (A lake and surrounding area, home to dwarves and gnomes)
*   **M** for **Mulgore** (The tauren starting zone)
*   **N** for **Nagrand** (A zone in Outland, but the name is used in Vanilla lore)
*   **O** for **Orgrimmar** (The orcish capital city)
*   **P** for **Plaguelands** (A zone ravaged by the Scourge)
*   **Q** for **Quel'Thalas** (The high elven homeland, now partially overrun by the Scourge)
*   **R** for **Redridge Mountains** (A human zone plagued by bandits and monsters)
*   **S** for **Silithus** (A desert zone with a connection to the Old Gods)
*   **T** for **Tanaris** (A desert zone with a focus on goblins and pirates)
*   **U** for **Un'Goro Crater** (A prehistoric zone filled with dinosaurs and strange creatures)
*   **V** for **Vanilla** (The original version of the game)
*   **W** for **Westfall** (A human zone plagued by bandits and the Defias Brotherhood)
*   **X** for **Xor's Fortress** (A small cave in the Badlands)
*   **Y** for **Yojamba Jungle** (A part of Stranglethorn Vale)
*   **Z** for **Zul'Farrak** (A troll graveyard and temple) [end of text]


