Let's break down what this pipeline does, step by step, and then reason about what a "probable output" looks like.

## 1. What the command does

```bash
cat wowfanfic.txt |
perl -ne '@a = split(/\s/); foreach (@a) { print $_ . "\n"; }' |
sort |
uniq -c |
sort -n |
tail -n 20
```

- **`cat wowfanfic.txt`** — feeds the whole fan-fiction file in as a stream of text.
- **`perl -ne ...`** — for every line, it splits the line on whitespace into words (`@a`), then prints each word on its own line. So the entire file becomes one giant list of words, one per line.
- **`sort`** — sorts all those words alphabetically (byte-wise, so uppercase sorts before lowercase, and punctuation sorts by its byte value).
- **`uniq -c`** — counts consecutive identical lines. Because the input was sorted, identical words are grouped together, so this gives you a frequency count for each distinct word.
- **`sort -n`** — sorts those count lines numerically, ascending (smallest count first).
- **`tail -n 20`** — shows the last 20 lines, i.e. the **20 least frequent words** in the file.

## 2. Probable output

The output will be the **20 rarest words** in your fan fiction, each preceded by its occurrence count. Something like:

```
      1  "
      1  '
      1  Azeroth
      1  Anduin
      1  Arthas
      1  Ashenvale
      1  Baratheon
      1  BfA
      1  Bolvar
      1  Dalaran
      1  Darnassus
      1  Durotar
      1  Elwynn
      1  Gilneas
      1  Gnomeregan
      1  Highborne
      1  Ironforge
      1  Jaina
      1  Khaz Modan
      1  Kul Tiras
      1  Lordaeron
```

The exact words depend on your file, but the *shape* of the output is predictable:

- The counts will be mostly **1** (that's what "least frequent" means).
- The words will be **proper nouns and lore-specific terms** — place names, character names, faction names, spells, items, quotes — because those are the things that appear only once or twice in a fan fiction, while common words like "the", "and", "was", "said" appear hundreds of times.
- The list will be dominated by **capitalized words and punctuation-heavy tokens** (quotes, apostrophes, hyphens, etc.), since those sort to the top of the byte-wise ordering and are also rare.

## 3. Linguistic principles at play

Several basic linguistic and statistical concepts explain why this output looks the way it does:

### a) Zipf's Law
In natural language, word frequency follows a power-law distribution: the most common word appears roughly twice as often as the second most common, three times as often as the third, and so on. Common function words ("the", "of", "and") dominate; rare content words (proper nouns, place names) appear once or twice. `tail -n 20` after `sort -n` is essentially a way of extracting the **long tail** of this distribution — the rarest items.

### b) Function words vs. content words
Function words (determiners, prepositions, pronouns, common verbs) are high-frequency and low-information. Content words (nouns, proper nouns, adjectives) carry meaning and are lower-frequency. Your fan fiction is full of content words — character names, locations, spells — which is why the rarest words are all lore-specific.

### c) Proper nouns are inherently rare
In a short text like a fan fiction, proper nouns (names of characters, places, factions) appear only when the story mentions them. Since a fan fiction is typically much shorter than a novel, most proper nouns appear just once. This is why the output is dominated by capitalized, lore-specific tokens.

### d) Sorting is byte-wise, not linguistic
`sort` in Perl and most shells sorts by byte value, not by dictionary order. This means:
- Uppercase letters (byte values 65–90) sort before lowercase (97–122).
- Punctuation (like `"`, `'`, `-`, `.`) sorts before letters.
- So the output will be ordered by ASCII value, not alphabetically in the human sense.

### e) `uniq -c` requires sorted input
`uniq` only counts *consecutive* identical lines. The `sort` before it is essential — without it, identical words scattered throughout the file would not be grouped together, and the counts would be wrong.

## 4. Caveats

- If your file has very few unique words (e.g., a very short excerpt), `tail -n 20` might show the same words repeated with counts of 1.
- If your file is large, the 20 least frequent words might include words that appear exactly once, but the list could also include some words with counts of 2 or 3 if there are fewer than 20 truly unique words.
- The output is case-sensitive and punctuation-sensitive, so `"Azeroth"` and `Azeroth` would be counted separately.

In summary, the probable output is a list of the 20 least frequent words in your fan fiction, dominated by proper nouns, place names, and punctuation — a direct consequence of Zipf's law and the nature of short, lore-heavy text. [end of text]


