This is a classic Linux text-processing pipeline often used in basic corpus linguistics to generate a **frequency list** of the words in a text. 

If you run this command, the probable output will be a numbered list of the 20 most frequently used words in your fan fiction. Because of how the command is written, it will look something like this:

```text
   145 I
   152 He
   160 a
   175 in
   185 to
   210 of
   245 and
   260 the
   1102 
```
*(Note: The exact numbers will vary based on your text, but the types of words will look very similar to this).*

Here is a breakdown of what the command does, followed by the linguistic principles that explain *why* you get this output.

### What the Command Does (Step-by-Step)
1. **`cat wowfanfic.txt`**: Reads the text file and sends the raw text into the pipeline.
2. **`perl -ne '@a = split(/\s/); foreach (@a) { print $_ . "\n"; }'`**: This Perl script reads the text line by line. It splits each line at every whitespace character (`\s`) and prints the resulting words onto their own individual lines.
3. **`sort`**: Sorts all of those individual words alphabetically.
4. **`uniq -c`**: Looks for consecutive identical lines (words). Because they are sorted alphabetically, all identical words are grouped together. The `-c` flag counts them and prepends the number to the word.
5. **`sort -n`**: Sorts this new list of "count + word" numerically, from lowest frequency to highest frequency.
6. **`tail -n 20`**: Outputs only the last 20 lines of the sorted list (i.e., the 20 words with the highest frequencies).

---

### The Linguistic Principles Explained

The output generated by this command perfectly illustrates several foundational concepts in **Corpus Linguistics** and **Quantitative Linguistics**.

#### 1. Zipf's Law (Frequency Distribution)
If your output looks like the example above, it is because of Zipf's Law. In linguistics, Zipf's Law states that the frequency of any word is inversely proportional to its rank in the frequency table. The most frequent word will occur approximately twice as often as the second most frequent word, three times as often as the third, and so on. In almost all natural language texts, a massive portion of the text is made up of a very small handful of highly frequent words.

#### 2. Grammatical vs. Lexical Words (Function vs. Content Words)
Your output will be dominated by **function words** (grammatical words) rather than **content words** (lexical words). 
* **Function words** (like *the, and, of, to, a, in, he, I*) carry little semantic meaning on their own but are required by the grammar of the language to structure sentences. 
* **Content words** (like *Sylvanas, sword, magic, shadow, whispered*) carry the actual meaning of the story. 
Because function words are required to build almost every sentence, their mathematical probability of occurring is vastly higher than any specific noun or verb. Therefore, the top 20 words will almost entirely be function words.

#### 3. World of Warcraft Context (Corpus Specificity)
While the top 10 words will be standard English function words, the words ranked 11 through 20 might reflect the specific nature of your corpus (a WoW fanfic). You might see proper nouns or domain-specific function words appear here. For example, if your fan fiction is heavily focused on a specific character, the name *Anduin* or *Arthas* might appear in the top 20, as proper nouns bypass the usual content-word frequency rules when a text is highly focused on a specific subject.

#### 4. The "Token vs. Type" Distinction (and a flaw in the script)
In linguistics, a **token** is an individual instance of a word, while a **type** is a unique word. If you say "the cat chased the dog," there are 5 tokens, but only 4 types (because "the" appears twice). 

This command counts tokens to aggregate types, but it has a major linguistic flaw: **it is case-sensitive and punctuation-blind.** 
Because the Perl script simply splits by whitespace, it treats `The`, `the`, and `the.` as three entirely different types. 
* `The` (capitalized at the start of a sentence) and `the` (lowercase) will be counted separately, splitting the true frequency of the word.
* Punctuation attached to a word (e.g., `shadow,` or `sword!`) will be treated as part of the word type. 

#### 5. The Empty Type (The Phantom Line)
You will almost certainly see a very high count for a completely blank "word" at the very bottom of your output (represented by a number followed by nothing). This is because the Perl script splits on whitespace. If your text has double spaces, paragraph breaks, or trailing spaces at the end of a line, the `split(/\s/)` function creates empty array elements. These empty elements are sorted, counted by `uniq -c`, and end up being one of the most frequent "types" in the entire text. [end of text]


