 to=self<|message|>I have written a fan fiction based on World of Warcraft characters. I saved the file into wowfanfic.txt

What is a probable output if I run this Linux command?

$ cat wowfanfic.txt | perl -ne '@a = split(/\s/); foreach (@a) { print $_ . "\n"; }' | sort | uniq -c | sort -n | tail -n 20

Explain your answer with respect to basic linguistic principles.

We need probable output. Command splits on whitespace, prints each word on new line, sort, uniq -c counts, sort -n numeric, tail -n 20 => 20 most frequent words.

Probable output: common English stopwords: the, a, and, to, of, in, I, you, etc. Also WoW specific names? Maybe "the", "and", "to", "a", "I", "of", "in", "that", "it", "is". Probably top 20 most common words.

Explain with linguistic principles: Zipf's law, function words vs content words.

Answer: list of high frequency function words.

Provide explanation.

<|start|>assistant to=user<|message|>The pipeline is a classic word-frequency counter.

```
cat wowfanfic.txt
  | perl -ne '@a = split(/\s/); foreach (@a) { print $_ . "\n"; }'
  | sort
  | uniq -c
  | sort -n
  | tail -n 20
```

* `perl -ne ...` reads the file line by line and `split(/\s/)` splits each line on any whitespace. Every token is printed on its own line. Punctuation stays attached to the token, so `Jaina,` and `Jaina` are different tokens, and case is preserved so `The` ≠ `the`.
* `sort` puts identical tokens together.
* `uniq -c` counts how many times each sorted token occurs.
* `sort -n` sorts those counts numerically ascending.
* `tail -n 20` keeps the 20 largest counts.

So you will get the 20 most frequent word types in `wowfanfic.txt` with their raw counts, e.g.

```
   12  a
   15  I
   18  to
   22  and
   ...
  342  the
```

The exact numbers will depend on the length of your fic, but the *identity* of the words is very predictable from basic linguistic principles.

English text is dominated by function words, not content words. By Zipf's law the frequency of a word is inversely proportional to its rank in the frequency table, and the very top of the distribution is almost always occupied by closed-class items:

* Determiners / articles: `the`, `a`, `an`
* Conjunctions: `and`, `but`, `or`, `so`
* Prepositions: `of`, `in`, `to`, `on`, `with`, `for`, `from`, `at`
* Pronouns / auxiliaries: `I`, `you`, `he`, `she`, `it`, `we`, `they`, `is`, `was`, `are`, `be`, `have`, `do`, `that`, `this`
* Common copula / verb forms: `to`, `of`, `in`

Those are high-frequency, low-information function words that provide grammatical scaffolding. They occur in essentially every English narrative.

Content words that are specific to your fan fiction — `Jaina`, `Thrall`, `Azeroth`, `Horde`, `Alliance`, `Warcraft`, `elf`, `orc`, etc. — will appear much less often than `the` and `and`. Unless you have written a very repetitive, name-dropping piece, the top 20 will be almost entirely stopwords.

In practice you will see something like:

```
   87  a
   94  I
  112  to
  128  and
  145  of
  ...
  412  the
```

with `the` typically being the single most frequent token in any English prose, followed by `and`, `to`, `of`, `a`, `in`, `that`, `is`, `it`, `was`, `for`, `on`, `with`, `as`, `you`, `he`, `be`, `at`, `by`, `this`. 

If you want meaningful content words you would normally normalize the text first: lower-case, strip punctuation, and remove a stop-word list. As written the command is a raw frequency count and will therefore be dominated by Zipfian function words. [end of text]


