The probable output of the command you provided is:

```
1
2
3
4
5
6
7
8
9
10
11
12
13
14
15
16
17
18
19
20
```

This output is based on the following linguistic principles:

1. **Basic Linguistic Principles**:
   - **Tokenization**: The command tokenizes the text into individual words, which is a fundamental step in natural language processing.
   - **Sorting**: The `sort` command arranges the words in ascending order, which is a common operation in text processing.
   - **Uniqueness and Frequency**: The `uniq -c` command counts the occurrences of each word, and `sort -n` sorts these counts in numerical order.
   - **Tail**: The `tail -n 20` command displays the last 20 lines of output, which is useful for viewing the most recent results.

2. **Contextual Analysis**:
   - The output suggests that the words in the file are likely to be common words or terms that appear frequently in the text, which is consistent with the content of a fan fiction based on World of Warcraft characters.
   - The sorting and counting process helps to identify the most frequent words, which could be useful for understanding the popularity of certain characters or themes in the fan fiction.

3. **Practical Application**:
   - This output can be used to analyze the frequency of certain characters or themes in the fan fiction, which can be valuable for further research or analysis.
   - The `tail` command can be used to view the most recent entries, which might be useful for tracking changes or trends over time.

In summary, the output is a list of the top 20 most frequent words in the fan fiction, which can provide insights into the content and popularity of the characters involved. [end of text]


