Okay, let's break down this Linux command and predict its output, along with the linguistic reasoning behind it.

**Command Breakdown:**

1.  **`cat wowfanfic.txt`**: This command simply reads the entire content of the file `wowfanfic.txt` and sends it to standard output.  So, the output at this stage is the raw text of your fan fiction.

2.  **`| perl -ne '@a = split(/\s/); foreach (@a) { print $_ . "\n"; }'`**: This is where the Perl script comes in. Let's dissect it:
    *   `-n`:  This option tells Perl to loop through the input file line by line, but *not* to automatically print each line.
    *   `-e`: This option allows you to specify a Perl script directly on the command line.
    *   `@a = split(/\s/);`: This is the core of the Perl script.  `split(/\s/)` splits each line of the input into an array called `@a`. The regular expression `/\s/` means "split on any whitespace character" (spaces, tabs, newlines, etc.).  So, each word in the fan fiction becomes a separate element in the `@a` array.
    *   `foreach (@a) { print $_ . "\n"; }`: This loop iterates through each element (`$_`) of the `@a` array (i.e., each word).  `print $_ . "\n"` prints each word followed by a newline character.  This effectively puts each word on a separate line.

    **In summary, this Perl script takes the fan fiction text, splits it into individual words, and prints each word on a new line.**

3.  **`| sort`**: This command takes the output from the Perl script (a list of words, one per line) and sorts them alphabetically.

4.  **`| uniq -c`**: This command takes the sorted list of words and counts the occurrences of each unique word.  The `-c` option tells `uniq` to prefix each line with the number of times that word appears.  For example, if the word "the" appears 100 times, the output will be something like:  `100 the`

5.  **`| sort -n`**: This command takes the output from `uniq -c` (which is now a list of "count word" pairs) and sorts it numerically based on the count.  The `-n` option tells `sort` to treat the first field (the count) as a number.

6.  **`| tail -n 20`**: This command takes the numerically sorted list of word counts and displays the last 20 lines.  Since the list is sorted in ascending order (smallest count first), `tail -n 20` will show the 20 words that appear *least* frequently in your fan fiction.

**Probable Output:**

The output will be a list of 20 lines. Each line will consist of a number (the count) followed by a space, and then a word from your fan fiction. The words will be the 20 least frequent words in your fan fiction, sorted from least frequent to most frequent within that set of 20.

Example (hypothetical):

```
1 azeroth
1 kilrogg
2 thrall
3 orgrimmar
4 garrosh
5 sylvanas
6 anduin
7 voljin
8 jaina
9 malfurion
10 guldan
11 illidan
12 arthas
13 thrall
14 sylvanas
15 anduin
16 voljin
17 jaina
18 malfurion
19 guldan
```

**Linguistic Principles:**

*   **Tokenization:** The `split(/\s/)` in the Perl script performs tokenization. Tokenization is the process of breaking down a text into individual units (tokens), which are usually words, but can also be punctuation marks or other meaningful elements.  In this case, we're tokenizing based on whitespace.
*   **Frequency Analysis:** The `uniq -c` and `sort -n` commands perform a basic form of frequency analysis. Frequency analysis is a technique used in linguistics and computer science to determine how often different elements (words, letters, phrases, etc.) occur in a text.  It's a fundamental tool for understanding the statistical properties of language.
*   **Corpus Linguistics:**  While this is a very simple example, it touches on concepts from corpus linguistics. Corpus linguistics involves analyzing large collections of text (corpora) to identify patterns and trends in language use.  By counting word frequencies, we can gain insights into the vocabulary and style of your fan fiction.
*   **Stop Words:**  It's important to note that the 20 least frequent words might include some "stop words" (common words like "a", "the", "is", "of", etc.) if they happen to be used relatively infrequently in your specific fan fiction.  More sophisticated text analysis often involves removing stop words to focus on more meaningful content words.
*   **Context and Meaning:**  While frequency analysis can be informative, it's crucial to remember that it doesn't capture the full meaning of a text. The context in which words are used is essential for understanding their significance.  For example, the word "Horde" might appear frequently, but its meaning depends on how it's used in relation to other characters and events in your fan fiction.

In summary, the command provides a glimpse into the vocabulary of your fan fiction by identifying the least common words.  It's a simple but effective way to start exploring the linguistic characteristics of your writing.
 [end of text]


