这个文本看起来像是某种视觉或设计元素的组合，可能用于标识、标签或界面元素。以下是对每个部分的详细解释：

### 文本内容分析

1. **🐷🐷🐷 🏡🏠🏘️**
   - **🐷🐷🐷**: 可能代表某种图标或符号，通常与动物或宠物相关。
   - **🏡🏠🏘️**: 可能代表房屋或建筑元素。

2. **🐺💨💨💨**
   - **🐺**: 代表宠物或动物。
   - **💨💨💨**: 可能代表某种工具或设备，如刷子或清洁工具。

3. **🏡💥🐷🐷🏃‍♀️🏃‍♂️**
   - **🏡**: 代表房屋或建筑。
   - **💥**: 可能代表某种工具或设备，如灭火器。
   - **🐷🐷🐷**: 再次出现，可能代表宠物或动物。
   - **🏃‍♀️🏃‍♂️**: 可能代表运动或健身元素。

4. **🏠🐺💨💨💨**
   - **🏠**: 再次出现，代表房屋或建筑。
   - **🐺**: 代表宠物。
   - **💨💨💨**: 再次出现，可能代表工具或设备。

5. **🏘️🐺😠😠😠**
   - **🏘️**: 代表房屋或建筑。
   - **🐺**: 代表宠物。
   - **😠😠😠**: 可能代表某种负面情绪或警告符号。

6. **🔥🚒💦🐺🤕**
   - **🔥**: 可能代表紧急或危险信号。
   - **🚒**: 可能代表消防设备。
   - **💦**: 可能代表灭火器。
   - **🐺**: 代表宠物。
   - **🤕**: 可能代表某种警告或危险信号。

7. **🐷🐷🐷 🎉🥳🏡🏘️**
   - **🐷🐷🐷**: 再次出现，可能代表宠物或动物。
   - **🎉🥳**: 可能代表庆祝或奖励符号。
   - **🏡🏘️**: 再次出现，代表房屋或建筑。

### 整体解释
这个文本可能用于标识、标签或界面元素，展示不同元素及其可能的含义。例如：
- **🐷🐷🐷** 可能代表宠物或动物。
- **🏡🏠🏘️** 可能代表房屋或建筑。
- **💨💨💨** 可能代表工具或设备。
- **🔥🚒💦** 可能代表紧急或危险信号。
- **🎉🥳** 可能代表庆祝或奖励。

整体来看，这个文本可能用于传达信息、警告或提示，帮助用户理解不同元素的意义。 [end of text]


