 to=self<|message|>What's this about? Give a detailed explanation in Chinese.

We need interpret emojis story. Pigs pigs pigs house houses... wolf blowing... house explode? pigs run... etc.

Looks like Three Little Pigs story.

🐷🐷🐷 🏡🏠🏘️ = three pigs three houses
🐺💨💨💨 = wolf blowing
🏡💥🐷🐷🏃‍♀️🏃‍♂️ = straw house destroyed pigs run
🏠🐺💨💨💨 = wolf blows stick house
🏘️🐺😠😠😠 = brick house wolf angry
🔥🚒💦🐺🤕 = fire? fire truck water wolf hurt
🐷🐷🐷 🎉🥳🏡🏘️ = pigs celebrate

Maybe wolf tries chimney fire? Actually classic ending wolf falls.

Provide detailed explanation in Chinese.

Output in Chinese.

<|start|>assistant to=user<|message|>这是一段用 emoji 讲的 **《三只小猪》/《三只小猪与大坏狼》** 的故事梗概。

**🐷🐷🐷 🏡🏠🏘️**
三只小猪各盖了一间房子。第一只盖了茅草屋 🏡，第二只盖了木棍屋 🏠，第三只盖了砖瓦坚固屋 🏘️。

**🐺💨💨💨**
大坏狼来了，开始吹气想把房子吹倒。

**🏡💥🐷🐷🏃‍♀️🏃‍♂️**
狼先吹茅草屋，茅草屋被吹倒了 💥。两只没盖茅草屋的小猪赶紧跑 🏃‍♀️🏃‍♂️ 去躲到木棍屋里。

**🏠🐺💨💨💨**
狼又去吹木棍屋，拼命吹气。

**🏘️🐺😠😠😠**
木棍屋也被吹倒了，小猪们又跑到砖瓦屋里躲藏。狼在砖瓦屋前气得发怒 😠😠😠，因为砖瓦屋吹不倒。

**🔥🚒💦🐺🤕**
狼想出阴招，从烟囱爬进去放火 🔥。砖瓦屋着火了，小猪们叫来了消防车 🚒。消防车用水 💦 扑灭了大火，狼被烟熏、被水浇、从屋顶摔下来受了伤 🤕。

**🐷🐷🐷 🎉🥳🏡🏘️**
最后三只小猪安全了，在坚固的砖瓦屋里开派对庆祝 🎉🥳。故事告诉我们：做事要踏实、勤劳，坚固的房子才能抵御风雨，坏人最终会自食恶果。

简单说就是：草房被吹倒 → 木房被吹倒 → 砖房坚不可摧 → 狼放火被消防队收拾 → 小猪胜利庆祝。 [end of text]


