这段表情符号（Emoji）组合讲述了一个非常经典的**童话故事**，具体来说就是**《三只小猪》（The Three Little Pigs）**的故事。

以下是逐行详细解读：

1.  **🐷🐷🐷 🏡🏠🏘️**
    *   **含义**：三只小猪（🐷🐷🐷）分别建造了三种不同材质的房子。
    *   **细节**：🏡 通常代表草屋或简易房屋，🏠 代表木屋，🏘️ 代表砖房或坚固的建筑。这对应故事中三只小猪分别用稻草、木头和砖头盖房子的情节。

2.  **🐺💨💨💨**
    *   **含义**：大灰狼（🐺）出现了，并且正在用力吹气（💨💨💨）。
    *   **细节**：这是故事中狼试图通过吹气来摧毁小猪房子的经典动作。

3.  **🏡💥🐷🐷🏃‍♀️🏃‍♂️**
    *   **含义**：第一座房子（草屋 🏡）被吹倒了（💥），住在里面的两只小猪（🐷🐷）惊慌逃跑（🏃‍♀️🏃‍♂️）。
    *   **细节**：草屋最脆弱，最先被摧毁，小猪们逃往下一座房子。

4.  **🏠🐺💨💨💨**
    *   **含义**：狼来到第二座房子（木屋 🏠）前，再次用力吹气（💨💨💨）。
    *   **细节**：狼试图摧毁第二座房子。

5.  **🏘️🐺😠😠😠**
    *   **含义**：狼来到第三座房子（砖房 🏘️）前，但非常生气/愤怒（😠😠😠），因为吹不动。
    *   **细节**：砖房非常坚固，狼无法通过吹气摧毁它，因此感到挫败和愤怒。

6.  **🔥🚒💦🐺🤕**
    *   **含义**：狼试图从烟囱爬进去，结果掉进了火炉里（🔥），被水（💦，可能指消防员或水枪，或者只是表示混乱/灭火）和救援（🚒）所救/处理，最终狼受伤了（🤕）。
    *   **细节**：这是故事的高潮部分。狼试图从烟囱进入砖房，但小猪们在下面生了火，狼掉进火炉被烫伤了。🚒 和 💦 可能象征紧急救援或事后处理，🤕 表示狼受伤了。

7.  **🐷🐷🐷 🎉🥳🏡🏘️**
    *   **含义**：三只小猪（🐷🐷🐷）庆祝胜利（🎉🥳），并安全地住在坚固的房子里（🏡🏘️，这里可能泛指它们的家，或者特指砖房）。
    *   **细节**：故事以小猪们战胜大灰狼、安全幸福地生活在一起而告终。

**总结：**
这是一段用 Emoji 生动再现的《三只小猪》故事梗概，涵盖了从建房、狼吹房、小猪逃亡、狼失败受伤到最终胜利庆祝的全过程。 [end of text]


