这段文字是一段用**表情符号（Emoji）组成的叙事性“文字漫画”/连环画**，讲述了一个**狼群袭击村庄、村民奋起反抗、最终击退狼群、恢复安宁**的故事。它属于网络文化中常见的"Emoji 叙事"（Emoji Storytelling / Emoji Comics）形式，靠表情符号的排列顺序和语义组合来传达情节，不依赖文字。

---

## 逐行解读

### 第 1 行：🐷🐷🐷 🏡🏠🏘️
- **🐷🐷🐷**：三只猪，代表村庄里的居民/动物居民（这里用猪来象征村民，可能是为了可爱化或避免血腥）。
- **🏡🏠🏘️**：房子、住宅、村庄建筑群，代表一个**宁静的村庄**。
- **场景**：一个和平、安全的村庄，猪和人类（或动物）和谐共处。

### 第 2 行：🐺💨💨💨
- **🐺**：一只狼。
- **💨💨💨**：表示**快速移动、奔跑、呼啸而来**（风/速度线）。
- **场景**：狼群来袭，从远处快速冲向村庄。

### 第 3 行：🏡💥🐷🐷🏃‍♀️🏃‍♂️
- **🏡**：村庄。
- **💥**：爆炸/冲击，狼群冲入村庄造成混乱。
- **🐷🐷**：受惊的猪。
- **🏃‍♀️🏃‍♂️**：一男一女正在**逃跑**。
- **场景**：狼群冲进村庄，引发恐慌，村民四散奔逃。

### 第 4 行：🏠🐺💨💨💨
- **🏠**：房子。
- **🐺💨💨💨**：狼继续快速逼近。
- **场景**：狼群逼近房屋，威胁加剧。

### 第 5 行：🏘️🐺😠😠😠
- **🏘️**：村庄。
- **🐺**：狼。
- **😠😠😠**：三只愤怒的表情（可能是村民或动物们），表示**愤怒、准备反击**。
- **场景**：村民/居民们被激怒，集结起来准备对抗狼群。

### 第 6 行：🔥🚒💦🐺🤕
- **🔥**：火。
- **🚒**：消防车。
- **💦**：水（消防水柱）。
- **🐺**：狼。
- **🤕**：狼被击中头部，晕头转向/受伤。
- **场景**：村民用**消防水枪**喷射狼群，狼被击中头部，狼狈不堪。

### 第 7 行：🐷🐷🐷 🎉🥳🏡🏘️
- **🐷🐷🐷**：猪们（村民）安全。
- **🎉🥳**：庆祝、狂欢。
- **🏡🏘️**：村庄恢复平静。
- **场景**：狼群被击退，村庄恢复安宁，大家庆祝胜利。

---

## 主题与寓意

1. **正义战胜邪恶**：狼群象征威胁/恶势力，村民象征正义力量。
2. **团结与勇气**：面对危机，村民们没有逃避，而是集结起来共同对抗。
3. **智慧与工具**：用消防车的水枪作为武器，体现了"以智取胜"、利用工具化解危机的主题。
4. **社区互助**：整个故事强调社区团结、共同抵御外敌。

---

## 文化背景

这种"Emoji 连环画"是近年来在社交媒体（尤其是 Twitter/X、Instagram、TikTok）上流行的一种创作形式。人们通过精心排列表情符号，讲述完整的故事，让读者在"看图说话"的过程中获得阅读乐趣。它的特点是：

- **无文字**：完全靠表情符号传达信息
- **幽默感**：用夸张的表情和动作制造喜剧效果
- **叙事性**：有明确的起承转合
- **传播性**：适合在社交媒体上快速分享

这类创作常常被用来表达各种主题，包括战争、灾难、爱情故事、职场生活等，是一种非常有趣的网络文化现象。

---

## 总结

这段文字是一个**用表情符号讲述的短篇连环画**，描述了一个村庄遭遇狼群袭击、村民奋起反抗、用水枪击退狼群、最终庆祝胜利的故事。它体现了"团结就是力量"、"正义战胜邪恶"的主题，是网络文化中一种富有创意的表达方式。 [end of text]


