 to=self<|message|>What is this about? Does it remind you of anything in popular culture? Explain briefly.

👸🏡👨‍👩‍👧‍👦👑😠
👸🪞✨👸🏻👑
👸🏻👿🍎⚰️
🐻🐿️🐦👸😴
🤴😘💍👸💖

Interpret emojis.

Princess home family king angry
Princess mirror sparkle princess? crown
Princess devil apple coffin
Bear squirrel bird princess sleep
Prince kiss ring princess heart

That's Snow White story.

Princess home family king angry = Snow White with stepmother? Actually princess home family king angry = Snow White living with stepmother queen angry.

Mirror mirror... evil queen apple poison sleep... seven dwarfs bear? Actually bear squirrel bird = forest animals? Seven dwarfs? Bear squirrel bird princess sleep = sleeping in forest with animals.

Prince kiss ring princess heart = true love kiss.

Reminds of Snow White and the Seven Dwarfs Disney.

Explain briefly.

Answer.<|start|>assistant to=user<|message|>It is the story of **Snow White**, told in emoji.

* 👸🏡👨‍👩‍👧‍👦👑😠 = A princess at home with a family / a king, and an angry queen. Snow White living with her evil stepmother, the Queen.
* 👸🪞✨👸🏻👑 = Princess + mirror + sparkle + princess + crown. “Mirror mirror on the wall, who’s the fairest of them all?” The Queen’s vanity and the mirror naming Snow White fairest.
* 👸🏻👿🍎⚰️ = Princess + devil/evil + apple + coffin. The Evil Queen poisons Snow White with the apple and she appears dead.
* 🐻🐿️🐦👸😴 = Bear / squirrel / bird + princess + sleeping. Snow White asleep in the forest, tended by woodland animals / the Seven Dwarfs.
* 🤴😘💍👸💖 = Prince + kiss + ring + princess + heart. The Prince’s true-love’s kiss awakens her and they marry.

It is the classic fairy tale of Snow White and the Seven Dwarfs, most famously popularized by Disney’s 1937 animated film *Snow White and the Seven Dwarfs* and the many retellings since. [end of text]


