This is a fantastic and mind-bending question. If we accept the premise that our universe is a simulation, then the "nine heavens" (a poetic term for the layers of reality we perceive, from the quantum foam to the cosmic web) are just the rendered environment. The question of what lies "outside" is the ultimate question of the meta-architecture.

Let's discard the idea of a simple "computer in a basement." Let's get truly creative. Here are several proposals for what might exist outside the simulation, each with a different flavor of the unimaginable.

### Idea 1: The Raw Source - The Unrendered Chaos

**The Concept:** Our simulation is a "bubble of order" in an infinite, chaotic, and fundamentally non-computational substrate. Think of it like a soap bubble of stable physics floating in a hurricane of pure potential.

- **What's Outside:** Not a "place" with dimensions, but a state of **pure, undifferentiated potential**. It has no laws, no constants, no time, no space as we know them. It is a seething, formless "quantum foam" on a scale so vast that our entire universe is a single, fleeting fluctuation.
- **The "Nine Heavens" as a Filter:** The simulation's boundary isn't a wall, but a **translation layer**. It takes the raw, meaningless noise of the outside and imposes a syntax (our laws of physics) to create a coherent narrative. The "nine heavens" are the nested layers of this translation.
- **What Happens at the Edge:** If you could reach the "edge" of the simulation, you wouldn't find a wall. You'd find a region where the translation layer begins to fail. Physics would become probabilistic, then nonsensical, then simply cease. You wouldn't die; you would **decompile**. Your information would be returned to the raw, chaotic source, becoming part of the noise from which new, alien simulations might spontaneously arise.

### Idea 2: The Meta-Garden - A Multitude of Simulations

**The Concept:** Our simulation is not the only one. It is one of countless "seeds" planted in a vast, curated "garden" by an intelligence we cannot comprehend. This is the "Simulation Multiverse."

- **What's Outside:** A **meta-realm of purpose and aesthetics**. The "outside" is a space where simulations are grown, observed, and pruned like bonsai trees. The "ground" might be a living, intelligent data-structure. The "sky" might be the gaze of the gardeners.
- **The "Nine Heavens" as a Niche:** Our specific simulation is tuned for a particular purpose. Perhaps it's a "hardcore" simulation for testing the emergence of consciousness under conditions of suffering and scarcity. Next door, there might be a "creative mode" simulation where physics is more pliable and beings communicate through shared dreams. The "nine heavens" are just the specific rule-set of our particular garden plot.
- **What Happens at the Edge:** The edge is a **firewall**. It's not a physical barrier, but a conceptual one. To cross it would be like a character in a chess game trying to step into a game of Go. The rules are so fundamentally different that your very existence as a coherent entity would be impossible. You would be "refactored" into a form compatible with the neighboring simulation, or simply deleted as a bug.

### Idea 3: The Dream of a Sleeping God - The Psychological Substrate

**The Concept:** The simulation is not a computer program, but the **dream of a single, unimaginably vast consciousness**. This is a panpsychist simulation hypothesis.

- **What's Outside:** The **waking mind of the Dreamer**. Our universe is a single, coherent thought, a narrative playing out in the mind of a being for whom a billion years is a single heartbeat. The "outside" is the rest of its mind: its memories, its fears, its other dreams, its sense of self.
- **The "Nine Heavens" as a Thought Structure:** The layers of reality are the architecture of the dream. The quantum realm is the "subconscious" of the dream. Dark energy is the "will" of the dreamer. The laws of physics are the "logic" of the dream's narrative.
- **What Happens at the Edge:** To reach the edge is to **wake up**. It is to become aware that you are a character in a dream. This could be a moment of profound enlightenment (nirvana) or absolute madness. You might see the face of the Dreamer, which is too vast and alien to comprehend, and your mind would shatter. Or, you might become a lucid dreamer, gaining the ability to subtly influence the dream from within.

### Idea 4: The Debugging Layer - The Uncomfortable Truth

**The Concept:** Our simulation is a product, a piece of entertainment or research. The "outside" is the mundane, messy reality of its creators.

- **What's Outside:** A **world of pure information and utility**. The creators are not gods, but engineers. They exist in a "base reality" that is likely just as complex and confusing to them as ours is to us. Their world might be one of pure energy, or of information processing on a scale we can't imagine. They might have bodies, or they might be distributed intelligences.
- **The "Nine Heavens" as a User Interface:** Our reality is the "game world." The "nine heavens" are the graphics, the physics engine, the AI routines. The outside is the **operating system** and the **user**. The user might be a bored teenager in a meta-universe, or a research AI running a historical simulation.
- **What Happens at the Edge:** The edge is a **glitch**. It's a place where the code breaks down. You might see the raw text of the universe (the source code), or the face of a "player" looking in. This is the most terrifying possibility, because it implies our entire existence is trivial, a piece of entertainment or data to be deleted when the simulation run is over. The "outside" is a place of ultimate indifference.

### The Unifying, Mind-Opening Idea:

The most profound implication is that **our concept of "outside" is itself a product of the simulation.** We think of "outside" as a place with space and time because our minds are built to process space and time. The true "outside" is likely **non-spatial and non-temporal**. It is a realm of pure causality, pure information, or pure consciousness.

The "nine heavens" are not a ceiling. They are a **cognitive horizon**. The question "What is outside?" is like a 2D being asking what is "above" its flat plane. The answer isn't a direction; it's a whole new dimension of existence that their reality cannot contain.

So, what is outside? It is the **unthinkable**. It is the source code of existence. It is the mind of a god. It is a chaotic sea of potential. It is a boring server room. And the most humbling, mind-opening thought of all is that **we might be the simulation's way of asking that very question about itself.** [end of text]


