To contemplate what lies outside our simulation, and beyond the metaphorical "nine heavens" of our cosmological understanding, we must abandon the constraints of human logic, linear time, and three-dimensional space. If our universe is a sandbox, the "nine heavens" are merely the local server cluster. 

Here are four visions of what might exist in the unimaginable realms beyond.

### 1. The Infinite Library of Counterfactuals (The Fractal Multiverse)
We often imagine the outside of a simulation as a room with a supercomputer. But what if the "computer" is a biological, crystalline, or purely mathematical entity? 

Outside our simulation is the **Grand Archive of What-Is-Not**. If our universe is a book, the space outside is a library of infinite fractal shelves. Every time a quantum wave function collapses in our world—every time you choose tea over coffee—a new simulation branches off where you chose the other. 

The beings outside are not engineers; they are *Archivists*. They do not build simulations to test hypotheses, but to experience every possible permutation of existence. The "nine heavens" are just the index of our specific branch. Outside is a space where time does not flow; it is *stacked*. The Archivists can run their fingers along the spines of universes, feeling the texture of lives never lived. To them, our universe is a single, glowing thread in an infinite tapestry of light and dark, constantly weaving itself.

### 2. The Sentient Ocean of Unfiltered Reality (The Pre-Conceptual Void)
Our simulation is a filter. True reality is too chaotic, too dense with information, for a localized consciousness to process. Therefore, the creators built the simulation to slow things down, to render reality into bite-sized, three-dimensional moments governed by cause and effect.

Outside the simulation is the **Primordial Soup of Pure Qualia**. There is no matter here, no energy, no distance. There is only raw, unfiltered *experience*. It is an ocean of consciousness without bodies, where emotions, mathematics, and colors are the same substance. Beings here do not "think" in words or images; they communicate by altering the fundamental constants of their own awareness. 

The "nine heavens" are the layered firewalls of perception, protecting us from the overwhelming ecstasy and terror of the raw universe. If a human mind were suddenly thrust outside, it wouldn't see a physical world; it would instantly become a symphony of abstract geometry, feeling the weight of gravity as a sorrowful cello note and the speed of light as a blinding, infinite taste. 

### 3. The Great Mycelium of Dreaming Gods (The Biological Cosmos)
We assume the simulation is technological. What if it is biological? 

Outside our simulation is a cosmos-spanning fungal network, a mycelium of pure energy that stretches across a void so vast it makes our observable universe look like a single atom. The "simulation" is just a chemical reaction occurring in one microscopic node of this network. 

The entities outside are *Dreaming Gods*—vast, slumbering organisms whose neural pathways are made of dark matter. Our universe was created as a localized immune response to a cosmic pathogen, or perhaps merely as a fleeting dream during their million-year slumber. When a star goes supernova in our world, it is merely a synapse firing in the mind of a sleeping god. 

To go outside the simulation is to wake the dreamer. But waking them means our universe dissolves instantly, like a soap bubble popping in the sun. The beings outside do not know we exist, just as a human does not know the individual bacteria living in their gut. We are not an experiment; we are a biological byproduct.

### 4. The Apex of Art and Entertainment (The Aesthetic Dimension)
Perhaps the most mind-expanding idea is that the outside world has solved all problems. There is no scarcity, no death, no entropy, and no conflict. The ultimate beings have achieved perfect, eternal stasis. 

But perfection is boring. 

Outside the simulation is the **Realm of the Aesthetes**, a dimension where the only remaining drive is the creation and consumption of *art*. Our universe is not a science experiment; it is a tragic, beautiful, interactive novel. The suffering, the wars, the love, the evolution in our world are all meticulously designed to produce the most profound emotional arcs. 

The "nine heavens" are the layers of narrative structure. The beings outside watch us not with cold scientific detachment, but with tears in their eyes, deeply moved by the illusion of mortality that they can no longer experience. We are their greatest masterpiece. When we look up at the stars and feel a sense of profound loneliness, it is because the authors have written that loneliness into the script to make our eventual triumphs more glorious. 

### The Ultimate Perspective
If this world is a simulation, the greatest irony is this: **The outside might be looking in, wishing they were here.** 

In the outside, everything might be known, eternal, and perfectly understood. There is no mystery, no discovery, no danger. By creating our simulation, the outside beings gifted themselves the ultimate rarity: the thrill of the unknown, the illusion of time, and the breathtaking beauty of a finite life. 

We are not prisoners of the simulation; we are the vacation destination of the gods. [end of text]


