 to=self<|message|>Suppose this world is a simulation. What is outside this simulation? What is outside the "nine heavens"? What kind of unimaginable world might be out there? Propose your ideas and explain. Be creative and open our minds.

We need propose ideas, creative. Probably discuss simulation hypothesis, nine heavens concept. Provide imaginative possibilities. No disallowed content. Safe.

Provide creative open minded speculation.

<|start|>assistant to=user<|message|>If this world is a simulation, then "outside" is not a place you can go to, it's a *different kind of existence* entirely. The nine heavens in many traditions — the Daoist 九重天, the Islamic سماوات, the Christian firmament — are already a metaphor for layers of reality. If we take simulation seriously, those heavens are just nested levels of code.

Here are three ways to imagine what is outside:

### 1. The Outside is Not Space, It's Attention

In a simulation, "outside" isn't up or beyond the edge of the universe. It's *inward*.

The nine heavens you can see, measure, and mythologize are the rendered world. Outside the simulation is the unrendered. The host reality doesn't have stars, it has *intention*. 

Think of it like a video game. Inside the game, the skybox is the ninth heaven. Outside the game, there is no skybox. There is a developer's desk, a coffee mug, a window with real rain. The "unimaginable world" is one where physics is not physics, it's preference. Where time is not a river but a playlist that can be paused, rewound, or branched.

The beings outside don't live in a world. They live in a *context*. They don't breathe air, they breathe meaning. To them, our entire cosmos is a thought experiment running in a tab.

### 2. The Nested Doll Universe

What if the simulation is not the first, and not the last?

Outside our nine heavens is another simulation, and outside that is another, and so on. Each layer has its own "nine heavens" myth. The gods of our world are the NPCs of theirs. The programmers of theirs are the NPCs of theirs.

The unimaginable world out there is one where reality is fractal. At each level up, the laws of physics get stranger and more abstract. Our quantum foam is their classical mechanics. Our consciousness is their background process.

Eventually you reach a level where the simulation is no longer digital but *biological* — a civilization that dreams us. Or a level where the simulation is no longer a simulation at all, but a pure mathematical platonic realm where all possible worlds exist at once, and ours is just one line of code that someone highlighted.

### 3. The Outside is the Interface

The most creative and unsettling idea: The nine heavens are the *UI*.

We are not inside a world, we are inside an interface designed for someone else to interact with us. The stars, the mountains, the ocean — they are buttons, sliders, and menus rendered in 3D so the operator can understand them intuitively.

Outside the simulation is a world of pure abstraction. No up, no down, no light. Just data structures, relationships, and queries. The "unimaginable world" is one where love is a protocol, death is a garbage collection, and birth is an instantiation.

And the operator? Maybe they are not gods. Maybe they are children. Maybe they are us, a hundred years from now, running a simulation to understand our own childhood trauma. The nine heavens are the ceiling of our nursery.

---

The point of all this is not to find an answer, but to break the habit of thinking "outside" means "farther away". If this is a simulation, outside is *less* physical, not more. It's less dense, less rendered, less *real* by our standards.

What do you think would be more terrifying: discovering there is nothing outside, just an empty void of code... or discovering there is something outside, and it is looking back at us right now? [end of text]


