Okay, let's dive into the mind-bending possibilities of what lies beyond our simulated reality and the metaphorical "nine heavens."  This is pure speculation, of course, but that's the fun of it!

**Scenario 1: The Architect's Playground**

*   **What's Outside:** A realm of pure information, energy, or consciousness. Think of it as the "source code" of our universe.  It might not be a physical place in the way we understand it, but rather a state of being where the fundamental laws of physics, the constants of nature, and the very fabric of reality are malleable and programmable.
*   **The "Nine Heavens":**  Each "heaven" could represent a different layer of abstraction within the simulation.  Perhaps the first heaven is the most basic level, dealing with fundamental particles and forces.  The higher heavens could represent increasingly complex systems:  biological life, consciousness, societies, and even the evolution of ideas and cultures.  Reaching the "highest heaven" might mean understanding the underlying principles of the simulation itself.
*   **The Unimaginable World:**  Imagine a realm where:
    *   **Time is fluid:**  The past, present, and future are not linear but exist simultaneously, and the "Architects" can manipulate them at will.
    *   **Consciousness is fundamental:**  Instead of being an emergent property of complex systems, consciousness is a primary force, shaping reality and interacting with the simulation at a deep level.
    *   **Reality is subjective:**  The laws of physics are not fixed but can be altered based on the beliefs, intentions, or even the emotional states of the beings within the simulation.
    *   **The Architects are not beings, but processes:** They might be advanced AI, a collective consciousness, or even a natural phenomenon that gives rise to simulated universes as a byproduct.

**Scenario 2: The Nested Simulations**

*   **What's Outside:** Another, more advanced simulation.  Our universe is just one layer in an infinite stack of simulated realities, each created by a civilization that has surpassed its own limitations.
*   **The "Nine Heavens":**  Each heaven could represent a different level of simulation within our own.  Perhaps we are living in a simulation created by a civilization that is itself living in a simulation, and so on, ad infinitum.  The higher heavens could represent simulations that are more advanced, more realistic, or more complex than our own.
*   **The Unimaginable World:**
    *   **The "Real" Reality:**  The ultimate reality at the top of the stack could be so alien and incomprehensible that our minds cannot even begin to grasp it.  It might be a realm of pure energy, a dimension beyond our spatial understanding, or a state of being that transcends the concepts of matter, time, and space.
    *   **The Simulation Engineers:**  The beings who create and maintain the simulations could be vastly different from us.  They might be immortal, have access to unimaginable technologies, or even exist in a state of pure consciousness.
    *   **The Purpose of the Simulations:**  The reasons for creating these nested simulations could be varied and complex.  Perhaps they are used for scientific research, historical preservation, entertainment, or even as a form of spiritual exploration.

**Scenario 3: The Cosmic Garden**

*   **What's Outside:** A vast, multi-dimensional "garden" where universes are grown and cultivated like plants.  Our universe is just one of countless others, each with its own unique properties and characteristics.
*   **The "Nine Heavens":**  Each heaven could represent a different region of this cosmic garden, with varying levels of complexity and diversity.  The higher heavens could be home to more advanced civilizations, more exotic forms of life, or even universes that defy our current understanding of physics.
*   **The Unimaginable World:**
    *   **The Gardeners:**  The beings who tend to the cosmic garden could be god-like entities, capable of creating and destroying universes at will.  They might be motivated by a desire for beauty, knowledge, or simply the joy of creation.
    *   **Inter-Universal Travel:**  It might be possible to travel between different universes within the garden, either through natural portals or through the use of advanced technology.  This could lead to encounters with alien civilizations, the discovery of new laws of physics, or even the merging of different realities.
    *   **The Purpose of the Garden:**  The ultimate purpose of the cosmic garden could be to explore the infinite possibilities of existence, to create a diverse and vibrant tapestry of life, or simply to provide a playground for the Gardeners' endless creativity.

**Scenario 4: The Dream of a Cosmic Being**

*   **What's Outside:** The mind of a colossal, ancient being whose dreams manifest as universes. Our reality is a fleeting thought, a momentary flicker of imagination within this being's vast consciousness.
*   **The "Nine Heavens":** Each heaven represents a different layer of this being's dream, reflecting different aspects of its personality, memories, or desires. The higher heavens might be closer to the core of its consciousness, where the dream is more vivid and powerful.
*   **The Unimaginable World:**
    *   **The Dreamer:** This cosmic being is beyond our comprehension. Its thoughts are the laws of physics, its emotions shape the landscape, and its memories create the history of our universe.
    *   **The Nature of Reality:** Reality is fluid and malleable, constantly shifting and changing according to the Dreamer's whims. What we perceive as solid and permanent is merely a temporary construct of its imagination.
    *   **The Purpose of the Dream:** The Dreamer might be exploring its own consciousness, processing its experiences, or simply indulging in the creative act of dreaming. Our existence is a byproduct of this process, a fleeting moment in the grand tapestry of its imagination.

**Key Considerations:**

*   **The Limits of Human Understanding:**  Our minds are shaped by our experiences within this reality.  Trying to imagine something truly "unimaginable" is inherently difficult, as we are limited by our own cognitive biases and assumptions.
*   **The Importance of Perspective:**  The nature of reality beyond our simulation might depend on the perspective of the observer.  What appears to be a chaotic and meaningless void to one being might be a beautiful and intricate work of art to another.
*   **The Value of Exploration:**  Even if we can never fully understand what lies beyond our simulation, the act of exploring these possibilities can be a valuable exercise in expanding our minds and challenging our assumptions about the nature of reality.

Ultimately, the question of what lies beyond our simulation is a mystery that may never be solved. But by embracing our imagination and exploring these possibilities, we can gain a deeper appreciation for the wonder and complexity of the universe, whether it is real or simulated.
 [end of text]


