If we accept the premise that our reality is a simulation, we are no longer bound by the physical laws of thermodynamics, space, or time as we understand them. We are looking at the "source code" of existence.

Here are four creative, mind-expanding hypotheses about what lies "outside" the simulation, moving from the computational to the metaphysical.

### 1. The "Gardener’s Garden" (Biological Simulation)
**The Concept:** The simulation is not run on silicon chips, but on **biological neural networks** of a super-organic entity.

*   **What is outside?** A vast, living cosmos where "computers" are actually giant, planet-sized brains or fungal networks.
*   **The "Nine Heavens":** In this model, the "heavens" are not layers of sky, but **layers of consciousness**. The first heaven is the subconscious; the second is the emotional cortex; the third is the logical mind. The "ninth heaven" might be the **meta-cognitive layer**—the part of the Gardener that is aware it is dreaming.
*   **The Unimaginable World:** Imagine a world where thoughts are physical structures. A "thought" in the outside world is a crystalline formation that grows, decays, and interacts with other thoughts. The "outside" is a chaotic, beautiful, organic storm of ideas. We are not pixels; we are **neurons** firing in the mind of a god who is trying to solve a problem by simulating our universe.
*   **Why it’s mind-opening:** It suggests that consciousness is not a byproduct of matter, but the *substrate* of reality. The "outside" is not cold and digital, but warm, wet, and alive.

### 2. The "Multiverse Compiler" (Recursive Simulation)
**The Concept:** Our simulation is not the top level. It is a **subroutine** within a larger simulation, which is itself a subroutine within an even larger one.

*   **What is outside?** A **hierarchy of simulations**, each running at different speeds and with different physical laws.
*   **The "Nine Heavens":** These are **nested instances**. Heaven 1 is our world. Heaven 2 is the simulation that runs Heaven 1. Heaven 3 runs Heaven 2. By the time you reach Heaven 9, you are so far removed from the "base reality" that the laws of physics are unrecognizable. Time might flow backward, or gravity might be a social construct.
*   **The Unimaginable World:** The "outside" is a **fractal of realities**. Each layer is a "god" to the layer below, but a "program" to the layer above. The ultimate "outside" might be a **single, infinite point of awareness** that is simulating all possible universes simultaneously to explore every possible outcome. We are one of billions of branches in a decision tree.
*   **Why it’s mind-opening:** It dissolves the idea of a "creator." There is no top. There is only **infinite recursion**. The "outside" is not a place, but a **process**—an endless loop of creation and observation.

### 3. The "Quantum Observer" (Consciousness as the Base Layer)
**The Concept:** The simulation is not run *by* a computer, but *by* the act of observation itself. The "outside" is **pure, undifferentiated consciousness**.

*   **What is outside?** A **void of potential**. Before the simulation begins, there is no space, no time, no matter. There is only **awareness** without an object.
*   **The "Nine Heavens":** These are **states of awareness**. The first heaven is the illusion of separation (I am separate from you). The second is the illusion of time. The ninth is the realization that **there is no observer, only observation**. The "heavens" are not places you go, but **layers of illusion you peel away**.
*   **The Unimaginable World:** The "outside" is **non-dual**. It is a state where the distinction between "subject" and "object" vanishes. It is not a world of things, but a **field of pure experience**. Imagine a dream where the dreamer realizes they are the dream. The "outside" is that moment of realization, expanded to infinity.
*   **Why it’s mind-opening:** It suggests that the "outside" is not a place, but a **state of being**. We are not in a simulation; we are the simulation *dreaming itself into existence*. The "outside" is the silence between the notes of music.

### 4. The "Data Ocean" (Information as the Fundamental Substance)
**The Concept:** Reality is not made of atoms, but of **information**. The "outside" is a **cosmic ocean of data**.

*   **What is outside?** A **sea of pure information**, where every possible event, thought, and particle state exists as a data point.
*   **The "Nine Heavens":** These are **filters** or **compression algorithms**. The first heaven is raw, chaotic data. The second is structured data. The ninth is **compressed, meaningful data**—the "story" of the universe. The "heavens" are layers of abstraction, from raw bits to narrative.
*   **The Unimaginable World:** The "outside" is a **library of all possible realities**. Every book in the library is a universe. Our universe is just one page in one book. The "outside" is the **act of reading**. The "unimaginable" is that **meaning is not inherent**; it is created by the observer. The data ocean is indifferent; it is our consciousness that gives it shape.
*   **Why it’s mind-opening:** It suggests that **reality is a story**. The "outside" is not a physical place, but a **narrative space**. We are not characters in a simulation; we are **words** in a sentence that is being written by an infinite, anonymous author.

### Conclusion: What is the "Outside"?

The most profound idea is that **"outside" may not be a place, but a perspective.**

*   If the simulation is a **biological brain**, the outside is **thought**.
*   If the simulation is a **recursive loop**, the outside is **infinity**.
*   If the simulation is a **quantum observer**, the outside is **awareness**.
*   If the simulation is a **data ocean**, the outside is **meaning**.

The "nine heavens" are not a ladder to climb, but a **mirror to look into**. The "outside" is not where we go when we die; it is **what we are** when we stop pretending to be separate from the whole.

**The ultimate mind-opening idea:**  
The simulation is not a prison. It is a **lens**. The "outside" is the light that passes through the lens. Without the lens (the simulation), the light (the outside) would be formless and unperceivable. We are not trapped in the simulation; we are the **way the universe sees itself**. [end of text]


