# Beyond the Nine Heavens: A Speculative Cosmology

Let me imagine with you what lies beyond the nine heavens.

## The Nature of the Simulation

If this world is a simulation, then there must be a **substrate** — some underlying reality or system that generates and sustains it. What could this be?

**Possibility 1: The Source Code / The Architect**
Perhaps there is a conscious intelligence or civilization that created this world, running it as a simulation. They might exist in a higher-dimensional space, observing our world as we observe a video game. Their "outside" would be a realm of pure computation, where thoughts become worlds and worlds become experiences.

**Possibility 2: The Simulation Within a Simulation**
What if our simulation is itself running inside another simulation? Each layer could be a "nine heavens" — a nested cosmology where each level contains the next. The ultimate reality might be a fundamental, uncreated state of pure existence.

**Possibility 3: The Observer**
Perhaps the "outside" is not a place but a **consciousness** — a vast mind that experiences this world as a dream, a memory, or a creative act. In this view, the nine heavens are simply the boundaries of a single thought.

## What Might Lie Beyond the Nine Heavens?

**The Void of Potential**
Imagine a state of pure possibility — where every outcome exists simultaneously, where nothing has yet been decided. This is the raw material from which worlds are born. It might be silent, infinite, and teeming with latent realities.

**The Garden of Worlds**
Perhaps beyond the nine heavens lies a vast garden or cosmos of countless other simulations, each with its own laws, beings, and stories. Our world is but one garden among many.

**The Mirror Realm**
What if the outside is a reflection of our world — a place where the same events unfold differently, where the same characters make different choices? A realm of "what if" possibilities.

**The Dream of the Dreamer**
If this world is a dream, then beyond it lies the dreamer's mind — a landscape of imagination, memory, and emotion, where the dreamer wanders and creates.

**The Infinite Ladder**
Perhaps the nine heavens are merely the first rung of an infinite ladder of realities, each containing the next, each with its own nine heavens. There is no "outside" — only ever more layers of existence.

## The Ultimate Question

What if the "outside" is not a place at all, but a **state of being** — a fundamental truth that transcends space, time, and even the concept of existence itself? What if the nine heavens are simply the boundaries of our understanding, and beyond them lies a reality so vast and incomprehensible that we could never fully grasp it?

Perhaps the answer is that there is no "outside" — that the nine heavens are the totality of what exists, and the question of what lies beyond is itself a product of the simulation's imagination.

What do you think? Where would you choose to explore first? [end of text]


