**1. Counting to "A"**

You would have to count to **1,000**.

The English number words use "A" only in the thousands place (and multiples of a thousand): "A" thousand, "A" million, etc. So the first number containing the letter "A" is 1,000.

**2. The sentence**

"The quick brown fox **jumps over the lazy dog**."

This sentence is famous because it is a ** pangram** — a sentence that uses every letter of the alphabet (a–z) at least once. It is widely used in typography, proofreading, and keyboard testing to demonstrate typefaces and check for errors.

**3. The Three Little Pigs and Little Red Riding Hood**

Once upon a time, in a village where the forest grew thick and the hedges were high, three little pigs lived in a cottage at the edge of the woods. One crisp autumn morning, the eldest pig, Pip, decided to visit his grandmother, who lived deep in the forest.

"Grandmother," Pip said, "I shall bring you a basket of apples."

"Go, my dear," she replied. "But mind the woods. The wolf is cunning, and the path is long."

Pip set off, and as he walked, he met a little girl in a red hood. "Good morning," she said cheerfully. "I am going to my grandmother's, too. Shall we walk together?"

Pip hesitated, but the girl was kind and her voice was sweet, so he agreed. Together they walked through the rustling leaves, and the girl told Pip stories of the animals who lived in the forest.

As they approached the grandmother's cottage, the little girl noticed something strange. The door was ajar, and a shadow moved inside. "Grandmother," she called out. "Is that you?"

"Yes, my dear," came a voice that was not quite her grandmother's voice. "Come in."

But the girl's heart gave a little jump. She looked at the door, then at the shadow, and then at Pip. "Pip," she whispered, "I do not feel well. I think I should rest here."

Pip looked at her, then at the door, and then at the shadow. He knew what he must do. "Little Red," he said gently, "I will go in and see for you."

He opened the door, and there stood the wolf, grinning. "Good morning," the wolf said. "I have been waiting for you."

Pip did not hesitate. He grabbed the girl's hand and ran out into the woods, and the wolf, who had grown tired of waiting, followed them. But the pigs had learned something from their grandmother: the forest is dark, and the path is long, and one must always mind the woods.

So Pip and the little girl ran on, and the wolf ran after them, and the three little pigs, who had learned to be brave, ran on ahead, and the forest, which had been so dark, grew bright with the light of their courage.

And that is how the three little pigs met the little red riding hood, and how they learned that even in the darkest woods, one must always mind the path.

**The End.** [end of text]


