Here are the answers to your questions:

### 1. How high would you have to count before you would use the letter "A" in the English language spelling of a whole number?

You would have to count to **one thousand** (1,000).

**Explanation:**
- The numbers from 1 to 999 do not contain the letter "A" when spelled out in standard English (e.g., one, two, three... ninety-nine, one hundred, two hundred... nine hundred and ninety-nine).
- The first whole number that contains the letter "A" is **one thousand** (spelled "one thousand").
- Note: Some might argue for "eleven" (no 'a'), "twelve" (no 'a'), etc. But "thousand" is the first common number word with an 'A'.
- Actually, wait: Let's double-check.
  - 1–19: one, two, three, four, five, six, seven, eight, nine, ten, eleven, twelve, thirteen, fourteen, fifteen, sixteen, seventeen, eighteen, nineteen. (No 'A')
  - 20–99: twenty, thirty, forty, fifty, sixty, seventy, eighty, ninety. (No 'A')
  - 100–999: one hundred, two hundred, ... nine hundred. (No 'A')
  - 1,000: **one thousand**. Yes, "thousand" contains an 'A'.

So, the answer is **1,000**.

*(Note: If you consider "and" as part of the spelling, e.g., "one hundred and one," then "and" contains an 'A'. In that case, the first number would be **one hundred and one** (101). However, in standard American English, "and" is often omitted in number names (e.g., "one hundred one"). In British English, "and" is commonly used. The question asks for the "English language spelling," which can vary. But typically, this riddle assumes the minimal standard spelling without "and." If "and" is included, the answer is 101. If not, it is 1,000. Given the ambiguity, the most common riddle answer is **1,000**, assuming "and" is not used.)*

**Clarification:** The classic riddle answer is **1,000** because "thousand" is the first number word with an 'A' if you exclude "and." If you include "and," then **101** ("one hundred and one") is the first. Since the question doesn't specify dialect, I will provide the most common riddle answer: **1,000**.

### 2. Complete this sentence: "The quick brown fox ..."; What is the sentence famous for?

**Completed sentence:**
"The quick brown fox jumps over the lazy dog."

**What it is famous for:**
It is a **pangram** — a sentence that contains every letter of the English alphabet at least once. It is commonly used for:
- Typing practice
- Testing fonts and keyboards
- Demonstrating the full range of letters in a typeface

### 3. Write a short story of the three little pigs who met the little red riding hood.

**The Pigs and the Hood**

The three little pigs were not just building houses; they were building a fortress. The first pig’s straw house had already been blown away by the wolf, and the second pig’s stick house was now a pile of splinters. The third pig, sturdy and sensible, had just finished reinforcing his brick chimney with iron bars.

It was on a crisp autumn morning that they heard a knock at the door. It wasn’t the wolf. It was a small girl in a bright red hood, her basket clutched tightly to her chest.

"Please," she said, her voice trembling. "I’m lost. The woods are dark, and I heard a growl behind me. I’m on my way to my grandmother’s house, but I’m afraid."

The three pigs looked at each other. The first pig, now living in the third pig’s house, shivered. The second pig nodded. The third pig opened the door.

"Come in," he said. "You’re safe here."

They gave her bread, cheese, and a warm blanket. As she ate, she told them about the wolf who had been following her. "He’s clever," she whispered. "He tried to disguise himself as my grandmother. But I knew it wasn’t her. Her eyes were too big, and her teeth were too sharp."

The third pig smiled. "We know that wolf. He’s been trying to blow down our houses for weeks. But he’s never gotten past the brick."

Just then, a deep, guttural voice came from outside. "Let me in, little pigs! I’m cold!"

The girl’s eyes widened. "That’s him!"

The third pig calmly closed the door and locked it. "He’s not getting in," he said. "Not today."

The wolf huffed and puffed, but the brick house stood firm. The girl watched, amazed. "You’re braver than I thought," she said.

"We’re just prepared," the third pig replied.

After the wolf gave up and slunk away, the girl thanked them. "I’ll never forget this," she said. "You saved me."

The three pigs smiled. "And you saved us from being alone," the first pig said.

From that day on, the three little pigs and Little Red Riding Hood became unlikely friends. They would often meet in the forest, sharing stories and meals, proving that even the most different creatures can find safety and friendship in each other.

And the wolf? He learned his lesson. He stopped blowing down houses and started selling insurance instead. [end of text]


