


# The Weight of a Pillow

Margaret hadn't left her apartment in six days.

Her sister, Diane, called every morning. "You need to get out, Maggie. You're **exaggerating** how hard this is."

Margaret pressed the phone against her ear and stared at the ceiling. "You don't understand. When Robert died, everything stopped."

"Maggie—"

"I'm not exaggerating, Diane. I *can't* move."

The truth was, Margaret barely had the strength to lift her head from the **pillow** each morning. It wasn't that the pillow was heavy. It was that nothing beyond it felt worth rising for. Robert had been the one who made the coffee, who hummed while he cooked eggs, who touched her shoulder as he passed her in the hallway — small gestures that had built a life together over forty-three years. Without him, the apartment felt like a planet without gravity, untethered and drifting.

On the seventh day, there was a knock at the door.

Margaret ignored it.

The knock came again. Then again. Then a voice — not Diane's — small and uncertain.

"Grandma?"

She sat up slowly. She shuffled to the door and opened it.

Her granddaughter, Lily, stood there holding a mason jar filled with wildflowers — dandelions, clover, and one stubborn purple thing Margaret couldn't name. Lily was seven. She had Robert's eyes.

"Mommy said you were sad," Lily said. "So I picked you a **cloud**."

Margaret blinked. "A cloud?"

Lily held up the jar. The flowers were white and fluffy, bursting over the rim like something pulled from the sky. "They look like clouds, right? I thought clouds would make you feel lighter."

Margaret knelt down and took the jar. The flowers were already wilting at the edges, warm from Lily's hands.

"Come inside," she whispered.

Lily followed her to the kitchen and sat on the counter while Margaret made tea — the first thing she had cooked in a week. Lily talked about school, about a loose tooth, about a bug she had found under a rock. None of it was extraordinary. All of it was lifegiving.

That night, Margaret placed the jar of flowers on the nightstand beside her pillow. She looked at it for a long time before she closed her eyes.

The next morning, she got up. Not because the grief was gone — it would never be entirely gone — but because love had come to her door in the hands of a child, and she understood something she hadn't before.

Love was not just something you lost. It was something that returned, again and again, in new forms, from unexpected places. Robert's love lived in Lily's eyes. Diane's love lived in the relentless morning phone calls. And now, Margaret's love — for the people still here — needed to live in her rising.

She picked up the phone and called Diane.

"I'm going for a walk today," she said.

Diane was quiet for a moment. Then: "I'll come with you."

Margaret looked at the wilting flowers, still holding their cloud-like shape.

"That would be nice," she said.

---

*Love doesn't erase loss. But it reminds us we still have reasons to rise.* [end of text]


