 to=self<|message|>Please review this text and point out any grammar mistakes (especially tense and "agreement" issues), serious stylistic issues, or other problems. Do not report minor stylistic/sentence structure issues. Output in list/point form. Identify at least 5 issues in each category.

We need grammar mistakes especially tense and agreement, serious stylistic issues, or other problems. At least 5 issues in each category.

Provide list.

Let's scan.

Grammar/tense/agreement:
1. "to an unwarranted assault" -> "as" or "like"
2. "who I'm sure are mostly diligent" -> who I'm sure is? Actually relative clause antecedent people -> are ok. But "who I'm sure are" maybe okay.
3. "he's probably onto something" pronoun he refers to Andreessen Horowitz? Should be they.
4. "back when tech stocks were down last year, I briefly wondered whether it would be a good idea to buy some at the relatively low prices" tense ok.
5. "My analysis back then was exactly on the same line of logic" awkward but ok.
6. "don't seem to be capable" tense mismatch with past analysis? Should be didn't seem.
7. "it seems their monopolies are still functional" should be seemed.
8. "they can probably squeeze" should be could.
9. "I had no ounce of doubt" -> "no ounce" -> "not an ounce"
10. "they can cut costs by almost half without really affecting day to day operations." tense shift.
11. "And as we've seen with their (GOOG mainly) first round of layoffs in early 2023, McKinsey Pichai is definitely ready" -> "McKinsey Pichai" nonsense; also tense.
12. "In America We Trust they're capitalist enough" -> comma splice, capitalisation.
13. "Those who read history knows" subject-verb agreement: know.
14. "every industry goes through this phrase" -> phase.
15. "people who know approximately how much I make by referencing levels.fyi or otherwise might wonder why I live so frugally -- it's obvious by now, the party's gonna end" tense ok.
16. "People in more mature industries generally have a reasonable expectation what their careers would look like" -> of what.
17. "generally can expect salary to be monotonic-increasing" -> salaries.
18. "Saving up for 'FI' isn't an aspiration -- it's a survival necessity in this industry, especially as I'm geographically misplaced (there's actually no tech jobs here)" -> no tech jobs -> no tech job / aren't any.

Serious stylistic issues:
- informal slang "gonna", "McKinsey Pichai"
- inconsistent pronoun
- etc.

Provide at least 5 each.

Let's output categories: Grammar/Tense/Agreement, Serious Stylistic Issues, Other Problems.

<|start|>assistant to=user<|message|>**Grammar / Tense / Agreement issues**

* **Pronoun reference / agreement:** *he's probably onto something* – the antecedent is *Andreessen Horowitz*, a firm, so *he* is incorrect; *it/they* is required.
* **Tense shift in past recollection:** *My analysis back then was exactly on the same line of logic -- while META and GOOG (and particularly GOOG) don't seem to be capable... it seems their monopolies are still functional and they can probably squeeze... they can cut costs* – the analysis is described as past, so the verbs should be past: *didn't seem / seemed / could*.
* **Subject-verb agreement:** *Those who read history knows* – plural subject *those who read* requires *know*.
* **Quantifier / idiom:** *I had no ounce of doubt* – idiomatic is *not an ounce of doubt* / *no doubt*.
* **Noun number / agreement:** *there's actually no tech jobs here* – *there's* with plural *jobs* → *there aren't any tech jobs* / *there's actually no tech job*.
* **Missing preposition / agreement:** *have a reasonable expectation what their careers would look like* – *expectation of what* / *expectation about what*.
* **Noun number:** *generally can expect salary to be monotonic-increasing* – *salary* should be plural *salaries* or *a salary*.
* **Word choice error:** *every industry goes through this phrase* – *phrase* should be *phase*.

**Serious stylistic issues**

* **Inconsistent / informal register:** Mixing analytical prose with slang *gonna*, *we're still sane though*, *funny stack*, *party's gonna end* undermines tone.
* **Unclear / jarring proper name:** *McKinsey Pichai is definitely ready* – conflates McKinsey with Sundar Pichai; reads as a name error and is confusing.
* **Capitalisation / slogan misuse:** *In America We Trust they're capitalist enough* – slogan is capitalised oddly and run together with the next clause without punctuation.
* **Colloquial contraction in formal argument:** *the party's gonna end sooner or later* and *I'm geographically misplaced* are overly casual for the otherwise analytical passage.
* **Parenthetical clutter and readability:** *(GOOG mainly)*, *(as a whole)*, *(besides small pockets of AI, which in practice currently is operationally much smaller than general tech)* – nested parentheticals make sentences hard to parse.
* **Mixed metaphor / vague intensifiers:** *ruthless capitalist engine is taking over to ensure financial "efficiency"* and *squeeze quite a bit of profit* are vague and editorialising.

**Other problems**

* **Comma splice / run-on:** *In America We Trust they're capitalist enough to not kill their golden goose.* – two independent clauses joined without proper punctuation.
* **Preposition / comparison error:** *to an unwarranted assault* – should be *as* / *like* an unwarranted assault, not *to*.
* **Redundant / awkward phrasing:** *exactly on the same line of logic* – wordy; *on the same line of reasoning* is standard.
* **Inconsistent tense for observed fact:** *And as we've seen with their first round of layoffs in early 2023, McKinsey Pichai is definitely ready* – *we've seen* present perfect is okay, but *is definitely ready* implies current ongoing readiness without clear temporal anchor.
* **Missing article / determiner:** *buy some at the relatively low prices* – *at relatively low prices* is more natural; *some* is vague.
* **Punctuation of em dashes:** Multiple em dashes are used without spaces inconsistently, e.g., *-- but ideological concerns aside,* vs *-- it's obvious by now,* – style should be consistent. [end of text]


