Here is the review of your text, focusing on the specific categories you requested. Minor stylistic quirks and sentence structure variations have been omitted as instructed.

### Grammar Mistakes (Tense & Agreement)
1. **"seem to an unwarranted"**: Missing verb. It should be "seem to *be* an unwarranted."
2. **"layoff more people"**: "Layoff" is a noun. The verb form is required here: "lay *off* more people."
3. **"I had no ounce of doubt that they can cut costs"**: Tense inconsistency. Because the main clause uses the past tense ("had"), the subordinate clause should also be in the past tense: "that they *could* cut costs."
4. **"Those who read history knows"**: Subject-verb agreement error. "Those" is plural, so the verb must be plural: "Those who read history *know*."
5. **"every industry goes through this phrase"**: Wrong word/grammar. You meant the noun "phase," not "phrase." It should be "goes through this *phase*."
6. **"expectation what their careers would look like"**: Missing preposition. It should be "expectation *of* what their careers would look like."
7. **"there's actually no tech jobs here"**: Subject-verb agreement error. "Jobs" is plural, so it should be "there *are* actually no tech jobs here."

### Serious Stylistic Issues
1. **"McKinsey Pichai"**: Using this as a moniker for Sundar Pichai is highly informal and colloquial. If this text is meant for a general or professional audience, this detracts from the analytical tone of the paragraph.
2. **"In America We Trust they're capitalist enough"**: The capitalization of "In America We Trust" is jarring and disrupts the flow of the sentence. It reads as an awkward, forced meme/slogan rather than a cohesive part of the sentence.
3. **"product enshittification"**: While this word has gained traction in tech circles, it is still a vulgarity-derived slang term. Using it clashes violently with the otherwise academic/analytical vocabulary in the same sentence (e.g., "antitrust slams down hard," "ruthless capitalist engine"). 
4. **"Abundance in isolated, privileged pockets isn't True Abundance"**: The capitalization of "True Abundance" is unprompted and feels melodramatic. It treats a descriptive concept like a proper noun without prior context.
5. **"in some funny stack that nobody in their right mind uses (we're still sane though, just unique circumstances)"**: The parenthetical aside is overly conversational and defensive. It breaks the fourth wall in a way that distracts from the broader economic argument you are making. 

### Other Problems (Logic, Phrasing, & Mechanics)
1. **Capitalization of Tickers**: "META and GOOG" are capitalized as if they are acronyms or proper nouns. While this is common in casual finance forums, standard style guides require all-caps only for the ticker symbol itself, not when using it as a shorthand noun for the company (e.g., "Meta and Google"). 
2. **"exactly on the same line of logic"**: This is an awkward mixing of idioms. The standard phrasing is either "along the same lines" or "using the same logic."
3. **"whether the companies will remain healthy enough for investors (as a whole) to recoup their capital investments before the companies crash and burn"**: This is a logical contradiction in phrasing. If a company "crashes and burns," equity investors are wiped out and do not recoup their investments. You likely mean recoup their investments *before* the *stock price* crashes, or you mean to recoup investments *via dividends/buybacks* before the company ultimately fails. The sentence doesn't accurately reflect how equity recoupment works.
4. **"if only because I would have hated how I participated and enabled"**: Awkward verb phrasing. "Participated" is intransitive here but is being treated transitively. It should be "participated *in* and enabled."
5. **"monotonic-increasing"**: This is a mathematical term that feels awkwardly placed in a sentence about career trajectories. The standard phrasing for this concept in everyday/professional writing is "monotonically increasing" or simply "consistently increase over time."
6. **Punctuation Spacing**: There are multiple instances of missing spaces after punctuation, which causes readability issues (e.g., "growth, it seems" is fine, but later you have "operations. And as" which is correct, yet you write "phrase in some form or another. Abundance" — however, you do have a missing space in "margins and profit, and I had"). *Correction: A clear missing space occurs in "antitrust), but In America"* (the period before "In" is fine, but the capitalization is odd). A definite mechanical error is the missing space in "operations. And" — wait, checking the text: "day to day operations. And as we've seen" is correct. However, "profit, and I had" is correct. Let's look at "antitrust), but In America We Trust" — the issue here is the capitalization. Let's find the actual spacing error: "growth, it seems" is fine. "profit, and I had" is fine. "equilibrium (i.e. these" — standard APA/Chicago style requires a comma after "i.e." when used in parentheses. [end of text]


