Okay, here's a breakdown of the issues in the provided text, categorized as requested:

**Grammar/Tense/Agreement Issues:**

1.  **"So there's a running story..."**: While colloquial, starting a formal piece with "So" is generally discouraged.
2.  **"...seem to an unwarranted assault..."**: Should be "...seems to be an unwarranted assault..." (subject-verb agreement).
3.  **"...who I'm sure are mostly diligent and hardworking..."**: The "who" clause is non-restrictive and should be set off with commas: "...tech workers, who I'm sure are mostly diligent and hardworking..."
4.  **"...don't seem to be capable of creating new products and finding new avenues of growth, it seems their monopolies are still functional..."**: This is a comma splice. It should be separated into two sentences or connected with a conjunction (e.g., "...growth, and it seems their monopolies are still functional...").
5.  **"...they can always layoff more people..."**: Should be "...they can always lay off more people..." ("lay off" is a phrasal verb, and the "off" should be separate).
6.  **"...without really affecting day to day operations."**: Should be "...without really affecting day-to-day operations." (hyphenate the compound adjective).
7.  **"...McKinsey Pichai is definitely ready to do whatever pleases the shareholders..."**: Awkward phrasing. Consider "...Sundar Pichai is definitely ready to do whatever pleases the shareholders..." or "...McKinsey Pichai is definitely ready to prioritize shareholder interests..."
8.  **"...In America We Trust they're capitalist enough to not kill their golden goose."**: This is a somewhat awkward and overly emphatic phrasing. Consider rephrasing for clarity and tone.
9.  **"...every industry goes through this phrase in some form or another."**: Should be "...every industry goes through this *phase* in some form or another." (wrong word).
10. **"...salary to be monotonic-increasing."**: Should be "...salary to be monotonically increasing." (wrong word).

**Stylistic Issues:**

1.  **Overuse of Parenthetical Remarks:** The text is riddled with asides and parenthetical comments, which disrupt the flow and make it feel less focused. Examples: "(who I'm sure are mostly diligent and hardworking)", "(GOOG mainly)", "(as a whole)", "(we're still sane though, just unique circumstances)".
2.  **Informal Tone:** The language is often too casual for a serious analysis. Phrases like "the party's gonna end," "really affecting," and "in some funny stack" detract from the credibility.
3.  **Vagueness:** Some statements are too general and lack specific evidence. For example, "promises of revolutionary tech largely gone." What promises? What tech?
4.  **Repetitive Sentence Structure:** Many sentences start similarly, leading to a monotonous rhythm.
5.  **Overuse of Qualifiers:** Words like "basically," "probably," "kind of," and "really" weaken the impact of the writing.
6.  **Abrupt Transitions:** The shifts between topics can be jarring. The connection between the discussion of layoffs and the personal financial situation is not clearly established.
7.  **Unnecessary Jargon/Slang:** Phrases like "product enshittification" and "levels.fyi" might not be understood by all readers and could be replaced with more accessible language.
8.  **Overuse of contractions:** While contractions are fine in informal writing, they can make the text seem less serious.
9.  **Overuse of "And":** Many sentences begin with "And," creating a rambling effect.
10. **Unclear Pronoun References:** In a few places, it's not immediately clear what a pronoun (like "it" or "they") refers to.

**Other Problems:**

1.  **Lack of a Clear Thesis:** While the author expresses agreement with Andreessen Horowitz's sentiment, the overall argument is not clearly defined. What is the author trying to prove or argue?
2.  **Insufficient Evidence:** The claims made are often not supported with concrete examples or data.
3.  **Biased Language:** The text exhibits a clear bias against large tech companies and their practices. While this isn't inherently wrong, it should be acknowledged and balanced with a more objective perspective.
4.  **Unsubstantiated Claims:** Statements like "Abundance in isolated, privileged pockets isn't True Abundance" are philosophical assertions that require further explanation and justification.
5.  **Inconsistent Tone:** The text oscillates between analytical and personal, creating a disjointed reading experience.
6.  **Overreliance on Anecdotal Evidence:** The author's personal experiences and observations are presented as evidence without acknowledging their limitations.
7.  **Unclear Audience:** It's not clear who the intended audience is. The level of technical detail and the use of jargon suggest a knowledgeable audience, but the informal tone might alienate some readers.
8.  **Logical Fallacies:** The argument relies on some questionable assumptions and generalizations. For example, the connection between layoffs and increased profitability is not always straightforward.
9.  **Missing Context:** The reader needs more background information on the specific companies and technologies being discussed.
10. **Unnecessary Negativity:** The overall tone is quite pessimistic and critical, which could be toned down to create a more balanced and engaging piece.
 [end of text]


