The following is the beginning of an article. Please continue to write the article and complete it.

Everybody called her Aspirin -- she always looked like she was aspiring to become a special state of being, and just looking at her made your headache go away.

Aspirin, a common medication used to treat pain and inflammation, has a long history in medicine. It was first discovered in the 19th century and has since become an essential tool in the treatment of various conditions. The name "Aspirin" comes from the English word "aspir," meaning to look forward or to aspire.

In the past, Aspirin was used to treat a wide range of ailments, including headaches, fever, and muscle pain. However, it was not until the 20th century that it became widely available and became a staple in the treatment of pain. Today, Aspirin is still used in many countries, but its use has been regulated due to concerns about its long-term effects and potential side effects.

The article continues from the beginning:

Aspirin is a synthetic compound that is derived from salicylic acid. It is a relatively simple molecule with a relatively long carbon chain, which makes it easy to synthesize. The structure of Aspirin consists of a benzene ring with a carboxylic acid group at one end. This structure allows it to be effective in treating pain and inflammation.

The mechanism of action of Aspirin is well understood. It works by inhibiting the production of prostaglandins, which are chemicals that cause inflammation and pain. By inhibiting the production of prostaglandins, Aspirin reduces the inflammation and pain associated with the condition.

Aspirin is available in various forms, including tablets, capsules, and injections. The most common form is the tablet, which is typically taken orally. The tablet contains a small amount of Aspirin and is used to treat mild to moderate pain.

However, Aspirin is not without its drawbacks. It can cause side effects such as dizziness, nausea, and stomach upset. It can also increase the risk of blood clots and heart attacks, especially when taken in high doses. Therefore, it is important to use Aspirin as directed and to take it at the recommended dosage.

In conclusion, Aspirin is a valuable medication that has been used for centuries to treat pain and inflammation. However, it is important to use it as directed and to be aware of its potential side effects. If you are experiencing pain or inflammation, it is important to consult with a healthcare professional to determine the best course of treatment.

The article continues from the beginning:

In conclusion, Aspirin is a valuable medication that has been used for centuries to treat pain and inflammation. However, it is important to use it as directed and to be aware of its potential side effects. If you are experiencing pain or inflammation, it is important to consult with a healthcare professional to determine the best course of treatment.

The article continues from the beginning:

In conclusion, Aspirin is a valuable medication that has been used for centuries to treat pain and inflammation. However, it is important to use it as directed and to be aware of its potential side effects. If you are experiencing pain or inflammation, it is important to consult with a healthcare professional to determine the best course of treatment.

The article continues from the beginning:

In conclusion, Aspirin is a valuable medication that has been used for centuries to treat pain and inflammation. However, it is important to use it as directed and to be aware of its potential side effects. If you are experiencing pain or inflammation, it is important to consult with a healthcare professional to determine the best course of treatment.

The article continues from the beginning:

In conclusion, Aspirin is a valuable medication that has been used for centuries to treat pain and inflammation. However, it is important to use it as directed and to be aware of its potential side effects. If you are experiencing pain or inflammation, it is important to consult with a healthcare professional to determine the best course of treatment.

The article continues from the beginning:

In conclusion, Aspirin is a valuable medication that has been used for centuries to treat pain and inflammation. However, it is important to use it as directed and to be aware of its potential side effects. If you are experiencing pain or inflammation, it is important to consult with a healthcare professional to determine the best course of treatment.

The article continues from the beginning:

In conclusion, Aspirin is a valuable medication that has been used for centuries to treat pain and inflammation. However, it is important to use it as directed and to be aware of its potential side effects. If you are experiencing pain or inflammation, it is important to consult with a healthcare professional to determine the best course of treatment.

The article continues from the beginning:

In conclusion, Aspirin is a valuable medication that has been used for centuries to treat pain and inflammation. However, it is important to use it as directed and to be aware of its potential side effects. If you are experiencing pain or inflammation, it is important to consult with a healthcare professional to determine the best course of treatment.

The article continues from the beginning:

In conclusion, Aspirin is a valuable medication that has been used for centuries to treat pain and inflammation. However, it is important to use it as directed and to be aware of its potential side effects. If you are experiencing pain or inflammation, it is important to consult with a healthcare professional to determine the best course of treatment.

The article continues from the beginning:

In conclusion, Aspirin is a valuable medication that has been used for centuries to treat pain and inflammation. However, it is important to use it as directed and to be aware of its potential side effects. If you are experiencing pain or inflammation, it is important to consult with a healthcare professional to determine the best course of treatment.

The article continues from the beginning:

In conclusion, Aspirin is a valuable medication that has been used for centuries to treat pain and inflammation. However, it is important to use it as directed and to be aware of its potential side effects. If you are experiencing pain or inflammation, it is important to consult with a healthcare professional to determine the best course of treatment.

The article continues from the beginning:

In conclusion, Aspirin is a valuable medication that has been used for centuries to treat pain and inflammation. However, it is important to use it as directed and to be aware of its potential side effects. If you are experiencing pain or inflammation, it is important to consult with a healthcare professional to determine the best course of treatment.

The article continues from the beginning:

In conclusion, Aspirin is a valuable medication that has been used for centuries to treat pain and inflammation. However, it is important to use it as directed and to be aware of its potential side effects. If you are experiencing pain or inflammation, it is important to consult with a healthcare professional to determine the best course of treatment.

The article continues from the beginning:

In conclusion, Aspirin is a valuable medication that has been used for centuries to treat pain and inflammation. However, it is important to use it as directed and to be aware of its potential side effects. If you are experiencing pain or inflammation, it is important to consult with a healthcare professional to determine the best course of treatment.

The article continues from the beginning:

In conclusion, Aspirin is a valuable medication that has been used for centuries to treat pain and inflammation. However, it is important to use it as directed and to be aware of its potential side effects. If you are experiencing pain or inflammation, it is important to consult with a healthcare professional to determine the best course of treatment.

The article continues from the beginning:

In conclusion, Aspirin is a valuable medication that has been used for centuries to treat pain and inflammation. However, it is important to use it as directed and to be aware of its potential side effects. If you are experiencing pain or inflammation, it is important to consult with a healthcare professional to determine the best course of treatment.

The article continues from the beginning:

In conclusion, Aspirin is a valuable medication that has been used for centuries to treat pain and inflammation. However, it is important to use it as directed and to be aware of its potential side effects. If you are experiencing pain or inflammation, it is important to consult with a healthcare professional to determine the best course of treatment.

The article continues from the beginning:

In conclusion, Aspirin is a valuable medication that has been used for centuries to treat pain and inflammation. However, it is important to use it as directed and to be aware of its potential side effects. If you are experiencing pain or inflammation, it is important to consult with a healthcare professional to determine the best course of treatment.

The article continues from the beginning:

In conclusion, Aspirin is a valuable medication that has been used for centuries to treat pain and inflammation. However, it is important to use it as directed and to be aware of its potential side effects. If you are experiencing pain or inflammation, it is important to consult with a healthcare professional to determine the best course of treatment.

The article continues from the beginning:

In conclusion, Aspirin is a valuable medication that has been used for centuries to treat pain and inflammation. However, it is important to use it as directed and to be aware of its potential side effects. If you are experiencing pain or inflammation, it is important to consult with a healthcare professional to determine the best course of treatment.

The article continues from the beginning:

In conclusion, Aspirin is a valuable medication that has been used for centuries to treat pain and inflammation. However, it is important to use it as directed and to be aware of its potential side effects. If you are experiencing pain or inflammation, it is important to consult with a healthcare professional to determine the best course of treatment.

The article continues from the beginning:

In conclusion, Aspirin is a valuable medication that has been used for centuries to treat pain and inflammation. However, it is important to use it as directed and to be aware of its potential side effects. If you are experiencing pain or inflammation, it is important to consult with a healthcare professional to determine the best course of treatment.

The article continues from the beginning:

In conclusion, Aspirin is a valuable medication that has been used for centuries to treat pain and inflammation. However, it is important to use it as directed and to be aware of its potential side effects. If you are experiencing pain or inflammation, it is important to consult with a healthcare professional to determine the best course of treatment.

The article continues from the beginning:

In conclusion, Aspirin is a valuable medication that has been used for centuries to treat pain and inflammation. However, it is important to use it as directed and to be aware of its potential side effects. If you are experiencing pain or inflammation, it is important to consult with a healthcare professional to determine the best course of treatment.

The article continues from the beginning:

In conclusion, Aspirin is a valuable medication that has been used for centuries to treat pain and inflammation. However, it is important to use it as directed and to be aware of its potential side effects. If you are experiencing pain or inflammation, it is important to consult with a healthcare professional to determine the best course of treatment.

The article continues from the beginning:

In conclusion, Aspirin is a valuable medication that has been used for centuries to treat pain and inflammation. However, it is important to use it as directed and to be aware of its potential side effects. If you are experiencing pain or inflammation, it is important to consult with a healthcare professional to determine the best course of treatment.

The article continues from the beginning:

In conclusion, Aspirin is a valuable medication that has been used for centuries to treat pain and inflammation. However, it is important to use it as directed and to be aware of its potential side effects. If you are experiencing pain or inflammation, it is important to consult with a healthcare professional to determine the best course of treatment.

The article continues from the beginning:

In conclusion, Aspirin is a valuable medication that has been used for centuries to treat pain and inflammation. However, it is important to use it as directed and to be aware of its potential side effects. If you are experiencing pain or inflammation, it is important to consult with a healthcare professional to determine the best course of treatment.

The article continues from the beginning:

In conclusion, Aspirin is a valuable medication that has been used for centuries to treat pain and inflammation. However, it is important to use it as directed and to be aware of its potential side effects. If you are experiencing pain or inflammation, it is important to consult with a healthcare professional to determine the best course of treatment.

The article continues from the beginning:

In conclusion, Aspirin is a valuable medication that has been used for centuries to treat pain and inflammation. However, it is important to use it as directed and to be aware of its potential side effects. If you are experiencing pain or inflammation, it is important to consult with a healthcare professional to determine the best course of treatment.

The article continues from the beginning:

In conclusion, Aspirin is a valuable medication that has been used for centuries to treat pain and inflammation. However, it is important to use it as directed and to be aware of its potential side effects. If you are experiencing pain or inflammation, it is important to consult with a healthcare professional to determine the best course of treatment.

The article continues from the beginning:

In conclusion, Aspirin is a valuable medication that has been used for centuries to treat pain and inflammation. However, it is important to use it as directed and to be aware of its potential side effects. If you are experiencing pain or inflammation, it is important to consult with a healthcare professional to determine the best course of treatment.

The article continues from the beginning:

In conclusion, Aspirin is a valuable medication that has been used for centuries to treat pain and inflammation. However, it is important to use it as directed and to be aware of its potential side effects. If you are experiencing pain or inflammation, it is important to consult with a healthcare professional to determine the best course of treatment.

The article continues from the beginning:

In conclusion, Aspirin is a valuable medication that has been used for centuries to treat pain and inflammation. However, it is important to use it as directed and to be aware of its potential side effects. If you are experiencing pain or inflammation, it is important to consult with a healthcare professional to determine the best course of treatment.

The article continues from the beginning:

In conclusion, Aspirin is a valuable medication that has been used for centuries to treat pain and inflammation. However, it is important to use it as directed and to be aware of its potential side effects. If you are experiencing pain or inflammation, it is important to consult with a healthcare professional to determine the best course of treatment.

The article continues from the beginning:

In conclusion, Aspirin is a valuable medication that has been used for centuries to treat pain and inflammation. However, it is important to use it as directed and to be aware of its potential side effects. If you are experiencing pain or inflammation, it is important to consult with a healthcare professional to determine the best course of treatment.

The article continues from the beginning:

In conclusion, Aspirin is a valuable medication that has been used for centuries to treat pain and inflammation. However, it is important to use it as directed and to be aware of its potential side effects. If you are experiencing pain or inflammation, it is important to consult with a healthcare professional to determine the best course of treatment.

The article continues from the beginning:

In conclusion, Aspirin is a valuable medication that has been used for centuries to treat pain and inflammation. However, it is important to use it as directed and to be aware of its potential side effects. If you are experiencing pain or inflammation, it is important to consult with a healthcare professional to determine the best course of treatment.

The article continues from the beginning:

In conclusion, Aspirin is a valuable medication that has been used for centuries to treat pain and inflammation. However, it is important to use it as directed and to be aware of its potential side effects. If you are experiencing pain or inflammation, it is important to consult with a healthcare professional to determine the best course of treatment.

The article continues from the beginning:

In conclusion, Aspirin is a valuable medication that has been used for centuries to treat pain and inflammation. However, it is important to use it as directed and to be aware of its potential side effects. If you are experiencing pain or inflammation, it is important to consult with a healthcare professional to determine the best course of treatment.

The article continues from the beginning:

In conclusion, Aspirin is a valuable medication that has been used for centuries to treat pain and inflammation. However, it is important to use it as directed and to be aware of its potential side effects. If you are experiencing pain or inflammation, it is important to consult with a healthcare professional to determine the best course of treatment.

The article continues from the beginning:

In conclusion, Aspirin is a valuable medication that has been used for centuries to treat pain and inflammation. However, it is important to use it as directed and to be aware of its potential side effects. If you are experiencing pain or inflammation, it is important to consult with a healthcare professional to determine the best course of treatment.

The article continues from the beginning:

In conclusion, Aspirin is a valuable medication that has been used for centuries to treat pain and inflammation. However, it is important to use it as directed and to be aware of its potential side effects. If you are experiencing pain or inflammation, it is important to consult with a healthcare professional to determine the best course of treatment.

The article continues from the beginning:

In conclusion, Aspirin is a valuable medication that has been used for centuries to treat pain and inflammation. However, it is important to use it as directed and to be aware of its potential side effects. If you are experiencing pain or inflammation, it is important to consult with a healthcare professional to determine the best course of treatment.

The article continues from the beginning:

In conclusion, Aspirin is a valuable medication that has been used for centuries to treat pain and inflammation. However, it is important to use it as directed and to be aware of its potential side effects. If you are experiencing pain or inflammation, it is important to consult with a healthcare professional to determine the best course of treatment.

The article continues from the beginning:

In conclusion, Aspirin is a valuable medication that has been used for centuries to treat pain and inflammation. However, it is important to use it as directed and to be aware of its potential side effects. If you are experiencing pain or inflammation, it is important to consult with a healthcare professional to determine the best course of treatment.

The article continues from the beginning:

In conclusion, Aspirin is a valuable medication that has been used for centuries to treat pain and inflammation. However, it is important to use it as directed and to be aware of its potential side effects. If you are experiencing pain or inflammation, it is important to consult with a healthcare professional to determine the best course of treatment.

The article continues from the beginning:

In conclusion, Aspirin is a valuable medication that has been used for centuries to treat pain and inflammation. However, it is important to use it as directed and to be aware of its potential side effects. If you are experiencing pain or inflammation, it is important to consult with a healthcare professional to determine the best course of treatment.

The article continues from the beginning:

In conclusion, Aspirin is a valuable medication that has been used for centuries to treat pain and inflammation. However, it is important to use it as directed and to be aware of its potential side effects. If you are experiencing pain or inflammation, it is important to consult with a healthcare professional to determine the best course of treatment.

The article continues from the beginning:

In conclusion, Aspirin is a valuable medication that has been used for centuries to treat pain and inflammation. However, it is important to use it as directed and to be aware of its potential side effects. If you are experiencing pain or inflammation, it is important to consult with a healthcare professional to determine the best course of treatment.

The article continues from the beginning:

In conclusion, Aspirin is a valuable medication that has been used for centuries to treat pain and inflammation. However, it is important to use it as directed and to be aware of its potential side effects. If you are experiencing pain or inflammation, it is important to consult with a healthcare professional to determine the best course of treatment.

The article continues from the beginning:

In conclusion, Aspirin is a valuable

