She was a small, quiet woman in her late fifties, with silver-streaked hair pulled back in a loose bun and eyes the color of rain-washed slate. She lived in the last house on Mulberry Lane, a crooked little cottage with a garden that bloomed in impossible colors. Nobody knew where she came from, or why she had chosen their sleepy town to settle in. But within a month of her arrival, everyone knew her name.

It was Mrs. Higgins, the postmistress, who first called her Aspirin. "She's like a little pill of peace," Mrs. Higgins had said, rubbing her own throbbing temples after a particularly trying morning of sorting misaddressed mail. "You just look at her, and your headache goes away."

And it was true. There was something about Aspirin that was deeply, profoundly calming. She moved with a slow, deliberate grace, as if she had all the time in the world and was in no hurry to spend it. Her voice was a low, soothing murmur, like a brook running over smooth stones. When she spoke, people leaned in, their shoulders dropping, their breathing slowing.

She never gave advice. She never offered solutions. She simply listened. And when she looked at you, it was with such complete, undivided attention that you felt, for the first time in perhaps years, truly seen.

Old Mr. Abernathy, a gruff widower who had not spoken a kind word to anyone since his wife died, was found sitting on Aspirin's porch one Tuesday afternoon, sipping chamomile tea and weeping. He wept for an hour, and Aspirin simply sat beside him, her hand resting lightly on his arm. When he left, he was still sad, but the sharp, jagged edges of his grief had been smoothed away. He started tending his wife's rose bushes again the next day.

Young Lily, a teenager drowning in the anxieties of high school, would often cut through Aspirin's garden on her way home. Aspirin would be there, weeding or watering, and she would offer Lily a freshly picked strawberry or a sprig of mint to chew on. They rarely spoke more than a few words, but Lily's panic attacks, which had been so frequent, began to subside. She started drawing again, filling a sketchbook with pictures of the cottage and its quiet, magical garden.

The town doctor, a pragmatic man named Dr. Evans, was a skeptic. He believed in science, in measurable results, in prescriptions and diagnoses. He found the whole "Aspirin" phenomenon mildly irritating. "Placebo effect," he would mutter, shaking his head. "A bit of kindness and a sympathetic ear. Nothing more."

But then came the night of the great storm. A freak tornado touched down on the edge of town, tearing through the high school gymnasium and ripping the roof off the old folks' home. The town was in chaos. Sirens wailed. People screamed. The emergency services were overwhelmed.

Dr. Evans was at the makeshift triage center in the community hall, working frantically. He was exhausted, his head pounding, his hands shaking. The injured kept coming. A young boy with a deep gash on his arm was crying, his mother hysterical. An elderly woman was having a heart attack. A man was in shock, staring blankly at the wall.

And then Aspirin walked in.

She didn't rush. She didn't shout. She simply walked through the chaos, her slate-grey eyes calm and clear. She went first to the crying boy. She knelt beside him, took his hand, and began to hum. It was a simple, tuneless melody, but it was steady and warm. The boy's crying slowed. His mother's frantic breathing eased. Dr. Evans, watching from across the room, felt the knot of tension in his own chest loosen a fraction.

Aspirin moved from person to person. She didn't bandage wounds or administer medicine. She held hands. She whispered. She poured cups of water. She sat with the man in shock, her presence a silent anchor in the storm of his mind. The room, which had been a cacophony of panic, began to quiet. The frantic energy subsided, replaced by a strange, collective calm.

Dr. Evans found himself working more efficiently, his hands steadier, his mind clearer. The headache that had been pounding behind his eyes was gone. He looked at Aspirin, who was now gently guiding the elderly heart-attack patient's breathing, and he understood.

It wasn't magic. It wasn't a placebo. It was a presence. A deep, unwavering well of peace that she offered freely to anyone who needed it. She was a human anchor in a world of storms.

The tornado passed. The town began to rebuild. And Aspirin remained, a quiet fixture on Mulberry Lane. People still came to her with their troubles, their headaches, their heartaches. And she still listened, her eyes like rain-washed slate, her presence a gentle, healing balm.

One day, a young journalist came to town, looking for a story. He heard about Aspirin and was intrigued. He found her in her garden, tending to a patch of bluebells.

"Excuse me," he said, "I'm a reporter. I've heard a lot about you. They say you have a gift. That just looking at you makes people's headaches go away."

Aspirin looked up, a small, gentle smile on her face. She wiped a smudge of dirt from her cheek.

"Everybody has a gift," she said softly. "Mine is just being still. The world is so loud, you see. Sometimes, people just need someone to be quiet with them."

The journalist opened his mouth to ask another question, but found he had nothing to say. He just stood there, in the quiet garden, the scent of damp earth and bluebells filling his senses. The constant, low-grade hum of anxiety that lived in his chest, the one he had carried for so long he had forgotten it was there, simply... stopped.

He put his notebook away. He didn't write the article. He didn't need to. He had found his own little piece of peace, right there on Mulberry Lane, in the garden of a woman they called Aspirin. And he knew, with a certainty that settled deep in his bones, that he would be coming back. [end of text]


