It wasn’t a medical miracle, of course. It was a charisma so potent it functioned as a placebo. When Aspirin walked into a room, the air seemed to thin, becoming easier to breathe. She moved with a deliberate, almost liquid grace, her eyes fixed on a point just above the horizon, as if she were constantly calculating the trajectory of a better future.

Her real name was Elara, but she had shed it the way one sheds a winter coat in spring—casually, and with a sense of relief. She worked as a "Vibe Consultant" for a mid-tier tech startup in Seattle, a job title that sounded like a scam but paid surprisingly well. Her clients were usually founders who had lost their way, their eyes glazed over with the specific exhaustion of people who had been staring at spreadsheets and code for too long.

"Elara," her manager, a man named Gary who wore suspenders as a fashion statement, would say, tapping his pen against his desk. "The Hendersons are panicking. They say the product feels 'cold.' They need warmth. They need... you."

Aspirin would nod, her expression serene. "I’ll handle it."

She didn’t use magic. She didn’t use hypnosis. She used presence.

When she sat across from the Hendersons, she didn’t ask about their KPIs or their burn rate. She asked them about the last time they felt truly alive. She listened with her whole body, tilting her head, her fingers steepled under her chin. She spoke in a low, melodic cadence that seemed to bypass the logical centers of the brain and speak directly to the lizard part, the part that remembered when the world was just sun and rain and the smell of wet earth.

"You’re trying to build a product," she told them, her voice soft. "But you’re forgetting to build a feeling. What does it feel like to hold this in your hand? Is it a promise? Is it a relief? Is it a secret?"

The Hendersons, initially skeptical, found themselves tearing up. They hadn’t cried in months. The headache of their existential crisis began to fade, replaced by a vague, warm sense of direction. They left the meeting with a new tagline and a renewed sense of purpose.

But Aspirin’s power was not without cost.

She lived in a small, minimalist apartment that looked like a museum exhibit for "The Concept of Calm." There were no personal photos, no clutter, no evidence of a life lived in the messy, chaotic present. Her days were a blur of meetings, meditation, and a strict diet of green smoothies that tasted like grass and regret.

She was always aspiring. Aspiring to be more present. Aspiring to be more aligned. Aspiring to be more *her*. But who was *her*?

One evening, after a particularly draining session with a client who was convinced his app could solve world hunger, Aspirin sat on her balcony, looking out at the Seattle rain. The city was a smear of neon and gray. She felt a familiar tightness in her chest, a knot that no amount of deep breathing could untie.

She picked up her phone and scrolled through her contacts. There were hundreds of names, all of them people she had helped, people who had left her sessions feeling lighter, clearer, more themselves. But none of them were friends. None of them knew her.

She typed a message to a number she hadn’t called in years. It was her sister, Maya.

*Hey,* she typed. *I’m thinking about you.*

The reply came instantly. *You’re thinking about me? That’s new. Usually, you’re thinking about your 'energy alignment' or whatever it is you do.*

Aspirin smiled, a small, genuine smile that didn’t reach her eyes. *I’m thinking about the time we got lost in the woods behind our parents’ house. Do you remember?*

*Vaguely. You were the one who insisted we were 'spiritually navigating.' I was the one who was actually lost and scared.*

*Yeah,* Aspirin typed. *I was.*

She put the phone down and looked at her reflection in the dark window. The face looking back at her was beautiful, composed, and utterly empty. She was a vessel for other people’s clarity, a mirror for their aspirations. But she had no reflection of her own.

The next day, Gary called her into his office. "We have a big one," he said, his suspenders creaking. "The CEO of a major airline. He’s having a panic attack. He can’t sleep. He says he feels like he’s falling."

Aspirin nodded. "I’ll be there in an hour."

But as she stood up, she felt a sudden, sharp pain in her head. Not a headache, but a splitting, jagged pain, like a crack in a porcelain vase. She gripped the edge of the desk, her knuckles white.

"Elara?" Gary asked, his voice tinged with concern. "You okay?"

She looked at him, really looked at him, for the first time in years. She saw the fear in his eyes, the desperation, the need for her to be the aspirin, the cure, the special state of being.

"I’m not okay," she said, her voice flat.

Gary blinked. "What?"

"I’m not okay," she repeated. "I’m tired, Gary. I’m so tired of being the cure. I’m just a person. I have a headache. I’m scared. I don’t know who I am when I’m not fixing someone else."

The office was silent. The rain tapped against the window. Gary looked at her, not with the usual deference, but with a raw, human shock.

"Then stop," he said quietly. "Just for today. Stop being Aspirin. Be Elara. Go home. Sleep. Eat something that isn’t green."

Aspirin stared at him. The pain in her head didn’t go away, but it changed. It became a dull, manageable ache, a reminder that she was flesh and blood, not a concept.

She picked up her bag. "Okay," she said.

She walked out of the office, down the hallway, and out into the rain. She didn’t put on her umbrella. She let the water soak through her clothes, cold and shocking and real. She walked to the nearest diner, sat in a booth with a cracked vinyl seat, and ordered a plate of pancakes with extra syrup.

She ate slowly, savoring the sweetness, the grease, the mess. She didn’t meditate. She didn’t align her chakras. She just sat there, in the middle of the day, in the middle of the city, feeling the weight of her own body.

For the first time in years, she wasn’t aspiring to be anything. She was just there. And for the first time in years, the headache went away. [end of text]


