# The Secret Keeper

Leo’s world was a symphony of fluorescent lights and the hum of his own heartbeat. He was sixteen, and his life was a carefully curated performance: studying for exams, navigating the social grid of high school, and pretending to be a good kid. But beneath that polished exterior, Leo was a secret.

His secret was that he was a wood elf. Not a fairy or a wizard, but a true wood elf. He lived in the ancient, forgotten forests of the world, where the trees were his home and the streams were his lifeblood. He knew the language of the wood, the songs of the trees, and the secrets of the forest.

The first thing Leo noticed was the smell. It was the smell of damp earth, of pine resin, and of something else—something metallic, like old metal. It was the smell of the forest, but it was different. It was the smell of his own skin, of the cold, hard wood.

He tried to hide it, but it was too much. He couldn’t just pretend it was just a new friend. He had to be seen, and he had to be known. So, he began to change.

He started by changing his clothes. He wore a tunic made of woven, dark wood fibers, and his hair was a deep, silver-gray. He didn’t look like a boy anymore. He looked like a boy, but with a secret.

He also changed his name. He used the name Leo, but he was a wood elf. He was a keeper of the forest, a guardian of the woods. He was a secret.

The first time he saw a human, Leo was careful. He didn’t approach. He just stood there, looking at the boy with his eyes, and then he walked away. He didn’t speak. He didn’t ask questions. He just observed.

But then, he saw a girl. She was a typical girl, with a bright red dress and a kind smile. She was studying in the library, and she was looking at a book with a wooden cover. She was a normal girl.

Leo felt a strange pull. He remembered the forest, the songs, the secrets. He remembered the way the light filtered through the leaves, the way the wind whispered through the branches. He remembered the feeling of being part of something larger than himself.

He decided to follow her. He would find her, and he would find the forest.

He left his secret behind, and he followed her. She was kind, but she was also lonely. She had no friends, no family. She was just a girl, like everyone else.

Leo followed her to the edge of the forest. The trees were tall and ancient, their leaves shimmering in the sunlight. He saw a path, a trail of fallen logs, leading deeper into the woods. It was a path to the heart of the forest.

He followed it. He walked for hours, his heart pounding with a mix of fear and excitement. He passed a stream, and he saw a small, furry creature with long, sharp claws. It was a wood elf, but it was a different kind. It was a guardian, not a keeper.

Leo reached the heart of the forest. It was a clearing, surrounded by towering trees. In the center stood a great, ancient tree, its bark like dark wood, and its roots spread wide, connecting to the earth below. It was a tree of wisdom, a tree of knowledge.

Leo approached it. He didn’t speak. He just stood there, and then he walked back to the stream.

The creature with the sharp claws was watching him. It was a guardian, and it knew something about him. It was a wood elf, but it was a different kind. It was a protector, not a keeper.

Leo felt a strange connection. He was a wood elf, but he was also a guardian. He was both.

He decided to stay. He would be a guardian, and he would be a wood elf. He would protect the forest, and he would be a secret.

He returned to his secret, to his secret, to the world of wood and the ancient forests. He was a keeper of the forest, a guardian of the woods, and a secret keeper. He was a wood elf, and he was a boy.

And so, Leo lived his secret life, a secret that was as much a part of his world as his name. He was a wood elf, and he was a boy. And he was both. [end of text]


