The fluorescent lights of Westbridge High School hummed at a frequency that made Kaelen’s ears twitch. To the rest of the student body, it was just the background noise of a Tuesday afternoon. To Kaelen, it was a sonic assault, a grating shriek that vibrated in the hollows of his skull.

He adjusted his oversized hoodie, pulling the hood up to shadow his face. His ears, usually long and pointed, were currently hidden beneath the fabric, though he had to be careful not to let them poke out when he tilted his head. Being a wood elf in a suburban high school in Ohio was not on the curriculum. It wasn’t even on the radar.

Kaelen was, by all human metrics, a quiet, slightly awkward junior. He sat in the back of Mr. Henderson’s History class, sketching intricate knotwork in the margins of his notebook. The other students were complaining about the upcoming midterms; Kaelen was listening to the subtle shift in the air pressure that signaled a storm was brewing three miles east.

"Kaelen? Earth to Kaelen," a voice snapped.

He blinked, snapping his pencil. Maya, his lab partner and the only human who had ever noticed he smelled faintly of pine needles and rain, was staring at him.

"I’m here," he said, his voice soft, melodic in a way that humans often mistook for shyness.

"You zoned out again. Henderson asked if you’re going to the spring formal."

Kaelen’s stomach dropped. The formal. A dance. In a gymnasium. With music.

"I... I have a family commitment," he lied smoothly. It was the same lie he used for every social event. *Family commitment.* It was vague enough to be believable, specific enough to be final.

Maya shrugged. "Suit yourself. Just don’t tell me you’re going to spend the night in the library again. I saw you there last week. You were talking to a potted fern."

Kaelen didn’t deny it. The fern had been dying. He had whispered a few words in Sylvan, the old tongue of the forest, and watched the leaves perk up. It was easier than explaining to Maya that he hadn’t slept in a bed in three days because the mattress felt like a trap, and he preferred to sleep in the hollow of the old oak tree behind the school, where the roots held the earth steady and the wind sang through the branches.

***

The real trouble started during lunch.

Kaelen usually ate in the courtyard, under the shade of the massive, ancient elm tree that stood in the center of the quad. It was his sanctuary. The bark was rough and familiar, and the roots provided a grounding connection to the earth that the concrete of the school building never could.

Today, however, the courtyard was crowded. A group of seniors had set up a "study group" that was mostly just a social gathering. They were loud, their laughter sharp and brittle.

Kaelen tried to slip past them to reach the tree, but a boy named Brad, the captain of the football team, blocked his path.

"Hey, Elf," Brad said, grinning. It wasn’t a friendly grin. It was the kind of grin that preceded a prank.

Kaelen froze. *Elf.* The word hung in the air, heavy and dangerous.

"What did you call me?" Kaelen asked, keeping his voice level.

"Elf. You look like one. All that pale skin, those weird eyes. And you always smell like you’ve been living in a forest." Brad leaned in, lowering his voice. "You know, there’s a legend about a wood elf who lived in the woods behind the school. Said he could talk to the trees. Said he was cursed to stay in the human world until he found a true friend."

Kaelen’s heart hammered against his ribs. The legend was old, older than the school, older than the town. It was a story his grandmother had told him, a warning about the loneliness of his kind in a world that had forgotten the magic of the green.

"I don’t know what you’re talking about," Kaelen said, his hand instinctively reaching for the small, carved wooden pendant around his neck. It was a charm, woven from a branch of the First Oak, and it pulsed with a faint, warm light only he could see.

Brad laughed. "Yeah, right. Just a weirdo." He stepped aside, but his friends followed, their eyes lingering on Kaelen with a mix of curiosity and disdain.

As Kaelen walked to the elm tree, he felt a sudden, sharp pain in his chest. The tree was in distress. He could feel it through the roots, a jagged, angry vibration. Someone had been cutting into the bark.

He rushed to the trunk, his fingers brushing the rough surface. There, near the base, was a fresh gash. A knife mark. And beside it, a note, tucked into the bark.

*Leave or be cut down.*

Kaelen’s blood ran cold. This wasn’t a prank. This was a threat.

He looked up. The courtyard was empty now, the students having moved on to other things. But he knew who had done it. Brad. And his friends. They had found the legend, and they had decided to test it.

Kaelen closed his eyes, breathing in the scent of the tree, the earth, the rain. He reached out with his mind, not with his hands, but with the part of him that was still of the forest. He felt the tree’s pain, its anger, its fear. And he felt the fear of the other trees in the courtyard, the ones that had been planted decades ago, the ones that had watched the school grow around them.

He whispered a word in Sylvan. *Protect.*

The air around the elm tree shimmered. The leaves rustled, though there was no wind. The gash in the bark began to close, the wood knitting itself together with a speed that defied nature. The note crumbled to dust, the paper disintegrating as if it had never been there.

Kaelen opened his eyes. The tree was whole. The threat was gone. But he knew it wouldn’t be the last time.

***

That evening, Kaelen didn’t go home. He went to the woods behind the school, to the place where the trees grew tall and wild, where the city lights were just a distant glow on the horizon.

He sat in the hollow of the oak tree, his back against the bark, his eyes closed. He was tired. Being a wood elf in a human world was exhausting. He had to hide his ears, his senses, his magic. He had to pretend that the noise didn’t hurt, that the concrete didn’t feel like a cage, that the people around him weren’t just passing shadows.

But then, he heard a sound. Footsteps. Soft, hesitant steps on the leaves.

He opened his eyes.

Maya was standing at the edge of the clearing, her backpack slung over one shoulder, her face pale in the moonlight.

"I saw you," she said. "In the courtyard. I saw the tree heal."

Kaelen didn’t move. He didn’t speak. He just looked at her, his eyes wide and dark, reflecting the moonlight.

"I know what you are," Maya said, her voice trembling. "I’ve known for a while. The way you move, the way you listen to the wind, the way you talk to the plants. I thought I was crazy. But I wasn’t."

Kaelen finally spoke, his voice barely a whisper. "Why are you here, Maya?"

"Because I’m scared," she admitted. "Brad and his friends are talking about you. They’re calling you a monster. They’re saying you’re dangerous. And I... I don’t want you to be alone."

Kaelen looked at her, really looked at her. He saw the fear in her eyes, but he also saw something else. Courage. A willingness to stand up for something, even when it was scary.

"You don’t have to be scared," he said. "I’m not a monster. I’m just... different."

Maya took a step forward. Then another. She stopped a few feet away from him, close enough to see the faint, green glow of the pendant around his neck.

"I don’t care if you’re different," she said. "I care that you’re my friend. And I’m not going to let them hurt you."

Kaelen felt a warmth spread through his chest, a warmth that had nothing to do with the magic of the forest. It was the warmth of connection, of belonging. For the first time in years, he didn’t feel like an outsider.

"Thank you," he said.

Maya smiled, a small, tentative smile. "So, what now? Are you going to keep hiding in the trees?"

Kaelen looked at the moon, then at Maya. He thought about the school, the noise, the fear. He thought about the legend, the curse, the loneliness.

"No," he said. "I think it’s time I stopped hiding."

He stood up, the bark of the tree creaking softly beneath him. He walked toward Maya, his movements fluid and graceful, his ears no longer hidden beneath his hood. They were long, pointed, and beautiful in the moonlight.

Maya didn’t flinch. She didn’t scream. She just looked at him, her eyes wide with wonder.

"Hi, Kaelen," she said.

"Hi, Maya," he replied.

And for the first time in a long time, Kaelen felt like he was home. Not in the woods, not in the school, but in the space between them, in the quiet understanding that they shared. The storm was still brewing, the threat was still there, but he was no longer alone. And that, he realized, was the greatest magic of all. [end of text]


