Elara traced the intricate knotwork carved into her desk, the wood cool and familiar beneath her fingertips. It was a nervous habit, a way to ground herself in the cacophony of Northwood High. The fluorescent lights hummed, a grating counterpoint to the rustling leaves and birdsong she longed for. Here, she was just Elara, a quiet, slightly awkward sophomore with a penchant for oversized sweaters and a disconcerting ability to disappear into the background. But beneath the carefully constructed facade, she was Elara of the Silverwood, a wood elf, centuries old, and utterly out of place.

Her parents, in a desperate attempt to integrate, had enrolled her in a human school. They believed it would help her understand this strange, noisy world, a world of metal and concrete, of fleeting emotions and relentless ambition. Elara, however, found it bewildering. The constant chatter, the obsession with social hierarchies, the sheer volume of information crammed into her head – it was overwhelming.

Lunch was the worst. The cafeteria, a swirling vortex of noise and questionable smells, was a sensory assault. She usually retreated to the library, finding solace in the hushed whispers and the comforting scent of old paper. Today, however, she was cornered.

"Hey, Elara," a voice chirped. It was Brittany, the queen bee of Northwood High, surrounded by her loyal court. "We're having a bonfire this weekend. You should come!"

Elara's heart hammered against her ribs. Fire. The thought sent a shiver down her spine. While she wasn't inherently afraid of it, the raw, untamed energy of it was… unsettling.

"Oh, um, I don't know," she stammered, her carefully practiced human voice wavering. "I might be busy."

Brittany raised a perfectly sculpted eyebrow. "Busy doing what? Staring at trees?"

The snickers from her entourage were like tiny daggers. Elara felt her cheeks burn. She hated this, this feeling of being an outsider, of being judged for something she couldn't control.

"Actually," she said, surprising herself with the firmness in her voice, "I have a… a very important appointment with my… grandmother."

Brittany looked unconvinced, but thankfully, the bell rang, signaling the end of lunch. Elara practically bolted, escaping the suffocating atmosphere of the cafeteria.

Later that day, in her history class, Mr. Henderson was lecturing on the Industrial Revolution. Elara found herself staring out the window, her mind drifting back to the Silverwood. She remembered the ancient trees, their branches reaching towards the sky like gnarled fingers, the dappled sunlight filtering through the leaves, the quiet hum of the forest.

Suddenly, a sharp pain shot through her hand. She gasped, clutching it to her chest. The knotwork on her desk seemed to pulse with a faint, green light.

"Elara? Are you alright?" Mr. Henderson asked, his voice laced with concern.

"Yes, I'm fine," she mumbled, forcing a smile. But she knew something was wrong. The connection to the Silverwood, usually a gentle hum, was now a frantic, desperate plea.

That night, she couldn't sleep. The forest called to her, a siren song she couldn't ignore. Finally, she slipped out of her window, the cool night air a welcome relief. She ran, her feet barely touching the ground, until she reached the edge of the woods bordering the town.

As she stepped into the shadows, the familiar scent of pine and damp earth filled her lungs. The forest embraced her, its energy flowing through her veins, calming the frantic pulse within.

She found a clearing bathed in moonlight. In the center stood an ancient oak, its branches reaching towards the heavens like supplicating arms. As she approached, she saw a figure emerge from the shadows. It was her mother, her elven features softened by the moonlight.

"Elara," her mother said, her voice a gentle whisper. "The Silverwood is in danger."

Elara's heart sank. She knew what that meant. The human world was encroaching, its relentless expansion threatening the delicate balance of the forest.

"What can I do?" she asked, her voice filled with a newfound determination.

Her mother smiled. "You are the bridge, Elara. You understand both worlds. You must find a way to protect the Silverwood, even if it means facing the challenges of this human world."

Elara looked back towards the town, the lights twinkling in the distance. She knew it wouldn't be easy. She was just a teenager, a wood elf trying to navigate the complexities of high school. But she also knew that she had a responsibility, a duty to protect the forest that was her home.

The next day, Elara walked into Northwood High with a newfound sense of purpose. She still felt out of place, still struggled to understand the human world. But now, she had a reason to try. She had a secret to protect, a forest to save. And she knew, deep down, that she was ready to face whatever challenges lay ahead. She was Elara, a wood elf in a human world, and she was ready to fight for her home.
 [end of text]


