This is a four-line micro-poem that operates almost entirely on **contextual irony** and **unresolved ambiguity**. It's short enough to read in a single glance, but the meaning shifts depending on how much you unpack. Here's a thorough breakdown:

---

## 1. The Core Mechanism: Contextual Irony

The poem's entire effect rests on the reader's knowledge of the **Super Mario Bros.** franchise. Without that cultural reference, it reads as a strange, abstract statement about physics and character. With it, every line becomes a joke.

The humor is **deadpan** — the poem presents itself with complete seriousness, which makes the joke land harder. There's no wink, no exclamation point, no visual cue. The reader discovers the joke on their own.

---

## 2. Line-by-Line Analysis

### Line 1: "inertia of running"

This is the setup. It establishes:
- A **physical concept** (inertia — the tendency of an object in motion to stay in motion)
- An **action** (running)
- A **character** (Mario, implied)

The phrase is deliberately vague. It doesn't name Mario directly — it just describes the *condition* of running. This creates a slight sense of mystery that the reader must resolve.

The word "inertia" is interesting because it's a physics term that, in this context, becomes almost absurd. Inertia is supposed to be a *conservative* force — it keeps things going. Here, it's being used to describe something that leads to disaster.

### Line 2: "makes Mario slip"

This is the pivot. The poem names Mario explicitly, breaking the fourth wall of the abstract physics discussion. The word "slip" is crucial — it's the moment where the abstract becomes concrete and specific.

The slip is the **inciting incident**. It's small, mundane, almost accidental — which makes the fall that follows feel disproportionate and therefore funnier.

### Line 3: "into the abyss"

This is the payoff. The word "abyss" is doing a lot of work:
- It's a **dramatic, theatrical** word that contrasts sharply with the mundane "slip"
- It evokes the **pit of death** that Mario constantly falls into in the game
- It's the moment where the poem's stakes become clear

The contrast between "slip" (small, casual) and "abyss" (huge, dramatic) is the comedic engine. The tiny mistake leads to the catastrophic consequence.

### Line 4: "skill issue"

This is the punchline, and it's the most interesting line. "Skill issue" is a **modern internet meme** — a phrase used to dismiss someone's failure as a lack of ability rather than a legitimate challenge.

The joke works on multiple levels:
- **Meta-commentary**: The poem is aware of itself as a piece of internet content
- **Character judgment**: It's saying Mario's death was his own fault
- **Cultural shorthand**: It's using a phrase that's become shorthand for "this person failed because they weren't good enough"

The phrase is delivered with **deadpan confidence**, which is what makes it funny. It's stated as if it's the obvious conclusion, when really it's a cynical take on a beloved character.

---

## 3. The Structural Genius

The poem's structure is a **cause-and-effect chain**:

```
inertia of running → makes Mario slip → into the abyss → skill issue
```

Each line is a single clause, creating a **chain of causality** that reads almost like a logical syllogism. The brevity is deliberate — it forces the reader to process each element quickly, which amplifies the comedic timing.

The poem also has a **rising dramatic arc**:
1. Abstract physics concept
2. Specific character action
3. Catastrophic consequence
4. Cynical judgment

This progression mirrors the structure of a joke: setup → tension → punchline.

---

## 4. The Deeper Meaning

Beyond the surface humor, the poem touches on several themes:

**The absurdity of failure**: Mario is one of the most beloved characters in gaming, yet he constantly falls into pits. The poem highlights how ridiculous this is.

**The critique of "skill issue" as a cultural trope**: By applying this phrase to Mario, the poem is essentially saying "even the most skilled player would fall here." It's a subtle critique of how the phrase is often used to dismiss legitimate challenges.

**The gap between expectation and reality**: Mario is supposed to be invincible, yet he's constantly falling. The poem captures this fundamental tension.

---

## 5. Why It Works

The poem's effectiveness comes from several factors:

- **Brevity**: Four lines is the ideal length for a micro-poem
- **Familiarity**: The Mario reference is instantly recognizable
- **Deadpan delivery**: The serious tone makes the joke land
- **Layered meaning**: It works as both a joke and a commentary on internet culture
- **Perfect rhythm**: Each line is short and punchy, creating a natural cadence

The poem is a perfect example of how **context** can transform a few words into something genuinely funny. Without knowing Mario, it's just a strange statement about physics. With that knowledge, it's a sharp, well-timed joke.

---

## 6. Possible Interpretations

The poem could be read several ways:

1. **As a joke about Mario**: The most obvious reading — Mario falls into a pit because he's not skilled enough
2. **As a commentary on "skill issue"**: A critique of how the phrase is used to dismiss failure
3. **As a meditation on failure**: A broader reflection on how we judge our own mistakes
4. **As pure absurdist humor**: The poem might just be funny for being funny, with no deeper meaning

The beauty of the poem is that it works on all these levels simultaneously.

---

## 7. The Verdict

This is a **well-crafted micro-poem** that achieves its effect through:
- A clear cause-and-effect structure
- A familiar cultural reference
- Deadpan delivery
- A single, well-placed punchline

It's the kind of poem that gets shared on social media because it's **quick to read, easy to understand, and genuinely funny**. The "skill issue" line is the perfect ending — it's short, punchy, and delivers the joke with a modern cultural twist that makes it feel current and relevant.

The poem's real strength is its **efficiency**. It manages to convey a complete joke, a cultural commentary, and a character study in just four lines. That's the mark of good writing. [end of text]


