This is a quintessential piece of **modern internet poetry** (or "micro-poetry") that blends gaming culture, technical frustration, and dark humor. It is short, punchy, and resonates deeply with anyone who has played a platformer, particularly *Super Mario Bros.* or its modern successors.

Here is a thorough breakdown of the poem’s structure, themes, cultural context, and literary devices.

### 1. Line-by-Line Analysis

**Line 1: "inertia of running"**
*   **Technical Context:** In platformer games, "inertia" refers to the momentum a character retains after stopping or changing direction. In *Super Mario Bros.*, Mario has significant horizontal inertia. If you stop running, he doesn’t stop instantly; he slides.
*   **Literary Function:** This sets the scene. It’s not just "running"; it’s the *physics* of running. It introduces the antagonist: not a monster, but the game’s own code. It creates a sense of inevitability. The player is at the mercy of the mechanics.

**Line 2: "makes Mario slip"**
*   **Causality:** This line establishes the direct cause-and-effect relationship. The inertia (Line 1) is the agent that causes the slip (Line 2).
*   **Word Choice:** "Slip" is a crucial verb. It implies a loss of control, a momentary lapse in traction. It’s not a jump, not a fall, but a *slip*—an accidental, almost passive failure. It humanizes the character’s failure; Mario isn’t trying to fall, he’s being betrayed by the physics engine.

**Line 3: "into the abyss"**
*   **The Stakes:** In Mario games, falling off the screen usually means death (or losing a life). "The abyss" is a dramatic, almost existential metaphor for the bottom of the screen.
*   **Tone Shift:** The first two lines are technical and mechanical. This line is poetic and ominous. "Abyss" evokes Nietzsche ("And if you gaze long into an abyss, the abyss also gazes into you"), adding a layer of philosophical dread to a simple game over. It elevates a minor inconvenience to a cosmic horror.

**Line 4: "skill issue"**
*   **The Punchline:** This is the modern internet slang term used to dismiss any failure as a lack of ability on the part of the user, rather than a flaw in the system.
*   **Irony & Humor:** This is where the poem lands. After building up a narrative of physical inevitability (inertia) and existential dread (the abyss), the speaker dismisses it all with a cold, detached, and arguably incorrect label.
*   **Cultural Critique:** "Skill issue" is often used in gaming communities to gaslight players into thinking they are bad at a game that is actually poorly designed or unfairly difficult. By applying it here, the poet is either:
    1.  **Self-deprecating:** Admitting they are bad at controlling Mario’s inertia.
    2.  **Sardonic:** Mocking the gaming community’s tendency to blame the player for systemic design flaws.
    3.  **Absurdist:** Highlighting the disconnect between the dramatic nature of the fall and the casual, dismissive language used to describe it.

### 2. Thematic Depth

#### A. The Illusion of Control
The poem explores the tension between player agency and game mechanics. The player *thinks* they are in control, but the "inertia" (a fixed rule of the game) overrides their intent. The "skill issue" label is a coping mechanism—a way to reclaim agency by blaming oneself rather than the system.

#### B. The Trivialization of Failure
In modern internet culture, serious failures are often reduced to memes or slang. "Skill issue" is a way to laugh off frustration. The poem mirrors this: a dramatic fall into the "abyss" is reduced to a four-word shrug. This reflects how we process disappointment in digital spaces—quickly, humorously, and without deep reflection.

#### C. The Player-Character Disconnect
Mario is a fictional character, but the player feels the failure. The poem captures the moment where the player’s identity merges with the character’s failure. The "slip" is not just Mario’s; it’s the player’s. The "skill issue" is not just Mario’s; it’s the player’s.

### 3. Literary Devices

*   **Juxtaposition:** The contrast between the high-stakes, poetic language of "the abyss" and the low-stakes, slangy "skill issue" creates comedic tension.
*   **Metaphor:** "The abyss" is a metaphor for the bottom of the screen/death.
*   **Personification:** Inertia is given agency ("makes Mario slip"), as if the physics engine is a malicious actor.
*   **Enjambment:** The lines flow into each other without punctuation, mimicking the continuous, unbroken motion of Mario running and slipping. There is no pause for breath, just like the game.

### 4. Cultural Context

*   **Gaming Culture:** This poem would be instantly recognizable to anyone who has played *Super Mario Bros.*, *Super Mario World*, or *Super Mario Odyssey*. The "inertia" mechanic is a well-known frustration point, especially in *Super Mario Bros. 3* or *Super Mario World*, where precise control is required.
*   **Internet Slang:** "Skill issue" became a popular meme in 2022–2023, often used in a derogatory or dismissive way. Its use here is a nod to that specific cultural moment.
*   **Micro-Poetry:** The poem fits the trend of short, impactful poems shared on social media (Twitter/X, Instagram, TikTok). It’s designed to be read in seconds, understood immediately, and shared for its relatability.

### 5. Interpretive Angles

*   **The Nihilist Reading:** The abyss is real. Inertia is inevitable. You will always slip. The only response is to label it a "skill issue" and move on. It’s a small, personal nihilism.
*   **The Critic’s Reading:** The poem is a critique of game design. By calling it a "skill issue," the poet is ironically highlighting how bad the design is. If it’s truly a skill issue, then the game is unfair. The poem is a subtle complaint about the lack of forgiveness in platformers.
*   **The Self-Deprecating Reading:** The poet is just having a bad day. They fell off a ledge, they’re mad, they’re blaming themselves, and they’re using humor to cope. It’s a relatable, human moment.

### 6. Conclusion

This poem is a masterclass in **concise, culturally resonant humor**. It takes a specific, technical gaming frustration and elevates it to a universal commentary on control, failure, and the language we use to cope with both.

It works because:
1.  **It’s relatable:** Everyone has fallen off a ledge in a game.
2.  **It’s clever:** The contrast between "abyss" and "skill issue" is sharp.
3.  **It’s timely:** It uses current slang to comment on a timeless gaming experience.

In essence, it’s a tiny, perfect snapshot of the modern gamer’s psyche: caught between the dramatic weight of failure and the light, dismissive language we use to survive it. [end of text]


