# The Quiet Revolution of Your Own Kitchen

There's a transformation happening in homes across the world, and it has nothing to do with smart technology or renovation trends. It's happening in the most ordinary space imaginable: the kitchen counter at 6:30 PM on a Wednesday.

## The Death of the Recipe

For decades, we treated cooking like programming. Input precise measurements, follow sequential instructions, receive expected output. We bought cookbooks like manuals. We measured flour like chemists. And when dishes failed, we assumed we'd entered the wrong code.

But something shifts when you've cooked the same dish fifteen times. You stop measuring the salt. You start recognizing the sound of onions that are properly caramelized versus merely sweating. You understand that "medium heat" means something different on your stove than on anyone else's.

You've stopped following instructions and started *cooking*.

## The Senses Awaken

This transition mirrors something broader about how humans learn anything. We begin rigid and external—following rules, mimicking experts, seeking validation that we're "doing it right." Then gradually, almost without noticing, the knowledge migrates from our conscious mind into our hands, our nose, our intuition.

The same cook who nervously consulted a recipe for scrambled eggs now adjusts a sauce by tilting the pan and watching how it coats the metal. They can't always explain why they added more acid. They just *knew*.

## What We Lose

This is beautiful, but there's a catch.

When knowledge becomes tacit, it becomes harder to transmit. Your grandmother's bread recipe—the one she "just feels" her way through—may never fully make it to paper. Some essential detail about humidity or the way the dough should spring back under her thumb gets lost in translation.

We're always losing something in the gap between doing and documenting.

## The Wednesday Revelation

So back to that Wednesday evening. You're tired. You're throwing together something from whatever remains in the refrigerator. You're not following a recipe. You're tasting, adjusting, trusting yourself.

And somewhere between mincing garlic and deglazing the pan, you realize: you've become someone who cooks. Not someone who *follows recipes*—someone who actually understands what's happening in front of you.

It happened so quietly you didn't notice the revolution.

---

Most of our growth is like this. We wait for dramatic transformations, for the moment we'll *feel* different. But the real changes accumulate in ordinary moments, in practice repeated until it becomes understanding. We become who we are on Wednesday evenings, not on the dramatic days we remember.

What's your version of the kitchen counter? What have you been quietly learning without realizing it? [end of text]


