**1. Main thesis of the text**
God is an infinite, nurturing mechanism that creates all possible realities, while humans are subjective vessels (possessing "qualia") who actively choose their specific experiences within this creation. Consequently, the existence of suffering and evil is not an objective flaw in the universe, but rather a subjective choice—a result of our limited perspectives and our decision to perceive and believe in these concepts. 

**2. Do you agree?**
I disagree. While the text offers a compelling metaphysical framework that champions radical human agency, it dangerously minimizes the reality of suffering by reducing it to a mere "perspective" or a choice of being "informed." From both a biological and ethical standpoint, severe pain, systemic oppression, and disease inflict undeniable physical and psychological trauma that cannot simply be philosophized away by claiming one chose to perceive it. Furthermore, asserting that victims of suffering merely "chose to believe in" their pain lacks empathy and ignores the complex socio-economic and physical forces that constrain human agency.

**3. Poem**
God is the law where all things grow,
A boundless frame of every high and low.
We are the vessels, meant to see,
A slice of all that came to be.

We choose our path, we choose our pain,
We choose the knowledge we attain.
If suffering is what we find,
It is a choice within the mind.

The primitive and innocent know
No modern wars or systemic woe.
So if you see a world of grief,
You chose that specific, sad belief.

The tiger is a doll of thread,
Until you choose to feed it dread.
For good or ill, for false or true,
The subjective experience is up to you. [end of text]


