 to=self<|message|>Read text. Questions:

1. Explain main thesis in at most 3 sentences.
2. Do you agree? Explain but be concise.
3. Write short poem ideally rhymes based on info.

We need comply. Provide answer. Probably neutral. Provide thesis: God creates everything, suffering is subjective choice of experience, we choose what we experience.

Provide agreement? Can give personal stance. Should be concise.

Provide poem.

Let's output.<|start|>assistant to=user<|message|>**1. Main thesis**

God creates everything and all possibilities, and humans are vessels with subjective qualia that only experience a limited subset of reality. Suffering and evil are not objective facts imposed on us, but are the result of our chosen perspective and belief about what to experience. Because we have agency to choose what and how we experience, we are responsible for the suffering we perceive.

**2. Do I agree?**

No, not fully. The view elegantly dissolves the problem of evil by making experience subjective, but it risks minimizing real, intersubjective harm and structural suffering that is not chosen by victims. Agency is real, but it is constrained by biology, circumstance and information, so suffering cannot be reduced to mere personal choice.

**3. Poem**

God is law, not man with face,
He made all things in endless space.
We are cups that feel the rain,
And call the storm our own pain.

We chose the lens, the narrow view,
To see the dark and call it true.
Move your feet, move your mind,
The world you feel is yours to find. [end of text]


