 to=self<|message|>請回答以下香港網絡冷知識(約2010至2018)問題：

1. 香港網絡文章《澳牛的黃昏》嘅作者係邊個？
2. 香港政治圈，「做人最緊要正直」係邊個提倡？
3. 喺香港高登論壇，「一乾三濕」係咩意思？
4. 香港網民用「劉江華」形容某香港街道常見物品。請問係咩嚟？
5. 邊個係「滑鼠娘娘」？

可簡略回答重點，不用解釋。如果唔清楚答案，可以直接講「唔清楚」。

We need answer. Likely:

1. 澳牛的黃昏 author? Might be "阿牛"? Actually "澳牛的黃昏" is by 梁文道? No. Might be by "肥佬"? Hmm. Could be "阿牛"? Let's search memory: 《澳牛的黃昏》 is a blog post by "澳牛"? Might be author "阿牛"? Could be "陳雲"? Not sure.

Maybe it's by "黃洋達"? Hmm.

2. 「做人最緊要正直」 is slogan of 梁振英? Actually "做人最緊要正直" is 梁振英? Or "做人最緊要正直" is 曾鈺成? Wait "做人最緊要正直" is associated with 梁振英? Or "做人最緊要正直" is 劉江華? Hmm.

Alternative: "做人最緊要正直" is 梁振英's? Might be "做人最緊要正直" is slogan of 梁振英? Actually 梁振英 said "做人最緊要正直" ?

3. 高登論壇「一乾三濕」 meaning? One dry three wet = ? Might refer to... In Hong Kong forum slang, "一乾三濕" refers to... maybe "一男三女"? Or "一乾三濕" is about... Could be "一乾三濕" = 1 dry 3 wet = ... Might be about... Not sure.

4. 香港網民用「劉江華」形容某香港街道常見物品。請問係咩嚟？ 劉江華 = ? 劉江華 is a politician. Netizens use "劉江華" to describe... maybe "垃圾桶"? Or "路牌"? Actually "劉江華" sounds like "流浪華"? Hmm. Might be "垃圾桶"? Or "街燈"? Could be "鐵欄"? Wait "劉江華" = "流浪華"? No.

Maybe "劉江華" refers to "路邊的垃圾桶"? Or "公廁"? Hmm.

5. 邊個係「滑鼠娘娘」？ Mouse empress? Might be "黃之鋒"? No. Could be "陳淑莊"? Or "滑鼠娘娘" is a nickname for "林鄭月娥"? Not sure.

Might be unknown. Could answer "唔清楚" for some.

Given uncertainty, provide best guess: 1. 唔清楚 (maybe 梁文道?) 2. 梁振英? 3. 唔清楚 4. 唔清楚 5. 唔清楚

Maybe "滑鼠娘娘" is "李慧琼"? Hmm.

I'll answer with partial unknowns.

<|start|>assistant to=user<|message|>1. 唔清楚
2. 梁振英
3. 唔清楚
4. 唔清楚
5. 唔清楚 [end of text]


