# 1. 銀包

(a) 我個銀包今日突然破咗，錢全部都漏咗出嚟。
(b) 佢成日話自己冇錢，但係個銀包入面仲有幾千蚊。
(c) 呢個銀包係我阿媽俾我嘅生日禮物，好靚㗎。

# 2. 睇怕

(a) 佢成日喺度講鬼故事，真係睇怕人。
(b) 邊個話今晚有鬼呀，我唔信，睇怕你吓我。
(c) 呢個鬼片好恐怖，我睇到最後都驚到睇怕。

# 3. 陰功

(a) 佢成日喺度做善事，但係唔好意思講，真係陰功。
(b) 佢幫我揾到份工，但係唔肯講，真係陰功。
(c) 呢個陰功真係好大，之後一定報答佢。

# 4. 暗諷

(a) 佢成日喺度暗諷我，真係好難受。
(b) 佢講嘢好有技巧，但係句句都係暗諷。
(c) 呢個笑話好暗諷，聽完都笑唔出嚟。

# 5. 居心叵測

(a) 佢成日喺度問我啲私隱，真係居心叵測。
(b) 呢個陌生人喺度問我啲問題，真係居心叵測。
(c) 佢成日喺度觀察我，真係居心叵測。

# 6. 分贓

(a) 呢個公司嘅老闆同佢啲手下成日喺度分贓。
(b) 呢個集團嘅老細同佢啲手下成日喺度分贓。
(c) 呢個幫派嘅成員成日喺度分贓，真係好壞。

# 7. 防災

(a) 呢個颱風好大，我哋要提前做好防災準備。
(b) 地震發生之前，我哋要做好防災工作。
(c) 呢個地區好容易發生山泥傾瀉，一定要做好防災措施。

# 8. 炸粉

(a) 呢個炸粉好脆，食起嚟好香。
(b) 我哋今日做咗好多炸粉，食完先至返屋企。
(c) 呢個炸粉係用新鮮嘅麵粉做嘅，好靚。

# 9. 振夫綱

(a) 佢成日喺度振夫綱，真係好威。
(b) 呢個老公好振夫綱，成日喺度管住老婆。
(c) 佢成日喺度振夫綱，真係好有威。

# 10. 監守自盜

(a) 呢個公司嘅會計員竟然監守自盜，真係好壞。
(b) 呢個銀行嘅職員竟然監守自盜，真係好驚。
(c) 呢個超市嘅職員竟然監守自盜，真係好壞。 [end of text]


