# 1. 銀包

(a) 我唔見咗個銀包，入面有身份證同埋幾千蚊現金。
(b) 呢個銀包係名牌嚟嘅，成萬蚊一個，真係捨得買。
(c) 佢出親街都唔帶銀包，淨係用手機畀錢。

# 2. 睇怕

(a) 睇怕佢今日又會遲到，成日都唔準時嘅。
(b) 咁大風雨，睇怕班機要延遲起飛喇。
(c) 你咁唔用心溫書，睇怕今次考試好難及格。

# 3. 陰功

(n) 嗰個細路仔咁細個就冇咗爸爸媽媽，真係陰功。
(b) 佢啱啱買咗部新電話就跌爛咗個mon，陰功囉。
(c) 咁凍嘅天氣仲要喺街邊擺檔，真係陰功豬。

# 4. 暗諷

(a) 佢喺會議上面暗諷個經理做事冇效率，搞到大家都好尷尬。
(b) 呢篇文章表面上係讚人，其實係暗諷緊政府嘅政策。
(c) 佢成日都暗諷我著衫冇品味，我都經已習慣咗喇。

# 5. 居心叵測

(a) 嗰個人無啦啦對你咁好，真係居心叵測，你要小心啲呀。
(b) 佢突然間送咁貴重嘅禮物畀你，居心叵測，一定有嘢想求你。
(c) 呢個計劃聽落好著數，但係背後居心叵測，你都係唔好亂咁參加啦。

# 6. 分贓

(a) 班賊打劫完之後，匿埋喺後巷度分贓，點知畀警察拉咗。
(b) 佢哋幾個夾埋呃咗老闆好多錢，而家為咗分贓唔勻而嗌交。
(c) 呢單生意賺咗唔少，大家坐低傾下點樣分贓啦。

# 7. 防災

(a) 政府每年都會宣傳防災知識，教市民遇到地震嗰陣點樣逃生。
(b) 呢棟大廈嘅防災設備好齊全，有齊滅火筒同埋急救箱。
(c) 颱風季節嚟之前，大家都要做好防災準備，儲定啲乾糧同食水。

# 8. 炸粉

(a) 呢間舖頭嘅炸雞好脆，聽講係用咗特製嘅炸粉。
(b) 你整炸蝦嗰陣，記住要先將炸粉同雞蛋撈勻先好沾上去。
(c) 超市入面有好多唔同牌子嘅炸粉賣，你想買邊隻呀？

# 9. 振夫綱

(a) 佢老婆惡到出晒名，佢想振夫綱都難啦。
(b) 你身為一家之主，有時都要振振夫綱，唔好畀老婆蝦到上心口。
(c) 佢喺屋企企圖振夫綱，點知俾老婆鬧到一文不值。

# 10. 監守自盜

(a) 嗰個會計監守自盜，偷咗公司成幾百萬，最後畀人拉咗。
(b) 你身為保安員竟然監守自盜，偷住客嘅嘢，真係太過份喇。
(c) 呢間倉庫成日唔見嘢，原來係個管理員監守自盜。 [end of text]


