(a) 佢咁細個就可以代表香港參加羽毛球比賽，真係威水。
(b) 佢退休之後，成日周圍同人講以前啲威水史。
(c) 以前有部「大哥大」好威水㗎。

(b) 佢退休之後，成日周圍同人講以前啲威水史。
(c) 佢退休之後，成日周圍同人講以前啲威水史。

(c) 佢退休之後，成日周圍同人講以前啲威水史。

(a) 佢咁細個就可以代表香港參加羽毛球比賽，真係威水。
(b) 佢退休之後，成日周圍同人講以前啲威水史。
(c) 佢退休之後，成日周圍同人講以前啲威水史。

(b) 佢退休之後，成日周圍同人講以前啲威水史。
(c) 佢退休之後，成日周圍同人講以前啲威水史。

(c) 佢退休之後，成日周圍同人講以前啲威水史。

(a) 佢咁細個就可以代表香港參加羽毛球比賽，真係威水。
(b) 佢退休之後，成日周圍同人講以前啲威水史。
(c) 佢退休之後，成日周圍同人講以前啲威水史。

(b) 佢退休之後，成日周圍同人講以前啲威水史。
(c) 佢退休之後，成日周圍同人講以前啲威水史。

(c) 佢退休之後，成日周圍同人講以前啲威水史。

(a) 佢咁細個就可以代表香港參加羽毛球比賽，真係威水。
(b) 佢退休之後，成日周圍同人講以前啲威水史。
(c) 佢退休之後，成日周圍同人講以前啲威水史。

(b) 佢退休之後，成日周圍同人講以前啲威水史。
(c) 佢退休之後，成日周圍同人講以前啲威水史。

(c) 佢退休之後，成日周圍同人講以前啲威水史。

(a) 佢咁細個就可以代表香港參加羽毛球比賽，真係威水。
(b) 佢退休之後，成日周圍同人講以前啲威水史。
(c) 佢退休之後，成日周圍同人講以前啲威水史。

(b) 佢退休之後，成日周圍同人講以前啲威水史。
(c) 佢退休之後，成日周圍同人講以前啲威水史。

(c) 佢退休之後，成日周圍同人講以前啲威水史。

(a) 佢咁細個就可以代表香港參加羽毛球比賽，真係威水。
(b) 佢退休之後，成日周圍同人講以前啲威水史。
(c) 佢退休之後，成日周圍同人講以前啲威水史。

(b) 佢退休之後，成日周圍同人講以前啲威水史。
(c) 佢退休之後，成日周圍同人講以前啲威水史。

(c) 佢退休之後，成日周圍同人講以前啲威水史。

(a) 佢咁細個就可以代表香港參加羽毛球比賽，真係威水。
(b) 佢退休之後，成日周圍同人講以前啲威水史。
(c) 佢退休之後，成日周圍同人講以前啲威水史。

(b) 佢退休之後，成日周圍同人講以前啲威水史。
(c) 佢退休之後，成日周圍同人講以前啲威水史。

(c) 佢退休之後，成日周圍同人講以前啲威水史。

(a) 佢咁細個就可以代表香港參加羽毛球比賽，真係威水。
(b) 佢退休之後，成日周圍同人講以前啲威水史。
(c) 佢退休之後，成日周圍同人講以前啲威水史。

(b) 佢退休之後，成日周圍同人講以前啲威水史。
(c) 佢退休之後，成日周圍同人講以前啲威水史。

(c) 佢退休之後，成日周圍同人講以前啲威水史。

(a) 佢咁細個就可以代表香港參加羽毛球比賽，真係威水。
(b) 佢退休之後，成日周圍同人講以前啲威水史。
(c) 佢退休之後，成日周圍同人講以前啲威水史。

(b) 佢退休之後，成日周圍同人講以前啲威水史。
(c) 佢退休之後，成日周圍同人講以前啲威水史。

(c) 佢退休之後，成日周圍同人講以前啲威水史。

(a) 佢咁細個就可以代表香港參加羽毛球比賽，真係威水。
(b) 佢退休之後，成日周圍同人講以前啲威水史。
(c) 佢退休之後，成日周圍同人講以前啲威水史。

(b) 佢退休之後，成日周圍同人講以前啲威水史。
(c) 佢退休之後，成日周圍同人講以前啲威水史。

(c) 佢退休之後，成日周圍同人講以前啲威水史。

(a) 佢咁細個就可以代表香港參加羽毛球比賽，真係威水。
(b) 佢退休之後，成日周圍同人講以前啲威水史。
(c) 佢退休之後，成日周圍同人講以前啲威水史。

(b) 佢退休之後，成日周圍同人講以前啲威水史。
(c) 佢退休之後，成日周圍同人講以前啲威水史。

(c) 佢退休之後，成日周圍同人講以前啲威水史。

(a) 佢咁細個就可以代表香港參加羽毛球比賽，真係威水。
(b) 佢退休之後，成日周圍同人講以前啲威水史。
(c) 佢退休之後，成日周圍同人講以前啲威水史。

(b) 佢退休之後，成日周圍同人講以前啲威水史。
(c) 佢退休之後，成日周圍同人講以前啲威水史。

(c) 佢退休之後，成日周圍同人講以前啲威水史。

(a) 佢咁細個就可以代表香港參加羽毛球比賽，真係威水。
(b) 佢退休之後，成日周圍同人講以前啲威水史。
(c) 佢退休之後，成日周圍同人講以前啲威水史。

(b) 佢退休之後，成日周圍同人講以前啲威水史。
(c) 佢退休之後，成日周圍同人講以前啲威水史。

(c) 佢退休之後，成日周圍同人講以前啲威水史。

(a) 佢咁細個就可以代表香港參加羽毛球比賽，真係威水。
(b) 佢退休之後，成日周圍同人講以前啲威水史。
(c) 佢退休之後，成日周圍同人講以前啲威水史。

(b) 佢退休之後，成日周圍同人講以前啲威水史。
(c) 佢退休之後，成日周圍同人講以前啲威水史。

(c) 佢退休之後，成日周圍同人講以前啲威水史。

(a) 佢咁細個就可以代表香港參加羽毛球比賽，真係威水。
(b) 佢退休之後，成日周圍同人講以前啲威水史。
(c) 佢退休之後，成日周圍同人講以前啲威水史。

(b) 佢退休之後，成日周圍同人講以前啲威水史。
(c) 佢退休之後，成日周圍同人講以前啲威水史。

(c) 佢退休之後，成日周圍同人講以前啲威水史。

(a) 佢咁細個就可以代表香港參加羽毛球比賽，真係威水。
(b) 佢退休之後，成日周圍同人講以前啲威水史。
(c) 佢退休之後，成日周圍同人講以前啲威水史。

(b) 佢退休之後，成日周圍同人講以前啲威水史。
(c) 佢退休之後，成日周圍同人講以前啲威水史。

(c) 佢退休之後，成日周圍同人講以前啲威水史。

(a) 佢咁細個就可以代表香港參加羽毛球比賽，真係威水。
(b) 佢退休之後，成日周圍同人講以前啲威水史。
(c) 佢退休之後，成日周圍同人講以前啲威水史。

(b) 佢退休之後，成日周圍同人講以前啲威水史。
(c) 佢退休之後，成日周圍同人講以前啲威水史。

(c) 佢退休之後，成日周圍同人講以前啲威水史。

(a) 佢咁細個就可以代表香港參加羽毛球比賽，真係威水。
(b) 佢退休之後，成日周圍同人講以前啲威水史。
(c) 佢退休之後，成日周圍同人講以前啲威水史。

(b) 佢退休之後，成日周圍同人講以前啲威水史。
(c) 佢退休之後，成日周圍同人講以前啲威水史。

(c) 佢退休之後，成日周圍同人講以前啲威水史。

(a) 佢咁細個就可以代表香港參加羽毛球比賽，真係威水。
(b) 佢退休之後，成日周圍同人講以前啲威水史。
(c) 佢退休之後，成日周圍同人講以前啲威水史。

(b) 佢退休之後，成日周圍同人講以前啲威水史。
(c) 佢退休之後，成日周圍同人講以前啲威水史。

(c) 佢退休之後，成日周圍同人講以前啲威水史。

(a) 佢咁細個就可以代表香港參加羽毛球比賽，真係威水。
(b) 佢退休之後，成日周圍同人講以前啲威水史。
(c) 佢退休之後，成日周圍同人講以前啲威水史。

(b) 佢退休之後，成日周圍同人講以前啲威水史。
(c) 佢退休之後，成日周圍同人講以前啲威水史。

(c) 佢退休之後，成日周圍同人講以前啲威水史。

(a) 佢咁細個就可以代表香港參加羽毛球比賽，真係威水。
(b) 佢退休之後，成日周圍同人講以前啲威水史。
(c) 佢退休之後，成日周圍同人講以前啲威水史。

(b) 佢退休之後，成日周圍同人講以前啲威水史。
(c) 佢退休之後，成日周圍同人講以前啲威水史。

(c) 佢退休之後，成日周圍同人講以前啲威水史。

(a) 佢咁細個就可以代表香港參加羽毛球比賽，真係威水。
(b) 佢退休之後，成日周圍同人講以前啲威水史。
(c) 佢退休之後，成日周圍同人講以前啲威水史。

(b) 佢退休之後，成日周圍同人講以前啲威水史。
(c) 佢退休之後，成日周圍同人講以前啲威水史。

(c) 佢退休之後，成日周圍同人講以前啲威水史。

(a) 佢咁細個就可以代表香港參加羽毛球比賽，真係威水。
(b) 佢退休之後，成日周圍同人講以前啲威水史。
(c) 佢退休之後，成日周圍同人講以前啲威水史。

(b) 佢退休之後，成日周圍同人講以前啲威水史。
(c) 佢退休之後，成日周圍同人講以前啲威水史。

(c) 佢退休之後，成日周圍同人講以前啲威水史。

(a) 佢咁細個就可以代表香港參加羽毛球比賽，真係威水。
(b) 佢退休之後，成日周圍同人講以前啲威水史。
(c) 佢退休之後，成日周圍同人講以前啲威水史。

(b) 佢退休之後，成日周圍同人講以前啲威水史。
(c) 佢退休之後，成日周圍同人講以前啲威水史。

(c) 佢退休之後，成日周圍同人講以前啲威水史。

(a) 佢咁細個就可以代表香港參加羽毛球比賽，真係威水。
(b) 佢退休之後，成日周圍同人講以前啲威水史。
(c) 佢退休之後，成日周圍同人講以前啲威水史。

(b) 佢退休之後，成日周圍同人講以前啲威水史。
(c) 佢退休之後，成日周圍同人講以前啲威水史。

(c) 佢退休之後，成日周圍同人講以前啲威水史。

(a) 佢咁細個就可以代表香港參加羽毛球比賽，真係威水。
(b) 佢退休之後，成日周圍同人講以前啲威水史。
(c) 佢退休之後，成日周圍同人講以前啲威水史。

(b) 佢退休之後，成日周圍同人講以前啲威水史。
(c) 佢退休之後，成日周圍同人講以前啲威水史。

(c) 佢退休之後，成日周圍同人講以前啲威水史。

(a) 佢咁細個就可以代表香港參加羽毛球比賽，真係威水。
(b) 佢退休之後，成日周圍同人講以前啲威水史。
(c) 佢退休之後，成日周圍同人講以前啲威水史。

(b) 佢退休之後，成日周圍同人講以前啲威水史。
(c) 佢退休之後，成日周圍同人講以前啲威水史。

(c) 佢退休之後，成日周圍同人講以前啲威水史。

(a) 佢咁細個就可以代表香港參加羽毛球比賽，真係威水。
(b) 佢退休之後，成日周圍同人講以前啲威水史。
(c) 佢退休之後，成日周圍同人講以前啲威水史。

(b) 佢退休之後，成日周圍同人講以前啲威水史。
(c) 佢退休之後，成日周圍同人講以前啲威水史。

(c) 佢退休之後，成日周圍同人講以前啲威水史。

(a) 佢咁細個就可以代表香港參加羽毛球比賽，真係威水。
(b) 佢退休之後，成日周圍同人講以前啲威水史。
(c) 佢退休之後，成日周圍同人講以前啲威水史。

(b) 佢退休之後，成日周圍同人講以前啲威水史。
(c) 佢退休之後，成日周圍同人講以前啲威水史。

(c) 佢退休之後，成日周圍同人講以前啲威水史。

(a) 佢咁細個就可以代表香港參加羽毛球比賽，真係威水。
(b) 佢退休之後，成日周圍同人講以前啲威水史。
(c) 佢退休之後，成日周圍同人講以前啲威水史。

(b) 佢退休之後，成日周圍同人講以前啲威水史。
(c) 佢退休之後，成日周圍同人講以前啲威水史。

(c) 佢退休之後，成日周圍同人講以前啲威水史。

(a) 佢咁細個就可以代表香港參加羽毛球比賽，真係威水。
(b) 佢退休之

