Okay, here are the translations of the Chinglish phrases into Cantonese, based on my understanding of Hong Kong Cantonese and the context provided:

1.  gor doe yau gor bin tai lo ah
    => 嗰啲有冇咁好呀？ (Go1 di1 jau5 mou5 gam2 hon3 ho2 aa3?)
    *Translation: Are those really that good?*

2.  ngor ng sik use fai zi gah, use chi gang duck ng duck?
    => 我唔識用個，用支筷子得唔得？ (Ngo5 m4 sik1 jung6 go3, jung6 zi1 kwaai3 zi2 dak1 m4 dak1?)
    *Translation: I don't know how to use this. Can I use chopsticks instead?*

3.  mud yeah lei ga?
    => 乜嘢嚟㗎？ (Mat1 je5 lai4 gaa3?)
    *Translation: What is it? / What's up?*

4.  but yuu yat chai yum cha lah
    => 不如一齊飲茶啦 (Bat1 yu4 jat1 cai4 jam2 caa4 laa1)
    *Translation: How about we go for dim sum together?*

5.  gor password send jor hui nei gor yahoo email lu
    => 嗰個密碼send咗畀你嗰個Yahoo email啦 (Go1 go3 mat6 maa5 send1 zo2 bei2 nei5 go1 go3 Yahoo email laa1)
    *Translation: I've sent the password to your Yahoo email.*

6.  farn hok ho sun fu lor, gei si sin fong ga
    => 返學好辛苦啦，幾時先放學呀？ (Faan1 hok6 ho2 san1 fu3 laa1, gei2 si4 sin1 fong3 aa3?)
    *Translation: School is so tiring, when can we get out of school?*

7.  yau chin lar, daap dik si farn hok...
    => 有錢啦，但係係返學... (Jau5 cin4 laa1, daan6 hai6 hai6 faan1 hok6...)
    *Translation: I have money, but it's for school...*

8.  kui doe 9 ng connect 8 ge, man kui yat yeung yeah kui jau darp dai yeung
    => 嗰啲9吋嘅connect 8吋嘅，慢到好慢，要等好耐先得 (Go1 di1 9 cun1 ge3 connect 8 cun1 ge3, maan6 dou3 ho2 maan6, jiu3 deng2 ho2 naai4 sin1 dak1)
    *Translation: That 9-inch one is connected to an 8-inch one, it's so slow, I have to wait a long time for it to work.*

9.  need boot gei, wait me, ng hoe hoi chi ju
    => 呢度好鬼，等我，我喺呢度 (Ni1 dou6 ho2 gwai2, deng2 ngo5, ngo5 hai2 ni1 dou6)
    *Translation: It's scary here, wait for me, I'm here.*

10. yap sat yim sat gum gan gap zai
    => 壓沙丁，飲沙丁，瞓沙丁 (aap3 saa1 ding1, jam2 saa1 ding1, fan3 saa1 ding1)
    *Translation: (This one is a bit tricky and likely a play on words/slang. It's hard to give a perfect translation without more context. It could be a reference to being stressed, tired, and wanting to sleep. A literal translation would be "press sardines, drink sardines, sleep on sardines," which doesn't make much sense. A more figurative interpretation might be: "I'm so stressed/tired, I just want to relax/sleep.")*
 [end of text]


