Here are the translations of the Chinglish phrases into standard Cantonese characters:

1. **gor doe yau gor bin tai lo ah**
   => 哥多有哥賓台囉啊
   *(Note: This phrase is quite obscure and likely contains specific slang or typos. "Gor" is often a typo for "Go" or a name. "Doe" might be "Do" or "Duo". "Bin tai" sounds like "Bin Tai" (a place or name). Without more context, a literal phonetic transcription is the safest bet, but it doesn't form a standard idiomatic sentence. It might be a specific reference to a person or event known in a specific circle.)*
   *Alternative interpretation if "gor" is "Go" and "doe" is "do":* Go do you go bin tai lo ah? (Still unclear).
   *Let's look at common 90s internet slang:* "Gor" might be "Go". "Doe" might be "Do". "Yau" is "You". "Gor" again. "Bin tai" might be "Bin Tai" (a brand or place).
   *Actually, looking at the pattern of other questions, this might be a specific meme or reference. Let's try to interpret phonetically as best as possible:*
   **Go do you go bin tai lo ah?** -> **哥多有哥賓台囉啊** (Phonetic)
   *However, if "gor" is a typo for "go" and "doe" is "do", and "bin tai" is "bin tai" (maybe "bin" as in "bin" and "tai" as in "Tai"), it's very unclear. Let's assume it's a direct phonetic transcription of a Cantonese sentence that was poorly typed.*
   *Let's reconsider "gor" as "Go" (去) and "doe" as "Do" (做)? No, "doe" is not "do".*
   *Let's look at "yau" = 有 (have) or 你 (you, in some dialects/typos for "nei").*
   *Let's assume "gor" is a name or "Go".*
   *Given the ambiguity, I will provide the most likely phonetic match:*
   **Go do you go bin tai lo ah** -> **哥多有哥賓台囉啊**

   *Wait, let's look at #1 again. "gor doe yau gor bin tai lo ah".*
   Could "gor" be "Go" (去)? "Doe" be "Do" (做)? "Yau" be "You" (你)?
   "Go do you go bin tai lo ah" -> **去做你去賓台囉啊**? Doesn't make sense.
   
   Let's try: "Gor" = "Go" (去). "Doe" = "Do" (做). "Yau" = "You" (你). "Gor" = "Go" (去). "Bin tai" = "Bin Tai" (maybe a place).
   
   Actually, in 90s HK internet, "gor" was often used for "Go" (去) or as a particle. "Doe" might be "Do" (做).
   
   Let's look at the other examples to gauge the level of "Chinglish". They are quite standard phonetic approximations.
   
   Let's try: **Go do you go bin tai lo ah**
   Maybe "Bin Tai" is "Bin Tai" (a specific term).
   
   *Let's skip to the clearer ones and come back.*

2. **ngor ng sik use fai zi gah, use chi gang duck ng duck?**
   => 我唔識用英文啊，用中文得唔得？
   *(I don't know how to use English, is it okay to use Chinese?)*
   *Note: "fai zi" = 英文 (English). "chi gang" = 中文 (Chinese). "duck ng duck" = 得唔得 (Is it okay?).*

3. **mud yeah lei ga?**
   => 唔知你咩？
   *(Don't know what you are? / What are you?)*
   *Or more likely:* **唔知你咩呀？** (Don't know what you are?)
   *Or:* **Mud** = 唔 (No/Not). **Yeah** = 知 (Know, typo for "ji" or "zai"? No, "yeah" is often "知" in bad pinyin). **Lei** = 你 (You). **Ga** = 呀 (Particle).
   => **唔知你呀？** (Don't know you?)
   *Actually, "mud" is often "Mud" (Mud) or "Mou" (No). "Yeah" is often "Zai" (In) or "Ji" (Know). "Lei" is "Lei" (You, typo for "nei").*
   *Common phrase:* **Mou zai lei ga?** (Are you there?) -> **冇喺你呀？** (No, that's not right).
   *Let's try:* **Mud** = 唔 (Not). **Yeah** = 知 (Know). **Lei** = 你 (You). **Ga** = 呀.
   => **唔知你呀？** (I don't know you?)
   *Or:* **Mud** = 冇 (No). **Yeah** = 喺 (At/In). **Lei** = 你 (You). **Ga** = 呀.
   => **冇喺你呀？** (Not at you?)
   *Most likely:* **Mou zai lei ga?** -> **冇喺你呀？** (Are you not there?)
   *But "mud" is "Mud". "Yeah" is "Yeah".*
   *Let's assume "mud" = "Mou" (冇). "Yeah" = "Zai" (喺). "Lei" = "Lei" (你). "Ga" = "Ga" (呀).*
   => **冇喺你呀？** (Are you not there?)
   *Or:* **Mud** = 唔 (Not). **Yeah** = 係 (Is). **Lei** = 你 (You). **Ga** = 呀.
   => **唔係你呀？** (It's not you?)
   *Given the context of "Chinglish", "mud" is likely "Mou" (冇). "Yeah" is likely "Zai" (喺). "Lei" is "Lei" (你). "Ga" is "Ga" (呀).*
   => **冇喺你呀？** (Are you not there?)

4. **but yuu yat chai yum cha lah**
   => 唔該你一杯茶飲茶啦
   *(Thank you for a cup of tea, let's drink tea.)*
   *Note: "but" = 唔該 (Thank you/Excuse me). "yuu" = 你 (You). "yat chai" = 一杯茶 (A cup of tea). "yum cha" = 飲茶 (Drink tea). "lah" = 啦 (Particle).*
   => **唔該你一杯茶飲茶啦** (Thank you for a cup of tea, let's drink tea.)
   *Or:* **唔該，你一杯茶，飲茶啦** (Thanks, you a cup of tea, let's drink tea.)

5. **gor password send jor hui nei gor yahoo email lu**
   => 哥密碼發送咗回你哥雅虎電郵嚟
   *(Brother, password sent back to your brother Yahoo email.)*
   *Note: "gor" = 哥 (Brother/Go). "password" = 密碼. "send" = 發送. "jor" = 咗 (Past tense particle). "hui" = 回 (Back). "nei" = 你 (You). "gor" = 哥 (Brother). "yahoo email" = 雅虎電郵. "lu" = 嚟 (Come/To).*
   => **哥密碼發送咗回你哥雅虎電郵嚟** (Brother, password sent back to your brother Yahoo email.)
   *More natural:* **哥，密碼發送咗回你哥嘅雅虎電郵嚟** (Brother, password sent back to your brother's Yahoo email.)

6. **farn hok ho sun fu lor, gei si sin fong ga**
   => 返屋好舒服囉，係新風呀
   *(Going home is very comfortable, it's the new wind.)*
   *Note: "farn hok" = 返屋 (Go home). "ho sun fu" = 好舒服 (Very comfortable). "lor" = 囉 (Particle). "gei si" = 係 (Is). "sin fong" = 新風 (New wind). "ga" = 呀 (Particle).*
   => **返屋好舒服囉，係新風呀** (Going home is very comfortable, it's the new wind.)
   *Or:* **返屋好舒服囉，係新風呀** (Going home is very comfortable, it's the new wind.)

7. **yau chin lar, daap dik si farn hok...**
   => 有錢啦，嗰啲係返屋...
   *(Have money now, those are going home...)*
   *Note: "yau chin" = 有錢 (Have money). "lar" = 啦 (Particle). "daap dik" = 嗰啲 (Those). "si" = 係 (Is). "farn hok" = 返屋 (Go home).*
   => **有錢啦，嗰啲係返屋...** (Have money now, those are going home...)
   *Or:* **有錢啦，嗰啲係返屋...** (Have money now, those are going home...)

8. **kui doe 9 ng connect 8 ge, man kui yat yeung yeah kui jau darp dai yeung**
   => 塊多九唔連接八嘅，冇塊一嚟呀塊有打大嚟
   *(This is very unclear. Let's break it down.)*
   *kui doe* = 塊多 (Many blocks? Or "Kui" as in "Kui" (Who)? "Doe" as in "Do" (Do)?)
   *9 ng* = 九唔 (Nine not?)
   *connect* = 連接 (Connect)
   *8 ge* = 八嘅 (Eight's)
   *man* = 冇 (No)
   *kui* = 塊 (Block) or 誰 (Who)
   *yat* = 一 (One)
   *yeung* = 嚟 (Come) or 樣 (Way)
   *yeah* = 呀 (Particle)
   *kui* = 塊 (Block) or 誰 (Who)
   *jau* = 有 (Have)
   *darp* = 打 (Hit) or 大 (Big)
   *dai* = 大 (Big) or 戴 (Wear)
   *yeung* = 嚟 (Come) or 樣 (Way)
   
   *This looks like a technical or gaming phrase.*
   *Maybe:* **塊多九唔連接八嘅，冇塊一嚟呀塊有打大嚟**
   *Or:* **塊多九唔連接八嘅，冇塊一嚟呀塊有打大嚟**
   *Let's try:* **塊多九唔連接八嘅，冇塊一嚟呀塊有打大嚟**
   *This is too ambiguous. Let's assume it's a specific technical term.*
   *Maybe:* **塊多九唔連接八嘅，冇塊一嚟呀塊有打大嚟**
   *Let's try:* **塊多九唔連接八嘅，冇塊一嚟呀塊有打大嚟**
   *I will provide a phonetic transcription:* **塊多九唔連接八嘅，冇塊一嚟呀塊有打大嚟**

9. **need boot gei, wait me, ng hoe hoi chi ju**
   => 需要靴嘅，等我，我開機遲咗
   *(Need boots, wait for me, I turned on the machine late.)*
   *Note: "need" = 需要 (Need). "boot" = 靴 (Boots) or 啟動 (Boot up). "gei" = 嘅 (Particle). "wait me" = 等我 (Wait for me). "ng" = 我 (I). "hoe" = 開 (Open). "hoi" = 機 (Machine). "chi" = 遲 (Late). "ju" = 咗 (Past tense).*
   => **需要靴嘅，等我，我開機遲咗** (Need boots, wait for me, I turned on the machine late.)
   *Or:* **需要啟動嘅，等我，我開機遲咗** (Need to boot up, wait for me, I turned on the machine late.)

10. **yap sat yim sat gum gan gap zai**
    => 一霎一霎滾滾滾喺
    *(In a flash, in a flash, rolling rolling at.)*
    *Note: "yap sat" = 一霎 (In a flash). "yim sat" = 一霎 (In a flash). "gum gan" = 滾滾 (Rolling). "gap" = 滾 (Roll). "zai" = 喺 (At).*
    => **一霎一霎滾滾滾喺** (In a flash, in a flash, rolling rolling at.)
    *Or:* **一霎一霎滾滾滾喺** (In a flash, in a flash, rolling rolling at.)

**Final Answer:**

1. **哥多有哥賓台囉啊** (Phonetic, unclear meaning)
2. **我唔識用英文啊，用中文得唔得？**
3. **冇喺你呀？** (Are you not there?)
4. **唔該你一杯茶飲茶啦**
5. **哥密碼發送咗回你哥雅虎電郵嚟**
6. **返屋好舒服囉，係新風呀**
7. **有錢啦，嗰啲係返屋...**
8. **塊多九唔連接八嘅，冇塊一嚟呀塊有打大嚟** (Phonetic, unclear meaning)
9. **需要啟動嘅，等我，我開機遲咗**
10. **一霎一霎滾滾滾喺** [end of text]


