Here is the conversation translated into simple, standard English:

**Alice:**
Haha. Yes, I am number two.
I really like to play.
But I never gamble.
:)

**Bob:**
Oh... I never gamble on Big Two either. ;-)
Except for that time a few weeks ago.

**Alice:**
A few weeks ago? Was it Joe?

**Bob:**
I went to a friend's house.
He wanted to play Big Two.
So I said, "Okay, let's play."
But he said it was 1 cent per card... (because he plays very well).
So I said, "That's too much." Besides, I would only lose about $10 at most.

**Alice:**
Oh, I see.
:)
Hehe. It is actually good. But if I were gambling, I wouldn't enjoy the game fully.

**Bob:**
But it is not very good to "stand so hard" (hold your cards too tightly)...
Yeah, if you have to gamble, it is very stressful...
By the way, do you have the program?

**Alice:**
The program?
No.
I need to download it or something.
:)

**Bob:**
Of course, to play online, you need the program.
My client doesn't support file transfers yet... Maybe you can get it from me via FTP or HTTP... Wait...

**Alice:**
Okay.
:)
I will wait.
Hehe. [end of text]


