Here's a translation of the conversation into simpler English:

**Alice:**
Haha.
Yeah, me too.
I really like playing.
But I never gamble.
:)

**Bob:**
Yeah, I never gamble on Big Two either.
Except for that one time a few weeks ago.

**Alice:**
What happened a few weeks ago?

**Bob:**
I went to a friend's house.
He wanted to play Big Two.
So I said okay.
Then he said we'd bet one cent per card (because he's really good).
I thought, "Okay, fine." Besides, I'd only lose maybe $10 at most.

**Alice:**
Okay, that's not so bad.
:)
Hehe. You're a bit of a gambler.
It's good to play, but if I *had* to gamble, I wouldn't enjoy it as much.

**Bob:**
But it's not good to be *too* competitive.
Yeah, if you have to gamble, it's stressful.
By the way, do you have the program?

**Alice:**
What program?
I don't.
I don't think I need to download anything.
:)

**Bob:**
Well, if you want to play online, you need a program.
My program doesn't let me send files yet. Maybe I can send it to you using FTP or HTTP... wait...

**Alice:**
Okay.
:)
I'll see.
Hehe.
 [end of text]


