 to=self<|message|>The following is a conversation between Alice and Bob. Translate it into simple English.

We need translate Singlish / Cantonese mix into simple English.

Provide translation line by line.

Probably keep meaning.

Let's output translation.

<|start|>assistant to=user<|message|>Here is the conversation translated into simple English:

**Alice:**
hah.
yeah. me too.
I like to play very much.
but I never gamble, lah
:)

**Bob:**
orr... I never gamble on Big Two either ;-)
except for that time a few weeks ago

**Alice:**
a few weeks ago you got cheated ah?

**Bob:**
went to a friend's house
he wanted to play Big Two, wor
then I said play lah
then he said 1 cent for a card...  [because he plays very well]
then I thought "so cheap" la... besides, at most lose something like $10 only...

**Alice:**
then you lost a lot
:)
hehe. you are really very unlucky
it's good actually. but if I have to gamble I would not enjoy the game thoroughly lah

**Bob:**
but it's not very good to "stand so hard" ga...
yea if need to gamble it's very stressful...
btw, do u have the program?

**Alice:**
what program.
no
I don't have it to download or something
:)

**Bob:**
then play online of course need to have a program to play ga la...
my client doesn't support file transfers yet... maybe u can get it from me by ftp or http.... wait...

**Alice:**
okay okay.
:)
I will try
hehe [end of text]


