Alice: Haha.  
Yeah. Me too.  
I really like to play, but I never gamble.  
:)

Bob: Oh... I never gamble on Big Two either.  
Except for that time a few weeks ago.

Alice: A few weeks ago? What happened?

Bob: I went to a friend's house.  
He wanted to play Big Two.  
So I said, let's play.  
Then he said one cent per card, because he plays very well.  
So I thought, "Why not?" Besides, at most I'd lose about ten dollars.

Alice: That makes sense.  
:)  
Hehe. Your friend is quite competitive.  
It's actually good. But if I really had to gamble, I wouldn't enjoy the game fully.

Bob: But it's not good to be too strict about it.  
Yeah, if you have to gamble, it's very stressful.  
By the way, do you have the program?

Alice: What program?  
No.  
Do I need to download something?  
:)

Bob: To play online, of course you need a program to play.  
My client doesn't support file transfers yet. Maybe you can get it from me by FTP or HTTP. Wait...

Alice: Okay.  
:)  
Thank you.  
Hehe. [end of text]


