**Alice:**
Haha. Yes. I'm second.
I really like playing.
But I never gamble.
:)

**Bob:**
Hmm... I never gamble on Big2 either ;-)
Except that one time a few weeks ago.

**Alice:**
A few weeks ago? What happened?

**Bob:**
I went to a friend's house.
He wanted to play Big2.
He said, "Let's play."
He said, "Let's play."
He said, "One cent per card... (because he plays very well)"
So I said, "That's too much."
Besides, at most I'd lose something like $10.

**Alice:**
That's too much.
:)
Hehe. But you're right, it's good.
But if you gamble, I wouldn't enjoy the game as much.

**Bob:**
But it's not very good to "stand so hard"...
Yeah, if you have to gamble, it's very stressful.
By the way, do you have the program?

**Alice:**
What program?
No.
You can download it or something.
:)

**Bob:**
To play online, of course you need a program.
My client doesn't support file transfers yet... Maybe you can get it from me via FTP or HTTP.... Wait...

**Alice:**
OK.
:)
Got it.
Hehe. [end of text]


