好，我會用你提供嘅詞語造句。

1.  **飲茶**
    廣東話：今晚不如一齊去飲茶啦，傾吓計。
    English: How about we go for yum cha tonight and chat?

2.  **圖書館**
    廣東話：我成日去圖書館借書睇，因為嗰度好靜。
    English: I often go to the library to borrow books because it's very quiet there.

3.  **養聲**
    廣東話：佢係個歌手，所以要好好養聲，保護自己嘅聲帶。
    English: He's a singer, so he needs to take good care of his voice and protect his vocal cords.

4.  **票尾**
    廣東話：我唔見咗張戲飛，但係仲有票尾，證明我買咗。
    English: I lost my movie ticket, but I still have the stub, which proves I bought it.

5.  **hacker**
    廣東話：網絡安全好重要，要提防hacker入侵。
    English: Cybersecurity is very important; we need to be wary of hackers.

6.  **石斛蘭**
    廣東話：嗰間花店賣好多靚嘅石斛蘭。
    English: That flower shop sells a lot of beautiful dendrobium orchids.

7.  **吊詭**
    廣東話：呢個故事嘅結局好吊詭，令人諗多啲。
    English: The ending of this story is very paradoxical and thought-provoking.

8.  **吊詭**
    廣東話：佢講嘅嘢好吊詭，似係真又似係假，令人摸唔清。
    English: What he said was very absurd and ambiguous, making it hard to understand.

9.  **各為其主**
    廣東話：佢哋嘅行為都係各為其主，為咗自己嘅利益。
    English: Their actions are all driven by their own interests.

10. **軨蓋**
    廣東話：我嘅車呔軨蓋甩咗，要換一個。
    English: The hubcap of my car fell off, and I need to replace it.

11. **打哥夫**
    廣東話：佢好鍾意打哥夫，每個週末都會去。
    English: He loves playing golf and goes every weekend.

12. **免揀**
    廣東話：呢間舖頭啲貨品係免揀，你想買就得，唔想買就冇得揀。
    English: The products in this store are non-refundable; you can buy them if you want, but you can't return them.

13. **擺闊佬**
    廣東話：佢喺派對上面擺闊佬，買咗好多名貴嘅嘢。
    English: He showed off his wealth at the party by buying a lot of expensive things.

14. **廣播劇**
    廣東話：我細個嗰陣成日聽廣播劇。
    English: I used to listen to radio dramas a lot when I was a child.

15. **錄影機**
    廣東話：我屋企有一部舊錄影機，可以睇以前嘅錄影帶。
    English: I have an old VCR at home, and I can watch old videotapes.

16. **吟詩吟唔甩**
    廣東話：佢偷咗嘢，證據確鑿，吟詩吟唔甩。
    English: He stole something, and the evidence is conclusive; he can't deny it.

17. **佈道大會**
    廣東話：佢哋會喺佈道大會上面宣揚佢哋嘅信仰。
    English: They will spread their beliefs at the evangelistic meeting.

18. **寫手**
    廣東話：佢係個寫手，幫人寫文章。
    English: He's a writer who helps people write articles.

19. **寫手**
    廣東話：佢係個代筆嘅寫手，幫名人寫自傳。
    English: He's a ghostwriter who helps celebrities write their autobiographies.

20. **代打**
    廣東話：我唔識玩呢個遊戲，不如你代打畀我。
    English: I don't know how to play this game; why don't you play for me?

21. **茶碗**
    廣東話：我用咗個靚嘅茶碗飲茶。
    English: I used a beautiful teacup to drink tea.

22. **茶隔**
    廣東話：沖茶嗰陣，記得用茶隔將茶葉同茶湯隔開。
    English: Remember to use a tea strainer to separate the tea leaves from the tea when brewing.

23. **只許州官放火，不准百姓點燈**
    廣東話：佢哋嘅做法就好似「只許州官放火，不准百姓點燈」，雙重標準。
    English: Their approach is like "only the officials are allowed to light fires, but the people are not allowed to light lamps," which is a double standard.

24. **獨唱**
    廣東話：佢喺音樂會上面獨唱咗一首歌。
    English: He sang a song solo at the concert.

25. **快人快事**
    廣東話：佢係個快人快事嘅人，好容易傾。
    English: He's a straightforward and easy-going person.

26. **四腳獸**
    廣東話：我見到有兩個男女喺廁所度做「四腳獸」。
    English: I saw two people engaging in sexual activity in the toilet.

27. **無米粥**
    廣東話：我哋先「煲無米粥」，傾吓，睇下有冇得合作。
    English: Let's just have a preliminary discussion and see if there's any possibility of collaboration.

28. **義會**
    廣東話：以前啲人冇錢，會參加義會互相幫助。
    English: In the past, people who didn't have money would participate in mutual aid societies to help each other.

29. **榜文**
    廣東話：嗰份榜文寫得好好，鼓勵咗好多人。
    English: The notice was well-written and encouraged many people.

30. **MK名**
    廣東話：佢喺網上用咗個好MK嘅名。
    English: He used a very "MK-style" name online.
 [end of text]


