收到！我會用廣東話語法，將剩餘嘅詞語（3-30）逐一造句。

3. **養聲**
廣東話：個歌手開演唱會之前，一定要靜一靜，好好**養聲**，唔好亂食凍嘢。
English: Before the concert, the singer must stay quiet and take good care of his voice, avoiding cold food.

4. **票尾**
廣東話：你買戲票嗰陣，記得將**票尾**留返喺度，萬一搞丟咗正票，可以憑票尾去補。
English: When you buy the movie ticket, remember to keep the stub; in case you lose the main ticket, you can use the stub to replace it.

5. **hacker**
廣東話：個間公司嘅保安系統好強，連最厲害嘅 **hacker** 都唔容易駭入去。
English: The company's security system is very strong; even the best hacker cannot easily hack into it.

6. **石斛蘭**
廣東話：阿婆屋企嘅花盆入面種咗幾株**石斛蘭**，開花嗰陣好靚。
English: Grandma has planted a few dendrobiums in the flower pot at home; they look beautiful when they bloom.

7. **吊詭** (矛盾、悖論)
廣東話：呢個邏輯問題好難解，因為佢本身就係一個**吊詭**，無論你點答都係錯。
English: This logic problem is hard to solve because it is a paradox itself; no matter how you answer, it is wrong.

8. **吊詭** (似非而是、荒謬)
廣東話：佢話自己好窮，但係成日買名牌，真係好**吊詭**。
English: He says he is poor but always buys luxury brands; that is really absurd.

9. **各為其主**
廣東話：兩個公司之間競爭咁激烈，員工都係**各為其主**，唔會幫對手出主意。
English: The competition between the two companies is so fierce that employees each work for their own master and won't give ideas to the opponent.

10. **軨蓋**
廣東話：你部車嘅**軨蓋**凹咗入去，要快啲去車房修返。
English: The wheel cover of your car is dented in; you need to go to the garage to fix it quickly.

11. **打哥夫**
廣東話：阿伯退休之後，成日同班老友去**打哥夫**，身體好健康。
English: After retirement, the uncle often goes to play golf with his old friends and is very healthy.

12. **免揀**
廣東話：呢間超市賣嘅水果係**免揀**嘅，你唔可以挑，要咩就買咩。
English: The fruits sold in this supermarket are non-selectable; you cannot pick and choose, you just buy what is given.

13. **擺闊佬**
廣東話：佢成日喺人面前**擺闊佬**，其實背地入面已經欠咗好多債。
English: He always shows off his wealth in front of people, but secretly he has already owed a lot of debt.

14. **廣播劇**
廣東話：我細個好鍾意聽**廣播劇**，特別係嗰啲偵探故事。
English: When I was young, I loved listening to radio dramas, especially those detective stories.

15. **錄影機**
廣東話：屋企嗰部舊**錄影機**已經壞咗，我哋而家都用電腦睇片。
English: The old video recorder at home is already broken; we now use computers to watch videos.

16. **吟詩吟唔甩**
廣東話：你瞞唔到嘅，證據擺喺度，你**吟詩吟唔甩**，就係你做嘅。
English: You can't hide it; the evidence is right there. You can't deny it; it was you who did it.

17. **佈道大會**
廣東話：下個禮拜日，教會會舉辦一場大型**佈道大會**，歡迎大家參加。
English: Next Sunday, the church will hold a large evangelistic meeting; everyone is welcome to attend.

18. **寫手** (寫作嘅人)
廣東話：佢係一個很有名嘅**寫手**，寫出咗好多暢銷小說。
English: He is a famous writer who has written many best-selling novels.

19. **寫手** (代替他人寫作嘅人)
廣東話：個明星太忙，所以請咗一個**寫手**幫佢寫自傳。
English: The star is too busy, so he hired a ghostwriter to write his autobiography.

20. **代打**
廣東話：我今晚要返工，你幫我**代打**一場遊戲好唔好？
English: I have to work tonight; can you play a game for me?

21. **茶碗**
廣東話：日本茶道好講究，個**茶碗**嘅形狀同顏色都好重要。
English: Japanese tea ceremony is very particular; the shape and color of the tea bowl are very important.

22. **茶隔**
廣東話：沖茶之前，記得將**茶隔**放好，咁樣斟茶嗰陣就唔會塞住。
English: Before brewing tea, remember to place the tea strainer properly so that it won't get clogged when pouring.

23. **只許州官放火，不准百姓點燈**
廣東話：呢個老闆真係**只許州官放火，不准百姓點燈**，佢自己遲到冇事，員工遲到就要扣錢。
English: This boss really practices "the magistrate may set fires, but the commoners may not light lamps"; he can be late without consequence, but if employees are late, they get fined.

24. **獨唱**
廣東話：今晚嘅演唱會，佢會有一首**獨唱**歌曲，好期待。
English: At tonight's concert, he will have a solo song; I am looking forward to it.

25. **快人快事**
廣東話：你唔好磨磨蹭蹭，**快人快事**，即刻簽咗個合約啦。
English: Don't be so slow; be quick and decisive, and sign the contract right now.

26. **四腳獸**
廣東話：唔好喺公廁入面做**四腳獸**，唔啱觀瞻，又唔衛生。
English: Don't be "four-legged beasts" in the public toilet; it's indecent and unhygienic.

27. **無米粥**
廣東話：我哋先**煲無米粥**，初步傾下個項目嘅方向，細節之後再講。
English: Let's just have a preliminary chat first to discuss the direction of the project; we'll talk about the details later.

28. **義會**
廣東話：以前啲小販好鍾意搞**義會**，大家輪流借錢用，互相幫扶。
English: In the past, small vendors liked to organize "yi hui" (rotating savings clubs), where they took turns borrowing money to help each other.

29. **榜文**
廣東話：古代中狀元嗰陣，官府會貼出**榜文**，全城的人都好興奮。
English: In ancient times, when someone passed the imperial examination as the top scholar, the government would post the list, and the whole city was excited.

30. **MK名**
廣東話：佢喺網上嘅**MK名**好奇怪，加咗好多符號，睇唔明係乜意思。
English: His online handle is very strange, with many symbols added; I can't understand what it means. [end of text]


