# 三隻小豬遇上小紅帽

好耐好耐以前，有三隻小豬兄弟，佢哋分別叫大豬、二豬同埋細豬。佢哋各自起咗一間屋——大豬用稻草起屋，二豬用木頭起屋，而細豬最勤力，用磚頭起咗一間好穩陣嘅屋。

有一日，大豬同二豬喺細豬嘅磚屋入面打緊麻雀，忽然間聽到有人敲門。

「咚咚咚！」

細豬行去開門，見到一個著住紅色斗篷嘅女仔，手入面挽住一個籃，籃入面裝滿咗麵包同蛋糕。

「你好呀！我叫做小紅帽，我係去探阿嫲嘅，不過我喺森林入面行錯路，行到嚟咗你哋呢度。請問你哋知唔知點樣去阿嫲嗰間屋呀？」小紅帽好有禮貌咁問。

大豬一聽到「阿嫲」兩隻字，即刻面都青埋：「阿嫲？你阿嫲係咪住喺森林入面嗰間小木屋呀？」

小紅帽點點頭：「係呀！你識唔識去㗎？」

二豬話：「我勸你唔好去喇！森林入面有隻大灰狼，之前佢吹冧咗我間稻草屋，又吹冧咗二豬間木屋，好在我哋走佬走到細豬呢度！嗰隻狼好得人驚㗎！」

小紅帽一聽到「大灰狼」三隻字，即刻皺晒眉：「大灰狼？佢就係我想去對付嗰個呀！」

「吓？！」三隻小豬一齊大叫。

小紅帽放低個籃，捲起衫袖，好認真咁講：「之前佢扮過我阿嫲想食我，好在我最後執返條命。今次我帶咗啲特別嘅嘢嚟，就係要教訓佢一鑊！」

細豬好奇咁望住個籃：「你帶咗啲乜嘢呀？」

小紅帽拎出一個大玻璃樽：「呢個係我特製嘅超級辣芥末醬！我打算整三文治俾阿嫲食，不過如果大灰狼再嚟搞我，我就俾佢食呢個——保證辣到佢喊晒口！」

大豬同二豬聽完，即刻拍手叫好：「好嘢！我哋一齊去！」

細豬就比較冷靜：「等等，我哋要有一個計劃。大灰狼唔係傻㗎，我哋唔可以就咁行入去。」

於是四個人坐低，開始商量計劃。

細豬話：「小紅帽，你照常行去阿嫲間屋，我哋三個就喺後面跟住。大灰狼一定會現身嘅，到時我哋就——」

「到時就點呀？」大豬急住問。

「到時小紅帽就俾嗰樽芥末醬佢食，我哋三個就負責捉住佢！」

小紅帽補充：「我仲帶咗一條好長嘅繩，可以綁住佢！」

二豬豎起手指公：「好計！」

---

於是，佢哋四個一齊出發。小紅帽行最前面，三隻小豬就匿喺樹後面跟住。

行行下，果然——

「嗷嗚——」

大灰狼由草叢入面跳出嚟，攔住小紅帽嘅路。

「嘿嘿嘿，小紅帽，你又嚟喇？今次你阿嫲都唔喺度，冇人救到你啦！」大灰狼露出尖牙，得意洋洋咁講。

小紅帽裝到好驚咁樣：「哎呀，大灰狼先生，你咁辛苦追我，一定好肚餓啦？我籃入面有個特製三文治，不如你食咗先啦？」

大灰狼舔舔嘴：「好！俾我食！」

小紅帽打開個籃，拎出塗滿超級辣芥末醬嘅三文治。大灰狼一啖咬落去——

「嘩啊啊啊啊啊啊！！！」

大灰狼辣到跳起，眼淚標到好似噴泉咁，舌頭伸到出嚟，不停喺度跳來跳去。

「而家！」細豬一聲令下，三隻小豬即刻衝出嚟。大豬同二豬一左一右捉住大灰狼隻手，細豬就用繩將佢綁到好似一條粽子咁。

大灰狼辣到講唔到嘢，淨係識得「嗚嗚嗚」咁喊。

小紅帽叉住腰，望住大灰狼話：「你成日蝦人，今次知道味道啦？以後仲敢唔敢食人？」

大灰狼拼命搖頭。

---

最後，佢哋將大灰狼交俾森林管理員，管理員將大灰狼送到好遠好遠嘅山上面，唔俾佢再搞人。

小紅帽終於安全去到阿嫲屋企，阿嫲見到孫女，開心到抱住佢喊。

三隻小豬亦都安心返到磚屋。大豬同二豬決定以後都要學細豬咁，用磚頭起屋，唔好再偷懶。

細豬笑住講：「其實最緊要唔係間屋有幾堅固，而係有冇朋友幫你。今日如果唔係小紅帽嗰樽芥末醬，我哋都未必搞得掂大灰狼。」

小紅帽臨走嗰陣，俾咗一個蛋糕細豬：「多謝你哋幫手！呢個係我同阿嫲整嘅，請你哋食！」

大豬接過蛋糕，開心到跳起：「好嘢！有蛋糕食！」

二豬話：「不如我哋打多圈麻雀先食啦？」

細豬搖搖頭：「你哋兩個真係……」

---

從此之後，三隻小豬同小紅帽成為咗最好嘅朋友。每逢週末，小紅帽都會帶阿嫲整嘅蛋糕嚟磚屋，同三隻小豬一齊食下午茶。

而大灰狼呢？佢喺山上面每日都仲喺度飲水，因為嗰樽芥末醬真係辣到佢一世都記得。

**——全劇終——** [end of text]


