好嘞，等我哋講個關於「三隻小豬」遇上「小紅帽」嘅故仔啦！

從前有三隻小豬，佢哋決定離開媽媽，各自去搵地方起屋。

第一隻小豬懶到爆，佢用稻草起咗間屋。起完之後，佢就瞓咗係度。

第二隻小豬都幾懶，佢用木頭起咗間屋。起完之後，佢就去玩，唔理屋企。

第三隻小豬就最勤力，佢用磚頭起咗間好堅固嘅屋。佢起完之後，仲幫屋企加強防禦，確保安全。

一日，一隻大灰狼嚟到第一隻小豬嘅稻草屋。佢話：「小豬，小豬，快啲出嚟，我好肚餓！」

第一隻小豬嚇到死，佢大嗌：「唔會！我唔會出嚟嘅！」

大灰狼就吹氣，吹冧咗間稻草屋。第一隻小豬嚇到飛奔去第二隻小豬嘅木頭屋。

大灰狼跟住嚟到第二隻小豬嘅木頭屋。佢又話：「小豬，小豬，快啲出嚟，我好肚餓！」

兩隻小豬都嚇到死，佢哋大嗌：「唔會！我哋唔會出嚟嘅！」

大灰狼就吹氣，吹冧咗間木頭屋。兩隻小豬嚇到飛奔去第三隻小豬嘅磚頭屋。

大灰狼跟住嚟到第三隻小豬嘅磚頭屋。佢又話：「小豬，小豬，快啲出嚟，我好肚餓！」

三隻小豬都嚇到死，但係第三隻小豬好鎮定，佢話：「大灰狼，你吹唔冧呢間屋嘅！」

大灰狼吹呀吹，吹到佢面都紅晒，都吹唔冧間磚頭屋。佢好嬲，決定爬煙囪入屋。

第三隻小豬早就預咗，佢喺煙囪下面燒咗個大火。大灰狼一落煙囪，就被火燒到屁股㷫。佢大叫一聲，就跌咗出去，再唔敢嚟。

喺呢個時候，小紅帽經過呢度，佢見到三隻小豬好驚慌，就問發生咗咩事。三隻小豬就將件事同小紅帽講咗。

小紅帽聽完，話：「唔使怕，我幫你哋！」

小紅帽諗咗個好主意，佢同三隻小豬一齊，喺磚頭屋嘅門口放咗一個大嘅陷阱。

過咗一陣，大灰狼又嚟咗，佢想再試吓。佢見到磚頭屋嘅門口有嘢，就好奇地行埋去。

大灰狼一唔小心，就跌咗入陷阱度。三隻小豬同小紅帽一齊將大灰狼捉住，然後報咗警。

警察嚟到，將大灰狼捉走咗。三隻小豬同小紅帽好開心，佢哋一齊慶祝，多謝小紅帽嘅幫助。

從此之後，三隻小豬同小紅帽成為咗好朋友，佢哋一齊玩，一齊過快樂嘅日子。
 [end of text]


