# 三隻小豬遇上小紅帽

舊時有隻大野狼，佢好想食人肉，但係又唔敢入村，因為村入面有隻聰明嘅獵人。

一日，大野狼見村入面有三隻小豬，就決定去搵佢哋。

大野狼先搵到第一隻小豬，佢問：「小豬，你點解唔跟住我？」

第一隻小豬答：「因為我哋要返屋企。」

大野狼就搵到第二隻小豬，佢問：「小豬，你點解唔跟住我？」

第二隻小豬答：「因為我哋要返屋企。」

大野狼又搵到第三隻小豬，佢問：「小豬，你點解唔跟住我？」

第三隻小豬答：「因為我哋要返屋企。」

大野狼聽完，就決定去搵獵人。

獵人見到大野狼，就問：「你點解要食人肉？」

大野狼答：「因為我哋要食人肉。」

獵人聽完，就決定去搵小紅帽。

小紅帽見到大野狼，就問：「你點解要食人肉？」

大野狼答：「因為我哋要食人肉。」

小紅帽聽完，就決定去搵三隻小豬。

三隻小豬見到大野狼，就問：「你點解要食人肉？」

大野狼答：「因為我哋要食人肉。」

三隻小豬聽完，就決定去搵獵人。

獵人見到大野狼，就問：「你點解要食人肉？」

大野狼答：「因為我哋要食人肉。」

獵人聽完，就決定去搵小紅帽。

小紅帽見到大野狼，就問：「你點解要食人肉？」

大野狼答：「因為我哋要食人肉。」

小紅帽聽完，就決定去搵三隻小豬。

三隻小豬見到大野狼，就問：「你點解要食人肉？」

大野狼答：「因為我哋要食人肉。」

三隻小豬聽完，就決定去搵獵人。

獵人見到大野狼，就問：「你點解要食人肉？」

大野狼答：「因為我哋要食人肉。」

獵人聽完，就決定去搵小紅帽。

小紅帽見到大野狼，就問：「你點解要食人肉？」

大野狼答：「因為我哋要食人肉。」

小紅帽聽完，就決定去搵三隻小豬。

三隻小豬見到大野狼，就問：「你點解要食人肉？」

大野狼答：「因為我哋要食人肉。」

三隻小豬聽完，就決定去搵獵人。

獵人見到大野狼，就問：「你點解要食人肉？」

大野狼答：「因為我哋要食人肉。」

獵人聽完，就決定去搵小紅帽。

小紅帽見到大野狼，就問：「你點解要食人肉？」

大野狼答：「因為我哋要食人肉。」

小紅帽聽完，就決定去搵三隻小豬。

三隻小豬見到大野狼，就問：「你點解要食人肉？」

大野狼答：「因為我哋要食人肉。」

三隻小豬聽完，就決定去搵獵人。

獵人見到大野狼，就問：「你點解要食人肉？」

大野狼答：「因為我哋要食人肉。」

獵人聽完，就決定去搵小紅帽。

小紅帽見到大野狼，就問：「你點解要食人肉？」

大野狼答：「因為我哋要食人肉。」

小紅帽聽完，就決定去搵三隻小豬。

三隻小豬見到大野狼，就問：「你點解要食人肉？」

大野狼答：「因為我哋要食人肉。」

三隻小豬聽完，就決定去搵獵人。

獵人見到大野狼，就問：「你點解要食人肉？」

大野狼答：「因為我哋要食人肉。」

獵人聽完，就決定去搵小紅帽。

小紅帽見到大野狼，就問：「你點解要食人肉？」

大野狼答：「因為我哋要食人肉。」

小紅帽聽完，就決定去搵三隻小豬。

三隻小豬見到大野狼，就問：「你點解要食人肉？」

大野狼答：「因為我哋要食人肉。」

三隻小豬聽完，就決定去搵獵人。

獵人見到大野狼，就問：「你點解要食人肉？」

大野狼答：「因為我哋要食人肉。」

獵人聽完，就決定去搵小紅帽。

小紅帽見到大野狼，就問：「你點解要食人肉？」

大野狼答：「因為我哋要食人肉。」

小紅帽聽完，就決定去搵三隻小豬。

三隻小豬見到大野狼，就問：「你點解要食人肉？」

大野狼答：「因為我哋要食人肉。」

三隻小豬聽完，就決定去搵獵人。

獵人見到大野狼，就問：「你點解要食人肉？」

大野狼答：「因為我哋要食人肉。」

獵人聽完，就決定去搵小紅帽。

小紅帽見到大野狼，就問：「你點解要食人肉？」

大野狼答：「因為我哋要食人肉。」

小紅帽聽完，就決定去搵三隻小豬。

三隻小豬見到大野狼，就問：「你點解要食人肉？」

大野狼答：「因為我哋要食人肉。」

三隻小豬聽完，就決定去搵獵人。

獵人見到大野狼，就問：「你點解要食人肉？」

大野狼答：「因為我哋要食人肉。」

獵人聽完，就決定去搵小紅帽。

小紅帽見到大野狼，就問：「你點解要食人肉？」

大野狼答：「因為我哋要食人肉。」

小紅帽聽完，就決定去搵三隻小豬。

三隻小豬見到大野狼，就問：「你點解要食人肉？」

大野狼答：「因為我哋要食人肉。」

三隻小豬聽完，就決定去搵獵人。

獵人見到大野狼，就問：「你點解要食人肉？」

大野狼答：「因為我哋要食人肉。」

獵人聽完，就決定去搵小紅帽。

小紅帽見到大野狼，就問：「你點解要食人肉？」

大野狼答：「因為我哋要食人肉。」

小紅帽聽完，就決定去搵三隻小豬。

三隻小豬見到大野狼，就問：「你點解要食人肉？」

大野狼答：「因為我哋要食人肉。」

三隻小豬聽完，就決定去搵獵人。

獵人見到大野狼，就問：「你點解要食人肉？」

大野狼答：「因為我哋要食人肉。」

獵人聽完，就決定去搵小紅帽。

小紅帽見到大野狼，就問：「你點解要食人肉？」

大野狼答：「因為我哋要食人肉。」

小紅帽聽完，就決定去搵三隻小豬。

三隻小豬見到大野狼，就問：「你點解要食人肉？」

大野狼答：「因為我哋要食人肉。」

三隻小豬聽完，就決定去搵獵人。

獵人見到大野狼，就問：「你點解要食人肉？」

大野狼答：「因為我哋要食人肉。」

獵人聽完，就決定去搵小紅帽。

小紅帽見到大野狼，就問：「你點解要食人肉？」

大野狼答：「因為我哋要食人肉。」

小紅帽聽完，就決定去搵三隻小豬。

三隻小豬見到大野狼，就問：「你點解要食人肉？」

大野狼答：「因為我哋要食人肉。」

三隻小豬聽完，就決定去搵獵人。

獵人見到大野狼，就問：「你點解要食人肉？」

大野狼答：「因為我哋要食人肉。」

獵人聽完，就決定去搵小紅帽。

小紅帽見到大野狼，就問：「你點解要食人肉？」

大野狼答：「因為我哋要食人肉。」

小紅帽聽完，就決定去搵三隻小豬。

三隻小豬見到大野狼，就問：「你點解要食人肉？」

大野狼答：「因為我哋要食人肉。」

三隻小豬聽完，就決定去搵獵人。

獵人見到大野狼，就問：「你點解要食人肉？」

大野狼答：「因為我哋要食人肉。」

獵人聽完，就決定去搵小紅帽。

小紅帽見到大野狼，就問：「你點解要食人肉？」

大野狼答：「因為我哋要食人肉。」

小紅帽聽完，就決定去搵三隻小豬。

三隻小豬見到大野狼，就問：「你點解要食人肉？」

大野狼答：「因為我哋要食人肉。」

三隻小豬聽完，就決定去搵獵人。

獵人見到大野狼，就問：「你點解要食人肉？」

大野狼答：「因為我哋要食人肉。」

獵人聽完，就決定去搵小紅帽。

小紅帽見到大野狼，就問：「你點解要食人肉？」

大野狼答：「因為我哋要食人肉。」

小紅帽聽完，就決定去搵三隻小豬。

三隻小豬見到大野狼，就問：「你點解要食人肉？」

大野狼答：「因為我哋要食人肉。」

三隻小豬聽完，就決定去搵獵人。

獵人見到大野狼，就問：「你點解要食人肉？」

大野狼答：「因為我哋要食人肉。」

獵人聽完，就決定去搵小紅帽。

小紅帽見到大野狼，就問：「你點解要食人肉？」

大野狼答：「因為我哋要食人肉。」

小紅帽聽完，就決定去搵三隻小豬。

三隻小豬見到大野狼，就問：「你點解要食人肉？」

大野狼答：「因為我哋要食人肉。」

三隻小豬聽完，就決定去搵獵人。

獵人見到大野狼，就問：「你點解要食人肉？」

大野狼答：「因為我哋要食人肉。」

獵人聽完，就決定去搵小紅帽。

小紅帽見到大野狼，就問：「你點解要食人肉？」

大野狼答：「因為我哋要食人肉。」

小紅帽聽完，就決定去搵三隻小豬。

三隻小豬見到大野狼，就問：「你點解要食人肉？」

大野狼答：「因為我哋要食人肉。」

三隻小豬聽完，就決定去搵獵人。

獵人見到大野狼，就問：「你點解要食人肉？」

大野狼答：「因為我哋要食人肉。」

獵人聽完，就決定去搵小紅帽。

小紅帽見到大野狼，就問：「你點解要食人肉？」

大野狼答：「因為我哋要食人肉。」

小紅帽聽完，就決定去搵三隻小豬。

三隻小豬見到大野狼，就問：「你點解要食人肉？」

大野狼答：「因為我哋要食人肉。」

三隻小豬聽完，就決定去搵獵人。

獵人見到大野狼，就問：「你點解要食人肉？」

大野狼答：「因為我哋要食人肉。」

獵人聽完，就決定去搵小紅帽。

小紅帽見到大野狼，就問：「你點解要食人肉？」

大野狼答：「因為我哋要食人肉。」

小紅帽聽完，就決定去搵三隻小豬。

三隻小豬見到大野狼，就問：「你點解要食人肉？」

大野狼答：「因為我哋要食人肉。」

三隻小豬聽完，就決定去搵獵人。

獵人見到大野狼，就問：「你點解要食人肉？」

大野狼答：「因為我哋要食人肉。」

獵人聽完，就決定去搵小紅帽。

小紅帽見到大野狼，就問：「你點解要食人肉？」

大野狼答：「因為我哋要食人肉。」

小紅帽聽完，就決定去搵三隻小豬。

三隻小豬見到大野狼，就問：「你點解要食人肉？」

大野狼答：「因為我哋要食人肉。」

三隻小豬聽完，就決定去搵獵人。

獵人見到大野狼，就問：「你點解要食人肉？」

大野狼答：「因為我哋要食人肉。」

獵人聽完，就決定去搵小紅帽。

小紅帽見到大野狼，就問：「你點解要食人肉？」

大野狼答：「因為我哋要食人肉。」

小紅帽聽完，就決定去搵三隻小豬。

三隻小豬見到大野狼，就問：「你點解要食人肉？」

大野狼答：「因為我哋要食人肉。」

三隻小豬聽完，就決定去搵獵人。

獵人見到大野狼，就問：「你點解要食人肉？」

大野狼答：「因為我哋要食人肉。」

獵人聽完，就決定去搵小紅帽。

小紅帽見到大野狼，就問：「你點解要食人肉？」

大野狼答：「因為我哋要食人肉。」

小紅帽聽完，就決定去搵三隻小豬。

三隻小豬見到大野狼，就問：「你點解要食人肉？」

大野狼答：「因為我哋要食人肉。」

三隻小豬聽完，就決定去搵獵人。

獵人見到大野狼，就問：「你點解要食人肉？」

大野狼答：「因為我哋要食人肉。」

獵人聽完，就決定去搵小紅帽。

小紅帽見到大野狼，就問：「你點解要食人肉？」

大野狼答：「因為我哋要食人肉。」

小紅帽聽完，就決定去搵三隻小豬。

三隻小豬見到大野狼，就問：「你點解要食人肉？」

大野狼答：「因為我哋要食人肉。」

三隻小豬聽完，就決定去搵獵人。

獵人見到大野狼，就問：「你點解要食人肉？」

大野狼答：「因為我哋要食人肉。」

獵人聽完，就決定去搵小紅帽。

小紅帽見到大野狼，就問：「你點解要食人肉？」

大野狼答：「因為我哋要食人肉。」

小紅帽聽完，就決定去搵三隻小豬。

三隻小豬見到大野狼，就問：「你點解要食人肉？」

大野狼答：「因為我哋要食人肉。」

三隻小豬聽完，就決定去搵獵人。

獵人見到大野狼，就問：「你點解要食人肉？」

大野狼答：「因為我哋要食人肉。」

獵人聽完，就決定去搵小紅帽。

小紅帽見到大野狼，就問：「你點解要食人肉？」

大野狼答：「因為我哋要食人肉。」

小紅帽聽完，就決定去搵三隻小豬。

三隻小豬見到大野狼，就問：「你點解要食人肉？」

大野狼答：「因為我哋要食人肉。」

三隻小豬聽完，就決定去搵獵人。

獵人見到大野狼，就問：「你點解要食人肉？」

大野狼答：「因為我哋要食人肉。」

獵人聽

