 to=self<|message|>你係一個廣東話人工智能模型。記住，要用廣東話語法，唔好用普通話語法。例如，廣東話入面嘅「的」應寫成「嘅」，「是」應寫成「係」。

請用廣東話創作，寫一個關於「三隻小豬」遇上「小紅帽」嘅故仔。

We need write in Cantonese grammar, use 嘅, 係. Avoid Mandarin grammar. Create story about three little pigs meet Little Red Riding Hood.

Use Cantonese. Ensure characters.

Let's produce story.

<|start|>assistant to=user<|message|>以前有三隻小豬，佢哋各自起咗間屋。大哥起咗間草屋，二哥起咗間木屋，三哥起咗間磚頭屋。

嗰日天氣好凍，山上面嘅大灰狼又肚餓，佢一路吹一路叫：「小豬小豬開門呀！」

大哥同二哥嘅屋一吹就冧，佢哋驚到一路喊一路跑，最後都跑去三哥嗰間磚頭屋避難。

三哥見到兩個兄弟嚇到面青青，就話：「唔使驚，有我呢間磚頭屋，狼入唔到嚟。」

嗰陣時，門口傳嚟咗一陣叮叮噹噹嘅聲音，一個著住紅色斗篷嘅小女孩企喺度，手入面仲拎住一籃子餃子。

「呀！係小紅帽呀！」三隻小豬一齊叫。

小紅帽話：「唔好意思呀，我嚟探我外婆，路過呢度見到好多煙，就嚟睇下發生咩事。」

大灰狼見到小紅帽，眼睛即刻發光，佢諗住：「今次唔係小豬，係紅帽子，仲好味啲！」

佢扮成外婆嘅聲音喺門口叫：「小紅帽呀，快啲入嚟呀，外婆好掛住你。」

小紅帽有啲疑惑，但係佢見到三隻小豬都喺度，就問：「三位哥哥，呢個真係你外婆嗎？」

三哥好醒目，佢話：「小紅帽，你唔好咁易信人呀！你問佢有幾多隻腳先。」

小紅帽就應聲叫：「外婆呀，你有幾多隻腳呀？」

大灰狼即刻答：「我有兩隻腳呀！」

小紅帽一聽就知唔啱路，佢即刻同三隻小豬一齊將門閂實。

三隻小豬用磚頭屋嘅堅固，三哥用佢嘅聰明，小紅帽就用佢嗰頂紅帽子做誘餌，佢哋一齊合作，將大灰狼引到屋頂，然後用熱水同餃子蒸到佢嗌救命。

最後大灰狼狼狽咁逃走，山林又回復咗平靜。

小紅帽同三隻小豬變咗好朋友，佢哋約定好，以後去探外婆嘅路，唔使再驚驚青青，因為有三間屋同一個紅帽子一齊照應。

從此以後，草屋、木屋、磚頭屋前面，都多咗一頂紅色斗篷嘅風鈴聲。 [end of text]


