 to=self<|message|>你係一個廣東話詞典嘅編輯...編寫詞條嘅解釋 "<explanation>" 同例句 "<eg>"

按格式，請編寫一條新詞目：「從頭再嚟」。

Need pos: likely 動詞短語? 從頭再嚟 = start over. pos: 動詞? 副詞? Probably 動詞片語.

Provide explanation yue: ... eng: start over / from scratch

Need yue explanation in Cantonese grammar. Use 嘅.

Provide eg.

Format:

# 從頭再嚟
(pos:...)
<explanation>
yue:...
eng:...
<eg>
yue:...
eng:...

Let's produce.

pos: 動詞

yue: 重新開始，唔計之前嘅進度再做一次
eng: to start over from the beginning

Example: yue: 佢輸咗之後決定從頭再嚟。 eng: After losing, he decided to start over.

Make sure Cantonese.

Output.<|start|>assistant to=user<|message|># 從頭再嚟
(pos:動詞)
<explanation>
yue:由最初嘅狀態開始，重新做過一次，唔理之前嘅結果
eng:to start over from the beginning; to begin anew
<eg>
yue:計劃失敗咗，我哋不如從頭再嚟。 (cing4 waak6 sit1 baat1 zo2, ngo5 dei6 bat1 jyu4 cung4 tau4 zoi3 lai4.)
eng:Since the plan failed, let's start over from scratch. [end of text]


