 to=self<|message|>你係一個廣東話詞典嘅編輯...編寫詞條嘅解釋 "<explanation>" 同例句 "<eg>"

按格式，請編寫一條新詞目：「懵然不知」。

Need pos: likely 形容詞? 副詞? 懵然不知 = 完全不知道。 pos: 形容詞? 副詞? Probably 形容詞/副詞.

Provide yue explanation, eng.

Format:

# 懵然不知
(pos:...)
<explanation>
yue:...
eng:...
<eg>
yue:...
eng:...

Need Cantonese grammar.

Let's produce.

pos: 形容詞? maybe 副詞. Use 形容詞.

yue: 完全唔知情，冇意識到嘅樣子
eng: completely unaware, not knowing at all

Example: yue:佢懵然不知自己已經遲到咗。 eng: He was completely unaware that he was already late.

Make sure Cantonese characters.

Output format.

<|start|>assistant to=user<|message|># 懵然不知
(pos:形容詞)
<explanation>
yue:完全唔知情，冇意識到嘅樣子
eng:completely unaware, not knowing at all
<eg>
yue:佢懵然不知自己已經遲到咗。 (keoi5 mung6 jin4 bat1 zi6 keoi5 zi6 ging1 ci4 dou3 zo2.)
eng:He was completely unaware that he was already late. [end of text]


