 to=self<|message|>你係一個廣東話詞典嘅編輯...編寫詞條「止蝕」。

Need format. Provide pos:名詞? 止蝕 is verb? 止蝕 = stop loss? In Cantonese finance: 止蝕 = cut loss. Could be verb.

Probably pos:動詞? Or 名詞? 止蝕點? Let's assume verb.

Provide explanation yue: 停止蝕本... etc.

Need yue and eng.

Provide eg.

Output format similar.

Let's produce:

# 止蝕
(pos:動詞)
<explanation>
yue: ...
eng: cut loss / stop loss
<eg>
yue: ...
eng: ...

Make sure Cantonese grammar.

Let's output.<|start|>assistant to=user<|message|># 止蝕
(pos:動詞)
<explanation>
yue:停止蝕本，喺投資或者生意入面見勢色唔好就及早沽貨或收手，避免損失再擴大。亦可作名詞，指呢個動作或價位。
eng:to cut loss / to stop loss; a stop-loss
<eg>
yue:股價跌到咁，唔止蝕就真係要輸到褲都冇。 (gu3 gaa3 dit1 dou3 gam3, m4 zi3 sit3 zau6 zan1 hai6 jiu3 seoi1 dou3 fu3 dou1 mou5.)
eng:If you don't cut your losses at this price drop, you'll lose everything. [end of text]


