呢個提議好有趣！你列出嘅句子都係經典嘅「九聲六調」練習句，涵蓋咗粵語嘅六個聲調（1 至 6）。等我試下作幾句，同樣用六個字，聲調由 1 至 6：

1. **風水佬話你** (fung1 seoi2 lou2 waa6 nei5)  
   - 1 風、2 水、3 佬、4 話、5 你（呢句「佬」係第 2 聲？唔，要調整）

等我認真啲，確保每個字嘅聲調順序係 1、2、3、4、5、6：

- **心曉肚痛難受** (sam1 hiu2 tou5 tung3 naan4 sau6)  
   - 1 心、2 曉、3 肚（第 5 聲？唔，肚係 tou5，但「曉」係 hiu2，第三個字要第 3 聲，呢句錯咗）

再試：

- **詩史試時市事** (si1 si2 si3 si4 si5 si6)  
   - 呢句係經典示範，但意思係「詩、史、試、時、市、事」，算係最標準嘅六調練習。

如果想有趣啲，可以作：

- **星火烤羊腩麵** (sing1 fo2 haau2 joeng4 naam5 min6)  
   - 1 星、2 火、3 烤、4 羊、5 腩、6 麵  
   - 意思：用星火烤羊腩麵（創意菜式？）

- **新買好靚晚報** (san1 maai5 hou2 leng3 maan5 bou3)  
   - 1 新、2 買（第 5 聲？買係 maai5，但第二個字要第 2 聲，唔啱）

再修正：

- **新買好靚晚報** 唔得，因為「買」係第 5 聲。試：

- **新買好靚晚報** → 1 新、5 買、2 好（錯序）

不如用呢句：

- **山頂有條大路** (saan1 deng2 jau5 tiu4 daai6 lou6)  
   - 1 山、2 頂、5 有（第 5 聲，但第三個字要第 3 聲，錯）

真係要小心！等我作一句準確嘅：

- **心曉試時市事** (sam1 hiu2 si3 si4 si5 si6)  
   - 1 心、2 曉、3 試、4 時、5 市、6 事  
   - 意思：心裏曉得試吓時機、市場同事情。

或者玩味啲：

- **單手打爛硬地** (daan1 sau2 daa2 laan6 ngaang6 dei6)  
   - 1 單、2 手、3 打、4 爛（第 6 聲？爛係 laan6，第四個字要第 4 聲，錯）

再嚟：

- **單手打人唔易** (daan1 sau2 daa2 jan4 m4 ji6)  
   - 1 單、2 手、3 打、4 人、5 唔（第 4 聲？唔係，人係 jan4，但「唔」係 m4，第五個字要第 5 聲，錯）

真係好難！不如用最穩陣嘅：

- **詩史試時市事** (si1 si2 si3 si4 si5 si6)  
   - 呢句一定啱，意思係「詩歌、歷史、考試、時間、市場、事情」。

或者創作一句有意義嘅：

- **風水佬話你知** (fung1 seoi2 lou2 waa6 nei5 zi1)  
   - 呢句有七個字，但頭六個係 1、2、2、6、5、1（錯）

投降！我作一句：

- **心曉試時市事** (sam1 hiu2 si3 si4 si5 si6)  
   - 意思：心裏明白要試吓時機、市場同事情。

你覺得點樣？不如你都作幾句嚟玩下！ [end of text]


