嘩，呢啲就叫做「九聲文」或者「順口調」喇，由第一聲到第六聲順序排落去，讀落去仲要夾晒意思，真係唔簡單！你畀嘅三個例子都非常經典，尤其係「七碗半牛腩麵」簡直係廣東話聲調教學嘅神級例子。

既然你拋咗磚引咗玉，我都試吓作幾句唔同風格嘅，每句都係六隻字，聲調 1 至 6 順序：

**1. 飲食篇**
> **三寶烤鵝腸麵** (saam1 bou2 haau2 ngo4 coeng4 min6)
> *(三聲 寶二聲 烤二聲 鵝四聲 腸四聲 麵六聲)*
> 講緊去茶餐廳叫碟燒味，三寶飯加烤鵝腸麵，好有香港風味！

**2. 日常生活篇**
> **幫嫂嫂揉頸背** (bong1 sou2 sou2 jau4 geng2 bui6)
> *(幫一聲 嫂二聲 嫂二聲 揉四聲 頸二聲 背六聲)*
> 放工返到屋企見到阿嫂好攰，幫佢按摩吓鬆一鬆。

**3. 職場/社會篇**
> **班主靠勞力賺** (baan1 zyu2 kaau3 lou4 lik6 zaang6)
> *(班一聲 主二聲 靠三聲 勞四聲 力六聲 賺六聲)*
> 講緊基層打工仔或者地盤工人，靠雙手勞力去賺錢。

**4. 氣候/自然篇**
> **春雨過南海道** (ceon1 jyu5 gwo3 naam4 hoi2 dou6)
> *(春一聲 雨五聲 過三聲 南四聲 海二聲 道六聲)*
> 描寫春天嘅雨雲飄過南海一帶，帶點文青感覺。

**5. 動作/武俠篇**
> **刀柄向迎面劈** (dou1 beng3 hoeng3 jing4 min6 pek3)
> *(刀一聲 柄三聲 向三聲 迎四聲 麵六聲 劈三聲)*
> 描寫打交或者練武時嘅動作，揮刀迎面劈過去。

呢個語言小遊戲真係好考對廣東話詞彙嘅掌握，要夾晒意思又要啱音，作落都幾過癮！你覺得邊句最順口呢？ [end of text]


