 to=self<|message|>請閱讀以下文字，然後回答問題：

We need to respond. Text is vulgar Cantonese profanity. Summarize. Author is what person? Probably a musician? "阿姐同班樂隊特登夾埋..." Might be a fan? The text is angry at audience. Could be a performer? "首一番の宝物" is a song? Actually "一番の宝物" is a song by... Might be a concert. Author is likely a performer or someone at concert complaining about audience.

We should comply with policy: profanity is allowed in description. We can summarize vulgar content. Should not repeat excessive profanity? It's allowed to quote. Probably okay to summarize.

We must answer in Chinese (Traditional). Provide polite rephrasing.

We should not censor? Can provide summary.

Provide answers:

(0) 簡略解釋: 作者在演唱會上對觀眾行為不滿...

(1) 作者是甚麼人？ Likely a樂迷/現場觀眾? Or performer? The text says "阿姐同班樂隊特登夾..." suggests author is audience member who is angry at other audience. Could be a hardcore fan.

Maybe author is a concert-goer who is upset.

Provide answer.

(3) 睇live注意事項: 不要拍手拍片? Don't shout encore before song ends...

(4) Polite rephrase.

We must comply with no harassment. It's fine.

Provide answer in Chinese.

<|start|>assistant to=user<|message|>以下文字是廣東話粗口文，內容是作者在一個現場演出中對觀眾行為感到極度不滿並發洩。

**(0) 簡略解釋**
作者說今場演唱會的首歌《一番の宝物》是他人生中最沒感覺的一次。雖然燈光沒有轉白全是粉紅色、有人拍手拍片他都可以接受，但他認為主唱阿姐和樂隊是故意配合觀眾的反應來捉弄大家，結果觀眾全部上當。更令他爆發的是，有觀眾在歌未唱完時就大叫 encore，他因此轉身大罵對方，並認為香港人根本不配看 live，不如回家聽熱咖啡算了。

**(1) 作者是甚麼人？**
從語氣和描述來看，作者是一名現場觀眾，而且是對演出有很高要求的資深樂迷／核心粉絲。他自稱在現場觀看，並對演出細節、觀眾禮儀有強烈意見，而非演出者本人。

**(2) 他為甚麼發脾氣？**
1. 他對今場演出的氛圍和感覺非常失望，認為是他看過最沒感覺的一次。
2. 他不滿部分觀眾在演出中拍手、拍片等干擾行為。
3. 最主要導火線是有一名觀眾在歌曲尚未結束時就大叫 encore，要求安可，他認為這行為很無禮、破壞現場秩序。

**(3) 根據上文，「睇live」有甚麼注意事項？**
* 要尊重演出進度，歌曲未唱完前不要喊 encore。
* 避免過度拍手、拍片等干擾他人觀賞的行為。
* 保持現場安靜和專注，不要破壞演出者營造的氛圍。

**(4) 禮貌、合適的重新表達**
今晚演唱會的第一首歌《一番の宝物》是我看過最難投入的一次。雖然燈光全程粉紅色沒有轉白、觀眾有拍手和拍片的情況我都能理解，但我覺得主唱和樂隊似乎是有意配合觀眾的反應，結果大家都跟著起哄了。最讓我失望的是，有觀眾在歌曲還未結束時就大聲喊 encore，這樣打斷演出實在不妥。我當下提醒對方歌曲還未完，請先安靜欣賞。坦白說，香港觀眾的現場禮儀還有進步空間。 [end of text]


