這段文字是廣東話粗口，內容如下：

**(0) 簡略解釋**
作者形容自己人生中最「冇撚feel」（最沒感覺、最失望）的一次演出，並大罵香港人「唔撚值得睇live」，認為不如「死返去聽熱咖啡」（在家聽錄音／看影片算了）。

**(1) 作者是甚麼人？**
作者是一名**觀眾**（歌迷／聽眾），不是演出者。他親身出席了一場現場演出（live），並對現場反應感到極度失望。

**(2) 他為甚麼發脾氣？**
他發脾氣的原因有幾點：
*   演出本身令他大失所望，他形容這是「人生中最冇feel的一次」，甚至誇張到「唔撚轉白色全部粉紅色都算」（形容場面混亂、失控）。
*   他拍手、拍片（錄影）都被視為意料之內，但**阿姐（女主持／司儀）同班樂隊卻「特登夾埋」故意配合他**，令他覺得被耍、被「柒頭皮」（捉弄）。
*   最令他憤怒的是，後面有人**不是拍手也不是歡呼，而是大叫「encore」**，他認為這是「食屎食到傻撚咗」（被屎弄傻），完全不懂禮貌。
*   他即時轉身罵那人「仆街」，並認為**香港人根本不值得看live**，不如在家聽錄音。

**(3) 根據上文，「睇live」有甚麼注意事項？**
*   要**保持安靜、不要大叫「encore」**，直到歌曲／節目完結為止。
*   要**拍手或歡呼，但要在適當的時機**，不要打亂演出節奏。
*   不要**故意配合或捉弄演出者／司儀**（不要「柒頭皮」）。
*   不要**錄影／拍片**（雖然作者說這是「意料之內」，但整體語氣是反感的）。
*   要**尊重演出者**，不要出言辱罵或表現無禮。

**(4) 比較禮貌、合適的重寫**

> 今次現場演出令我大失所望，這是我人生中感受最平淡的一次。當我拍手、錄影時，司儀與樂隊竟然特意配合我，令我哭笑不得；更令人意外的是，後面有人不是拍手或歡呼，而是高喊「encore」，令整場氣氛變得混亂。
>
> 希望觀眾能遵守現場禮儀：歌曲未完時請保持安靜，待演出結束後再熱烈掌聲；亦請尊重演出者，不要錄影或出言不遜。總之，我認為香港人未必適合看現場演出，不如在家聆聽錄音，同樣可以享受音樂。 [end of text]


