這是一段充滿強烈情緒、大量粗口（廣東話髒話）的抱怨文字。以下針對你的問題逐一回答：

### (0) 簡略解釋以上文字
這段文字是一位觀眾在看完一場音樂會（Live）後的憤怒獨白。作者認為這場演出是他人生中最無聊、最沒有感覺的一次。他指控歌手和樂隊故意用「全場粉紅色燈光」和「預設的互動環節」來測試觀眾反應，結果觀眾如預期般拍手、歡呼，甚至有人在大喊「Encore」（安可/再來一首），但此時歌曲其實還沒唱完。作者對這種「未唱完就喊安可」的觀眾行為感到極度憤怒和鄙視，認為香港觀眾不懂欣賞現場音樂，最後決定以後只聽「熱咖啡」（可能指某位歌手或樂隊，或僅為比喻）不再看現場演出。

### (1) 作者是甚麼人？
根據文字內容推斷，作者是一位**對音樂現場演出有較高期待、性格較為急躁且直言不諱的觀眾**。
*   他熟悉現場演出的流程（知道「Encore」通常是在整場演出結束後才喊的）。
*   他對觀眾的集體行為感到不滿，認為觀眾缺乏判斷力（「食屎食到傻」）。
*   他使用極度粗俗的語言，顯示他當時情緒非常激動，且可能習慣用激烈方式表達不滿。

### (2) 他為甚麼發脾氣？
作者發脾氣的主要原因有兩點：
1.  **演出內容無聊**：他認為這場演出是他人生中最「冇feel」（沒有感覺/無聊）的一次，燈光和互動都讓他覺得刻意且無趣。
2.  **觀眾行為荒謬**：最讓他憤怒的是，在**歌曲尚未唱完**的時候，就有觀眾大喊「Encore」。他認為這是觀眾不懂禮貌、缺乏常識的表現（「乜撚嘢encore啊」），並因此對整個香港觀眾群體產生鄙視和失望。

### (3) 根據上文，「睇live」有甚麼注意事項？
根據作者的憤怒點，可以推斷出他認為看現場演出（Live）應遵守的禮儀或注意事項：
*   **不要在歌曲未結束時喊「Encore」**：「Encore」是觀眾在整場演出結束後，要求歌手再唱一首歌的禮儀。在歌曲進行中喊Encore是錯誤且令人尷尬的行為。
*   **保持冷靜與觀察**：不要輕易被舞台效果（如燈光變化、樂隊互動）所煽動而做出預設反應，應保持獨立判斷。
*   **尊重演出流程**：應理解現場演出的結構，避免在錯誤的時間點做出不合時宜的舉動。

### (4) 請用比較禮貌、合適的文字，重新表達原文的原意。
以下是去除粗口、語氣平和但保留原意的重寫版本：

> 「這場演出讓我感到相當失望，可以說是我參加過最缺乏感染力的一次音樂會。從燈光設計到樂隊的互動環節，都讓我覺得有些刻意，觀眾的反應也都在預料之中。
>
> 最讓我無法接受的是，在歌曲尚未結束時，竟有觀眾高喊『Encore』。這不僅打斷了演出的節奏，也顯示出部分觀眾對現場禮儀的誤解。我當場忍不住轉身對那位觀眾說：『歌還沒唱完，請不要喊安可，這樣很失禮。』
>
> 這次經歷讓我對香港觀眾的現場素養感到有些失望。或許我應該暫時放下對現場演出的期待，轉而專注於欣賞錄音室作品或其他形式的音樂體驗。」 [end of text]


