以下是針對該段文字的分析與回答：

**(0) 簡略解釋以上文字**
這是一段充滿強烈情緒和粗口字眼的網上留言。作者在觀看一場現場音樂表演（Live）時，因為現場觀眾的種種不當行為（如隨意拍攝、不懂得看氣氛、在歌曲未結束時盲目大叫Encore等）而感到極度憤怒，最終在現場破口大罵，並在網上發洩，得出「香港人不值得看Live」的結論。

**(1) 作者是甚麼人？**
作者是一名現場音樂表演的觀眾，性格非常暴躁且缺乏耐性。他自視為懂得音樂禮儀的「資深樂迷」，對現場其他觀眾的行為要求極高，無法忍受別人的無知或失誤。

**(2) 他為甚麼發脾氣？**
他發脾氣的原因主要有三個：
1. **視覺與拍攝問題**：演唱會的燈光沒有轉為白色（全場維持粉紅色），且周圍觀眾都在舉機拍手、拍片，影響觀賞體驗。
2. **觀眾被「設局」而不自知**：表演者（阿姐與樂隊）故意配合（夾埋）去試探台下觀眾的反應，結果觀眾全部中計，表現出無知的反應，讓作者覺得他們很丟臉。
3. **有人亂叫Encore**：在歌曲還沒有演奏完畢時，後方有觀眾竟然大叫「Encore」（安可）。這種完全不懂音樂流程的行為成為了壓垮作者情緒的最後一根稻草，促使他當場轉身怒罵該名觀眾。

**(3) 根據上文，「睇live」有甚麼注意事項？**
根據作者的描述，可以歸納出他認為看Live應注意以下事項：
1. **不要盲目拍攝**：作者對「拍手拍片」感到厭煩，暗示觀眾應專心欣賞表演，而非只顧著錄影。
2. **留意表演者的鋪排**：要懂得分辨表演者是在營造氣氛還是純粹演奏，不要輕易中計或作出不恰當的反應。
3. **懂判斷歌曲何時完結**：必須留意音樂的進度，**絕對不能在歌曲尚未結束時大叫「Encore」**，這是非常擾人且無知的行為。
4. **保持安靜**：在表演進行中不應喧嘩吵鬧（「冇嘈啦」）。

**(4) 請用比較禮貌、合適的文字，重新表達原文的原意。**

這次觀看「一番の宝物」的現場演出，實在是我人生中最掃興的一次經歷。

場地的燈光安排未如理想，全場維持粉紅色而沒有轉為白色，加上周圍觀眾紛紛舉機拍攝，已經讓人感到無奈。更誇張的是，主音與樂隊似乎故意配合，測試台下觀眾的反應，結果許多觀眾不懂得看場合，輕易中計並作出了失禮的舉動。

最令我氣憤的是，在歌曲還未演奏完畢時，身後竟然有人大叫「Encore！」。這種完全不理解表演流程的行為實在令人難以接受，我當下忍不住轉身制止他，請他安靜並停止喧嘩。

經過這次經歷，我實在覺得部分香港觀眾的音樂禮儀有待改善，與其在現場製造混亂，倒不如留在家中聽錄音室版本（熱咖啡）算了。 [end of text]


