### 客觀情況概述

這個人是一位中年男性（自稱「阿叔」），13歲就開始工作，擁有多年勞動經驗。他觀察到現在年輕求職者（「靚仔靚妹」）抱怨找不到工作，但他認為問題不在於僱主提供的條件不足，而是年輕求職者自身有問題。

他所描述的具體情況包括：
- 年輕求職者要求「現金糧」（即現金出糧，可能涉及避稅或彈性工作）
- 求職者缺乏經驗和學歷
- 求職者嫌棄工作辛苦、污糟、冇前景、人工低
- 他本人年輕時完全不介意這些條件，因為知道自己條件不好就冇選擇

他得出的結論是：**「唔係公司舖頭offer唔夠，係根本上啲人有問題」**——即不是僱主開出的條件不夠好，而是求職者本身有問題。

---

### 是否同意他的結論？

**部分同意，但不同意其歸因的全面性。**

**同意的部分：**
- 確實有些年輕求職者對工作條件要求過高，而自身條件（學歷、經驗）不足，形成錯配。
- 在某些行業（如勞動密集型、低技術工種），願意吃苦的人確實減少，導致招聘困難。

**不同意的部分：**
1. **忽略了市場結構性變化**：今時唔同往日，香港經濟結構已轉向服務業和知識型經濟，低技術勞動工種的待遇和晉升空間確實有限，並非單純「唔捱得」。
2. **「現金糧」的合理性**：要求現金糧有時是因為僱主逃避強積金、勞工保險等法定責任，並非求職者「唔配合」。有些求職者要求現金糧，可能是因為需要即時現金周轉，或擔心僱主不守法。
3. **世代差異與社會成本**：13歲出嚟做嘢在幾十年前是常態，但現在有最低工齡、強制教育等法規，年輕人有更多選擇和權利意識，不應簡單以「自己當年都得」來否定今日的選擇。
4. **問題可能是雙向的**：僱主如果長期請唔到人，除了求職者問題，也可能反映工資、工時、工作環境或晉升前景確實落後於市場平均水平。

**總結：**
這位阿叔的觀察有一定現實基礎——部分年輕求職者確實存在「眼高手低」的問題。但他將問題完全歸咎於求職者，忽略了勞動市場的結構性轉變、僱主責任和世代差異。更平衡的看法是：**招聘困難是雙向問題，僱主需要提升待遇和尊重，求職者也需要調整心態和提升自身競爭力。** [end of text]


