Okay, let's break down this paragraph.

**Overview of the Situation:**

The author is observing a trend where attractive young people are complaining about not being able to find jobs. He's particularly puzzled by the fact that some companies are offering cash payments (presumably as an incentive) to attract applicants. He believes that these individuals are not a good fit for jobs that require cash payments, as they likely lack the necessary experience and education. He argues that the job market is competitive, and employers are looking for candidates who can handle the challenges of the job, such as hard work, unpleasant tasks, and low pay. He contrasts this with his own experience, where he started working at a young age and was willing to accept these challenges. He concludes that the reason why some people are struggling to find jobs is not because of the job market, but because of their own shortcomings.

**Critique:**

The author's argument is based on a number of assumptions that may not be accurate. For example, he assumes that all attractive young people are not qualified for jobs that require cash payments. However, this is not necessarily the case. Some attractive young people may have the necessary skills and experience, but they may be looking for jobs that offer better pay and benefits.

The author also assumes that the job market is competitive. However, this is not always the case. In some industries, there may be a shortage of qualified workers. This means that employers may be willing to offer higher pay and benefits to attract applicants.

Finally, the author assumes that the reason why some people are struggling to find jobs is because of their own shortcomings. However, this is not always the case. Some people may be struggling to find jobs because of discrimination, lack of opportunity, or other factors.

Overall, the author's argument is not very convincing. He makes a number of assumptions that may not be accurate, and he does not provide any evidence to support his claims.

**Conclusion:**

I do not agree with the author's conclusion. I believe that there are a number of factors that can contribute to people struggling to find jobs, and it is not always the case that the problem lies with the individual.

**Cantonese Translation:**

Okay, 讓我分析一下呢段文字。

**情況概述:**

呢個作者觀察到一個現象，好多外表吸引嘅年輕人話搵唔到工，佢覺得好奇怪。佢特別唔明點解有啲公司會用現金支付嚟吸引求職者。佢認為呢啲人唔適合做需要現金支付嘅工作，因為佢哋可能缺乏經驗同學歷。佢話而家嘅就業市場競爭激烈，僱主想搵到可以勝任工作嘅人，可以應付辛苦、骯髒嘅工作，同埋接受低薪。佢將自己嘅經歷同呢啲人比較，佢話佢細個已經出嚟做嘢，而且願意接受呢啲挑戰。佢最後得出結論，話有啲人搵唔到工唔係因為就業市場嘅問題，而係因為佢哋自身嘅問題。

**評論:**

呢個作者嘅論點係基於一啲未必準確嘅假設。例如，佢假設所有外表吸引嘅年輕人都唔適合做需要現金支付嘅工作。但係，呢個未必係真。有啲外表吸引嘅年輕人可能具備必要嘅技能同經驗，但係佢哋可能想搵啲人工同福利更好嘅工作。

作者仲假設而家嘅就業市場競爭激烈。但係，呢個唔係永遠都係咁。喺一啲行業，可能出現缺乏合資格嘅工人嘅情況。噉樣，僱主可能會願意提供更高嘅人工同福利嚟吸引求職者。

最後，作者假設有啲人搵唔到工嘅原因係因為佢哋自身嘅問題。但係，呢個唔係永遠都係咁。有啲人可能因為歧視、缺乏機會或者其他因素而搵唔到工。

總體嚟講，作者嘅論點唔係好有說服力。佢做咗一啲未必準確嘅假設，而且佢冇提供任何證據嚟支持佢嘅論點。

**結論:**

我唔同意作者嘅結論。我認為有好多因素可以導致有啲人搵唔到工，而且唔係一定係因為佢哋自身嘅問題。
 [end of text]


