## 情況概述

呢段文字嘅作者係一位**13歲就出嚟做過工嘅阿叔**，而家面對一個佢覺得**完全唔合理**嘅社會現象：靚仔靚妹話搵唔到工。

佢嘅整體處境係：
- 佢**早早就入咗社會**，13歲已經出嚟做嘢，所以對「搵工」呢件事有親身經驗，唔係書本上講嘅道理。
- 佢**唔介意辛苦、污糟、低人工、冇前景**——佢已經接受咗呢啲條件，甚至覺得自己可以承受。
- 佢**唔係一個「搵唔到工」嘅人**，佢係一個**「搵到工」嘅人**，所以佢嘅觀察係從一個**成功入職者**嘅角度出發。

佢遇到嘅問題係：
- 而家啲靚仔靚妹話搵唔到工，但**佢自己13歲就出嚟做過工**，所以佢覺得呢個現象**唔合理**。
- 佢**唔明白點解公司要用現金糧去吸引求職者**——佢覺得自己已經唔介意呢啲條件，點解仲要現金糧？
- 佢**唔明白點解靚仔靚妹會搵唔到工**——佢覺得自己條件唔好都搵到工，佢哋應該搵到。

## 我同意唔同意佢嘅結論

**我唔完全同意佢嘅結論。**

佢嘅**觀察**係有道理嘅：
- 13歲出嚟做過工，確實對「搵工」有親身經驗。
- 自己唔介意辛苦、污糟、低人工，確實係一個優勢。
- 而家啲靚仔靚妹話搵唔到工，確實係一個值得思考嘅現象。

但佢嘅**結論**有幾個問題：

**1. 佢忽略咗「學歷」呢個關鍵因素。**
佢話「自身條件唔好就根本上冇選擇」，但**學歷其實係一個重要嘅門檻**。靚仔靚妹通常有學歷，而**學歷係入職嘅基本條件**。如果一個靚仔靚妹有學歷，但**唔肯接受低人工、唔肯接受辛苦、唔肯接受污糟**，咁佢哋就**根本唔符合公司嘅要求**。

**2. 佢忽略咗「現金糧」嘅實際意義。**
現金糧唔係只係「錢」，而係**一個公司對員工嘅承諾**。如果公司**冇現金糧**，就代表**公司唔肯長期投資員工**，員工**自然唔會願意長期留低**。靚仔靚妹通常**有家庭責任、有生活壓力**，如果公司**冇現金糧**，佢哋就**唔會願意接受**。

**3. 佢嘅結論太絕對。**
「根本上啲人有問題」呢句**太絕對**。其實**公司嘅問題**亦都係一個重要因素——**如果公司唔肯提供合理嘅待遇、唔肯提供發展機會**，咁就算靚仔靚妹**願意接受低人工**，佢哋**亦都唔會願意長期留低**。

**4. 佢嘅結論忽略咗「市場」嘅複雜性。**
「而家話請唔到人」唔係一個簡單嘅問題，而係**一個複雜嘅社會現象**。有**公司嘅問題**、有**員工嘅問題**、有**市場嘅問題**、有**政策嘅問題**，**唔係一個因素可以解釋**。

## 總結

佢嘅**觀察**係有道理嘅，但佢嘅**結論**太絕對、太片面。佢**忽略咗學歷、現金糧嘅實際意義、公司嘅問題、市場嘅複雜性**。

**搵唔到工**唔係一個簡單嘅問題，而係一個**多因素交織**嘅社會現象。要解決呢個問題，**唔係單靠員工改變態度**，而係**需要公司、政府、社會**一齊努力。 [end of text]


