Here is a critique of the paragraph, broken down into the objective situation, the problems identified, and an evaluation of the conclusion.

### 1. Overview of the Objective Situation

**Who is he?**
The speaker is an older individual (likely middle-aged or senior) who has been working since the age of 13. He describes himself as an "uncle" (阿叔) and positions himself as someone who has survived in the labor market for decades, possessing a "survivor’s mindset" that prioritizes job security and income over work-life balance or career prestige.

**What is his overall situation?**
He is currently observing the current job market, specifically noting the difficulty young people ("handsome guys and pretty girls," i.e., young job seekers) are having in finding employment. He contrasts their struggles with his own long-term experience. He is likely currently employed or has a stable source of income, allowing him to look down on the current generation's complaints. He views the labor market through a lens of pure transactional value: skills/experience vs. salary.

**What problem(s) has he run into, and why?**
Strictly speaking, the speaker has **not** run into a personal problem in this paragraph. Instead, he is reacting to a **social phenomenon**: the widespread complaint among young people that they cannot find jobs.

However, the "problem" he is addressing is the **mismatch between expectations and reality** in the job market. He perceives that young people are complaining about low salaries, lack of prospects, and difficult working conditions, yet they lack the fundamental qualifications (experience, education) to command better terms. He sees this as a failure of the job seekers, not the employers.

### 2. Discussion of His Conclusion

**His Conclusion:**
> "I finally understand why companies say they can't hire people. It's not that companies/shops aren't offering enough [salary/benefits]; it's fundamentally that the people [job seekers] have problems."

**Do I agree with his conclusion?**
**Partially, but with significant caveats.** His conclusion is a classic example of **survivorship bias** and **generational disconnect**. While there is some truth to his point, it is an oversimplification that ignores structural economic factors.

#### Points of Agreement (The "Truth" in his view):
1.  **Skills Mismatch:** It is objectively true that many entry-level jobs require specific skills, experience, or education. If a candidate lacks these, they are less competitive. Employers are rational actors; they hire based on perceived value.
2.  **Expectation Gap:** There is a valid point that some young job seekers may have unrealistic expectations about starting salaries or working conditions, especially in a competitive market.
3.  **Work Ethic Perception:** Older generations often value resilience and adaptability. The speaker’s willingness to work from age 13 and accept "cash wages" (which often imply lower tax/social security benefits but higher take-home pay or flexibility) reflects a different risk tolerance than today’s youth, who may prioritize stability, benefits, and work-life balance.

#### Points of Disagreement (The Flaws in his view):
1.  **Structural Economic Issues:** The current job market is not just about individual "problems." It is affected by:
    *   **Automation and AI:** Many entry-level jobs are disappearing or being transformed.
    *   **Economic Slowdown:** In many regions, economic growth has slowed, leading to fewer new job openings.
    *   **Over-education:** Many young people have degrees but lack practical experience, creating a "credential inflation" problem that employers struggle to navigate.
2.  **The "Cash Wage" (現金糧) Argument is Flawed:**
    *   The speaker asks, "Why do companies use cash wages to attract job seekers?" This is a misunderstanding. **Cash wages are not a "perk" to attract high-quality talent; they are often a sign of informal, low-regulation, or precarious employment.**
    *   Young people are not "complaining" about cash wages because they are lazy; they are avoiding them because cash wages often mean **no social security, no unemployment insurance, no legal protection, and no retirement savings.** For a young person starting a career, long-term stability and legal protection are more valuable than a slightly higher immediate take-home pay.
    *   The speaker’s acceptance of cash wages is a product of his era and personal circumstances, not a universal standard of "good" employment.
3.  **Ageism and Lack of Empathy:**
    *   The speaker dismisses young people’s complaints about "hard work, messiness, no prospects, and low pay" as mere "complaining" (根呻). This ignores the reality that many young people are facing **gig economy instability**, **high cost of living**, and **limited upward mobility**.
    *   Saying "if your conditions are bad, you fundamentally have no choice" is a harsh and somewhat fatalistic view that ignores systemic barriers. Not everyone can or should work from age 13.
4.  **Misdiagnosis of "Can't Hire People":**
    *   When companies say they "can't hire people," it is often because:
        *   They are not offering competitive salaries for the skills required.
        *   The job culture is toxic.
        *   The role is poorly defined.
        *   There is a genuine skills gap that requires training, which companies are unwilling to provide.
    *   Blaming the "people" entirely shifts the responsibility away from employers who may need to adapt their hiring practices, training programs, or compensation structures.

### Final Verdict

The speaker’s conclusion is **self-serving and outdated**. It reflects a worldview shaped by a different economic era where survival was the primary goal. While he is correct that job seekers need to align their skills with market demands, he fails to recognize that:

1.  **Young people are making rational choices** to avoid precarious, unprotected employment (cash wages).
2.  **The job market has structurally changed**, making entry-level jobs harder to find and less stable.
3.  **Employers share responsibility** for the hiring gap by not adapting to new workforce expectations or providing adequate training.

His view is a classic case of **generational bias**: judging the current generation by the standards of his own, without acknowledging the different economic, social, and technological contexts they face. [end of text]


