以下係對呢段文字嘅評論、客觀情況分析，以及我對佢結論嘅睇法：

### 對段落嘅評論
呢段文字嘅語氣充滿長輩式嘅說教同埋怨氣，帶有強烈嘅世代偏見。作者以過來人身份自居，將年輕人失業嘅問題完全歸咎於佢哋嘅個人態度，而忽略咗宏觀經濟、勞工市場結構轉變以及社會進步等因素。雖然作者點出咗部分現實（例如低學歷無經驗者缺乏選擇），但佢嘅論述以偏概全，邏輯上將「吃苦」同「合理待遇」對立起嚟，缺乏對現代勞工權益嘅同理心。

---

### 客觀情況分析

**1. 佢係邊個？**
作者自稱「阿叔」，並提到自己13歲就已經出嚟做嘢。由此推斷，佢應該係一位中年人（大概50歲或以上），屬於老一輩嘅基層勞動者。佢成長於香港經濟起飛嘅年代，習慣咗靠勞力同埋「捱苦」去換取生活。

**2. 佢嘅整體情況係點？**
佢目前可能係某間公司或店舖嘅老闆、主管，又或者只係一個旁觀嘅資深員工。佢眼見市面上有好多公司（包括佢所屬嘅地方）長期請唔到人，同時又見到社會上有大量年輕人（靚仔靚妹）抱怨失業。佢處於一個「有工無人做，有人無工做」嘅勞動力錯配現象之中。

**3. 佢遇到咩問題？點解？**
*   **問題一：請唔到人。** 佢發現公司提供嘅職位空缺（包括以「現金糧」即日支薪作招徠嘅工種）吸引唔到年輕人，或者年輕人做唔耐就辭職。
*   **問題二：年輕求職者條件與期望不符。** 佢觀察到好多抱怨失業嘅年輕人本身冇學歷、冇經驗，但同時又嫌份工辛苦、污糟、冇前景、人工低。
*   **點解會咁？**
    *   **從作者角度：** 佢認為係「啲人有問題」，即係年輕人太嬌生慣養，自身條件差卻不肯屈就，唔願意好似佢當年咁由低做起、吃苦耐勞。
    *   **從客觀角度：** 其實係勞動力市場嘅期望落差。現今年輕人即使冇學歷，對工作環境、生活平衡（Work-life balance）同勞工保障都有基本要求；而僱主提供嘅所謂「現金糧」往往係缺乏強積金、勞保或有薪假等保障嘅散工。加上通脹嚴重，低薪工作根本難以維生，導致年輕人寧願躺平或繼續尋找更好嘅機會，都唔願意做無保障嘅苦工。

---

### 我是否同意佢嘅結論？

佢嘅結論係：「請唔到人唔係offer唔夠，係根本上啲人有問題。」

**我部分同意，但大部分不同意。**

**同意嘅部分：**
的確有部分求職者存在「眼高手低」嘅問題。如果一個人冇學歷、冇特殊技能，又冇經驗，喺自由市場裡面確實冇咩議價能力。如果呢類求職者仲要堅持揀飲擇食，唔肯由基層做起，咁佢哋找不到工作確實係自身期望管理出咗問題。作者講「自身條件唔好就根本上冇選擇」喺現實商業社會中係殘酷但真實嘅道理。

**不同意嘅部分：**
將「請唔到人」完全歸咎於「人有問題」係推卸責任同忽視時代變遷。
1.  **時代背景不同：** 作者13歲出來做工嘅年代，香港百業待興，只要肯捱就容易有上位機會，人工增長快。但而家香港產業結構單一，基層工種（如清潔、飲食、物流）嘅薪金增長遠遠追不上樓價和通脹。以前「捱得」可以上樓成家立室，而家「捱得」可能只係勉強夠交租。年輕人拒絕無前景嘅低薪工作，係理性嘅市場選擇，而唔單純係怕吃苦。
2.  **勞工權益意識提升：** 作者唔介意辛苦污糟，係因為佢接受咗嗰個年代嘅遊戲規則。而家嘅年輕人重視勞工法例、職業安全同埋尊嚴。所謂「現金糧」好多時係僱主為咗逃避強積金同勞保責任嘅手段。年輕人拒絕呢類無保障嘅工種，係對自身權益嘅合理維護，而唔係「有問題」。
3.  **僱主責任：** 一間公司長期請唔到人，好大程度上係因為薪酬福利同工作環境缺乏競爭力。如果個市場真係有大量求職者，僱主就需要改善條件（加人工、改善環境）去吸引人才，而唔係一味指責求職者不肯吃苦。

總括而言，作者用上世紀嘅生存邏輯去批判今時今日嘅勞動市場，雖然點出了部分求職者不切實際嘅現象，但完全忽略了社會進步、經濟結構同勞工權益嘅轉變。請唔到人，係市場供需同期望出現嚴重錯配嘅結果，唔可以單方面賴「啲人有問題」。 [end of text]


