 to=self<|message|>Complete the realpath() function:

```
function realpath() {
    # implement with python
    python3 -c <fill_in_this>
}
```

Just write the realpath() function. You do not have to explain anything.

We need provide function with python code. Probably need to accept arguments? realpath() function with no args? In usage: my_real_path=$(realpath "$0") So function should accept args.

Implement with python3 -c ... Need to print realpath of argument.

Simple python: import os,sys; print(os.path.realpath(sys.argv[1]))

But need handle multiple args? Probably just first.

Provide function:

function realpath() {
    python3 -c 'import os,sys; print(os.path.realpath(sys.argv[1]))' "$1"
}

But they want fill_in_this. Might need to pass arguments.

Probably:

function realpath() {
    python3 -c 'import os,sys; [print(os.path.realpath(a)) for a in sys.argv[1:]]'
}

Let's output just function.

Probably keep as requested.

Output:

function realpath() {
    python3 -c 'import os,sys; print(os.path.realpath(sys.argv[1]))' "$1"
}

Done.<|start|>assistant to=user<|message|>```bash
function realpath() {
    python3 -c 'import os,sys; print(os.path.realpath(sys.argv[1]))' "$1"
}
``` [end of text]


