 to=self<|message|>Given a text file with lines that contain names sorted in lexicographical order.
Discuss how to perform a binary search on the file directly, using at most O(log(n)) operations.

Write python function def binary_search_file(file_path, target) returns byte position of target, or insertion point (as in bisect_left).

Example file:
1 I go to school
2 by bus
foo bar
hello world
zoo zoo zoo

binary_search_file("myfile.txt", b"2 by") should return 17

We need discuss and provide code. Probably need to get file size, seek mid, find line boundary.

Implement binary search on file: need to find line start. Use seek, read a chunk, find newline.

Simplify: assume lines end with \n. Use os.stat size. low=0 high=size. While low<high: mid... seek to mid, find previous newline, read line, compare.

Return byte position of line start, or insertion point.

Provide code.

Return position as int.

Implement.

<|start|>assistant to=user<|message|>Binary search on a file works exactly like binary search on an array, the only difference is that you cannot index a line directly. You can index a *byte offset* and you can move the file pointer with `seek`. The file is sorted line by line, so the order of the byte offsets of the line starts is the same as the lexicographic order of the lines.

The algorithm is:

1. `size = os.stat(file_path).st_size`
2. `low = 0, high = size`
3. While `low < high`:
   * `mid = (low + high) // 2`
   * Seek to `mid` and move back to the start of the line that contains `mid`
   * Read that whole line
   * Compare `line.rstrip(b'\n')` with `target`
   * If `line < target` → `low = line_end`
   * If `line >= target` → `high = line_start`
4. `low` is the insertion point, i.e. the byte offset of the first line `>= target`. If the line equals the target the offset is the start of that line.

Finding the line start from an arbitrary `mid` is O(1) amortised: seek to `mid`, read one byte backwards until `\n` or start of file, then seek forward to the next `\n`. Reading the line itself is bounded by the line length.

```python
import os

def _line_start(f, pos):
    if pos <= 0:
        return 0
    f.seek(pos)
    # go back at most one line, stop at newline
    # read a small window backwards
    # simplest: seek to max(0,pos-4096) and scan forward
    window = 4096
    start = max(0, pos - window)
    f.seek(start)
    data = f.read(pos - start + 1)
    idx = data.rfind(b'\n')
    if idx == -1:
        return 0
    return start + idx + 1

def _line_end(f, start):
    f.seek(start)
    # read until newline
    line = f.readline()
    return f.tell()

def binary_search_file(file_path, target: bytes) -> int:
    """
    Return the byte offset of the first line >= target.
    If the line equals target the offset of that line is returned.
    Behaves like bisect_left on the list of lines.
    """
    if not isinstance(target, bytes):
        target = target.encode()
    size = os.stat(file_path).st_size
    if size == 0:
        return 0

    with open(file_path, 'rb') as f:
        low = 0
        high = size

        while low < high:
            mid = (low + high) // 2
            line_start = _line_start(f, mid)
            # clamp mid to line_start to avoid reading previous line
            f.seek(line_start)
            line = f.readline().rstrip(b'\r\n')
            # empty line at EOF
            if not line and f.tell() >= size:
                line_end = size
            else:
                line_end = f.tell()

            if line < target:
                low = line_end
            else:
                # line >= target
                high = line_start

        return low
```

Complexity
* Each iteration halves the search interval → `O(log N)` iterations where `N` is number of lines.
* Each iteration does a constant amount of I/O: one `seek`, one small backward scan and one `readline`. Hence `O(log N)` file operations.

The function returns the byte position of the line start. For the example

```
0  1 I go to school\n
17 2 by bus\n
...
```

`binary_search_file("myfile.txt", b"2 by")` returns `17`, the start of the line `2 by bus`. If the target is absent, e.g. `b"3 ..."`, the returned offset is the insertion point where the line would be inserted to keep the file sorted, exactly the semantics of `bisect_left`. [end of text]


