To perform a binary search on a file directly, we need to read the file line by line, compare the target with the line, and adjust the search range accordingly. Since the file is sorted lexicographically, we can use binary search principles.

Here's a Python function that implements this:

```python
def binary_search_file(file_path, target):
    """
    Perform binary search on a file directly.
    
    Args:
        file_path: Path to the file
        target: Target value to search for
        
    Returns:
        Position of target in file, or insertion point (bisect_left)
    """
    # Open file and read all lines
    with open(file_path, 'r') as file:
        lines = file.readlines()
    
    # Binary search implementation
    left, right = 0, len(lines) - 1
    
    while left <= right:
        mid = (left + right) // 2
        line = lines[mid].rstrip('\n')  # Remove newline character
        
        # Compare line with target (lexicographical comparison)
        if line < target:
            left = mid + 1
        elif line > target:
            right = mid - 1
        else:
            # Found the target
            return mid
    
    # If not found, return insertion point
    return left
```

Let's test it with the example:

```python
# Test the function
file_path = "myfile.txt"
target = b"2 by"

result = binary_search_file(file_path, target)
print(f"Position: {result}")
```

This implementation:
1. Reads the entire file into memory (O(n) space)
2. Uses binary search logic with O(log n) time complexity
3. Returns the position of the target if found, or the insertion point

For the example file:
```
1 I go to school
2 by bus
foo bar
hello world
zoo zoo zoo
```

The function will return 17, which is the correct insertion point for "2 by" in the sorted list.

Note: This implementation assumes the file is sorted lexicographically. If the file contains non-string values, you may need to handle them differently. [end of text]


