## Intended purpose

`s` is a **quicksort partition helper** (the classic Lomuto-style partition used in the textbook quicksort algorithm). Given a slice `a`, it picks the first element `p` as the pivot, splits the remaining elements into `l` (≤ pivot) and `r` (> pivot), and returns the reordered slice with the pivot placed between them: `l + [p] + r`.

It is *not* a complete sort — it only performs one partitioning step. In a full quicksort you'd call `s` recursively on `l` and `r`.

## Code review

**Correctness**
- The logic is correct for the stated purpose (single partition).
- Edge cases are handled: `len(a) <= 1` returns early, so empty and single-element inputs work.
- No infinite recursion here (this is one function, not the recursive driver).

**Efficiency**
- **O(n) time** — each element is visited exactly once. Good.
- **O(n) extra space** — it allocates two new lists `l` and `r` plus a copy of the pivot. This is the classic Lomuto partition's space cost. Hoare/Dichotomous partitions can do better, but Lomuto is simpler and stable-ish in behavior.
- The pivot choice `a[0]` is the worst-case choice for already-sorted input (O(n²) on that input). A random or median-of-three pivot would be more robust.

**Style / implementation details**
- `l + [p,] + r` allocates a new list for the pivot singleton and concatenates three lists — three allocations per call.
- The two list comprehensions iterate `a[1:]` twice, so the input is traversed twice.
- `if len(a) <= 1: return a` returns a *copy* of the input for the base case; returning `a` directly would be fine since it's never mutated.
- The function name `s` is vague; something like `partition` or `quick_sort_partition` would be clearer.
- The function doesn't document its contract (returns a partitioned copy, pivot at index `len-1`... actually pivot at index `len//2`... let me be precise: pivot ends up at position `len(l)`, i.e., between the two halves).

## Rust implementation

Here's a Rust version that performs the same single-partition operation, with improvements:

```rust
/// Partitions a slice in-place around the first element as pivot.
///
/// Elements ≤ pivot go to the front, elements > pivot to the back.
/// Returns the pivot index.
pub fn partition(a: &mut [i32]) -> usize {
    let len = a.len();
    if len <= 1 {
        return 0;
    }

    let pivot = a[0];
    let mut i = 1; // insertion point for pivot
    // Move all elements ≤ pivot to the front
    for j in 1..len {
        if a[j] <= pivot {
            a.swap(i, j);
            i += 1;
        }
    }
    // Place pivot between the two partitions
    a.swap(0, i);
    i
}
```

This is the **Hoare-style in-place partition** — same O(n) time but O(1) extra space (no allocations).

If you want the exact same *output semantics* as the Python (returns a new Vec with pivot in the middle), here's a version that keeps the copy but is more efficient:

```rust
/// Partitions a slice, returning a new vector with the pivot in the middle.
pub fn partition_copy(a: &[i32]) -> Vec<i32> {
    let mut v = a.to_vec();
    partition(&mut v)
}
```

The in-place version is generally preferred in practice since it avoids the O(n) allocation. [end of text]


