 to=self<|message|>Consider python code... What is its intended purpose? Then review code... Finally write new function with fixes/improvements in Rust.

Intended purpose: quicksort partition? Actually it's like partition step but returns l + [p] + r where l <= p and r > p. That's a stable partition around pivot first element. Not sorting fully. Maybe intended quicksort? It's one pass partition.

Mistakes: recursion? No. Inefficient list comprehensions twice iterate. Style: trailing comma, etc.

Provide Rust implementation.

We need new function with fixes/improvements. Probably implement quicksort properly? Or just improved partition.

Probably implement sort function using quicksort with better pivot, in-place.

Provide Rust code.

Let's output analysis and Rust code.

<|start|>assistant to=user<|message|>The code is a single-pass partition around the first element `p = a[0]`.

```python
l = [x for x in a[1:] if x <= p]   # elements <= pivot
r = [x for x in a[1:] if x >  p]   # elements >  pivot
return l + [p,] + r
```

It is the partition step that you would find inside a quicksort / quickselect. Given an input list it returns a new list where all elements `<= p` come first, then `p`, then all elements `> p`. It is stable for the `<=` side because the list comprehensions preserve order, and it is not in-place.

It is **not** a full sort. Applied repeatedly it would be a quicksort, but as written it only does one level of partitioning.

### Review

**Correctness / intent**
* The function name `s` is meaningless.
* It only partitions once, it does not recursively sort `l` and `r`. If the intention was to sort, the function is incomplete.
* The pivot choice is always `a[0]`. That is O(n²) on already sorted input and is vulnerable to worst-case attacks.
* `x <= p` puts duplicates on the left side. That is fine but leads to unbalanced partitions for many equal keys.

**Mistakes**
* No handling of non-list iterables, no type hints.
* `return l + [p,]` uses a trailing comma which creates a 1-tuple then is unpacked by `+`. It works but is confusing style.
* Two passes over `a[1:]` with two list comprehensions. The input is scanned twice.

**Style**
* No docstring, no type hints.
* Single letter names `a, p, l, r` are not descriptive.
* Early return `if len(a) <= 1: return a` returns the original list object, which is mutable aliasing. Better to return a copy or work on a new list consistently.
* Pythonic idiom would be `return [*l, p, *r]`.

**Efficiency**
* Time: O(n) for the partition, but it allocates three new lists and copies every element.
* Space: O(n) extra. Not in-place.
* For a real sort the repeated allocation makes it O(n log n) extra memory.

A proper improvement is a real in-place quicksort with a better pivot strategy, tail recursion elimination and handling of duplicates.

### Improved Rust implementation

Below is a complete, idiomatic Rust quicksort that keeps the same partitioning idea but fixes the issues: in-place, generic over `Ord`, uses median-of-three pivot to avoid worst case, avoids extra allocations, and has clear names.

```rust
/// In-place quicksort for slices of `Ord` items.
/// Uses median-of-three pivot selection and insertion sort for small partitions.
pub fn quicksort<T: Ord>(slice: &mut [T]) {
    if slice.len() <= 1 {
        return;
    }
    quicksort_rec(slice);
}

fn quicksort_rec<T: Ord>(slice: &mut [T]) {
    // Use insertion sort for tiny slices – faster in practice
    if slice.len() < 16 {
        insertion_sort(slice);
        return;
    }

    // median-of-three pivot selection
    let len = slice.len();
    let mid = len / 2;
    let a = &slice[0];
    let b = &slice[mid];
    let c = &slice[len - 1];
    let pivot_idx = median_of_three_index(a, b, c, 0, mid, len - 1);
    slice.swap(0, pivot_idx);

    let p = partition(slice);
    // Recurse on smaller side first to keep stack O(log n)
    if p > 0 {
        quicksort_rec(&mut slice[..p]);
    }
    if p + 1 < len {
        quicksort_rec(&mut slice[p + 1..]);
    }
}

fn median_of_three_index<T: Ord>(a: &T, b: &T, c: &T, i: usize, j: usize, k: usize) -> usize {
    if a <= b {
        if b <= c { j } else if a <= c { k } else { i }
    } else {
        if a <= c { i } else if b <= c { k } else { j }
    }
}

fn partition<T: Ord>(slice: &mut [T]) -> usize {
    let pivot = slice[0].clone();
    let mut i = 0;
    // Lomuto-style partition but with two pointers for stability of <=
    let mut left = 1;
    let mut right = slice.len() - 1;

    while left <= right {
        if slice[left] <= pivot {
            slice.swap(i + 1, left);
            i += 1;
            left += 1;
        } else {
            slice.swap(left, right);
            right -= 1;
        }
    }
    slice.swap(0, i);
    i
}

fn insertion_sort<T: Ord>(slice: &mut [T]) {
    for i in 1..slice.len() {
        let mut j = i;
        while j > 0 && slice[j - 1] > slice[j] {
            slice.swap(j - 1, j);
            j -= 1;
        }
    }
}

#[cfg(test)]
mod tests {
    use super::quicksort;

    #[test]
    fn basic() {
        let mut v = vec![3, 1, 4, 1, 5, 9, 2, 6];
        quicksort(&mut v);
        assert_eq!(v, vec![1, 1, 2, 3, 4, 5, 6, 9]);
    }
}
```

The Rust version:

* Is generic and works for any `Ord` type.
* Sorts in-place with `O(log n)` average stack and `O(n log n)` average time.
* Uses median-of-three pivot and insertion sort cutoff to avoid the quadratic worst case of the original `a[0]` pivot.
* Has clear names, documentation and tests.
* No extra allocations per partition.

If you only wanted the original one-pass stable partition, the Rust equivalent would be:

```rust
fn stable_partition_first_pivot<T: Ord + Clone>(a: &[T]) -> Vec<T> { ... }
```

but the full quicksort above is the intended useful improvement of the snippet. [end of text]


