### Intended Purpose

The intended purpose of the Python code is to **partition an array** around a pivot element. It takes the first element of the array as the pivot (`p = a[0]`), creates a list of elements less than or equal to the pivot (`l`), and a list of elements strictly greater than the pivot (`r`). Finally, it returns a new list with the arrangement `[less than or equal] + [pivot] + [greater than]`.

*Note:* At first glance, this looks like the partitioning step of the QuickSort algorithm. However, because it lacks a recursive call to sort the `l` and `r` sublists, it does not actually sort the array. It simply performs a single pass of partitioning.

---

### Code Review

#### 1. Mistakes / Correctness
*   **Not a complete sort:** If the author intended to write a sorting function, the algorithm is incomplete. It needs to recursively call itself on the `l` and `r` arrays and combine them: `return s(l) + [p] + s(r)`.
*   **Not in-place:** If this was intended to be used as the partition step for an optimized QuickSort, it creates new lists instead of partitioning the existing list in-place. 

#### 2. Efficiency
*   **Time Complexity:** The function iterates over `a[1:]` twice (once for `l`, once for `r`), making the time complexity $O(N)$. While technically fine for a single partition pass, iterating twice is inefficient. This could be done in a single pass.
*   **Space Complexity:** $O(N)$ auxiliary space. It creates two new lists (`l` and `r`) plus the returned concatenated list. A proper partition algorithm should operate in-place with $O(1)$ extra space.
*   **Slicing overhead:** In Python, `a[1:]` creates a copy of the rest of the array. Because this is done inside the list comprehensions, the array is actually copied *twice* per function call.

#### 3. Coding Style
*   **Poor naming conventions:** `s`, `a`, `p`, `l`, and `r` are too terse. Using full words like `partition`, `arr`, `pivot`, `left`, and `right` greatly improves readability.
*   **Unnecessary syntax:** `[p,]` is a somewhat archaic Python syntax. While valid, simply using `[p]` is the standard, cleaner way to write a single-element list.

---

### Rust Implementation

Below is the Rust implementation incorporating all the suggested improvements. I have provided two versions:
1. **The direct translation:** A safe, idiomatic Rust function that does exactly what the Python code does (returns a new partitioned vector), but optimized to do it in a single pass.
2. **The in-place version (Bonus):** How this should actually be implemented if you were writing a proper QuickSort partition step in Rust.

#### 1. Direct Translation (Single-pass, returning a new Vector)
```rust
fn partition<T: PartialOrd + Clone>(arr: &[T]) -> Vec<T> {
    if arr.len() <= 1 {
        return arr.to_vec();
    }

    let pivot = &arr[0];
    let mut left = Vec::new();
    let mut right = Vec::new();

    // Single pass iteration: O(N) time, avoiding double iteration
    for x in arr.iter().skip(1) {
        if x <= pivot {
            left.push(x.clone());
        } else {
            right.push(x.clone());
        }
    }

    // Construct the final result
    left.push(pivot.clone());
    left.extend(right);
    left
}
```

#### 2. In-Place Version (The "Proper" Way)
If you are writing a QuickSort algorithm, you shouldn't allocate new vectors. You should partition the slice in-place. Here is the standard Lomuto partition scheme implemented in Rust:

```rust
fn partition_in_place<T: PartialOrd>(arr: &mut [T]) -> usize {
    if arr.len() <= 1 {
        return 0;
    }
    
    let len = arr.len();
    let pivot_index = len - 1; // Often the last element is used in Lomuto
    let mut i = 0; // Index for the boundary of elements <= pivot

    for j in 0..pivot_index {
        if arr[j] <= arr[pivot_index] {
            arr.swap(i, j);
            i += 1;
        }
    }
    
    // Place the pivot in its correct sorted position
    arr.swap(i, pivot_index);
    
    // Return the final index of the pivot
    i
}
```

### Why these Rust details matter:
*   **Generics (`<T: PartialOrd + Clone>`):** Unlike Python, which is dynamically typed, Rust allows us to make this function generic over any type `T` that can be compared (`PartialOrd`) and copied/cloned (`Clone`).
*   **Borrowing (`&[T]` vs `&mut [T]`):** The first function takes an immutable slice `&[T]` because it only reads the data to create a new vector. The second takes a mutable slice `&mut [T]` because it rearranges the elements in-place without allocating new memory.
*   **`skip(1)`:** This is the idiomatic Rust equivalent of Python's `a[1:]`, but unlike Python, it does not copy the data; it just advances the iterator. [end of text]


