### Intended Purpose

The function `s(a)` is intended to implement the **quicksort** algorithm. It recursively partitions a list around a pivot element (the first element) and sorts the sublists.

However, there is a **critical logical error** in the partitioning logic that prevents it from working correctly as a sort.

---

### Code Review

#### 1. **Critical Bug: Incorrect Partitioning Logic**
The code uses:
```python
l = [x for x in a[1:] if x <= p]
r = [x for x in a[1:] if x > p]
return l + [p,] + r
```
This places all elements **less than or equal to** the pivot on the left, and all elements **greater than** the pivot on the right. This is actually **correct** for quicksort in terms of partitioning.

Wait — let’s double-check. In standard quicksort:
- Left partition: elements ≤ pivot
- Right partition: elements > pivot
- Then: `sort(left) + [pivot] + sort(right)`

But the code **does not recursively sort** `l` and `r`! It just returns `l + [p] + r` without calling `s(l)` and `s(r)`.

**This is the main bug.** The function does not recurse on the sublists. It only partitions once and returns the result, which is **not sorted** unless the input was already partitioned correctly.

So the function is **not a correct quicksort**. It’s just a single partition step.

#### 2. **Missing Recursion**
As noted, the function should be:
```python
return s(l) + [p] + s(r)
```
Without this, the function does not sort the sublists.

#### 3. **Inefficiency**
- The list comprehension iterates over `a[1:]` **twice** (once for `l`, once for `r`). This is O(n) per partition, but done twice, making it 2*O(n) = O(n) still, but with a larger constant factor.
- A single pass could be used to partition into two lists simultaneously.

#### 4. **Style Issues**
- `[p,]` is an unusual way to write a single-element list. `[p]` is more idiomatic.
- The variable names `l` and `r` are not descriptive. `left` and `right` would be better.
- The function name `s` is not descriptive. `quicksort` would be better.

#### 5. **Edge Cases**
- The base case `if len(a) <= 1: return a` is correct.
- However, if the input is not a list (e.g., a tuple or string), `len(a)` works, but the list comprehensions will fail or behave unexpectedly. The function assumes `a` is a list.

#### 6. **Stability**
Quicksort is not stable, and this implementation does not preserve the relative order of equal elements. This is expected for quicksort.

---

### Corrected Python Version (for reference)

```python
def quicksort(a):
    if len(a) <= 1:
        return a
    pivot = a[0]
    left, right = [], []
    for x in a[1:]:
        if x <= pivot:
            left.append(x)
        else:
            right.append(x)
    return quicksort(left) + [pivot] + quicksort(right)
```

---

### Rust Implementation

Now, let’s write a corrected and efficient quicksort in Rust.

#### Considerations for Rust:
1. **Ownership and borrowing**: We need to handle ownership carefully. Since we’re sorting a slice, we can either:
   - Take ownership of the vector and return a new sorted vector.
   - Sort in-place (more efficient, but more complex).
   
   For simplicity and clarity, I’ll implement a **functional-style quicksort** that takes a slice and returns a new sorted `Vec`.

2. **Recursion depth**: Quicksort can have O(n) recursion depth in the worst case. For large inputs, this could cause stack overflow. A production-quality implementation would use an iterative approach or tail-call optimization (not available in Rust). For this exercise, we’ll stick with recursion but note this limitation.

3. **Pivot selection**: Using the first element as the pivot can lead to O(n²) performance on already-sorted or reverse-sorted inputs. A better choice is the median-of-three or a random pivot. For simplicity, I’ll use the first element, but note this limitation.

4. **Efficiency**: Use a single pass to partition.

#### Rust Code:

```rust
fn quicksort<T: Ord + Clone>(a: &[T]) -> Vec<T> {
    if a.len() <= 1 {
        return a.to_vec();
    }
    
    let pivot = &a[0];
    let mut left = Vec::new();
    let mut right = Vec::new();
    
    for &x in &a[1..] {
        if x <= *pivot {
            left.push(x);
        } else {
            right.push(x);
        }
    }
    
    let mut result = quicksort(&left);
    result.push(pivot.clone());
    result.extend(quicksort(&right));
    result
}
```

#### Explanation:
- **Generic type `T`**: The function works for any type that implements `Ord` (for comparison) and `Clone` (to copy elements).
- **Base case**: If the slice has 0 or 1 elements, return a new `Vec` with those elements.
- **Partitioning**: Single pass through `a[1..]`, appending to `left` or `right` based on comparison with the pivot.
- **Recursion**: Recursively sort `left` and `right`, then combine: `sorted_left + [pivot] + sorted_right`.
- **Ownership**: We clone the pivot and elements as needed to satisfy Rust’s ownership rules.

#### Limitations:
- **Worst-case O(n²)**: If the input is already sorted or reverse-sorted, the pivot (first element) will always be the smallest or largest, leading to unbalanced partitions.
- **Stack overflow**: Deep recursion on large inputs can cause stack overflow.
- **Memory**: Creates new vectors at each recursion level, leading to O(n log n) space in the best case and O(n²) in the worst case.

#### Improved Version with Random Pivot (to avoid worst-case on sorted inputs):

```rust
use rand::Rng;

fn quicksort_random<T: Ord + Clone>(a: &[T]) -> Vec<T> {
    if a.len() <= 1 {
        return a.to_vec();
    }
    
    let mut rng = rand::thread_rng();
    let pivot_index = rng.gen_range(0..a.len());
    let pivot = a[pivot_index].clone();
    
    let mut left = Vec::new();
    let mut right = Vec::new();
    let mut middle = Vec::new();
    
    for &x in a {
        if x < pivot {
            left.push(x);
        } else if x == pivot {
            middle.push(x);
        } else {
            right.push(x);
        }
    }
    
    let mut result = quicksort_random(&left);
    result.extend(middle);
    result.extend(quicksort_random(&right));
    result
}
```

This version:
- Uses a **random pivot** to avoid worst-case performance on sorted inputs.
- Handles **equal elements** by grouping them in `middle`, which can improve performance on inputs with many duplicates.
- Requires the `rand` crate.

#### In-Place Quicksort (More Efficient):

For production use, an in-place quicksort is preferred. Here’s a sketch:

```rust
fn quicksort_inplace<T: Ord>(a: &mut [T]) {
    if a.len() <= 1 {
        return;
    }
    
    let pivot_index = partition(a);
    quicksort_inplace(&mut a[..pivot_index]);
    quicksort_inplace(&mut a[pivot_index + 1..]);
}

fn partition<T: Ord>(a: &mut [T]) -> usize {
    let n = a.len();
    let pivot = a[n - 1].clone();
    let mut i = 0;
    
    for j in 0..n - 1 {
        if a[j] <= pivot {
            a.swap(i, j);
            i += 1;
        }
    }
    
    a.swap(i, n - 1);
    i
}
```

This version:
- Sorts in-place, using O(log n) stack space.
- Uses the last element as the pivot.
- Is more memory-efficient but more complex.

For the purpose of this exercise, the first functional version is sufficient, but the in-place version is recommended for production use. [end of text]


