Okay, let's break down the Python code, analyze it, and then reimplement it in Rust with improvements.

**Analysis of the Python Code**

*   **Intended Purpose:** The Python code implements the Quicksort algorithm. It selects the first element of the input list `a` as the pivot (`p`). It then partitions the remaining elements into two sublists: `l` (elements less than or equal to the pivot) and `r` (elements greater than the pivot). Finally, it concatenates `l`, the pivot, and `r` to produce a partially sorted list.  Note that this is *not* a complete Quicksort implementation, as it doesn't recursively sort the sublists.

*   **Mistakes:** The code is not a complete Quicksort implementation. It only performs one partitioning step. To be a complete Quicksort, it would need to recursively call itself on the `l` and `r` sublists.

*   **Coding Style:**
    *   The code is reasonably readable.
    *   The variable names (`a`, `p`, `l`, `r`) are short but understandable in the context.
    *   List comprehensions are used effectively for partitioning.

*   **Efficiency:**
    *   The code has a time complexity of O(n) for a single partitioning step, where n is the length of the input list.
    *   The space complexity is O(n) because it creates new lists `l` and `r` to store the partitioned elements.  This can be improved with in-place partitioning.
    *   Choosing the first element as the pivot can lead to worst-case O(n^2) performance if the input list is already sorted or nearly sorted.  A better pivot selection strategy (e.g., random pivot) would improve average-case performance.

*   **Implementation Details:**
    *   The code uses list comprehensions, which are a concise way to create new lists based on existing ones.
    *   The `[p,]` syntax creates a single-element list containing the pivot.

**Improved Rust Implementation**

Here's a Rust implementation of Quicksort, incorporating the suggested improvements:

```rust
use rand::Rng;

fn quicksort<T: Ord + Copy>(arr: &mut [T]) {
    if arr.len() <= 1 {
        return;
    }

    let len = arr.len();
    let pivot_index = rand::thread_rng().gen_range(0..len); // Random pivot selection
    arr.swap(pivot_index, len - 1); // Move pivot to the end

    let mut i = 0;
    for j in 0..len - 1 {
        if arr[j] <= arr[len - 1] {
            arr.swap(i, j);
            i += 1;
        }
    }
    arr.swap(i, len - 1); // Move pivot to its final sorted position

    let (left, right) = arr.split_at_mut(i);
    quicksort(left);
    quicksort(&mut right[1..]); // Exclude the pivot from the right sub-array
}

fn main() {
    let mut numbers = [5, 2, 9, 1, 5, 6];
    quicksort(&mut numbers);
    println!("{:?}", numbers); // Output: [1, 2, 5, 5, 6, 9]

    let mut empty: [i32; 0] = [];
    quicksort(&mut empty);
    println!("{:?}", empty); // Output: []

    let mut single = [7];
    quicksort(&mut single);
    println!("{:?}", single); // Output: [7]

    let mut already_sorted = [1, 2, 3, 4, 5];
    quicksort(&mut already_sorted);
    println!("{:?}", already_sorted); // Output: [1, 2, 3, 4, 5]

    let mut reverse_sorted = [5, 4, 3, 2, 1];
    quicksort(&mut reverse_sorted);
    println!("{:?}", reverse_sorted); // Output: [1, 2, 3, 4, 5]
}
```

Key improvements and explanations:

*   **Complete Quicksort:** The Rust code implements a full Quicksort algorithm with recursive calls on the sub-arrays.
*   **In-Place Partitioning:** The partitioning is done in-place, meaning it modifies the original array directly without creating new arrays. This significantly reduces the space complexity to O(log n) on average (due to the recursion depth) and O(n) in the worst case.
*   **Random Pivot Selection:**  A random pivot is chosen to avoid worst-case O(n^2) performance on already sorted or nearly sorted data.  This is done using `rand::thread_rng().gen_range(0..len)`.
*   **Rust Idioms:** The code uses Rust's ownership and borrowing system to ensure memory safety.  The `&mut [T]` type represents a mutable slice, allowing the function to modify the array in place.
*   **Generic Type:** The `quicksort` function is generic (`<T: Ord + Copy>`), meaning it can sort arrays of any type that implements the `Ord` (ordering) and `Copy` traits.  `Ord` is required for comparisons, and `Copy` is used for swapping elements.  If you need to sort types that are not `Copy`, you'll need to use `Clone` instead and clone the elements during the swap.
*   **Clearer Partitioning Logic:** The partitioning logic is more explicit and easier to understand.
*   **Error Handling:**  Rust's strong type system and ownership model help prevent many common errors that can occur in Python.
*   **Comprehensive Testing:** The `main` function includes several test cases to demonstrate the correctness of the implementation, including empty, single-element, already sorted, and reverse-sorted arrays.

**Explanation of the Rust Code**

1.  **`use rand::Rng;`**: Imports the `Rng` trait from the `rand` crate, which is needed for generating random numbers.  You'll need to add `rand = "0.8"` to your `Cargo.toml` file under `[dependencies]`.

2.  **`quicksort<T: Ord + Copy>(arr: &mut [T])`**:
    *   Defines a generic function `quicksort` that takes a mutable slice `arr` of type `T` as input.
    *   `T: Ord + Copy` specifies that the type `T` must implement the `Ord` trait (for comparison) and the `Copy` trait (for copying elements).

3.  **Base Case:** `if arr.len() <= 1 { return; }`
    *   If the array has 0 or 1 elements, it's already sorted, so the function returns.

4.  **Pivot Selection:**
    *   `let len = arr.len();` Gets the length of the array.
    *   `let pivot_index = rand::thread_rng().gen_range(0..len);` Generates a random index within the range of the array's length.
    *   `arr.swap(pivot_index, len - 1);` Swaps the element at the random index with the last element of the array.  This moves the pivot to the end of the array for easier partitioning.

5.  **Partitioning:**
    *   `let mut i = 0;` Initializes an index `i` to 0.  This index will track the boundary between elements less than or equal to the pivot and elements greater than the pivot.
    *   `for j in 0..len - 1 { ... }` Iterates through the array (excluding the last element, which is the pivot).
    *   `if arr[j] <= arr[len - 1] { ... }` If the current element `arr[j]` is less than or equal to the pivot:
        *   `arr.swap(i, j);` Swaps `arr[i]` and `arr[j]`.  This moves the element `arr[j]` to the left side of the partition.
        *   `i += 1;` Increments `i` to point to the next position in the left partition.

6.  **Pivot Placement:**
    *   `arr.swap(i, len - 1);` After the loop, `i` points to the correct position for the pivot.  This line swaps the pivot (which is currently at the end of the array) with the element at index `i`, placing the pivot in its final sorted position.

7.  **Recursive Calls:**
    *   `let (left, right) = arr.split_at_mut(i);` Splits the array into two mutable slices: `left` (elements from the beginning up to the pivot) and `right` (elements from the pivot to the end).
    *   `quicksort(left);` Recursively calls `quicksort` on the `left` sub-array.
    *   `quicksort(&mut right[1..]);` Recursively calls `quicksort` on the `right` sub-array, excluding the pivot element (which is at index 0 of the `right` slice).

8.  **`main` Function:**
    *   Creates a sample array `numbers`.
    *   Calls `quicksort` to sort the array.
    *   Prints the sorted array.
    *   Includes additional test cases to demonstrate the function's behavior with different inputs.

This improved Rust implementation provides a more robust, efficient, and idiomatic solution for sorting arrays using the Quicksort algorithm.  The use of in-place partitioning, random pivot selection, and Rust's memory safety features make it a significant improvement over the original Python code.
 [end of text]


