Looking at this Python code, I can identify its intended purpose and several issues:

## Intended Purpose
This function appears to be an attempt at implementing the **Quicksort** algorithm's partitioning step, but it's **incomplete** - it only does one partition and doesn't recursively sort the left and right subarrays.

## Code Review

### Mistakes/Issues:
1. **Incomplete algorithm**: The function only partitions once but doesn't recursively sort the left and right halves. A proper quicksort needs to call `s(l)` and `s(r)` recursively.
2. **Inefficient memory usage**: Creates two new lists for each partition instead of in-place partitioning.
3. **Unbalanced partitioning**: Using the first element as pivot can lead to O(n²) performance on already-sorted arrays.
4. **Missing type hints**: No type annotations for better readability and IDE support.

### Coding Style Issues:
- Poor function name `s` - should be descriptive like `quicksort`
- Missing docstring
- Inconsistent spacing around operators

### Efficiency:
- O(n) space complexity due to creating new lists
- O(n²) worst-case time complexity due to pivot selection

## Rust Implementation

Here's a corrected and improved implementation in Rust:

```rust
/// Sorts a mutable slice using the quicksort algorithm with median-of-three pivot selection.
/// 
/// # Arguments
/// * `arr` - A mutable slice of elements that implement Ord
///
/// # Examples
/// ```
/// let mut numbers = vec![3, 1, 4, 1, 5, 9, 2, 6, 5, 3, 5];
/// quicksort(&mut numbers);
/// assert_eq!(numbers, vec![1, 1, 2, 3, 3, 4, 5, 5, 5, 6, 9]);
/// ```
pub fn quicksort<T: Ord>(arr: &mut [T]) {
    if arr.len() <= 1 {
        return;
    }
    
    let pivot_index = partition(arr);
    
    // Recursively sort the left and right partitions
    let (left, right) = arr.split_at_mut(pivot_index);
    quicksort(left);
    quicksort(&mut right[1..]); // Skip the pivot element
}

/// Partitions the slice around a pivot using the median-of-three strategy.
/// Returns the index of the pivot after partitioning.
fn partition<T: Ord>(arr: &mut [T]) -> usize {
    let len = arr.len();
    let pivot_index = median_of_three(arr);
    
    // Move pivot to the end
    arr.swap(pivot_index, len - 1);
    
    let mut i = 0;
    for j in 0..len - 1 {
        if arr[j] <= arr[len - 1] {
            arr.swap(i, j);
            i += 1;
        }
    }
    
    // Move pivot to its final position
    arr.swap(i, len - 1);
    i
}

/// Selects the median of the first, middle, and last elements as pivot.
/// This helps avoid worst-case behavior on already-sorted arrays.
fn median_of_three<T: Ord>(arr: &[T]) -> usize {
    let len = arr.len();
    let mid = len / 2;
    let last = len - 1;
    
    // Find median of arr[0], arr[mid], arr[last]
    if arr[0] < arr[mid] {
        if arr[mid] < arr[last] {
            mid
        } else if arr[0] < arr[last] {
            last
        } else {
            0
        }
    } else {
        if arr[0] < arr[last] {
            0
        } else if arr[mid] < arr[last] {
            last
        } else {
            mid
        }
    }
}

#[cfg(test)]
mod tests {
    use super::*;
    
    #[test]
    fn test_empty_slice() {
        let mut arr: Vec<i32> = vec![];
        quicksort(&mut arr);
        assert_eq!(arr, vec![]);
    }
    
    #[test]
    fn test_single_element() {
        let mut arr = vec![42];
        quicksort(&mut arr);
        assert_eq!(arr, vec![42]);
    }
    
    #[test]
    fn test_sorted_array() {
        let mut arr = vec![1, 2, 3, 4, 5];
        quicksort(&mut arr);
        assert_eq!(arr, vec![1, 2, 3, 4, 5]);
    }
    
    #[test]
    fn test_reverse_sorted() {
        let mut arr = vec![5, 4, 3, 2, 1];
        quicksort(&mut arr);
        assert_eq!(arr, vec![1, 2, 3, 4, 5]);
    }
    
    #[test]
    fn test_duplicates() {
        let mut arr = vec![3, 1, 4, 1, 5, 9, 2, 6, 5, 3, 5];
        quicksort(&mut arr);
        assert_eq!(arr, vec![1, 1, 2, 3, 3, 4, 5, 5, 5, 6, 9]);
    }
}
```

This Rust implementation:
- Uses **in-place partitioning** (O(1) extra space)
- Implements **median-of-three pivot selection** to avoid worst-case behavior
- Is **generic** over any type implementing `Ord`
- Includes **comprehensive tests**
- Has **proper documentation**
- Is **memory-safe** (Rust's ownership system prevents buffer overflows)
- Uses **idiomatic Rust** patterns (slices, generics, pattern matching) [end of text]


