 to=self<|message|>Answer all the following questions assuming IEEE 754 floating point

Q1. What (if any) is the eventual output...

x=0.0 while x < inf: x+=1.0 print(x)

Eventually overflow to inf. In Python float is IEEE 754 double. Adding 1.0 repeatedly will eventually reach inf. At that point loop condition false, print inf. So output inf? Actually print(x) prints 'inf'. Eventually output inf. Does it terminate? Yes after ~1.8e308 steps. So output inf.

Q2. x=1.0 while x < inf: x = x *1.001 print(x)

Also eventually overflow to inf. So prints inf. Different? Same output inf. But maybe takes longer? Eventually same.

Q3. x=0.0 inc = float(input...). while x < inf: x+=inc print("Done")

Are there inputs that will lead to output "Done"? Need loop terminate. If inc <=0, then x never increases, infinite loop. If inc >0, will eventually overflow to inf? For positive inc, x will increase monotonically, eventually overflow to inf, loop ends, prints Done. Wait if inc is subnormal? Still increase. If inc is zero? x stays 0. If inc negative? x decreases, never reach inf. So need inc >0. Also inc must be finite. Any positive finite float leads to eventual overflow? For very tiny inc, e.g., 1e-308, adding repeatedly will eventually reach max finite then inf. However due to floating point addition, when x becomes large, increment may be lost due to rounding: x + inc == x. Then infinite loop. So need inc large enough relative to x.

For IEEE 754 double, once x > ~ 2^1023 ~1e308, adding small inc does nothing. Actually threshold where spacing > inc. So if inc is too small, loop never terminates.

We need inputs that guarantee termination. Example inc = 1.0 -> terminates. inc = 1e100 -> terminates? Might still overflow eventually. Probably yes.

Need at least 2 examples. inc = 1.0, inc = 2.0 etc.

Also inc = float('inf')? Then x += inf => inf immediately, loop condition false? While x < inf: x=0+inf=inf, loop check? Actually loop checks at top. First iteration x=0<inf true, x becomes inf, loop repeats, check x<inf false, exit, prints Done. So inf works.

Also inc = -1? No.

So answer: yes, any positive finite number that is not too small relative to... Actually any positive normal number will eventually overflow? Might get stuck due to rounding. For inc = 1e-300, adding to large x ~1e308, spacing ~ 2^(exponent-52) ~ 2^... huge > inc, so x+inc = x. So infinite loop.

Thus need inc >0 and sufficiently large. Simpler give inc=1.0 and inc=1e308? 1e308 +1e308 =2e308 <inf, eventually overflow.

Provide examples: 1.0, 2.0.

Return answers.

<|start|>assistant to=user<|message|>In Python a `float` is an IEEE-754 binary64, i.e. a double precision
binary floating point number with

* exponent range ≈ ±1023
* max finite ≈ 1.7976931348623157e308
* `math.inf` is the positive infinity encoding

Addition and multiplication are performed with round-to-nearest ties-to-even
and overflow is saturated to `inf`.

* Q1

```
x = 0.0
while x < math.inf:
    x += 1.0
```

`x` is monotone increasing by exactly one ulp while it is small. When
`x` reaches the largest finite binary64, the next `x+1.0` overflows to
`+inf`. The test `x < math.inf` then becomes false and the loop terminates.

The program therefore terminates after about `2**1023` iterations and

```
print(x)
```

prints

```
inf
```

The loop does terminate, it just takes an astronomically long time.

* Q2

```
x = 1.0
while x < math.inf:
    x = x * 1.001
print(x)
```

`x` is now monotone increasing by multiplication.  `x` grows without bound
and will eventually overflow to `+inf`.  The loop test fails and the
program terminates with the same observable result

```
inf
```

The observable output is the same as in Q1, `inf`.  The dynamics are
different – geometric growth instead of arithmetic growth – so the number
of iterations is different, but the eventual printed value is the same.

* Q3

```
x = 0.0
inc = float(input("Enter a number"))
while x < math.inf:
    x += inc
print("Done")
```

The loop terminates iff `x` can be made to reach `+inf` by repeated
addition of `inc`.

* `inc <= 0` : `x` never increases, `x < inf` stays true forever. No
termination. `inc = 0.0` or any negative finite number is a non-terminating
input.
* `inc > 0` : in exact arithmetic `x` would diverge to `+inf`. In
binary64 the addition can become a no-op once the spacing of the
floating point numbers around `x` exceeds `inc`.  For a sufficiently large
positive `inc` the spacing is never reached before overflow, so the loop
does terminate with `x = inf` and prints `Done`.

In particular any normal positive increment that is not absurdly tiny
relative to the overflow limit will overflow.  The simplest examples are

* `inc = 1.0`
* `inc = 2.0`
* `inc = 1e100`
* `inc = float('inf')` – the first addition makes `x = inf` immediately

All of them make the loop eventually overflow to `inf` and the program
prints

```
Done
```

The loop will not terminate for e.g. `inc = 0.0`, `inc = -1.0` or for a
positive `inc` that is so small that `x + inc == x` once `x` is large
enough, e.g. `inc = 1e-320`.  With such a tiny increment the addition is
lost to rounding and `x` gets stuck at a finite value forever. [end of text]


