Okay, let's analyze these Python programs in the context of IEEE 754 floating-point arithmetic.

**Q1.**

```python
import math
x = 0.0
while x < math.inf:
    x += 1.0
print(x)
```

*   **Explanation:** This program starts with `x = 0.0` and repeatedly increments it by `1.0` within a `while` loop that continues as long as `x` is less than positive infinity (`math.inf`).

*   **IEEE 754 Considerations:**  In IEEE 754, floating-point numbers have a finite precision.  While `1.0` is represented exactly, repeated additions can eventually lead to a situation where the difference between successive values of `x` becomes smaller than the smallest representable difference (the "epsilon" or machine epsilon).  Eventually, `x` will reach the largest representable finite floating-point number (positive infinity).

*   **Output:** The program will eventually output `inf`.  The loop will continue until `x` becomes so large that adding `1.0` to it no longer changes its value within the limits of floating-point representation. At that point, `x` will be equal to positive infinity.

**Q2.**

```python
import math
x = 1.0
while x < math.inf:
    x = x * 1.001
print(x)
```

*   **Explanation:** This program starts with `x = 1.0` and repeatedly multiplies it by `1.001` within a `while` loop that continues as long as `x` is less than positive infinity.

*   **IEEE 754 Considerations:** Similar to the previous example, repeated multiplication can lead to `x` exceeding the maximum representable floating-point number.  The multiplication by `1.001` will cause `x` to grow much faster than in the previous example.

*   **Output:** The program will eventually output `inf`. The loop will continue until `x` becomes so large that multiplying it by `1.001` no longer changes its value within the limits of floating-point representation. At that point, `x` will be equal to positive infinity.

**Difference between Q1 and Q2:**

Yes, the results are the same in that both programs eventually output `inf`. However, the rate at which they reach infinity is different. The multiplication in Q2 causes `x` to grow much faster than the addition in Q1.

**Q3.**

```python
import math
x = 0.0
inc = float(input("Enter a number"))
while x < math.inf:
    x += inc
print("Done")
```

*   **Explanation:** This program takes a floating-point number as input (`inc`), initializes `x` to `0.0`, and repeatedly adds `inc` to `x` until `x` is no longer less than positive infinity.

*   **IEEE 754 Considerations:** The behavior depends heavily on the value of `inc`.

*   **Inputs that lead to "Done":**

    *   **`inc = 0.0`:** If `inc` is 0.0, then `x` will always remain 0.0. The condition `x < math.inf` will always be true, and the loop will run forever (or until the program is interrupted).  Therefore, `inc = 0.0` will *not* lead to "Done".

    *   **`inc = 1.0`:**  As in Q1, `x` will eventually reach positive infinity, and the loop will terminate, printing "Done".

    *   **`inc = 0.1`:** `x` will eventually reach positive infinity, and the loop will terminate, printing "Done".

    *   **`inc = a very small positive number`:** If `inc` is a very small positive number (but not so small that it's effectively zero due to floating-point limitations), `x` will still eventually reach positive infinity, and the loop will terminate, printing "Done".

    *   **`inc = a negative number`:** If `inc` is negative, `x` will become increasingly negative, and the condition `x < math.inf` will always be true. The loop will run forever (or until the program is interrupted). Therefore, a negative `inc` will *not* lead to "Done".

**Examples of inputs that lead to "Done":**

1.  `inc = 1.0`
2.  `inc = 0.0000000000000001` (a very small positive number)

In summary, any positive `inc` (other than 0.0) will eventually cause `x` to reach positive infinity, leading to the output "Done".
 [end of text]


