Here are the answers to your questions based on IEEE 754 floating-point arithmetic and Python's implementation of it.

### Q1. What (if any) is the eventual output of the following python program?

```python
import math
x = 0.0
while x < math.inf:
    x += 1.0
print(x)
```

**Answer:**
The program will eventually output **`inf`**.

**Explanation:**
1.  In IEEE 754 double-precision floating-point (which Python uses for `float`), there is a maximum finite value, often denoted as `DBL_MAX` (approximately $1.7976931348623157 \times 10^{308}$).
2.  The loop increments `x` by `1.0` repeatedly.
3.  Eventually, `x` will reach the largest finite floating-point number.
4.  When you add `1.0` to the largest finite number, the result overflows. According to IEEE 754, overflow in a finite operation results in **positive infinity** (`inf`).
5.  The condition `x < math.inf` is checked. Since `inf < inf` is `False`, the loop terminates.
6.  `print(x)` outputs `inf`.

---

### Q2. What (if any) is the eventual output of the following python program? Is it different from the results above?

```python
import math
x = 1.0
while x < math.inf:
    x = x * 1.001
print(x)
```

**Answer:**
The program will eventually output **`inf`**.

**Is it different from the results above?**
**No**, the output is the same (`inf`). However, the *mechanism* and the *number of iterations* are different.

**Explanation:**
1.  Multiplying by `1.001` causes `x` to grow exponentially rather than linearly.
2.  `x` will quickly exceed the maximum finite floating-point value.
3.  Once `x` becomes large enough that `x * 1.001` exceeds `DBL_MAX`, the result of the multiplication will overflow to **positive infinity** (`inf`).
4.  The condition `x < math.inf` becomes `False` (since `inf < inf` is `False`), and the loop terminates.
5.  `print(x)` outputs `inf`.

*Note: This loop will terminate much faster than Q1 because exponential growth reaches the overflow limit in far fewer steps than linear growth.*

---

### Q3. Consider the following program:

```python
import math
x = 0.0
inc = float(input("Enter a number"))
while x < math.inf:
    x += inc
print("Done")
```

**Are there inputs that will lead to the output "Done"? Give at least 2 examples of such inputs if possible.**

**Answer:**
**Yes**, there are inputs that will lead to the output "Done".

**Examples:**
1.  **`0`** (or `0.0`)
2.  **`-1`** (or any negative number, e.g., `-0.5`)

**Explanation:**
The loop condition is `x < math.inf`. For the loop to terminate and print "Done", `x` must become **not less than** `math.inf`. In IEEE 754, the only value that is not less than `+inf` is `+inf` itself (and `nan`, but `nan` comparisons are tricky; let's focus on `inf`).

However, we must consider how `x` changes:

*   **Case 1: `inc` is positive.**
    *   `x` starts at `0.0` and increases.
    *   Eventually, `x` will overflow to `inf`.
    *   Then `x < math.inf` becomes `False` (since `inf < inf` is `False`).
    *   The loop terminates, and "Done" is printed.
    *   *Wait, the question asks for inputs that lead to "Done". Positive inputs DO lead to "Done".* Let me re-read carefully.
    *   Actually, **any positive `inc`** will eventually cause `x` to overflow to `inf`, terminate the loop, and print "Done".
    *   So, `1.0`, `0.1`, `100.0` are all valid examples.

*   **Case 2: `inc` is zero.**
    *   `x` remains `0.0` forever.
    *   `0.0 < math.inf` is always `True`.
    *   The loop runs **forever** (infinite loop). "Done" is **never** printed.

*   **Case 3: `inc` is negative.**
    *   `x` starts at `0.0` and decreases: `-inc`, `-2*inc`, etc.
    *   `x` becomes increasingly negative.
    *   `x < math.inf` is **always True** for any finite negative number.
    *   The loop runs **forever** (infinite loop). "Done" is **never** printed.

*   **Case 4: `inc` is `nan`.**
    *   `x` becomes `nan` after the first iteration.
    *   `nan < math.inf` evaluates to `False` in IEEE 754 (any comparison with `nan` is `False`).
    *   The loop terminates immediately.
    *   "Done" is printed.

*   **Case 5: `inc` is `inf`.**
    *   `x` becomes `inf` after the first iteration.
    *   `inf < math.inf` is `False`.
    *   The loop terminates.
    *   "Done" is printed.

**Conclusion for Q3:**
The question asks for inputs that lead to "Done".
*   **Positive numbers** (e.g., `1.0`, `0.5`) will eventually overflow to `inf`, causing the loop to terminate and print "Done".
*   **`inf`** will cause `x` to become `inf` immediately, terminating the loop and printing "Done".
*   **`nan`** will cause `x` to become `nan`, and since `nan < inf` is `False`, the loop terminates and prints "Done".

**Two examples of inputs that lead to "Done":**
1.  **`1.0`** (Positive number: eventually overflows to `inf`)
2.  **`inf`** (Or `nan`, or any positive number)

*(Note: If the question implies "non-trivial" or "finite" inputs, then any positive finite number works. If it allows special values, `inf` and `nan` also work. Negative numbers and zero do **not** lead to "Done".)*

**Final Answer for Q3:**
Yes. Examples: **`1.0`** and **`inf`** (or `nan`, or any positive finite number). [end of text]


