```html
<!DOCTYPE html><html>
<head><title>Card Cascade</title>
<style>
body {font-family:sans-serif;text-align:center;}
.card {width:50px;height:75px;border:1px solid black;margin:2px;display:inline-block;text-align:center;line-height:75px;cursor:pointer;background-color:white;}
.red {color:red;}
.black {color:black;}
#game {width:500px;margin:20px auto;}
</style>
</head><body>
<h1>Card Cascade</h1>
<div id="game"></div>
<script>
const suits = ['C', 'D', 'H', 'S'];
const ranks = ['A', '2', '3', '4', '5', '6', '7', '8', '9', 'T', 'J', 'Q', 'K'];
let deck = [];
for (let suit of suits) {
  for (let rank of ranks) {
    deck.push({suit, rank});
  }
}
deck.sort(() => Math.random() - 0.5);
let cardsOnTable = [];
let score = 0;
function createCard(card) {
  const cardElement = document.createElement('div');
  cardElement.classList.add('card');
  cardElement.textContent = card.rank;
  if (card.suit === 'C' || card.suit === 'S') {
    cardElement.classList.add('black');
  } else {
    cardElement.classList.add('red');
  }
  cardElement.dataset.suit = card.suit;
  cardElement.dataset.rank = card.rank;
  return cardElement;
}
function dealCards() {
  cardsOnTable = [];
  for (let i = 0; i < 7; i++) {
    cardsOnTable.push(deck.pop());
  }
  renderTable();
}
function renderTable() {
  const gameDiv = document.getElementById('game');
  gameDiv.innerHTML = '';
  for (let card of cardsOnTable) {
    const cardElement = createCard(card);
    cardElement.addEventListener('click', cardClick);
    gameDiv.appendChild(cardElement);
  }
}
function cardClick(event) {
  const clickedCard = event.target;
  const suit = clickedCard.dataset.suit;
  const rank = clickedCard.dataset.rank;
  const cardIndex = cardsOnTable.findIndex(c => c.suit === suit && c.rank === rank);
  if (cardIndex !== -1) {
    cardsOnTable.splice(cardIndex, 1);
    score++;
    renderTable();
    if (deck.length > 0) {
      cardsOnTable.push(deck.pop());
      renderTable();
    } else {
      alert('Game Over! Score: ' + score);
    }
  }
}
dealCards();
</script>
</body></html>
``` [end of text]


