<!DOCTYPE html>
<html>
<head>
<script>
function playSolitaire() {
  const board = document.getElementById('board');
  const cards = document.getElementById('cards');
  const result = document.getElementById('result');

  // Initialize board
  board.innerHTML = '';
  cards.innerHTML = '';
  result.innerHTML = '';

  // Create cards
  for (let i = 0; i < 52; i++) {
    const card = document.createElement('div');
    card.className = 'card';
    card.textContent = `${i + 1} of ${52}`;
    card.addEventListener('click', () => {
      if (i === 0) {
        board.appendChild(card);
      } else {
        board.appendChild(card);
      }
    });
    cards.appendChild(card);
  }

  // Handle card removal
  cards.addEventListener('click', () => {
    const card = document.querySelector('.card');
    if (card) {
      board.removeChild(card);
      result.innerHTML = '';
    }
  });

  // Handle card placement
  cards.addEventListener('click', () => {
    const card = document.createElement('div');
    card.className = 'card';
    card.textContent = `${i + 1} of ${52}`;
    card.addEventListener('click', () => {
      if (i === 0) {
        board.appendChild(card);
      } else {
        board.appendChild(card);
      }
    });
    cards.appendChild(card);
  });
}
</script>
</head>
<body>
<button onclick="playSolitaire()">Play Solitaire</button>
</body>
</html> [end of text]


