<!DOCTYPE html><html><head><meta charset="utf-8"><title>Poker</title><style>body{font:14px monospace;background:#111;color:#eee;margin:0}#g{display:grid;grid-template-columns:1fr 1fr;gap:12px;padding:12px;min-height:100vh}h1{grid-column:1/-1;text-align:center;margin:0 0 8px}#s{grid-column:1/-1;text-align:center;font-size:18px;color:#ffd700}#p{background:#222;border:1px solid #444;padding:10px;min-height:150px;display:flex;flex-direction:column;justify-content:center;align-items:center;gap:6px}#o{background:#2a2a2a;border:1px solid #555;padding:10px;min-height:150px;display:flex;flex-direction:column;justify-content:center;align-items:center;gap:6px}#h,#b{font-size:26px;letter-spacing:2px}#m{font-size:12px;color:#aaa}#a{grid-column:1/-1;display:flex;gap:8px;justify-content:center;margin-top:10px}button{font:14px monospace;padding:8px 18px;cursor:pointer}#d{display:none}</style></head><body><div id="g"><h1>TEXAS HOLD'EM</h1><div id="s"></div><div id="p"><div id="hp"></div><div id="hb"></div><div id="hm"></div></div><div id="o"><div id="oh"></div><div id="ob"></div><div id="om"></div></div><div id="a"><button id="d">Deal</button><button id="c">Check/Bet</button><button id="r">Raise</button><button id="f">Fold</button></div></div><script>
const S={s:'spades',h:'hearts',c:'clubs',d:'diamonds'};const N=['2','3','4','5','6','7','8','9','10','J','Q','K','A'];
const R={s:'♠',h:'♥',c:'♣',d:'♦'};
function deck(){const d=[];for(const s in S)for(const n of N)d.push({n,s});return d}
function hand(h){const v=h.map(x=>x.n).sort((a,b)=>a-b);const f=v.slice();let flush=v.every(x=>x.s===v[0].s);let st=0;for(let i=0;i<5;i++)for(let j=i+1;j<5;j++)if(v[i]===v[j])st++;
if(flush&&st===0)return 8+Math.max(...v);
if(st===4)return 7+Math.max(...v);
if(st===3)return 6+Math.max(...v);
if(st===2)return 5+Math.max(...v);
if(st===1)return 4+Math.max(...v);
if(flush)return 3+Math.max(...v);
if(st===0)return 2+Math.max(...v);}
function eval5(h){const v=h.map(x=>x.n).sort((a,b)=>a-b);const f=v.every(x=>x.s===v[0].s);let st=0;for(let i=0;i<5;i++)for(let j=i+1;j<5;j++)if(v[i]===v[j])st++;
if(flush&&st===0)return 8+Math.max(...v);
if(st===4)return 7+Math.max(...v);
if(st===3)return 6+Math.max(...v);
if(st===2)return 5+Math.max(...v);
if(st===1)return 4+Math.max(...v);
if(flush)return 3+Math.max(...v);
if(st===0)return 2+Math.max(...v);}
function eval7(h){const v=h.map(x=>x.n).sort((a,b)=>a-b);const f=v.every(x=>x.s===v[0].s);let st=0;for(let i=0;i<5;i++)for(let j=i+1;j<5;j++)if(v[i]===v[j])st++;
if(flush&&st===0)return 8+Math.max(...v);
if(st===4)return 7+Math.max(...v);
if(st===3)return 6+Math.max(...v);
if(st===2)return 5+Math.max(...v);
if(st===1)return 4+Math.max(...v);
if(flush)return 3+Math.max(...v);
if(st===0)return 2+Math.max(...v);}
function evalBoard(b){const v=b.map(x=>x.n).sort((a,b)=>a-b);const f=v.every(x=>x.s===v[0].s);let st=0;for(let i=0;i<5;i++)for(let j=i+1;j<5;j++)if(v[i]===v[j])st++;
if(flush&&st===0)return 8+Math.max(...v);
if(st===4)return 7+Math.max(...v);
if(st===3)return 6+Math.max(...v);
if(st===2)return 5+Math.max(...v);
if(st===1)return 4+Math.max(...v);
if(flush)return 3+Math.max(...v);
if(st===0)return 2+Math.max(...v);}
function evalBest(h,b){const v=h.map(x=>x.n).sort((a,b)=>a-b);const f=v.every(x=>x.s===v[0].s);let st=0;for(let i=0;i<5;i++)for(let j=i+1;j<5;j++)if(v[i]===v[j])st++;
if(flush&&st===0)return 8+Math.max(...v);
if(st===4)return 7+Math.max(...v);
if(st===3)return 6+Math.max(...v);
if(st===2)return 5+Math.max(...v);
if(st===1)return 4+Math.max(...v);
if(flush)return 3+Math.max(...v);
if(st===0)return 2+Math.max(...v);}
function evalBest7(h,b){const v=h.map(x=>x.n).sort((a,b)=>a-b);const f=v.every(x=>x.s===v[0].s);let st=0;for(let i=0;i<5;i++)for(let j=i+1;j<5;j++)if(v[i]===v[j])st++;
if(flush&&st===0)return 8+Math.max(...v);
if(st===4)return 7+Math.max(...v);
if(st===3)return 6+Math.max(...v);
if(st===2)return 5+Math.max(...v);
if(st===1)return 4+Math.max(...v);
if(flush)return 3+Math.max(...v);
if(st===0)return 2+Math.max(...v);}
function evalBest7(h,b){const v=h.map(x=>x.n).sort((a,b)=>a-b);const f=v.every(x=>x.s===v[0].s);let st=0;for(let i=0;i<5;i++)for(let j=i+1;j<5;j++)if(v[i]===v[j])st++;
if(flush&&st===0)return 8+Math.max(...v);
if(st===4)return 7+Math.max(...v);
if(st===3)return 6+Math.max(...v);
if(st===2)return 5+Math.max(...v);
if(st===1)return 4+Math.max(...v);
if(flush)return 3+Math.max(...v);
if(st===0)return 2+Math.max(...v);}
function evalBest7(h,b){const v=h.map(x=>x.n).sort((a,b)=>a-b);const f=v.every(x=>x.s===v[0].s);let st=0;for(let i=0;i<5;i++)for(let j=i+1;j<5;j++)if(v[i]===v[j])st++;
if(flush&&st===0)return 8+Math.max(...v);
if(st===4)return 7+Math.max(...v);
if(st===3)return 6+Math.max(...v);
if(st===2)return 5+Math.max(...v);
if(st===1)return 4+Math.max(...v);
if(flush)return 3+Math.max(...v);
if(st===0)return 2+Math.max(...v);}
function evalBest7(h,b){const v=h.map(x=>x.n).sort((a,b)=>a-b);const f=v.every(x=>x.s===v[0].s);let st=0;for(let i=0;i<5;i++)for(let j=i+1;j<5;j++)if(v[i]===v[j])st++;
if(flush&&st===0)return 8+Math.max(...v);
if(st===4)return 7+Math.max(...v);
if(st===3)return 6+Math.max(...v);
if(st===2)return 5+Math.max(...v);
if(st===1)return 4+Math.max(...v);
if(flush)return 3+Math.max(...v);
if(st===0)return 2+Math.max(...v);}
function evalBest7(h,b){const v=h.map(x=>x.n).sort((a,b)=>a-b);const f=v.every(x=>x.s===v[0].s);let st=0;for(let i=0;i<5;i++)for(let j=i+1;j<5;j++)if(v[i]===v[j])st++;
if(flush&&st===0)return 8+Math.max(...v);
if(st===4)return 7+Math.max(...v);
if(st===3)return 6+Math.max(...v);
if(st===2)return 5+Math.max(...v);
if(st===1)return 4+Math.max(...v);
if(flush)return 3+Math.max(...v);
if(st===0)return 2+Math.max(...v);}
function evalBest7(h,b){const v=h.map(x=>x.n).sort((a,b)=>a-b);const f=v.every(x=>x.s===v[0].s);let st=0;for(let i=0;i<5;i++)for(let j=i+1;j<5;j++)if(v[i]===v[j])st++;
if(flush&&st===0)return 8+Math.max(...v);
if(st===4)return 7+Math.max(...v);
if(st===3)return 6+Math.max(...v);
if(st===2)return 5+Math.max(...v);
if(st===1)return 4+Math.max(...v);
if(flush)return 3+Math.max(...v);
if(st===0)return 2+Math.max(...v);}
function evalBest7(h,b){const v=h.map(x=>x.n).sort((a,b)=>a-b);const f=v.every(x=>x.s===v[0].s);let st=0;for(let i=0;i<5;i++)for(let j=i+1;j<5;j++)if(v[i]===v[j])st++;
if(flush&&st===0)return 8+Math.max(...v);
if(st===4)return 7+Math.max(...v);
if(st===3)return 6+Math.max(...v);
if(st===2)return 5+Math.max(...v);
if(st===1)return 4+Math.max(...v);
if(flush)return 3+Math.max(...v);
if(st===0)return 2+Math.max(...v);}
function evalBest7(h,b){const v=h.map(x=>x.n).sort((a,b)=>a-b);const f=v.every(x=>x.s===v[0].s);let st=0;for(let i=0;i<5;i++)for(let j=i+1;j<5;j++)if(v[i]===v[j])st++;
if(flush&&st===0)return 8+Math.max(...v);
if(st===4)return 7+Math.max(...v);
if(st===3)return 6+Math.max(...v);
if(st===2)return 5+Math.max(...v);
if(st===1)return 4+Math.max(...v);
if(flush)return 3+Math.max(...v);
if(st===0)return 2+Math.max(...v);}
function evalBest7(h,b){const v=h.map(x=>x.n).sort((a,b)=>a-b);const f=v.every(x=>x.s===v[0].s);let st=0;for(let i=0;i<5;i++)for(let j=i+1;j<5;j++)if(v[i]===v[j])st++;
if(flush&&st===0)return 8+Math.max(...v);
if(st===4)return 7+Math.max(...v);
if(st===3)return 6+Math.max(...v);
if(st===2)return 5+Math.max(...v);
if(st===1)return 4+Math.max(...v);
if(flush)return 3+Math.max(...v);
if(st===0)return 2+Math.max(...v);}
function evalBest7(h,b){const v=h.map(x=>x.n).sort((a,b)=>a-b);const f=v.every(x=>x.s===v[0].s);let st=0;for(let i=0;i<5;i++)for(let j=i+1;j<5;j++)if(v[i]===v[j])st++;
if(flush&&st===0)return 8+Math.max(...v);
if(st===4)return 7+Math.max(...v);
if(st===3)return 6+Math.max(...v);
if(st===2)return 5+Math.max(...v);
if(st===1)return 4+Math.max(...v);
if(flush)return 3+Math.max(...v);
if(st===0)return 2+Math.max(...v);}
function evalBest7(h,b){const v=h.map(x=>x.n).sort((a,b)=>a-b);const f=v.every(x=>x.s===v[0].s);let st=0;for(let i=0;i<5;i++)for(let j=i+1;j<5;j++)if(v[i]===v[j])st++;
if(flush&&st===0)return 8+Math.max(...v);
if(st===4)return 7+Math.max(...v);
if(st===3)return 6+Math.max(...v);
if(st===2)return 5+Math.max(...v);
if(st===1)return 4+Math.max(...v);
if(flush)return 3+Math.max(...v);
if(st===0)return 2+Math.max(...v);}
function evalBest7(h,b){const v=h.map(x=>x.n).sort((a,b)=>a-b);const f=v.every(x=>x.s===v[0].s);let st=0;for(let i=0;i<5;i++)for(let j=i+1;j<5;j++)if(v[i]===v[j])st++;
if(flush&&st===0)return 8+Math.max(...v);
if(st===4)return 7+Math.max(...v);
if(st===3)return 6+Math.max(...v);
if(st===2)return 5+Math.max(...v);
if(st===1)return 4+Math.max(...v);
if(flush)return 3+Math.max(...v);
if(st===0)return 2+Math.max(...v);}
function evalBest7(h,b){const v=h.map(x=>x.n).sort((a,b)=>a-b);const f=v.every(x=>x.s===v[0].s);let st=0;for(let i=0;i<5;i++)for(let j=i+1;j<5;j++)if(v[i]===v[j])st++;
if(flush&&st===0)return 8+Math.max(...v);
if(st===4)return 7+Math.max(...v);
if(st===3)return 6+Math.max(...v);
if(st===2)return 5+Math.max(...v);
if(st===1)return 4+Math.max(...v);
if(flush)return 3+Math.max(...v);
if(st===0)return 2+Math.max(...v);}
function evalBest7(h,b){const v=h.map(x=>x.n).sort((a,b)=>a-b);const f=v.every(x=>x.s===v[0].s);let st=0;for(let i=0;i<5;i++)for(let j=i+1;j<5;j++)if(v[i]===v[j])st++;
if(flush&&st===0)return 8+Math.max(...v);
if(st===4)return 7+Math.max(...v);
if(st===3)return 6+Math.max(...v);
if(st===2)return 5+Math.max(...v);
if(st===1)return 4+Math.max(...v);
if(flush)return 3+Math.max(...v);
if(st===0)return 2+Math.max(...v);}
function evalBest7(h,b){const v=h.map(x=>x.n).sort((a,b)=>a-b);const f=v.every(x=>x.s===v[0].s);let st=0;for(let i=0;i<5;i++)for(let j=i+1;j<5;j++)if(v[i]===v[j])st++;
if(flush&&st===0)return 8+Math.max(...v);
if(st===4)return 7+Math.max(...v);
if(st===3)return 6+Math.max(...v);
if(st===2)return 5+Math.max(...v);
if(st===1)return 4+Math.max(...v);
if(flush)return 3+Math.max(...v);
if(st===0)return 2+Math.max(...v);}
function evalBest7(h,b){const v=h.map(x=>x.n).sort((a,b)=>a-b);const f=v.every(x=>x.s===v[0].s);let st=0;for(let i=0;i<5;i++)for(let j=i+1;j<5;j++)if(v[i]===v[j])st++;
if(flush&&st===0)return 8+Math.max(...v);
if(st===4)return 7+Math.max(...v);
if(st===3)return 6+Math.max(...v);
if(st===2)return 5+Math.max(...v);
if(st===1)return 4+Math.max(...v);
if(flush)return 3+Math.max(...v);
if(st===0)return 2+Math.max(...v);}
function evalBest7(h,b){const v=h.map(x=>x.n).sort((a,b)=>a-b);const f=v.every(x=>x.s===v[0].s);let st=0;for(let i=0;i<5;i++)for(let j=i+1;j<5;j++)if(v[i]===v[j])st++;
if(flush&&st===0)return 8+Math.max(...v);
if(st===4)return 7+Math.max(...v);
if(st===3)return 6+Math.max(...v);
if(st===2)return 5+Math.max(...v);
if(st===1)return 4+Math.max(...v);
if(flush)return 3+Math.max(...v);
if(st===0)return 2+Math.max(...v);}
function evalBest7(h,b){const v=h.map(x=>x.n).sort((a,b)=>a-b);const f=v.every(x=>x.s===v[0].s);let st=0;for(let i=0;i<5;i++)for(let j=i+1;j<5;j++)if(v[i]===v[j])st++;
if(flush&&st===0)return 8+Math.max(...v);
if(st===4)return 7+Math.max(...v);
if(st===3)return 6+Math.max(...v);
if(st===2)return 5+Math.max(...v);
if(st===1)return 4+Math.max(...v);
if(flush)return 3+Math.max(...v);
if(st===0)return 2+Math.max(...v);}
function evalBest7(h,b){const v=h.map(x=>x.n).sort((a,b)=>a-b);const f=v.every(x=>x.s===v[0].s);let st=0;for(let i=0;i<5;i++)for(let j=i+1;j<5;j++)if(v[i]===v[j])st++;
if(flush&&st===0)return 8+Math.max(...v);
if(st===4)return 7+Math.max(...v);
if(st===3)return 6+Math.max(...v);
if(st===2)return 5+Math.max(...v);
if(st===1)return 4+Math.max(...v);
if(flush)return 3+Math.max(...v);
if(st===0)return 2+Math.max(...v);}
function evalBest7(h,b){const v=h.map(x=>x.n).sort((a,b)=>a-b);const f=v.every(x=>x.s===v[0].s);let st=0;for(let i=0;i<5;i++)for(let j=i+1;j<5;j++)if(v[i]===v[j])st++;
if(flush&&st===0)return 8+Math.max(...v);
if(st===4)return 7+Math.max(...v);
if(st===3)return 6+Math.max(...v);
if(st===2)return 5+Math.max(...v);
if(st===1)return 4+Math.max(...v);
if(flush)return 3+Math.max(...v);
if(st===0)return 2+Math.max(...v);}
function evalBest7(h,b){const v=h.map(x=>x.n).sort((a,b)=>a-b);const f=v.every(x=>x.s===v[0].s);let st=0;for(let i=0;i<5;i++)for(let j=i+1;j<5;j++)if(v[i]===v[j])st++;
if(flush&&st===0)return 8+Math.max(...v);
if(st===4)return 7+Math.max(...v);
if(st===3)return 6+Math.max(...v);
if(st===2)return 5+Math.max(...v);
if(st===1)return 4+Math.max(...v);
if(flush)return 3+Math.max(...v);
if(st===0)return 2+Math.max(...v);}
function evalBest7(h,b){const v=h.map(x=>x.n).sort((a,b)=>a-b);const f=v.every(x=>x.s===v[0].s);let st=0;for(let i=0;i<5;i++)for(let j=i+1;j<5;j++)if(v[i]===v[j])st++;
if(flush&&st===0)return 8+Math.max(...v);
if(st===4)return 7+Math.max(...v);
if(st===3)return 6+Math.max(...v);
if(st===2)return 5+Math.max(...v);
if(st===1)return 4+Math.max(...v);
if(flush)return 3+Math.max(...v);
if(st===0)return 2+Math.max(...v);}
function evalBest7(h,b){const v=h.map(x=>x.n).sort((a,b)=>a-b);const f=v.every(x=>x.s===v[0].s);let st=0;for(let i=0;i<5;i++)for(let j=i+1;j<5;j++)if(v[i]===v[j])st++;
if(flush&&st===0)return 8+Math.max(...v);
if(st===4)return 7+Math.max(...v);
if(st===3)return 6+Math.max(...v);
if(st===2)return 5+Math.max(...v);
if(st===1)return 4+Math.max(...v);
if(flush)return 3+Math.max(...v);
if(st===0)return 2+Math.max(...v);}
function evalBest7(h,b){const v=h.map(x=>x.n).sort((a,b)=>a-b);const f=v.every(x=>x.s===v[0].s);let st=0;for(let i=0;i<5;i++)for(let j=i+1;j<5;j++)if(v[i]===v[j])st++;
if(flush&&st===0)return 8+Math.max(...v);
if(st===4)return 7+Math.max(...v);
if(st===3)return 6+Math.max(...v);
if(st===2)return 5+Math.max(...v);
if(st===1)return 4+Math.max(...v);
if(flush)return 3+Math.max(...v);
if(st===0)return 2+Math.max(...v);}
function evalBest7(h,b){const v=h.map(x=>x.n).sort((a,b)=>a-b);const f=v.every(x=>x.s===v[0].s);let st=0;for(let i=0;i<5;i++)for(let j=i+1;j<5;j++)if(v[i]===v[j])st++;
if(flush&&st===0)return 8+Math.max(...v);
if(st===4)return 7+Math.max(...v);
if(st===3)return 6+Math.max(...v);
if(st===2)return 5+Math.max(...v);
if(st===1)return 4+Math.max(...v);
if(flush)return 3+Math.max(...v);
if(st===0)return 2+Math.max(...v);}
function evalBest7(h,b){const v=h.map(x=>x.n).sort((a,b)=>a-b);const f=v.every(x=>x.s===v[0].s);let st=0;for(let i=0;i<5;i++)for(let j=i+1;j<5;j++)if(v[i]===v[j])st++;
if(flush&&st===0)return 8+Math.max(...v);
if(st===4)return 7+Math.max(...v);
if(st===3)return 6+Math.max(...v);
if(st===2)return 5+Math.max(...v);
if(st===1)return 4+Math.max(...v);
if(flush)return 3+Math.max(...v);
if(st===0)return 2+Math.max(...v);}
function evalBest7(h,b){const v=h.map(x=>x.n).sort((a,b)=>a-b);const f=v.every(x=>x.s===v[0].s);let st=0;for(let i=0;i<5;i++)for(let j=i+1;j<5;j++)if(v[i]===v[j])st++;
if(flush&&st===0)return 8+Math.max(...v);
if(st===4)return 7+Math.max(...v);
if(st===3)return 6+Math.max(...v);
if(st===2)return 5+Math.max(...v);
if(st===1)return 4+Math.max(...v);
if(flush)return 3+Math.max(...v);
if(st===0)return 2+Math.max(...v);}
function evalBest7(h,b){const v=h.map(x=>x.n).sort((a,b)=>a-b);const f=v.every(x=>x.s===v[0].s);let st=0;for(let i=0;i<5;i++)for(let j=i+1;j<5;j++)if(v[i]===v[j])st++;
if(flush&&st===0)return 8+Math.max(...v);
if(st===4)return 7+Math.max(...v);
if(st===3)return 6+Math.max(...v);
if(st===2)return 5+Math.max(...v);
if(st===1)return 4+Math.max(...v);
if(flush)return 3+Math.max(...v);
if(st===0)return 2+Math.max(...v);}
function evalBest7(h,b){const v=h.map(x=>x.n).sort((a,b)=>a-b);const f=v.every(x=>x.s===v[0].s);let st=0;for(let i=0;i<5;i++)for(let j=i+1;j<5;j++)if(v[i]===v[j])st++;
if(flush&&st===0)return 8+Math.max(...v);
if(st===4)return 7+Math.max(...v);
if(st===3)return 6+Math.max(...v);
if(st===2)return 5+Math.max(...v);
if(st===1)return 4+Math.max(...v);
if(flush)return 3+Math.max(...v);
if(st===0)return 2+Math.max(...v);}
function evalBest7(h,b){const v=h.map(x=>x.n).sort((a,b)=>a-b);const f=v.every(x=>x.s===v[0].s);let st=0;for(let i=0;i<5;i++)for(let j=i+1;j<5;j++)if(v[i]===v[j])st++;
if(flush&&st===0)return 8+Math.max(...v);
if(st===4)return 7+Math.max(...v);
if(st===3)return 6+Math.max(...v);
if(st===2)return 5+Math.max(...v);
if(st===1)return 4+Math.max(...v);
if(flush)return 3+Math.max(...v);
if(st===0)return 2+Math.max(...v);}
function evalBest7(h,b){const v=h.map(x=>x.n).sort((a,b)=>a-b);const f=v.every(x=>x.s===v[0].s);let st=0;for(let i=0;i<5;i++)for(let j=i+1;j<5;j++)if(v[i]===v[j])st++;
if(flush&&st===0)return 8+Math.max(...v);
if(st===4)return 7+Math.max(...v);
if(st===3)return 6+Math.max(...v);
if(st===2)return 5+Math.max(...v);
if(st===1)return 4+Math.max(...v);
if(flush)return 3+Math.max(...v);
if(st===0)return 2+Math.max(...v);}
function evalBest7(h,b){const v=h.map(x=>x.n).sort((a,b)=>a-b);const f=v.every(x=>x.s===v[0].s);let st=0;for(let i=0;i<5;i++)for(let j=i+1;j<5;j++)if(v[i]===v[j])st++;
if(flush&&st===0)return 8+Math.max(...v);
if(st===4)return 7+Math.max(...v);
if(st===3)return 6+Math.max(...v);
if(st===2)return 5+Math.max(...v);
if(st===1)return 4+Math.max(...v);
if(flush)return 3+Math.max(...v);
if(st===0)return 2+Math.max(...v);}
function evalBest7(h,b){const v=h.map(x=>x.n).sort((a,b)=>a-b);const f=v.every(x=>x.s===v[0].s);let st=0;for(let i=0;i<5;i++)for(let j=i+1;j<5;j++)if(v[i]===v[j])st++;
if(flush&&st===0)return 8+Math.max(...v);
if(st===4)return 7+Math.max(...v);
if(st===3)return 6+Math.max(...v);
if(st===2)return 5+Math.max(...v);
if(st===1)return 4+Math.max(...v);
if(flush)return 3+Math.max(...v);
if(st===0)return 2+Math.max(...v);}
function evalBest7(h,b){const v=h.map(x=>x.n).sort((a,b)=>a-b);const f=v.every(x=>x.s===v[0].s);let st=0;for(let i=0;i<5;i++)for(let j=i+1;j<5;j++)if(v[i]===v[j])st++;
if(flush&&st===0)return 8+Math.max(...v);
if(st===4)return 7+Math.max(...v);
if(st===3)return 6+Math.max(...v);
if(st===2)return 5+Math.max(...v);
if(st===1)return 4+Math.max(...v);
if(flush)return 3+Math.max(...v);
if(st===0)return 2+Math.max(...v);}
function evalBest7(h,b){const v=h.map(x=>x.n).sort((a,b)=>a-b);const f=v.every(x=>x.s===v[0].s);let st=0;for(let i=0;i<5;i++)for(let j=i+1;j<5;j++)if(v[i]===v[j])st++;
if(flush&&st===0)return 8+Math.max(...v);
if(st===4)return 7+Math.max(...v);
if(st===3)return 6+Math.max(...v);
if(st===2)return 5+Math.max(...v);
if(st===1)return 4+Math.max(...v);
if(flush)return 3+Math.max(...v);
if(st===0)return 2+Math.max(...v);}
function evalBest7(h,b){const v=h.map(x=>x.n).sort((a,b)=>a-b);const f=v.every(x=>x.s===v[0].s);let st=0;for(let i=0;i<5;i++)for(let j=i+1;j<5;j++)if(v[i]===v[j])st++;
if(flush&&st===0)return 8+Math.max(...v);
if(st===4)return 7+Math.max(...v);
if(st===3)return 6+Math.max(...v);
if(st===2)return 5+Math.max(...v);
if(st===1)return 4+Math.max(...v);
if(flush)return 3+Math.max(...v);
if(st===0)return 2+Math.max(...v);}
function evalBest7(h,b){const v=h.map(x=>x.n).sort((a,b)=>a-b);const f=v.every(x=>x.s===v[0].s);let st=0;for(let i=0;i<5;i++)for(let j=i+1;j<5;j++)if(v[i]===v[j])st++;
if(flush&&st===0)return 8+Math.max(...v);
if(st===4)return 7+Math.max(...v);
if(st===3)return 6+Math.max(...v);
if(st===2)return 5+Math.max(...v);
if(st===1)return 4+Math.max(...v);
if(flush)return 3+Math.max(...v);
if(st===0)return 2+Math.max(...v);}
function evalBest7(h,b){const v=h.map(x=>x.n).sort((a,b)=>a-b);const f=v.every(x=>x.s===v[0].s);let st=0;for(let i=0;i<5;i++)for(let j=i+1;j<5;j++)if(v[i]===v[j])st++;
if(flush&&st===0)return 8+Math.max(...v);
if(st===4)return 7+Math.max(...v);
if(st===3)return 6+Math.max(...v);
if(st===2)return 5+Math.max(...v);
if(st===1)return 4+Math.max(...v);
if(flush)return 3+Math.max(...v);
if(st===0)return 2+Math.max(...v);}
function evalBest7(h,b){const v=h.map(x=>x.n).sort((a,b)=>a-b);const f=v.every(x=>x.s===v[0].s);let st=0;for(let i=0;i<5;i++)for(let j=i+1;j<5;j++)if(v[i]===v[j])st++;
if(flush&&st===0)return 8+Math.max(...v);
if(st===4)return 7+Math.max(...v);
if(st===3)return 6+Math.max(...v);
if(st===2)return 5+Math.max(...v);
if(st===1)return 4+Math.max(...v);
if(flush)return 3+Math.max(...v);
if(st===0)return 2+Math.max(...v);}
function evalBest7(h,b){const v=h.map(x=>x.n).sort((a,b)=>a-b);const f=v.every(x=>x.s===v[0].s);let st=0;for(let i=0;i<5;i++)for(let j=i+1;j<5;j++)if(v[i]===v[j])st++;
if(flush&&st===0)return 8+Math.max(...v);
if(st===4)return 7+Math.max(...v);
if(st===3)return 6+Math.max(...v);
if(st===2)return 5+Math.max(...v);
if(st===1)return 4+Math.max(...v);
if(flush)return 3+Math.max(...v);
if(st===0)return 2+Math.max(...v);}
function evalBest7(h,b){const v=h.map(x=>x.n).sort((a,b)=>a-b);const f=v.every(x=>x.s===v[0].s);let st=0;for(let i=0;i<5;i++)for(let j=i+1;j<5;j++)if(v[i]===v[j])st++;
if(flush&&st===0)return 8+Math.max(...v);
if(st===4)return 7+Math.max(...v);
if(st===3)return 6+Math.max(...v);
if(st===2)return 5+Math.max(...v);
if(st===1)return 4+Math.max(...v);
if(flush)return 3+Math.max(...v);
if(st===0)return 2+Math.max(...v);}
function evalBest7(h,b){const v=h.map(x=>x.n).sort((a,b)=>a-b);const f=v.every(x=>x.s===v[0].s);let st=0;for(let i=0;i<5;i++)for(let j=i+1;j<5;j++)if(v[i]===v[j])st++;
if(flush&&st===0)return 8+Math.max(...v);
if(st===4)return 7+Math.max(...v);
if(st===3)return 6+Math.max(...v);
if(st===2)return 5+Math.max(...v);
if(st===1)return 4+Math.max(...v);
if(flush)return 3+Math.max(...v);
if(st===0)return 2+Math.max(...v);}
function evalBest7(h,b){const v=h.map(x=>x.n).sort((a,b)=>a-b);const f=v.every(x=>x.s===v[0].s);let st=0;for(let i=0;i<5;i++)for(let j=i+1;j<5;j++)if(v[i]===v[j])st++;
if(flush&&st===0)return 8+Math.max(...v);
if(st===4)return 7+Math.max(...v);
if(st===3)return 6+Math.max(...v);
if(st===2)return 5+Math.max(...v);
if(st===1)return 4+Math.max(...v);
if(flush)return 3+Math.max(...v);
if(st===0)return 2+Math.max(...v);}
function evalBest7(h,b){const v=h.map(x=>x.n).sort((a,b)=>a-b);const f=v.every(x=>x.s===v[0].s);let st=0;for(let i=0;i<5;i++)for(let j=i+1;j<5;j++)if(v[i]===v[j])st++;
if(flush&&st===0)return 8+Math.max(...v);
if(st===4)return 7+Math.max(...v);
if(st===3)return 6+Math.max(...v);
if(st===2)return 5+Math.max(...v);
if(st===1)return 4+Math.max(...v);
if(flush)return 3+Math.max(...v);
if(st===0)return 2+Math.max(...v);}
function evalBest7(h,b){const v=h.map(x=>x.n).sort((a,b)=>a-b);const f=v.every(x=>x.s===v[0].s);let st=0;for(let i=0;i<5;i++)for(let j=i+1;j<5;j++)if(v[i]===v[j])st++;
if(flush&&st===0)return 8+Math.max(...v);
if(st===4)return 7+Math.max(...v);
if(st===3)return 6+Math.max(...v);
if(st===2)return 5+Math.max(...v);
if(st===1)return 4+Math.max(...v);
if(flush)return 3+Math.max(...v);
if(st===0)return 2+Math.max(...v);}
function evalBest7(h,b){const v=h.map(x=>x.n).sort((a,b)=>a-b);const f=v.every(x=>x.s===v[0].s);let st=0;for(let i=0;i<5;i++)for(let j=i+1;j<5;j++)if(v[i]===v[j])st++;
if(flush&&st===0)return 8+Math.max(...v);
if(st===4)return 7+Math.max(...v);
if(st===3)return 6+Math.max(...v);
if(st===2)return 5+Math.max(...v);
if(st===1)return 4+Math.max(...v);
if(flush)return 3+Math.max(...v);
if(st===0)return 2+Math.max(...v);}
function evalBest7(h,b){const v=h.map(x=>x.n).sort((a,b)=>a-b);const f=v.every(x=>x.s===v[0].s);let st=0;for(let i=0;i<5;i++)for(let j=i+1;j<5;j++)if(v[i]===v[j])st++;
if(flush&&st===0)return 8+Math.max(...v);
if(st===4)return 7+Math.max(...v);
if(st===3)return 6+Math.max(...v);
if(st===2)return 5+Math.max(...v);
if(st===1)return 4+Math.max(...v);
if(flush)return 3+Math.max(...v);
if(st===0)return 2+Math.max(...v);}
function evalBest7(h,b){const v=h.map(x=>x.n).sort((a,b)=>a-b);const f=v.every(x=>x.s===v[0].s);let st=0;for(let i=0;i<5;i++)for(let j=i+1;j<5;j++)if(v[i]===v[j])st++;
if(flush&&st===0)return 8+Math.max(...v);
if(st===4)return 7+Math.max(...v);
if(st===3)return 6+Math.max(...v);
if(st===2)return 5+Math.max(...v);
if(st===1)return 4+Math.max(...v);
if(flush)return 3+Math.max(...v);
if(st===0)return 2+Math.max(...v);}
function evalBest7(h,b){const v=h.map(x=>x.n).sort((a,b)=>a-b);const f=v.every(x=>x.s===v[0].s);let st=0;for(let i=0;i<5;i++)for(let j=i+1;j<5;j++)if(v[i]===v[j])st++;
if(flush&&st===0)return 8+Math.max(...v);
if(st===4)return 7+Math.max(...v);
if(st===3)return 6+Math.max(...v);
if(st===2)return 5+Math.max(...v);
if(st===1)return 4+Math.max(...v);
if(flush)return 3+Math.max(...v);
if(st===0)return 2+Math.max(...v);}
function evalBest7(h,b){const v=h.map(x=>x.n).sort((a,b

