Based on the content of the passage and the specific hint provided, here is the deduction for the date:

### 1. Analysis of the Content (The "When" in History)
First, let's establish the historical timeframe based on the technical details mentioned in the text:
*   **"C++20 brings us modules... looking forward to actually being implemented fairly soon."**
    *   C++20 was standardized in **2020**. Major compiler implementations (GCC, Clang, MSVC) began shipping C++20 modules support around **2021–2022**. The phrasing "looking forward to... implemented fairly soon" suggests the author is writing shortly after the standard was finalized but before widespread, stable adoption. This points to **2021 or early 2022**.
*   **"C++26 will likely have stackful coroutines..."**
    *   C++23 was the next standard after C++20. C++26 is the one after that. The author is looking ahead to C++26, implying C++23 is either current or imminent. This reinforces the **2021–2022** window.
*   **"Rust... recently landed features such as generic associated types (GATs)..."**
    *   Generic Associated Types (GATs) were stabilized in Rust **1.65**, which was released in **August 2022**.
    *   The text says GATs have "recently landed." This strongly suggests the text was written **after August 2022**.
*   **"The forthcoming 'type alias impl trait' is similar."**
    *   `type_alias_impl_trait` (TAIT) was a major feature under discussion in Rust during **2022–2023**. It was not yet stable in late 2022.
*   **"Linebender projects... rewrite to C++."**
    *   The Linebender projects (Skia, Servo, etc.) are real. While they haven't actually rewritten to C++ (this is a fictional or satirical premise), the context of "infrastructure for building GUI toolkits in Rust" aligns with the era of `iced`, `egui`, and `winit` development, which peaked in popularity and debate around **2021–2023**.

**Historical Conclusion:** The technical references place the writing firmly in **late 2022 or early 2023**.

### 2. Analysis of the Hint (The "Distinctive Writing Style")
The hint states: *"The distinctive writing style of the article is connected to one particular day and month of the year."*

Let's look at the tone and content of the article:
*   It is **highly contrarian** and **provocative**.
*   It makes **extreme, hyperbolic claims**:
    *   "I consider myself a good enough programmer that I can avoid writing code with safety problems." (Arrogant)
    *   "The dangers from memory safety problems are overblown." (Controversial)
    *   "The Rust community can be extremely imperious... denigrating all other programming languages." (Generalization)
    *   "I firmly believe that programming languages should be free of politics... In computer science, we have moved beyond prejudice and discrimination." (This is a highly charged, politically incorrect statement for a tech blog, often associated with "edgy" or "troll" posts).
    *   "Rust was a good experiment... it is time to take the Linebender projects to a mature, production-ready language [C++]." (A massive, unrealistic claim for a major open-source project).

This style is characteristic of **April Fools' Day** posts. Tech companies and developers often publish satirical, exaggerated, or absurd announcements on **April 1st** to poke fun at community trends, language wars, or internal frustrations.

The specific combination of:
1.  A major, unrealistic announcement (rewriting a major Rust project to C++).
2.  Exaggerated criticism of the Rust community ("imperious," "politics").
3.  Overly confident, almost arrogant dismissal of memory safety concerns.
4.  The "troll" nature of the argument (e.g., claiming C++ is safer and friendlier, which is a common meme in programming circles).

...strongly suggests this is a **satirical piece** written for **April 1st**.

### 3. Combining the Clues
*   **Year:** The technical references (GATs recently landed, C++20 modules "soon," C++26 future) point to **2022** or **2023**.
    *   GATs landed in **August 2022**.
    *   If the author says GATs "recently landed," the text must be written **after August 2022**.
    *   Therefore, the next April 1st after August 2022 is **April 1, 2023**.
*   **Month/Day:** **April 1st** (April Fools' Day).

### Final Answer
The passage was most likely written on **April 1, 2023**.

**Explanation of how the hint is used:**
The "distinctive writing style" is **satirical and hyperbolic**, typical of **April Fools' Day** jokes in the tech community. The article presents a wildly unrealistic and controversial scenario (rewriting major Rust GUI projects to C++ due to community politics and safety concerns) with an exaggerated, arrogant tone. This is a classic format for an April 1st prank post. The technical details (specifically the mention of Rust's Generic Associated Types having "recently landed") constrain the year to **2023** (since GATs were stabilized in August 2022, making April 2022 too early for them to be "recently landed" in a retrospective sense, while April 2023 fits perfectly as a post-2022 reflection). [end of text]


