Okay, this is a fun challenge! Here's my reasoning and estimated date:

**Key Clues and Reasoning:**

*   **C++20 Features:** The passage mentions C++20 features like modules and expresses anticipation for their implementation. C++20 was officially released in December 2020. However, widespread adoption and tooling support took time.
*   **C++26 Speculation:** The author speculates about C++26 features, including stackful coroutines and other improvements. C++26 is still in development, with the first committee draft released in February 2024.
*   **Herb Sutter's `cppfront`:** The mention of Herb Sutter's `cppfront` proposal is significant. `cppfront` was publicly announced in 2021.
*   **Carbon Language:** The reference to the C++-compatible Carbon language is another strong indicator. Google announced Carbon in July 2022.
*   **Rust's "Sedate" Pace:** The author contrasts Rust's slower pace of innovation with C++'s rapid evolution. While Rust has always been evolving, the author's perception of a slowdown suggests a point in time after Rust had already established itself and its development process matured.
*   **"Type Alias Impl Trait":** This feature was stabilized in Rust 1.76.0, which was released in December 2023.
*   **Community Sentiment:** The author's comments about the Rust community being "imperious" and the C++ community being "nicer and friendlier" reflect a certain level of frustration and a desire for a different environment. This kind of sentiment often arises after a period of engagement with a community.
*   **Zulip Instance:** Zulip is a relatively modern chat platform. Its mention suggests the author is comfortable with contemporary communication tools.
*   **Hacker News and /r/rust:** The call to discuss on Hacker News and /r/rust indicates the author is aware of and participates in online tech communities.

**Putting it Together:**

Considering all these factors, I believe the passage was likely written in **early to mid 2024**.

Here's why:

*   The mention of C++26 features suggests the author is aware of ongoing developments in the C++ standardization process.
*   The reference to Carbon places the writing after July 2022.
*   The "type alias impl trait" feature being mentioned suggests the author is aware of Rust's recent developments.
*   The author's overall tone and perspective suggest a level of experience and engagement with both the Rust and C++ communities.

**Therefore, my best guess is that the passage was written in early to mid 2024.**
 [end of text]


