Based on the specific technical details, community references, and the state of the languages mentioned in the text, we can narrow down the date significantly.

### Key Clues and Analysis

1.  **"C++26 will likely have stackful coroutines..."**
    *   C++23 was released in late 2023. The next standard is C++26.
    *   The author mentions "stackful coroutines" as a *future* feature for C++26. While coroutines were introduced in C++20, *stackful* coroutines (or specific improvements to them) are a topic of ongoing discussion for future standards. This implies the author is looking ahead to the C++26 cycle, which is currently in development. This places the text **after the release of C++23 (late 2023)** or at least well into the C++26 planning phase.

2.  **"The forthcoming 'type alias impl trait' is similar."**
    *   `type_alias_impl_trait` (TAIT) was a major feature in Rust. It was stabilized in **Rust 1.75**, which was released in **June 2024**.
    *   The author refers to it as "forthcoming." This is a critical clue. If it were already stable, they would likely say "the recently landed" or just "type alias impl trait." The use of "forthcoming" suggests the text was written **just before or around the time of Rust 1.75's release (June 2024)**.

3.  **"C++20 brings us modules... one I’m looking forward to actually being implemented fairly soon."**
    *   C++20 modules have been notoriously difficult to implement in compilers. GCC and Clang have been working on them for years. By mid-2024, support was still maturing. This comment reflects the state of affairs in **2024**.

4.  **"Herb Sutter cppfront"**
    *   Herb Sutter announced `cppfront` in **2023**. It gained significant traction in 2024. The mention of it as a "potentially a new syntax" proposal fits the 2024 timeline where it was a hot topic but not yet a standard part of the language.

5.  **"Carbon language"**
    *   Google's Carbon language was announced in 2023 and has been in active development since. By 2024, it was a known entity in the C++ community.

6.  **"Linebender projects"**
    *   Linebender is the organization behind `iced`, `druid`, and `skia-safe`. The author is likely **Antti Lajunen** or a similar core maintainer who has expressed frustrations with Rust's ecosystem.
    *   In **May/June 2024**, there was significant discussion in the Rust community about the pace of development and the "Rust fatigue" among some long-time contributors.

7.  **"Discuss on Hacker News and /r/rust."**
    *   This is a standard call to action for a blog post or announcement.

### Synthesizing the Timeline

*   **Rust 1.75 (TAIT stabilization):** Released **June 13, 2024**.
*   The author calls TAIT "forthcoming." This strongly suggests the text was written **shortly before June 13, 2024**, or perhaps in the weeks leading up to it, when the feature was in the final stages of stabilization (e.g., in the beta channel).
*   The author is looking forward to C++26 features, which is consistent with the 2024 timeframe (C++23 was just released, C++26 is the next target).
*   The mention of `cppfront` and Carbon as current/future possibilities fits 2024.

### Conclusion

The most likely date for this passage is **May or early June 2024**.

Specifically, it was likely written **between May 1, 2024, and June 13, 2024**.

*   **Why not earlier?** TAIT was not "forthcoming" in the same imminent sense in 2023; it was still in the proposal/implementation phase.
*   **Why not later?** If it were written after June 13, 2024, the author would likely refer to TAIT as "recently landed" or "now stable," not "forthcoming."

**Best Guess Date: May 2024** [end of text]


