### Reasoning

1. **Immediate shock and risk aversion**
   - A credible, near‑certain existential threat would trigger a massive flight to safety. Investors would dump risky assets (stocks, corporate bonds, high‑yield credit, emerging markets, crypto, commodities) and pile into the safest, most liquid instruments: cash, short‑term government bonds, and possibly gold.
   - Liquidity would be scarce in risk assets; bid‑ask spreads would widen; price discovery would be impaired.

2. **Central bank response**
   - The Federal Reserve (and other major central banks) would likely cut policy rates to zero or negative and launch large‑scale asset purchases (quantitative easing) to:
     - Keep financial markets functioning.
     - Prevent a collapse in credit intermediation.
     - Support households and firms through a severe recession.
   - They might also introduce emergency liquidity facilities, swap lines, and backstop programs to stabilize funding markets.

3. **Government fiscal response**
   - Fiscal authorities would pass massive stimulus and support packages (unemployment benefits, cash transfers, loan guarantees, public works) to cushion the blow and maintain social order.
   - This would be financed by issuing large amounts of government debt.

4. **Supply‑side collapse**
   - If the asteroid impact is certain in 10 years, many firms would halt long‑term investments, capex, and R&D. Supply chains would be reoriented toward near‑term survival and essential goods.
   - This would reduce potential output and raise near‑term inflation pressures for essentials (food, energy, basic goods) while disinflationary forces emerge in non‑essential sectors.

5. **Inflation dynamics**
   - Short‑term: Panic buying and supply disruptions could push up prices for essentials, creating a “cost‑of‑living” shock.
   - Medium‑term: With demand collapsing for durable goods, travel, entertainment, and many services, and with central banks flooding the system with liquidity, inflation could become highly uneven—high for essentials, low or deflationary for discretionary items.
   - Long‑term (if the impact is truly certain): The economy would likely enter a prolonged slump; inflation could turn negative as demand collapses and expectations become anchored to a world that ends.

6. **Term structure of interest rates**
   - Short rates: Central banks would push policy rates to the lower bound (zero or negative) and keep them there.
   - Long rates: Initially, long‑term yields could spike due to risk aversion and inflation concerns for essentials, but then likely fall sharply as the market prices in a prolonged economic depression and the “terminal” nature of the shock. The yield curve could become very steep initially (if inflation expectations for essentials rise) and then flatten or invert as the depression dominates.
   - Real yields: If inflation expectations for essentials rise, real yields could become more negative; if the depression dominates, real yields could turn positive as nominal yields fall faster than inflation.

7. **Credit markets**
   - Corporate bond yields would widen dramatically, especially for lower‑rated issuers. Many firms would struggle to roll over debt.
   - Sovereign yields would diverge: safe havens (U.S. Treasuries, German Bunds) would see yields fall; higher‑debt or more vulnerable sovereigns could see yields rise due to fiscal strain and risk.

8. **Currency dynamics**
   - Safe‑haven currencies (USD, CHF, JPY) would appreciate sharply.
   - Emerging market currencies would depreciate as capital flows reverse and external financing dries up.

9. **Market structure and behavior**
   - Volatility would explode across asset classes.
   - Liquidity would be scarce in risky assets; market functioning could require central bank intervention.
   - Behavioral effects: hoarding, social unrest, and political instability could amplify economic disruption.

10. **Time path**
    - **Days 1–30:** Shock, flight to safety, sharp equity sell‑off, spike in volatility, central bank emergency actions, short rates cut to near zero, long yields initially volatile then falling.
    - **Months 1–12:** Massive fiscal stimulus, QE, uneven inflation (high for essentials, low elsewhere), credit stress for non‑essential sectors, safe‑haven yields falling, curve flattening/inversion.
    - **Years 1–10:** Persistent depression dynamics, low or negative policy rates, very low long yields, high real rates if inflation expectations fall, possible sovereign debt crises in weaker states, ongoing safe‑haven flows.

### Conclusions

- **Short‑term interest rates:** Driven to the lower bound (zero or negative) by central banks and remain there.
- **Long‑term interest rates:** Initially volatile, then likely fall sharply as the market prices in a prolonged depression and the certainty of the terminal shock; the yield curve could flatten or invert.
- **Real yields:** Could become highly negative if inflation spikes for essentials, but turn positive if deflationary forces dominate as the economy contracts.
- **Credit spreads:** Widen dramatically for risky borrowers; many firms face refinancing risk; sovereign spreads diverge between safe havens and vulnerable states.
- **Currency:** Safe‑haven currencies appreciate; emerging market currencies depreciate.
- **Overall:** Interest rates would be extremely low across the board, with the term structure reflecting a high probability of a prolonged economic collapse and a terminal event. [end of text]


