Okay, this is a fascinating and complex scenario. Let’s break down how interest rates would likely respond to a confirmed, imminent, and certain extinction-level asteroid impact in 10 years.

**Reasoning:**

1. **Initial Shock & Panic (Year 1-2):**
   * **Massive Volatility:** The immediate reaction would be utter chaos. Markets would likely crash initially. There would be a huge sell-off of assets – stocks, bonds, real estate – as people desperately tried to liquidate everything they could.
   * **Flight to Safety (Short-Term):**  Initially, investors would likely flock to the *most* safe assets:
      * **U.S. Treasury Bonds:** These are considered the ultimate safe haven. Demand would skyrocket, driving yields (interest rates) *down* dramatically.  The perceived risk of the US government defaulting would plummet.
      * **Gold:**  Gold is often seen as a store of value during times of crisis. Demand would increase, pushing its price up.
   * **Currency Flight:**  Stronger, more stable currencies (like the US dollar, Swiss franc, or Japanese yen) would likely benefit as investors sought refuge.


2. **Strategic Response & Government Intervention (Year 2-5):**
   * **Government Spending Surge:** Governments worldwide would need to mobilize massive resources. This would involve:
      * **Infrastructure Projects:** Building massive shelters, evacuation centers, and potentially even underground facilities. This would require huge upfront investment, leading to a massive increase in government borrowing.
      * **Research & Development:**  Intense efforts to develop deflection technologies (even if unlikely to succeed in 10 years) would require significant funding.
      * **Social Safety Nets:**  Providing aid, relocation assistance, and potentially rationing resources.
   * **Central Bank Response:** Central banks would face a monumental dilemma.
      * **Lowering Rates (Initially):** To stimulate the economy and encourage borrowing for disaster preparedness, central banks would likely *immediately* slash interest rates to near zero, or even negative rates. The goal would be to keep credit flowing.
      * **Quantitative Easing (QE):**  They’d likely ramp up QE – buying government bonds and other assets to inject liquidity into the financial system and further suppress long-term interest rates.
      * **Currency Intervention:** Central banks might intervene to stabilize their currencies, preventing a complete collapse.

3. **Longer-Term Economic Shift (Year 5-10):**
   * **Inflation (Potentially):**  Massive government spending and potential supply chain disruptions (due to population shifts and resource scarcity) could lead to inflation, even with low interest rates.
   * **Real Estate Collapse:**  Property values would likely plummet as people abandoned areas deemed unsafe or as demand dried up.
   * **Shift in Investment Priorities:**  Investment would likely shift away from long-term growth assets (like stocks) and towards short-term, liquid assets.
   * **Increased Demand for Short-Term Loans:**  Businesses and individuals would need short-term loans to fund survival efforts, further depressing long-term rates.



**Conclusions – Likely Interest Rate Trajectory:**

* **Short-Term (Year 1-3):**  Yields on U.S. Treasury bonds would *plummet* – potentially to levels not seen in centuries.  Interest rates would be aggressively cut by central banks.
* **Mid-Term (Year 3-7):**  Rates would likely remain near zero or even negative. QE would continue, and the focus would be on maintaining liquidity.  Inflation would likely start to become a concern.
* **Long-Term (Year 7-10):**  It’s harder to predict.  The economic landscape would be profoundly altered.  While rates might not rise significantly, the overall economic environment would be characterized by uncertainty, potential deflation (due to reduced demand), and a focus on immediate survival rather than long-term growth.  The value of the dollar and other safe-haven currencies would likely remain elevated.

**Important Caveats:**

* **Human Behavior:** This analysis assumes a relatively rational (though panicked) response. Mass hysteria, hoarding, and social unrest could significantly disrupt the economic picture.
* **Deflection Efforts:** If there were credible, even if unlikely, efforts to deflect the asteroid, the reaction would be different – potentially a surge in investment in space technology and a shift away from safe-haven assets.
* **Government Policy:** The specific policies implemented by governments would have a huge impact.


Do you want me to delve deeper into a specific aspect of this scenario, such as:

*   The impact on a particular asset class (e.g., real estate, stocks)?
*   The role of international finance?
*   The potential for a complete economic collapse? [end of text]


