### Reasoning

The scenario of an asteroid impact guaranteed to destroy all life on Earth within 10 years represents a fundamental breakdown of the economic and financial systems. To understand the impact on interest rates, we must analyze the mechanics of how interest rates are determined and how they would react to this specific existential threat.

**1. The Collapse of the Time Value of Money**
Interest rates are fundamentally a price for the time value of money. They compensate lenders for deferring consumption and for the risk of default over a specific period.
*   **The Horizon Problem:** In a standard economy, interest rates reflect expectations of future growth, inflation, and risk over a horizon (e.g., 10, 30 years). If the horizon is strictly 10 years and the endpoint is total extinction, the concept of "future consumption" becomes meaningless. No one can consume money after the event.
*   **Discounting to Zero:** Rational economic agents would discount all future cash flows to zero. If there is no future beyond 10 years, the present value of any asset or bond maturing in 10 years is effectively zero. Consequently, the yield (interest rate) required to hold a bond would theoretically collapse to zero or become undefined, as the return on investment is irrelevant when the investor will not exist to spend it.

**2. The Breakdown of Credit and Default Risk**
Interest rates include a "risk premium" for the possibility that a borrower will not repay.
*   **Universal Default:** In this scenario, *every* borrower (governments, corporations, individuals) faces a 100% probability of default, not because they lack funds, but because the entity itself will cease to exist.
*   **Lending Freeze:** No rational lender would lend money at *any* positive interest rate if the borrower cannot repay. Conversely, no borrower would borrow money to invest in projects that yield returns after the event. The credit market would effectively vanish. Without a functioning credit market, the benchmark interest rates (like the 10-year Treasury yield) would cease to be meaningful metrics.

**3. Inflation and Currency Collapse**
*   **Hyperinflationary Spiral:** Governments would likely attempt to print infinite money to fund immediate survival efforts (evacuation, defense, or last-ditch consumption). With no future production capacity to back the currency, the value of money would plummet instantly.
*   **Nominal vs. Real Rates:** While nominal interest rates might skyrocket due to hyperinflation (lenders demanding massive rates to compensate for the currency losing value every hour), the *real* interest rate (adjusted for inflation) would likely be deeply negative or nonsensical. However, if the currency itself becomes worthless (like the Zimbabwean dollar or the German Papiermark in 1923), the concept of an interest rate becomes irrelevant because the medium of exchange is destroyed.

**4. Behavioral Economics and Panic**
*   **Run on Banks:** The moment the news is confirmed, there would be a massive run on banks. People would try to convert all assets into tangible goods (food, fuel, gold, weapons) or simply hoard cash before the currency collapses.
*   **Central Bank Paralysis:** Central banks usually raise rates to fight inflation or lower them to stimulate growth. In this scenario, both tools fail. Raising rates does nothing if no one can repay; lowering rates does nothing if no one wants to borrow. The central bank would likely suspend operations or shift entirely to a command economy model, rendering market-determined interest rates obsolete.

**5. The "Last 10 Years" Nuance**
If the event is 10 years away, there is a brief window where the economy might try to "front-load" consumption.
*   **Short-term rates:** Might spike as people try to borrow against their remaining assets to buy goods immediately.
*   **Long-term rates:** Would crash to zero or become negative as the market prices in the total loss of the asset base.
*   **However:** The certainty of the event creates a "terminal value" of zero for the entire global economy. The financial system is a contract for future exchange. If the future is erased, the contracts are void.

### Conclusions

In the event of a confirmed asteroid impact destroying life on Earth in 10 years, **interest rates would effectively cease to exist as a functional economic metric.**

Specifically, the following would occur:

1.  **Market Collapse:** The bond market and credit markets would freeze completely. There would be no trading of bonds, meaning no observable interest rates.
2.  **Nominal Distortion:** If any rates were quoted, they would likely be chaotic—either **zero** (because the time value of money is null) or **hyper-inflationary** (if the currency collapses before the event). Neither scenario represents a "real" interest rate.
3.  **Policy Obsolescence:** Central banks would lose the ability to manage the economy via interest rates. Governments would likely abandon monetary policy in favor of direct rationing and command economies to manage the final decade.
4.  **Final Verdict:** The concept of an interest rate relies on the expectation of a future. If the future is guaranteed to end in 10 years with total extinction, the financial system collapses, and **interest rates become mathematically and economically meaningless.** [end of text]


