Let’s reason step by step.

---

**1. The asteroid threat — “destroy life on Earth for certain in 10 years”**

This is not a hypothetical — it’s a *catastrophic, existential event*. It implies:

- No escape: no evacuation, no mitigation, no technology can stop it.
- Global extinction-level event (ALEC or “doomsday” scenario).
- The event is *certain* and *imminent* (in 10 years).

This is not a “financial risk” — it’s a *complete termination of human civilization and biological life on Earth*.

---

**2. What would happen to interest rates?**

Interest rates are set by central banks (like the Fed, ECB, BoE) based on:

- Inflation expectations
- Economic growth prospects
- Monetary policy goals (employment, price stability)
- Market sentiment and risk appetite
- Liquidity conditions

But — **if humanity is going to be wiped out in 10 years, then:**

- There is no future for economic growth.
- No future for inflation (or deflation — both are meaningless without a functioning economy).
- No future for employment, consumption, investment, or debt servicing.
- Central banks have no meaningful policy tools — because there’s no economy to manage.
- Markets would collapse — not just in stocks or bonds, but in *all financial systems*.
- The value of money, debt, and interest rates becomes meaningless — because there’s no one left to pay or receive interest.

---

**3. What would happen to interest rates in the *final 10 years*?**

In the final 10 years, as the asteroid approaches:

- **Markets would likely crash to zero value** — because no one expects future returns.
- **Central banks would likely stop setting interest rates** — because the economy is collapsing.
- **Interest rates would become irrelevant** — because no one is borrowing or lending.
- **In the final year or two**, if central banks still exist, they might try to “stabilize” the system — but with no economic activity, they’d be powerless.
- **In the final months**, as the event becomes imminent, **interest rates might be driven to zero or negative** — not because of monetary policy, but because of *panic and liquidity hoarding* — but even that would be meaningless.

---

**4. What if the asteroid is detected *now*?**

If we’re told “it’s detected now, and will hit in 10 years,” then:

- **Markets would react immediately** — but not with a *sustained* change in interest rates.
- **Short-term rates might spike** due to panic — but then collapse as the market realizes there’s no way to recover.
- **Long-term rates would collapse** — because investors would demand *no return* for holding assets — because the future is gone.
- **The yield curve would flatten or invert** — because the risk premium disappears.
- **Governments might try to monetize debt** — but with no tax base or economic activity, this would be impossible.

---

**5. The ultimate conclusion:**

> **Interest rates would collapse to zero or become meaningless — because the entire economic system would collapse before the 10-year window ends.**

In the final 10 years, interest rates would not be “set” — they would be *irrelevant*. The financial system would cease to function. Central banks would be powerless. Markets would be frozen. The concept of “interest” would be a relic of a civilization that no longer exists.

---

**Final Answer:**

> **Interest rates would collapse to zero or become meaningless — because the global economy would collapse before the 10-year deadline, rendering monetary policy and financial markets obsolete.**

In the final years, there would be no meaningful interest rates — because there would be no economy to support them. The financial system would cease to function, and interest rates would be irrelevant. The only “rate” that might exist would be the rate of extinction — which is 100% and certain.

---

**Note:** This is a thought experiment. In reality, if an asteroid were detected, humanity would mobilize to deflect it — and interest rates would reflect the *risk of failure* of that effort, not the *certain destruction* of the planet. But in this scenario — “certain destruction in 10 years” — the answer is: **interest rates would collapse to zero or become meaningless.**

--- 

✅ **Conclusion: Interest rates would collapse to zero or become meaningless — because the global economy would collapse before the 10-year deadline, rendering monetary policy and financial markets obsolete.** [end of text]


