This is a genuinely interesting question because it combines macroeconomics, risk assessment, and behavioral finance. Let me reason through it carefully.

## The Core Economic Mechanism

When an asteroid is detected that will destroy life on Earth in 10 years, the key question is: **what happens to expected future economic activity?**

The answer is clear: **essentially all of it.** If civilization faces certain destruction in 10 years, then:
- No one will invest in long-term projects
- No one will save for retirement
- No one will build factories, houses, or infrastructure
- Consumption will collapse as people focus on immediate survival
- All economic activity will essentially stop

## The Transmission to Interest Rates

Interest rates are fundamentally determined by the **supply and demand for loanable funds** and the **expected return on investment**. When expected future economic activity collapses to near zero:

1. **Demand for investment capital collapses** - No one wants to borrow money to build things that won't exist in 10 years
2. **Supply of savings collapses** - People won't save for the future when there's no future
3. **The entire financial system becomes irrelevant** - Bonds, stocks, and currencies lose all value as their underlying assets become worthless

## The Critical Insight: Rates Would Fall, Not Rise

This is counterintuitive to many people who think of disasters as causing rate increases. But the logic is:

- **Normal disaster scenario** (e.g., recession, pandemic): Central banks raise rates to combat inflation, or rates rise due to uncertainty
- **Existential catastrophe scenario**: There's no inflation because there's no economy. There's no growth because there's no future. The demand for credit collapses to zero.

The **term premium** (the extra yield investors demand for lending over longer periods) would collapse to zero or negative, because:
- No one wants to hold long-term debt
- The risk of default is effectively 100% for anything beyond the immediate survival window
- Short-term rates would fall as the central bank tries to maintain liquidity

## The Role of Central Banks

Central banks would face an unprecedented dilemma:
- They can't raise rates (there's no inflation to fight)
- They can't lower rates meaningfully (rates are already near zero)
- Their primary tool would be **quantitative easing** - printing money to prevent financial system collapse
- The central bank would likely become the sole lender, with rates effectively at zero or negative

## The Ultimate Outcome

In the extreme case, interest rates would approach **zero or even go negative** as:
- The central bank floods the system with liquidity
- All assets become worthless
- The concept of "return on investment" becomes meaningless
- The only meaningful rate is the one for immediate survival needs

## Conclusion

**Interest rates would fall dramatically, likely to zero or negative, as the collapse of expected future economic activity eliminates all demand for investment capital and savings. The central bank would become the sole lender, flooding the system with liquidity in a desperate attempt to prevent total financial system collapse. The traditional relationship between economic uncertainty and rising interest rates would be completely inverted - the ultimate economic collapse would produce the lowest possible interest rates, because there would be nothing left to lend against.**

This is a fascinating example of how economic theory can produce counterintuitive results when applied to extreme scenarios. [end of text]


