 to=self<|message|>If there was an asteroid detected that was going to destroy life on earth for certain in 10 years, what would happen to interest rates? Reason first, then give your conclusions.

Reason first, then give conclusions.

We need discuss interest rates. With certain extinction in 10 years, discounting changes, time horizon collapses. Short-term rates maybe rise? Long-term bonds unattractive. Real rates? Nominal? Expectation of hyperinflation? No demand for long-term capital. Central banks may cut? Probably rates become meaningless. Short-term rates fall to zero as no investment. Long-term rates spike due to no supply? Actually no demand for long-term lending.

Reason: interest rates reflect time preference, risk, growth. With terminal date, present value of future cash flows zero beyond 10 years. Long-term rates -> infinite? Or no market.

Conclusion: short rates collapse, long rates become undefined / spike, real rates negative? Might be no market.

Provide reasoning then conclusions.

Probably answer: rates would plummet for short maturities, long-term market collapses.

Give nuanced.

<|start|>assistant to=user<|message|>With a certain extinction date, interest rates stop being about growth and risk and become about time preference under a hard terminal horizon.

Reasoning:

1. **Time preference collapses.** Interest rates are the price of deferring consumption. If you know you have 10 years left, the value of a dollar in year 11 is zero. The discount function becomes truncated. The present value of any cash flow beyond ~10 years is zero.

2. **The term structure collapses.** 
   * For maturities <10 years, the usual intertemporal trade-off still exists but is distorted. There is no incentive to save for the long run because there is no long run. People will want to consume now. That is a massive increase in current demand for goods and a collapse in demand for future-dated claims.
   * For maturities >10 years, there is no rational buyer. A 30-year Treasury promises payment in 30 years when everyone is dead. Its price should go to zero and its yield to infinity, if a market even exists. In practice the market would simply cease to exist.

3. **Real vs nominal.** Real rates are driven by productivity and time preference. Time preference goes to infinity as the horizon shortens, which pushes real rates up for the very short end if you try to borrow to consume now. But simultaneously, the demand for capital goods collapses because no one wants to build a factory that will last 20 years. Investment demand falls to near zero, which pushes real rates down.

The net effect is a bifurcation:

* **Short-term nominal rates would be driven toward zero or negative in real terms.** Central banks would likely cut to zero and then try to push negative to discourage hoarding and encourage immediate spending. With no future to save for, money demand collapses. Velocity would spike.
* **Long-term rates become meaningless.** There would be no liquid market for bonds >10 years. If any price is quoted, yields would be extremely high to compensate for the certain non-payment, or the market would simply shut down.

4. **Risk premium and inflation.** With certain extinction, the usual risk premium for holding long duration disappears because the risk is 100%. Expectation of hyperinflation in the final years is plausible as fiscal policy becomes unconstrained - governments would monetize spending with no repayment horizon. That would push nominal short rates up even as real rates fall.

### Conclusion

Interest rates as we know them would cease to function beyond the 10-year horizon.

* **0-10 year rates:** Nominal rates would fall sharply, likely to zero or negative in real terms, as central banks try to force spending and the demand for future claims evaporates. Inflation expectations would rise in the final years, so nominal rates could be low but real rates deeply negative.
* **>10 year rates:** No market. The theoretical yield tends to infinity because the present value of a payment after extinction is zero. In practice, long bonds would be untradeable.

In short: short rates collapse, long rates die. The yield curve would invert violently and then disappear. [end of text]


