### Reasoning

To determine the impact on interest rates, we must analyze the fundamental mechanics of the bond market and how extreme risk events alter investor behavior.

1.  **The Nature of Interest Rates**: In modern finance, interest rates (specifically sovereign yields) are essentially the price of risk-free government bonds. When investors buy a bond, they are lending money to the government in exchange for a fixed return (the coupon) and the return of principal at maturity. The yield (interest rate) is inversely related to the price of the bond. If bond prices fall, yields rise.

2.  **The Scenario of Certain Extinction**: The premise posits an asteroid that will destroy all life on Earth in 10 years. This is not merely a high-risk event; it is a **certain, terminal event** with a 100% probability of occurring.

3.  **The Valuation of Future Cash Flows**: The value of any financial asset is the present value of its future cash flows.
    *   If life is destroyed in 10 years, the US government (and every other sovereign entity) will cease to exist.
    *   Consequently, the US Treasury bonds currently trading with 10 years to maturity will have **zero future cash flows**. No principal will be repaid, and no coupons will be paid.
    *   Mathematically, the present value of a bond with zero future cash flows is zero.

4.  **The Market Reaction (Flight to Safety vs. Flight to Zero)**:
    *   Normally, during crises, investors flee to "safe havens" like US Treasuries, driving prices up and yields down.
    *   However, in this specific scenario, the US Treasury is *not* a safe haven; it is the vehicle of destruction. The concept of a "risk-free" rate collapses because the risk of total loss is 100%.
    *   Investors will immediately sell off all existing long-term government debt because it is worthless.
    *   As the supply of bonds floods the market and demand evaporates, bond prices will crash toward zero.

5.  **The Resulting Yield**: As bond prices approach zero, the yield required to make the bond attractive (or rather, the yield implied by the price) approaches infinity. In practical terms, the market will no longer price in a fixed coupon rate because the contract itself becomes void. The "interest rate" as a metric for borrowing cost becomes meaningless for long-term debt, as the debt cannot be serviced.

6.  **Short-Term vs. Long-Term Distinction**:
    *   **Long-term rates (10+ years)**: These will effectively go to infinity (or become unpriced) because the maturity date coincides with the date of extinction.
    *   **Short-term rates (0-1 year)**: These might remain artificially high due to the immediate need for liquidity to fund the final days of the economy, but they would also face the risk of default if the government cannot pay out the final year's obligations before the end. However, the theoretical ceiling for long-term rates is the defining feature here.

### Conclusion

If an asteroid were detected with a 100% certainty of destroying life on Earth in 10 years, **interest rates would skyrocket to infinity (or become mathematically undefined).**

Specifically:
*   **Long-term government bond yields** would collapse to zero in price, causing yields to approach infinity, as the promised future payments would never be made.
*   The concept of a "risk-free rate" would vanish entirely.
*   Global financial markets would likely cease functioning as we know them, as the underlying asset (sovereign debt) would be rendered worthless. [end of text]


