This is a fascinating and extreme hypothetical that forces us to think about the fundamental drivers of interest rates: time preference, risk, and the marginal efficiency of capital.

Here is a reasoned breakdown of what would happen to interest rates in such a scenario.

### Reasoning

**1. The Collapse of "Time Preference" (The Dominant Force)**

The most fundamental reason for a positive interest rate is that people prefer consumption *now* over consumption *later* (positive time preference). In a normal economy, you need to pay people interest to convince them to save (defer consumption) rather than spend.

- **The Shift:** If life on Earth is ending in 10 years, the concept of "later" is radically truncated. The future is no longer a vast, uncertain horizon; it is a finite, known endpoint.
- **The Effect:** The desire to defer consumption plummets to near zero. Why would anyone save a dollar today if they can't spend it in 15 years? The utility of future consumption is destroyed. This creates a massive, universal desire to consume *now*.
- **Result:** To get people to save (i.e., buy bonds), you would have to offer an astronomically high interest rate to compensate them for the near-certainty that they will never enjoy the principal or the final interest payment. The "risk-free" rate is no longer risk-free; it's a bet on a very short future.

**2. The Collapse of the Marginal Efficiency of Capital (Investment Demand)**

Interest rates are also the price of capital for investment. Businesses borrow to build factories, develop software, or hire workers, expecting a future return.

- **The Shift:** If the world ends in 10 years, the payback period for any long-term investment becomes zero. A factory that takes 5 years to build and 10 years to turn a profit is a guaranteed loss. All investment horizons collapse to a maximum of 10 years, and even then, the risk of disruption (social collapse, panic, etc.) is extreme.
- **The Effect:** Demand for capital for productive investment would evaporate. No rational business would borrow to expand capacity for a world that won't exist.
- **Result:** This is a powerful force pushing interest rates *down*. The demand side of the loanable funds market collapses.

**3. The Flight to "Real" Assets and the Nature of "Risk-Free"**

In a normal crisis, investors flee to "safe havens" like US Treasury bonds, pushing their yields down. This is because those bonds are seen as a store of value for a *future* that is expected to continue.

- **The Shift:** In this scenario, a US Treasury bond is not a safe haven. It is a promise from a government that will cease to exist. The only "safe" assets are those that provide utility *before* the impact.
- **The Effect:** There would be a massive flight from all financial assets (bonds, stocks, cash) into real, consumable, and usable assets: canned food, water, ammunition, medical supplies, land in remote areas, tools, and generators. Money itself loses its function as a store of value.
- **Result:** The market for loanable funds (bonds) would be drained of sellers. Everyone wants to sell their bonds to get cash to buy real assets. This massive supply of bonds, combined with the lack of buyers, would push bond prices to near zero, which is mathematically equivalent to yields soaring to infinity.

**4. The Role of Central Banks and Government**

Central banks would try to intervene, but their tools would be useless.

- **Monetary Policy:** The Fed could try to buy bonds (QE) to lower yields, but they would be buying worthless promises with fiat currency that is also rapidly losing value. They could set the policy rate to 0%, but no one would lend at that rate.
- **Fiscal Policy:** The government would likely try to commandeer resources, impose price controls, and print money to fund "survival" projects (e.g., building arks, bunkers). This would lead to hyperinflation, which is the ultimate destruction of the value of nominal bonds.
- **Result:** Central bank policy becomes irrelevant. The market's fundamental repricing of time and risk overwhelms any artificial rate-setting.

### Conclusions

Given the reasoning above, the behavior of interest rates would be **bimodal and extreme**, not a simple single number.

1.  **Short-Term Rates (0-2 years):** These would likely **soar to extremely high levels** (e.g., 50%, 100%, or more). This is the pure "time preference" effect. Anyone willing to lend money for even a year would demand a massive premium to compensate for the risk of societal collapse and the opportunity cost of not spending that money on immediate survival. The central bank's policy rate would be irrelevant.

2.  **Long-Term Rates (5-10 years):** These would become **paradoxical and essentially meaningless**. The market for 10-year bonds would effectively cease to exist. There would be no buyers at any reasonable price. The few trades that occur would be at prices implying yields of hundreds or thousands of percent, reflecting the fact that the bond's principal repayment is a near-certainty to be worthless. The yield curve would be **inverted to an unprecedented degree** (short rates high, long rates even higher), but this inversion wouldn't signal a recession; it would signal the end of the economy.

3.  **Real Interest Rates vs. Nominal Interest Rates:** The distinction becomes critical. **Real interest rates** (adjusted for inflation) would be **deeply negative**. If you lend $100 today and get back $150 in a year, but a loaf of bread costs $200, your real return is negative. The massive flight to real assets would cause hyperinflation in survival goods, making any nominal interest rate look paltry.

**The Final, Counter-Intuitive Conclusion:**

In the immediate aftermath of the announcement, you would see a **spike in nominal interest rates across all maturities** as the market repudiates the concept of saving. However, this would be quickly followed by the **complete breakdown of the formal credit market**. The "interest rate" as we know it—a price for borrowing and lending in a functioning economy—would cease to exist. Transactions would revert to barter and immediate exchange of real goods. The financial system would collapse before the asteroid hit. [end of text]


