If an asteroid were detected that was going to destroy life on Earth for certain in 10 years, the immediate and long-term effects on interest rates would be complex and multifaceted, driven by a combination of economic, psychological, and existential factors. Here's a reasoned breakdown:

1. **Immediate Market Reaction**:
   - Panic and uncertainty would likely cause a sharp sell-off in financial markets, leading to a decrease in asset prices.
   - Interest rates could initially drop as investors flock to safe-haven assets like government bonds, driving up their prices and lowering yields.

2. **Longer-Term Economic Outlook**:
   - With the knowledge of impending doom, the concept of long-term investment would become largely irrelevant.
   - Traditional economic indicators and drivers of interest rates, such as inflation expectations, economic growth, and central bank policies, would lose their relevance.
   - Central banks might lose their traditional tools' effectiveness, as monetary policy becomes less meaningful in the face of existential threats.

3. **Behavioral and Psychological Factors**:
   - People might prioritize immediate consumption over saving, leading to a potential increase in inflationary pressures.
   - This could push nominal interest rates higher, as lenders demand higher returns to compensate for the risk of default and the devaluation of money over time.

4. **Government and Corporate Responses**:
   - Governments might issue massive amounts of debt to fund survival efforts or last-ditch attempts to deflect the asteroid, potentially leading to higher interest rates if investors demand higher yields to compensate for the increased risk.
   - Corporations might also engage in short-term borrowing to fund immediate needs or survival strategies, potentially increasing demand for credit and pushing up interest rates.

**Conclusions**:

- **Short Term**: Interest rates could initially drop due to a flight to safety, but this would likely be short-lived.
- **Medium Term**: As the reality of the situation sets in, interest rates could become highly volatile and potentially rise due to inflationary pressures and increased risk premiums.
- **Long Term**: The concept of traditional interest rates might become obsolete as the economic system faces existential collapse. The focus would shift from financial returns to immediate survival needs.
- **Central Banks and Governments**: Their traditional roles and tools would become less relevant, and new forms of economic management might emerge, focusing on immediate survival and resource allocation rather than interest rate manipulation.

In summary, while interest rates might initially drop due to a flight to safety, the long-term outlook would likely see rates rise due to inflationary pressures, increased risk, and a shift in economic priorities. However, the traditional understanding of interest rates might become irrelevant in the face of an existential threat to humanity. [end of text]


