**Reasoning:**

To analyze the impact of a certain asteroid-induced global catastrophe on interest rates, let's break down the economic, psychological, and systemic factors that would come into play over the 10-year period leading up to the event.

### 1. **Initial Reaction (0-1 Year)**

- **Panic and Uncertainty**: Immediate global panic would likely lead to a flight to safety. Investors would seek safe-haven assets (e.g., U.S. Treasury bonds, Swiss Franc, Japanese Yen). 
  - **Effect on Interest Rates**: **Short-term rates might initially spike** due to liquidity crunch as investors demand cash, but **long-term bond yields could decrease** as investors buy long-term safe-haven bonds, driving up their prices and thus lowering their yields.

### 2. **Economic Adjustment (1-3 Years)**

- **Global Economic Contraction**: As the reality of the impending disaster sets in, consumption and investment would decrease, leading to a deep global recession.
  - **Effect on Interest Rates**: **Central banks might lower interest rates to stimulate the economy**, potentially to near or even negative rates in some cases, to encourage borrowing and spending. **However**, the effectiveness of these measures would be questioned given the terminal nature of the crisis.
  - **Long-term yields** might remain low or decrease further due to the anticipated end of the global economy, making long-term investments less risky in a relative sense (since the ultimate outcome is known and dire for all assets).

### 3. **Mid-Term Realizations (3-6 Years)**

- **Resource Allocation Shift**: Governments and individuals might focus on short-term projects with immediate benefits or those aimed at mitigating the asteroid's impact (if any hope of diversion or protection emerges).
  - **Effect on Interest Rates**: **Short-term rates** could **remain low** to facilitate short-term borrowing for immediate needs or survival projects. **Long-term rates** might **start to behave erratically** or **lose traditional market functioning** as the concept of "long-term" becomes increasingly abstract.

### 4. **Late-Term (6-10 Years)**

- **Societal and Economic Breakdown**: As the deadline approaches, traditional economic structures could start to break down. Legal, regulatory, and societal norms might no longer apply in the same way.
  - **Effect on Interest Rates**:
    - **Traditional Interest Rate Mechanisms May Cease to Function**: Markets for long-term debt could effectively disappear.
    - **Bartering and Alternative Currencies** might emerge, making traditional interest rates **irrelevant**.
    - **Any Remaining "Interest Rates"** (if applicable) would likely be **extremely high for short-term loans** (for those still seeking to borrow for immediate, desperate needs) due to the extreme risk and scarcity of capital.

### **Conclusions:**

Given the unprecedented nature of the scenario, predictions are highly speculative, but here's a summarized outlook:

| **Time Frame** | **Short-Term Interest Rates** | **Long-Term Interest Rates** | **Market Functionality** |
| --- | --- | --- | --- |
| **0-1 Year** | Spike Initially, Then Possibly Lower | Decrease | Functional but Volatile |
| **1-3 Years** | Lowered by Central Banks | Low and Decreasing | Functional but with Questionable Effectiveness |
| **3-6 Years** | Remain Low | Erratic or Stable at Low Levels | Starting to Deteriorate |
| **6-10 Years** | Extremely High (if existent) | N/A (Markets Cease) | **Non-Functional** | [end of text]


