Let’s break this down step by step.

### Step 1: Understanding the Scenario

An asteroid is detected that will **certainly destroy all life on Earth in 10 years**. This is not a hypothetical risk—it's a guaranteed, irreversible event. People, governments, and markets know this with absolute certainty.

---

### Step 2: How Would Markets React?

#### **Short-Term Reaction (Days to Months)**

Initially, there would likely be **extreme market volatility**. Investors might panic, selling off assets, especially those with long-term value (stocks, real estate, bonds with long maturities). There could be a rush into "safe havens," though in this scenario, there are no true safe havens.

However, as the reality sinks in, the concept of "safe haven" becomes meaningless because **everything is doomed in 10 years**.

#### **Medium-Term Reaction (Months to Years)**

As time passes and the inevitability becomes clear, the **discount rate for future cash flows approaches infinity**. Why? Because the probability of receiving any future payment after year 10 is zero. The present value of any cash flow more than 10 years in the future is zero.

But even for cash flows within the next 10 years, the discount rate would rise sharply. Lenders would demand **much higher interest rates** to compensate for the risk that the world might collapse before they are repaid. Alternatively, they might refuse to lend at all for long-term periods.

#### **Long-Term Reaction (Approaching Year 10)**

As the deadline approaches, the value of money itself might collapse. People may stop using currency altogether, reverting to barter or simply giving up on saving. Governments might stop issuing new debt, or existing debt might become worthless.

---

### Step 3: Theoretical Economics

In standard finance, the **interest rate** is the price of deferring consumption. If the future is certain to be destroyed, the value of deferring consumption (i.e., lending money for the future) drops to zero, unless the loan is to be repaid **before the destruction**.

But even then, the risk that the borrower or lender won't survive makes lending almost impossible. Alternatively, if everyone wants to consume now, the **demand for present consumption goods skyrockets**, and the **supply of savings dries up**.

This is similar to the concept of a **"zero lower bound"** but in reverse: interest rates would likely **skyrocket for any loans with maturities beyond a very short period**, because the chance of default (due to the end of the world) is 100%.

However, for very short-term loans (days or weeks), interest rates might actually **plummet**, because the risk of the world ending in that short time is negligible, and people might be desperate to get rid of money now.

But for anything longer, **interest rates would rise sharply or lending would cease entirely**.

---

### Step 4: Government and Central Bank Response

Governments and central banks might:

- **Stop issuing long-term debt** (since no one would buy it).
- **Cut short-term rates to zero or negative** to encourage spending now.
- Print money to stimulate consumption, but this could lead to hyperinflation as the value of money collapses.
- Focus on immediate relief and social stability, rather than financial markets.

But ultimately, the **financial system would break down** as the time horizon shrinks to near zero.

---

### Conclusion

**Interest rates for long-term loans would skyrocket or become unavailable, while short-term rates might drop to zero or even negative as people try to get rid of money quickly. The entire financial system would collapse as the future becomes valueless.**

In summary:

> **With certainty of global destruction in 10 years, long-term interest rates would rise sharply or lending would cease, while short-term rates might drop to zero as the present value of the future evaporates. The financial system would effectively unravel as the time horizon for economic activity shrinks to almost nothing.** [end of text]


