### Reasoning:

1. **Economic Behavior Under Imminent Catastrophe**:  
   If an asteroid were confirmed to destroy life on Earth in 10 years, economic activity would likely collapse. Businesses and consumers would prioritize immediate consumption or survival over long-term investments, as the future would be perceived as uncertain or nonexistent. This would drastically reduce demand for loans, as there would be little incentive to borrow for projects or purchases that may never materialize.

2. **Central Bank Response**:  
   Central banks might initially attempt to stimulate the economy by lowering interest rates to encourage borrowing and spending. However, if the catastrophe is certain and widely accepted, monetary policy would likely become ineffective. People and businesses would not respond to lower rates because the fundamental outlook for the future would override financial incentives.

3. **Flight to Safety and Liquidity**:  
   Investors and savers would prioritize liquidity and safety over returns. Money would flow out of risky assets (e.g., stocks, corporate bonds) and into cash or cash-equivalent instruments. This could lead to a situation where interest rates on safe assets (e.g., government bonds) plummet, possibly even turning negative, as demand for these assets surges.

4. **Government Fiscal Policy**:  
   Governments might increase spending to address the crisis or provide relief, potentially leading to higher deficits. However, if the catastrophe is unavoidable, there may be little political will to borrow heavily for long-term projects. Instead, governments might focus on short-term measures, which could further reduce the need for borrowing and put downward pressure on interest rates.

5. **Banking Sector Instability**:  
   Banks and financial institutions would face existential risks, as loan defaults would skyrocket and deposits might be withdrawn en masse. This could lead to a credit crunch, where lending dries up entirely, regardless of interest rates. In such a scenario, interest rates might become irrelevant as the financial system collapses.

6. **Hyperinflation or Deflation**:  
   The economic outcome could swing between hyperinflation (if governments print money to finance spending) or deflation (if demand collapses and prices fall). Either scenario would disrupt traditional interest rate mechanisms. For example, in hyperinflation, nominal interest rates might spike, but real rates (adjusted for inflation) would remain negative. In deflation, nominal rates could fall to zero or below, but borrowing would still be minimal.

7. **Social and Political Chaos**:  
   Widespread panic, social unrest, or political instability could further undermine economic activity. In such an environment, financial markets might cease to function normally, and interest rates would lose their traditional meaning.

### Conclusions:

- **Short-Term**: Central banks might lower interest rates in a futile attempt to stimulate the economy, but these efforts would likely fail as the certainty of the catastrophe overrides monetary policy.  
- **Medium-Term**: Interest rates on safe assets (e.g., government bonds) could plummet to near-zero or negative levels due to a flight to safety, while rates on risky loans would become irrelevant as lending dries up.  
- **Long-Term**: The financial system would likely collapse, rendering interest rates meaningless. Economic activity would grind to a halt, and traditional financial instruments would cease to function.  

In summary, interest rates would probably collapse in the short term due to central bank actions and a flight to safety, but they would ultimately become irrelevant as the economy and financial system disintegrate in the face of the impending catastrophe. [end of text]


