Okay, this is a fascinating and deeply unsettling thought experiment! Let's break down how a certain, unavoidable, 10-year asteroid impact would likely affect interest rates.  It's a complex scenario with many interacting factors, so we'll need to consider both short-term and long-term effects.

**Reasoning - The Layers of Impact**

The impact of this news wouldn't be a single event; it would unfold in phases, each influencing interest rates differently.  We can broadly categorize these phases:

**1. Initial Shock & Panic (Years 10-7):**

*   **Flight to Safety:** The immediate reaction would be a massive "flight to safety." Investors would abandon risky assets (stocks, corporate bonds, emerging market debt) and rush into perceived safe havens.  This includes:
    *   **U.S. Treasury Bonds:**  The U.S. dollar and U.S. government debt would likely be seen as the safest assets globally, *assuming* the U.S. is perceived as having a relatively stable government and infrastructure during this crisis.  Demand for Treasuries would skyrocket.
    *   **Gold:** Historically a safe haven, gold would likely see a surge in demand.
    *   **Cash:** Holding cash (or highly liquid, short-term government securities) would be favored to allow for flexibility and potential opportunities.
*   **Economic Contraction Fears:** The knowledge of impending doom would trigger a severe and immediate economic contraction. Businesses would halt investment, consumers would drastically cut spending (except for essential survival items), and global trade would collapse.  This would lead to:
    *   **Recessionary Expectations:**  Central banks would be *desperate* to stimulate the economy, even though the long-term outlook is bleak.
    *   **Deflationary Pressures:**  Reduced demand would likely lead to deflation (falling prices) as businesses try to offload inventory.
*   **Central Bank Response:** Central banks (like the Federal Reserve in the US) would likely:
    *   **Cut Interest Rates Aggressively:**  The primary tool to combat recession is lowering interest rates.  We'd likely see rates slashed to near-zero or even negative levels.
    *   **Quantitative Easing (QE):**  Central banks would likely resume or significantly expand QE programs, injecting liquidity into the financial system by purchasing assets.
    *   **Forward Guidance:** Central banks would attempt to provide reassurance, though the credibility of such guidance would be severely tested.

**2.  Acceptance & Resource Allocation (Years 6-3):**

*   **Shift in Investment Priorities:** As the inevitability of the impact becomes more widely accepted, the focus would shift from traditional economic growth to:
    *   **Survival-Related Industries:**  Investment would flow into sectors deemed essential for survival in the remaining years: food production, water purification, shelter construction (though the long-term value would be questionable), and potentially, research into mitigation efforts (though the likelihood of success would be low).
    *   **Luxury Goods (Initially):**  There might be a short-term spike in demand for luxury goods and experiences as people try to enjoy their remaining time.
    *   **Decline in Long-Term Investments:**  Long-term investments (pensions, retirement funds) would become essentially worthless.  People would stop contributing to them.
*   **Government Intervention:** Governments would likely:
    *   **Nationalize Key Industries:** To ensure the distribution of essential resources, governments might nationalize food production, water supplies, and energy.
    *   **Implement Rationing:**  Rationing of essential goods would likely become widespread.
    *   **Attempt Social Stability Measures:**  Governments would try to maintain order and prevent widespread panic and looting, potentially through increased security measures.
*   **Interest Rate Dynamics:**
    *   **Near-Zero Rates Persist:**  Central banks would likely maintain near-zero or negative interest rates to try to stimulate any remaining economic activity.  However, the effectiveness of this would be limited.
    *   **Credit Crunch:** Despite low rates, a credit crunch could still occur. Banks might be reluctant to lend due to the uncertain economic environment and the lack of viable borrowers.
    *   **Inflation/Deflation Debate:**  The inflationary/deflationary pressures would be complex.  Rationing and supply chain disruptions could lead to localized inflation in essential goods, while the overall collapse in demand could still exert deflationary pressure.

**3.  The Final Years (Years 2-0):**

*   **Complete Economic Collapse:**  The economy would essentially cease to function in any meaningful way.  Production would grind to a halt, trade would disappear, and the financial system would be irrelevant.
*   **Social Breakdown:**  Social order would likely deteriorate further, with increased competition for scarce resources.
*   **Interest Rates – Meaningless:**  Interest rates would become essentially meaningless.  The concept of lending and borrowing would be superseded by bartering and direct exchange.  Any remaining financial institutions would be irrelevant.



**Conclusions - Predicted Interest Rate Trajectory**

Here's a summary of how interest rates would likely change over the 10-year period:

*   **Years 10-7:** **Rapid and significant decline.**  Rates would plummet to near-zero or negative levels due to the flight to safety, recessionary fears, and central bank intervention.  Expect volatility as markets react to the news.
*   **Years 6-3:** **Rates remain near-zero or negative.**  Central banks would maintain this policy, but its effectiveness would diminish.  A credit crunch could limit the impact of low rates.  Expect continued volatility and potential localized inflationary pressures.
*   **Years 2-0:** **Interest rates become irrelevant.** The financial system collapses, and the concept of interest rates ceases to have meaning.

**Important Caveats:**

*   **Government Stability:** The above assumes a relatively stable government. If the news triggers widespread political instability or societal collapse, the economic and financial outcomes could be far more chaotic and unpredictable.
*   **Global Coordination:** The response of different countries could vary, leading to currency fluctuations and trade disruptions.
*   **Human Behavior:**  Predicting human behavior in such a catastrophic scenario is extremely difficult. Panic, hoarding, and social unrest could significantly alter the economic landscape.
*   **Mitigation Efforts (Unlikely):** If, against all odds, there were a credible effort to mitigate the impact (e.g., a deflection mission), this could temporarily alter the trajectory of interest rates, but the overall long-term trend would still be downward.



**Disclaimer:** This is a purely hypothetical scenario. The actual impact on interest rates would depend on a multitude of factors and could deviate significantly from this analysis.  It's a thought experiment designed to explore the complex interplay of economics, psychology, and existential threat. [end of text]


