This is a complex macroeconomic and behavioral economics scenario. To determine what would happen to interest rates, we must analyze the behavior of central banks, commercial banks, borrowers, and savers under the condition of **certainty** of extinction in 10 years.

Here is the step-by-step reasoning, followed by the conclusion.

### Reasoning

#### 1. The Collapse of the Time Value of Money
Interest rates are fundamentally a measure of the **time value of money** and **risk**. They represent the premium lenders charge for deferring consumption and the risk that the borrower will not repay.
*   **Horizon Mismatch:** Most financial contracts (mortgages, bonds, corporate debt) have maturities longer than 10 years. If the world ends in 10 years, any debt with a maturity beyond that date becomes worthless.
*   **Discounting to Zero:** The present value of any future cash flow beyond year 10 drops to zero. This destroys the valuation basis for long-term assets (bonds, stocks, real estate).

#### 2. The Behavior of Savers (Supply of Loanable Funds)
*   **Panic Saving vs. Panic Spending:** Initially, there might be a surge in saving as people try to secure assets. However, as the certainty of extinction sets in, the incentive to save for retirement, education, or long-term investment vanishes.
*   **Liquidity Preference:** People will want to convert all illiquid assets (houses, stocks, bonds) into liquid cash or tangible goods (food, fuel, luxury items) to consume before the end.
*   **Result:** The supply of loanable funds from households will plummet. People will not lend money because they do not expect to be alive to receive the principal or interest back.

#### 3. The Behavior of Borrowers (Demand for Loanable Funds)
*   **Moral Hazard and Default Risk:** If you know the world ends in 10 years, you have no incentive to repay a 30-year mortgage or a 10-year business loan. The risk of default becomes 100% for any loan extending beyond the deadline.
*   **Short-Term Consumption:** Demand for credit will shift entirely to short-term, high-consumption loans (e.g., "last vacation" loans). However, lenders will refuse these due to the lack of collateral value (since all collateral will be worthless at the end).
*   **Result:** The demand for *long-term* credit collapses. The demand for *short-term* credit might spike, but lenders will be unwilling to provide it.

#### 4. The Role of Central Banks
*   **Policy Irrelevance:** Central banks (like the Federal Reserve) manage interest rates to control inflation and stabilize employment. In this scenario, both goals are obsolete.
*   **Liquidity Trap:** Even if the central bank sets the policy rate to 0% or negative, it cannot stimulate lending because the fundamental basis of credit (future repayment) is broken.
*   **Potential Action:** Central banks might try to keep rates low to prevent a total freeze in the short-term money market, but they would be powerless against the collapse of long-term rates.

#### 5. Market Dynamics: The "Flight to Liquidity" and "Flight to Tangibles"
*   **Bond Market Crash:** Long-term government bonds would become worthless. Their yields would spike to infinity (or rather, their prices would go to zero) because no one would buy them.
*   **Short-Term Rates:** In the very short term (days/weeks), there might be a spike in short-term interest rates due to a liquidity crunch as everyone tries to get cash. However, as the realization sets in that money itself will be worthless, the concept of interest rates breaks down.
*   **Hyperinflation or Deflation?**
    *   **Deflationary Pressure:** If people hoard cash, prices might fall.
    *   **Hyperinflationary Pressure:** If people lose faith in fiat currency and rush to buy tangible goods, prices for goods will skyrocket, but the *interest rate* on money becomes irrelevant because money is no longer a store of value.

#### 6. The Breakdown of the Financial System
*   **Bank Runs:** Banks would face immediate runs as depositors withdraw cash. Banks would freeze accounts.
*   **Credit Freeze:** Interbank lending would stop. The LIBOR/SOFR rates would become unobservable or meaningless.
*   **Barter Economy:** As trust in financial instruments collapses, society would revert to barter or commodity-based exchange (gold, food, fuel). In a barter economy, **interest rates do not exist**.

### Conclusion

If an asteroid were detected that would certainly destroy life on Earth in 10 years, **interest rates would effectively cease to function as a meaningful economic metric.**

Here is the specific trajectory:

1.  **Long-Term Interest Rates:** Would become **undefined or infinite**. No one would lend money for periods approaching or exceeding 10 years, as the risk of non-repayment is 100%. Long-term bond prices would collapse to zero.
2.  **Short-Term Interest Rates:** Would initially **spike dramatically** due to a liquidity crisis and panic, as everyone competes for cash. However, as the financial system freezes, these rates would become **unobservable** because interbank lending would stop.
3.  **Central Bank Policy Rates:** Would be set to **zero or negative** in a futile attempt to maintain liquidity, but would have no real-world effect.
4.  **Ultimate Outcome:** The concept of interest rates would **disappear**. The global financial system would collapse, leading to a breakdown of fiat currency. Society would shift to a **barter economy** or a commodity-based system where "interest" is replaced by immediate exchange of tangible goods. Money would lose its function as a store of value, rendering interest rates irrelevant.

In short: **Interest rates would not just change; they would become meaningless.** [end of text]


