Let’s reason step by step about how the certainty of an Earth-destroying asteroid impact in 10 years would affect interest rates.

### 1. **Understanding Interest Rates**
Interest rates reflect the price of money over time — essentially the compensation for deferring consumption. They are driven by:
- **Time preference** (people prefer present over future consumption),
- **Expected returns on capital**,
- **Inflation expectations**,
- **Risk and uncertainty** (including default risk and macro risk),
- **Central bank policy** (e.g., setting short-term rates and influencing long-term yields).

### 2. **Key Economic Shifts Under Existential Threat**
If an asteroid impact destroying *all* life on Earth were *certain* in 10 years, the implications would be profound:

#### a. **Collapse of Long-Term Productivity and Investment**
- No rational economic agent would invest in long-lived capital (factories, infrastructure, R&D) if the horizon is only 10 years.
- Capital stock would decay or be liquidated quickly.
- Expected returns on *any* long-term investment → near zero or negative (why invest if nothing lasts?).

#### b. **Drastic Shift in Time Preference**
- With no future beyond 10 years, people would strongly prefer present consumption.
- Savings would plummet — why save for retirement or future needs that won’t exist?
- This would *increase* the demand for current consumption, pushing *up* short-term interest rates (due to higher demand for loans to finance consumption), but...

#### c. **Collapse of Credit Demand and Supply**
- Businesses would stop borrowing for expansion.
- Households would stop borrowing for mortgages, cars, etc.
- Banks would face collapsing loan demand and possibly rising defaults (e.g., on existing long-term debt).
- Financial institutions might fail or be nationalized.
- Central banks might lose policy relevance — but may still act to stabilize the financial system.

#### d. **Inflation Dynamics**
- In the short term: surge in consumption → demand-pull inflation → upward pressure on rates.
- In the medium term (as supply chains break down, labor markets collapse): supply shocks → cost-push inflation, but also deflationary pressure from economic collapse.
- Ultimately, with societal breakdown, currency may lose value rapidly — hyperinflation *if* governments keep printing money to fund last-ditch efforts (e.g., asteroid deflection, even if futile).

#### e. **Risk Premiums and Safe Assets**
- “Safe” assets (e.g., government bonds) would be revalued: if *all* life ends, default risk is irrelevant — but so is repayment. Who gets paid in a post-impact world?
- Long-term bonds (e.g., 10-year Treasuries) would become essentially worthless — their prices would collapse, yields would spike *theoretically*, but markets may cease functioning.
- In practice, trading in long-dated sovereign debt would likely halt.

#### f. **Policy Response**
- Governments would likely impose capital controls, emergency powers, and redirect all resources to survival (e.g., asteroid mitigation, bunkers, etc.).
- Central banks might try to keep rates low to support emergency spending — but credibility would vanish.
- If deflection efforts succeed (unlikely per the premise), rates could normalize — but the premise says *certain destruction*, so no.

### 3. **Market Behavior & Behavioral Factors**
- Panic, hoarding, and social unrest would dominate.
- Financial markets may freeze — no one wants to hold *anything* with maturity beyond, say, 6 months.
- The yield curve would invert violently: short-term rates could be high (due to consumption surge), long-term rates *unobservable* or effectively infinite (as no one demands long-term bonds).

### 4. **Historical Analogues?**
- No true analogue — even wartime economies preserve some future.
- Hyperinflation cases (Weimar Germany, Zimbabwe) involved loss of confidence, but not *certain extinction*.
- The closest is a “terminal crisis” scenario — but even then, human resilience and adaptation usually persist.

---

### ✅ **Conclusion**

In the scenario of a *certain* Earth-destroying asteroid impact in 10 years:

- **Short-term interest rates** (e.g., overnight, 1–2 year) would likely **spike sharply** due to:
  - Skyrocketing time preference (desire for immediate consumption),
  - Potential central bank attempts to curb consumption-driven inflation,
  - Liquidity hoarding and flight to near-term safety.

- **Long-term interest rates** (e.g., 5–30 year) would become **meaningless or volatile**:
  - Theoretical yields would be *extremely high* (prices near zero), but markets may cease quoting them.
  - In practice, trading would collapse — yields undefined.

- **Overall**: The yield curve would flatten or invert violently, and financial markets would likely break down. Interest rates, as a market mechanism, would lose meaning as the economy transitions to a survival mode.

> **Final answer**: *Short-term interest rates would surge dramatically; long-term rates would become irrelevant or unmeasurable due to the collapse of intertemporal economic coordination.* [end of text]


