### Reasoning

To determine the impact on interest rates in a scenario where an asteroid is confirmed to destroy all life on Earth in 10 years, we must analyze the fundamental drivers of interest rates: **time value of money**, **inflation expectations**, **credit risk**, and **central bank policy mandates**.

1.  **Collapse of the Time Value of Money and Future Cash Flows:**
    Interest rates are fundamentally the price of borrowing money over time. They compensate lenders for deferring consumption and for the risk that the borrower will not repay. In a 10-year extinction scenario:
    *   The concept of "future" becomes irrelevant for most economic activities. No one plans for retirement, mortgages, or long-term investments beyond a few years.
    *   The demand for long-term borrowing (e.g., 10-year or 30-year bonds) would vanish because there is no economic utility in repaying debt after the end of the world.
    *   Conversely, the demand for immediate liquidity would skyrocket as individuals and institutions attempt to convert assets into tangible goods, services, or experiences before the deadline.

2.  **Hyperinflation and Currency Collapse:**
    *   As confidence in fiat currency evaporates, people will rush to spend money or exchange it for hard assets (gold, land, food, fuel). This velocity of money would increase dramatically, leading to hyperinflation.
    *   Central banks typically raise interest rates to combat inflation. However, in this extreme case, the currency itself may become worthless. If the currency collapses, nominal interest rates might spike to astronomical levels (e.g., 1000%+) in an attempt to retain value, but this would be meaningless if no one trusts the currency.
    *   Alternatively, if the central bank prints money to fund immediate societal collapse measures, inflation would outpace any interest rate adjustment, rendering real interest rates deeply negative.

3.  **Credit Risk and Default:**
    *   The probability of default on any loan becomes effectively 100% beyond a few years. Lenders would refuse to lend at any reasonable rate because there is no expectation of repayment.
    *   Credit markets would freeze. The "risk-free rate" (usually based on government bonds) would cease to exist because governments would likely collapse or lose legitimacy.

4.  **Central Bank Response:**
    *   Central banks operate with mandates to stabilize prices and maximize employment. In a 10-year extinction scenario, these mandates become obsolete.
    *   Central banks would likely abandon traditional monetary policy. They might either:
        *   **Raise rates to infinity** to try to stop hyperinflation (though this would fail without trust in the currency).
        *   **Lower rates to zero or negative** to encourage immediate spending and prevent hoarding, but again, this would be ineffective if confidence is gone.
        *   **Cease operations** or shift focus to emergency management rather than monetary control.

5.  **Market Behavior:**
    *   Equity and bond markets would crash. Stock prices would reflect the terminal value of companies, which is zero. Bond yields would become meaningless.
    *   Short-term rates (overnight, 1-month) might remain somewhat functional for immediate transactions, but even these would become volatile and unreliable.

### Conclusions

In the event of a confirmed, unavoidable extinction-level asteroid impact in 10 years:

1.  **Interest Rates Would Become Meaningless:** The traditional concept of interest rates would break down. Long-term interest rates (10+ years) would effectively cease to exist because there is no economic future to price.
2.  **Short-Term Rates Would Either Spike or Collapse:**
    *   **Nominal rates could spike to extreme levels** due to hyperinflation and the collapse of currency trust, as lenders demand exorbitant compensation for the near-certainty of default.
    *   **Alternatively, rates could drop to zero or negative** if central banks abandon monetary policy and the economy shifts to barter or immediate consumption, making borrowing irrelevant.
3.  **Credit Markets Would Freeze:** Lending would stop entirely. No rational entity would lend money for repayment beyond a few months, as the likelihood of repayment is zero.
4.  **Shift to Real Assets:** The focus of economic activity would shift from financial instruments to tangible goods. Interest rates, as a financial metric, would no longer reflect economic reality because the financial system itself would be in terminal decline.

**In essence, interest rates would not follow a predictable trend (up or down) but would instead become irrelevant as the financial system collapses under the weight of existential certainty.** [end of text]


