To answer this question, we must look at interest rates not just through the lens of central bank policy, but through the fundamental economic equation that governs all interest rates: **The Nominal Interest Rate = Real Interest Rate + Expected Inflation + Risk Premium.** 

In a scenario where an asteroid is guaranteed to destroy all life on Earth in exactly 10 years, the basic foundations of human time preference, risk, and currency valuation will evaporate. 

Here is the step-by-step reasoning of how this would unfold, followed by the conclusions.

### Reasoning

**1. The Collapse of the Time Value of Money**
The concept of interest originates from "time preference"—the idea that a dollar today is worth more than a dollar tomorrow because you can invest it, consume it, or earn a return on it. If human existence has a hard stop in 10 years, the long-term time value of money drops to zero. There is no incentive to save for a future that will not exist. Capital accumulation becomes entirely pointless. 

**2. The Evaporation of the Risk Premium**
Interest rates include a premium to compensate lenders for the risk of default. As the asteroid approaches, the probability of total systemic default approaches 100%. No one will be alive to pay back debts, and no legal system will exist to enforce contracts. Therefore, the risk premium on long-term debt would skyrocket to infinity. No rational actor would lend money for 5 or 10 years unless the interest rate was mathematically infinite—and even then, the money would be useless.

**3. Hyper-Deflation vs. Hyper-Inflation Dynamics**
At first, a strange deflationary shock might occur. Trillions of dollars in retirement accounts, pensions, and long-term endowments would become instantly worthless. People would stop investing in the future, causing asset prices (real estate, stocks, long-term bonds) to crash to near zero. 

However, this would rapidly flip into extreme hyper-inflation for short-term consumption. If money cannot be saved for the future, it can only be used for immediate consumption. Everyone would try to trade their fiat currency for experiences, food, pleasure, or survival bunkers in the present. The velocity of money would reach unprecedented levels. Central banks, realizing that managing inflation is entirely pointless, would likely drop interest rates to zero (or negative) in a desperate, symbolic attempt to encourage people to spend and keep the economy functioning for as long as possible. 

**4. The Yield Curve Inverts to a Vertical Cliff**
Normally, long-term bonds yield more than short-term bonds due to increased risk over time. In this scenario, the yield curve would become a vertical cliff. Short-term borrowing (measured in days or months) might still carry a low interest rate because society is still functioning and contracts can be temporarily enforced. However, any loan with a maturity date approaching the 10-year mark would carry an infinite interest rate. 

**5. The Collapse of Fiat and the Rise of Barter**
Ultimately, interest rates are a feature of fiat currency and credit-based economies. As the end approaches, faith in government currencies will collapse. Why accept dollars or euros for your goods if the government guaranteeing them will be dead in a few years? The economy will devolve into a barter system based on immediate utility (food, water, medicine, weapons, luxury items). In a barter system, traditional interest rates cease to exist entirely.

***

### Conclusions

Based on this reasoning, here is what would happen to interest rates:

1. **Long-Term Interest Rates Approach Infinity:** Any debt instrument with a maturity date near the end of the 10-year window would become completely untradeable. Lenders would demand infinite interest to compensate for the 100% guaranteed default risk, effectively destroying the long-term bond market.
2. **Short-Term Rates Plummet to Zero (or Negative):** Central banks would slash short-term rates to zero or negative infinity to encourage immediate spending and prevent an instant total collapse of the supply chain. 
3. **The Yield Curve Becomes a Vertical Drop:** The traditional yield curve would invert so violently that short-term rates would be near zero, while 5- or 8-year rates would be in the thousands of percent (if a market for them even existed).
4. **Interest Rates Eventually Cease to Exist:** As the timeline shortens and the breakdown of society accelerates, fiat currency will lose all utility. The economy will revert to barter, and the concept of an "interest rate" will become an archaic mathematical relic of a future that no longer exists. [end of text]


