Let’s break this down step by step:

### 1. **The Scenario**
An asteroid is detected with enough mass and trajectory to make certain that it will destroy life on Earth within 10 years. This is an existential threat, akin to a global catastrophe.

### 2. **How Would People React?**
- **Mass Panic and Urgency:** There would likely be widespread panic, urgency, and a global mobilization effort.
- **Government Action:** Governments might impose strict controls, rationing, and possibly even emergency measures to manage the crisis.
- **Market Behavior:** Investors would shift focus from normal economic activities to survival and emergency preparedness. Traditional investments (stocks, real estate, long-term bonds) might lose appeal.

### 3. **Central Bank and Monetary Policy Response**
Monetary policy is typically used to manage inflation (and thus interest rates) by adjusting the supply of money in the economy.

#### a. **Short-term vs. Long-term Impact**
- **Immediate Reaction:** In the face of an imminent global crisis, central banks might lower short-term interest rates to encourage spending and investment in critical infrastructure (e.g., building shelters, securing food, etc.).
  - Lower rates make borrowing cheaper, so governments and businesses might be more willing to fund emergency projects.
- **However, the crisis is so severe that it might disrupt normal economic functioning.**
  - Many people and businesses may stop working or investing, fearing for their safety or the future.
  - This could lead to a **sharp contraction in economic activity**, which typically puts downward pressure on inflation and can prompt central banks to **raise interest rates** to combat deflation or to preserve confidence in the currency.
- **Uncertainty Dominates:** With such an unprecedented event, markets may become highly volatile. Investors might demand higher returns for risk, or simply withdraw from markets altogether.
  - **Risk-free rates** (like those on government bonds) could spike due to increased risk aversion.
  - **Yields on long-term bonds** might rise as investors expect higher returns or demand compensation for the risk of economic collapse.

#### b. **Fiscal Policy**
- Governments may issue emergency bonds or print money to fund crisis responses, which can further push up short-term interest rates (if the central bank feels it must compensate for increased money supply).
- Alternatively, if the economy is expected to collapse rapidly, the central bank might **tighten policy** (raise rates) to prevent hyperinflation or a complete breakdown of the financial system.

### 4. **Interest Rate Outcomes (Possible Scenarios)**
- **Short-term rates:** Likely to fall initially to stimulate emergency spending, but could rise again if inflation or deflation fears take hold.
- **Long-term rates:** More likely to rise due to:
  - Increased risk aversion (people want higher returns for safety).
  - Expectation of economic collapse or major disruption, making bonds riskier.
  - Governments may need to offer higher yields to attract investors for emergency financing.
- **Yield Curve Inversion:** In periods of extreme uncertainty, the yield curve (which plots yields on bonds of different maturities) may invert, signaling recession and higher risk premiums.

### 5. **Conclusion**
**In the immediate term, interest rates might temporarily fall to encourage emergency spending and investment. However, the overwhelming existential threat would likely cause a massive increase in risk aversion and economic uncertainty. As a result, interest rates—especially long-term rates—would almost certainly rise. Investors would demand higher compensation for risk, and governments might struggle to finance urgent projects at lower rates, leading to a sharp rise in borrowing costs.**

**Final Answer:**
> **Interest rates would likely rise in response to the imminent asteroid threat, due to increased risk aversion and economic uncertainty, even though there might be a short-term initial drop to stimulate emergency measures. The long-term trend would be higher rates as markets adjust to the catastrophic risk.**

Reason: People become much more risk-averse when facing an existential threat, leading to higher demand for safe assets and higher interest rates as a risk premium. [end of text]


