## Reasoning: The Impact of a 10-Year Extinction-Level Asteroid Threat on Interest Rates

This is a fascinating thought experiment! The impact of a guaranteed extinction-level event on interest rates would be *extremely* complex and likely follow a very unusual trajectory. Here's a breakdown of the forces at play, broken down into phases, and then a conclusion:

**Phase 1: Initial Shock (Years 0-2)**

* **Massive Flight to Safety:** The immediate reaction would be a global panic. Investors would dump risky assets (stocks, corporate bonds, emerging market debt, real estate) and flood into perceived safe havens.  Traditionally, this means:
    * **Government Bonds (especially US Treasuries, German Bunds, Japanese Government Bonds):** Demand would skyrocket, driving *prices up* and *yields down*.  Yields falling means interest rates falling.  We could see negative real interest rates (rates below inflation) become widespread.  The desire to *hold* something, *anything*, considered safe would outweigh the return.
    * **Gold & other precious metals:**  Likely a surge in demand, but the logistical challenges of storing and using gold in a collapsing economy might limit its effectiveness as a true safe haven.
    * **Cash (initially):**  People would want liquidity, but confidence in currencies would quickly erode (see Phase 2).
* **Credit Markets Freeze:**  Lending would grind to a halt. Why lend money for 5, 10, or 30 years when the world might end in 10?  The risk premium on *all* debt would explode, except for the shortest-term, most secure instruments.
* **Central Bank Response (Initial):** Central banks would likely attempt to intervene aggressively:
    * **Interest Rate Cuts:**  They'd slash policy rates to zero (or even negative) to try and stimulate *some* economic activity and provide liquidity.  However, the effectiveness would be limited.  Lowering rates won't encourage investment if the future is bleak.
    * **Quantitative Easing (QE):**  Massive bond-buying programs to further suppress yields and inject liquidity. Again, limited impact.
* **Short-Term Rates Plummet:**  The demand for short-term, safe government debt would be so high that short-term interest rates could go *deeply* negative.  Banks would be willing to pay to hold safe assets.

**Phase 2: Erosion of Faith & Economic Disintegration (Years 2-6)**

* **Currency Devaluation:** As panic continues and economic activity collapses, faith in currencies would erode.  People would try to convert currencies into tangible assets (if possible) or spend them quickly.  This would lead to rapid devaluation.
* **Hyperinflation (Likely):**  Governments might resort to printing money to fund emergency measures (even though it's ultimately futile).  This would exacerbate the currency devaluation and lead to hyperinflation in many countries.  
* **Long-Term Rates Rise (Counterintuitively):** This is the tricky part. While short-term rates are collapsing, *long-term* rates could actually *rise*.  Here's why:
    * **Inflation Expectations:**  Hyperinflation would drive up inflation expectations.  Investors would demand higher yields on long-term bonds to compensate for the expected loss of purchasing power.
    * **Supply of Bonds:**  Governments would need to borrow *massive* amounts of money to fund disaster preparedness, mitigation efforts, and potentially even relocation programs.  This increased supply of bonds would push yields higher.
    * **Risk Premium:**  The risk of default on long-term debt would increase as economies crumble.
* **Capital Controls:**  Governments would likely impose strict capital controls to prevent money from fleeing the country. This would further distort financial markets.
* **Real Estate Collapse:**  The long-term value of real estate would be questioned.  Who wants to own property when the world is ending?  Demand would plummet, leading to a collapse in prices.

**Phase 3:  Desperation & Limited Functionality (Years 6-10)**

* **Breakdown of Financial Systems:**  The financial system would likely be severely impaired.  Banks would fail, stock markets would become irrelevant, and international trade would collapse.
* **Barter Economy:**  A return to barter systems and local currencies would become increasingly common.
* **Long-Term Rates Stabilize (at High Levels):**  Long-term rates might stabilize at very high levels, reflecting the extreme risk and inflation.  However, the concept of a "rate" becomes less meaningful as the financial system breaks down.
* **Short-Term Rates Become Irrelevant:**  Short-term rates would be largely irrelevant as the financial system is no longer functioning normally.



## Conclusions:

Here's a summary of what would likely happen to interest rates over the 10-year period:

* **Short-Term Interest Rates:**  **Plummet to deeply negative levels initially, then become largely irrelevant as the financial system collapses.**  The initial flight to safety would be overwhelming.
* **Long-Term Interest Rates:** **Rise sharply in Phase 2 due to inflation expectations, increased government borrowing, and risk premiums, then stabilize at very high levels in Phase 3.**  The need for governments to fund emergency measures would outweigh the desire for safety.
* **Real Interest Rates:** **Become deeply negative across the board, and ultimately meaningless.**  Inflation would far outpace nominal interest rates.
* **Overall:**  The traditional relationship between interest rates and economic conditions would be completely broken.  Interest rates would become a reflection of panic, desperation, and the erosion of faith in the future, rather than a rational assessment of risk and return.  

**Important Caveats:**

* **Government Response:** The specific actions taken by governments and central banks would have a significant impact.  A coordinated global response could mitigate some of the worst effects, but it's unlikely to prevent a major financial crisis.
* **Mitigation Efforts:**  If a credible plan to deflect or destroy the asteroid emerged, interest rates could recover somewhat.
* **Technological Breakthroughs:**  A sudden technological breakthrough that offered a solution to the asteroid threat could also lead to a recovery.
* **Social Order:**  The breakdown of social order would be a major factor.  If society collapses completely, the concept of interest rates becomes meaningless.



This scenario is, thankfully, hypothetical. But it highlights the fragility of our financial systems and the importance of long-term planning.  



 [end of text]


