Let's reason through this scenario step by step before drawing conclusions about interest rates.

---

### **Assumptions of the Scenario**
- A large asteroid is **certain** to impact Earth in **10 years**, and it will **destroy all complex life** (or make the planet uninhabitable for humans and most life).
- The impact is **inevitable and unavoidable** with current or near-future technology.
- The timeline is fixed: 10 years until extinction.
- The global population is aware and this is widely accepted as certain.

---

### **Key Economic Concepts Affected**
1. **Time Preference and Discounting**
   - Interest rates reflect the time value of money — how much people value present consumption over future consumption.
   - Normally, people prefer consumption now rather than later, hence positive interest rates.
   - But if the future is **terminally short and bleak**, time preference may collapse.

2. **Present Value of Future Cash Flows**
   - The present value of anything that happens beyond 10 years is **zero** (since nothing will exist to receive it).
   - This would drastically reduce the value of long-term investments, bonds, equities, real estate, etc.

3. **Investor Behavior**
   - Rational actors would shift to **maximizing current consumption** or **hedging against imminent doom**.
   - Saving, investing, and long-term planning would become irrational or irrelevant.
   - Markets would likely **crash**, especially for anything dependent on long-term growth.

4. **Monetary Policy and Central Banks**
   - Central banks control short-term interest rates and influence expectations.
   - In the face of certain extinction, traditional monetary tools would lose meaning.
   - However, governments might still try to manage the economy until the end.

5. **Government Debt and Fiscal Policy**
   - If the government issues debt (e.g., bonds), who would buy them?
   - With only 10 years left, the probability of repayment or benefit is zero.
   - Bond yields would skyrocket unless the government forces people to hold them (e.g., capital controls).

6. **Inflation Expectations**
   - With massive spending or money printing, inflation could spike — but if nobody expects to be around to spend or benefit, inflation may not matter.
   - Alternatively, deflation could occur as demand collapses.

---

### **What Would Happen to Interest Rates?**

#### **Short-Term (Next 1–3 Years)**
- **Interest rates would initially spike** due to panic, capital flight, and hyperinflationary expectations.
- Governments might try to cut rates to stimulate the economy, but this would be ineffective or counterproductive.
- Real interest rates (nominal minus inflation) could go **deeply negative** if inflation surges.
- Demand for safe assets (like government bonds) might paradoxically increase in the short term if people hoard cash, but this would fade as realization sets in.

#### **Medium-Term (3–7 Years)**
- As certainty solidifies, **lenders would refuse to lend** at any positive rate — because there's no future to repay.
- Borrowing would collapse.
- Interest rates on long-term debt would go **to zero or negative**, as lenders would rather pay someone to take debt off their hands than expect repayment.
- Short-term rates might be manipulated by central banks to near zero, but market rates would reflect the terminal timeline.

#### **Long-Term (7–10 Years)**
- **All interest rates would approach zero or negative**, because:
  - No one expects to be alive or for the economy to exist beyond 10 years.
  - The time value of money becomes irrelevant — a dollar today is worth more than a dollar tomorrow, but only slightly, since tomorrow may not matter.
  - The concept of compounding interest breaks down when the compounding period ends in extinction.

---

### **Paradoxes and Behavioral Shifts**
- **"Let’s spend it all now" mentality** would dominate — leading to hyperconsumption, asset price collapses, and potential social disorder.
- **Black markets** would thrive, and formal financial systems would disintegrate.
- **Cryptocurrencies, gold, and other stores of value** would lose relevance — unless used for barter in the final years.
- **Barter might replace money** as trust in financial instruments evaporates.

---

### **Conclusion: What Would Happen to Interest Rates?**

> **Interest rates would collapse toward zero (or negative) across all maturities, as the expected future value of money approaches zero. Rational actors would refuse to save or lend beyond the near term, and long-term interest rates would become meaningless.**

In essence:
- **Short-term rates**: Could spike initially due to panic, then fall as central banks lose control.
- **Long-term rates**: Would crash to zero or negative, reflecting the terminal timeline.
- **Market for debt**: Would disappear — no one would issue or buy long-term debt.
- **Currency**: Might lose its function as a store of value, though it could remain a medium of exchange until the end.

This scenario represents a **complete breakdown of the financial system**, where the time value of money no longer applies in any meaningful way. The extinction event would render traditional interest rate models obsolete — the only "rate" that matters would be the **rate of consumption** before the end.

---

### TL;DR:
If Earth faced certain extinction in 10 years, interest rates would **plummet toward zero or negative** as the future value of money evaporated. Rational lenders would refuse to lend, and borrowers would have no incentive to repay. Financial markets would collapse, and the concept of interest would lose all practical meaning. [end of text]


