This is a fascinating hypothetical scenario that touches on the core principles of economics, specifically **time preference**, **discount rates**, and **asset pricing**.

Here is the step-by-step reasoning, followed by the conclusions.

### Reasoning

#### 1. The Concept of Time Preference and Discount Rates
Interest rates are fundamentally the price of time. They reflect how much people value present consumption versus future consumption.
*   **Normal Conditions:** People generally prefer present consumption, but they are willing to save (defer consumption) if compensated with interest. This creates a positive interest rate.
*   **The "End of the World" Scenario:** If life on Earth is certain to end in 10 years, the "future" beyond that point ceases to exist. The value of any asset, currency, or promise that matures *after* the end of the world is **zero**.

#### 2. The Collapse of Long-Term Interest Rates
*   **Bonds and Loans:** A 10-year bond pays coupons for 10 years and returns principal at year 10. If the world ends at year 10, the principal repayment is worthless (no one is left to receive it, or the economy is destroyed). The value of the bond drops to the present value of the coupons only.
*   **Long-Term Rates:** For any maturity beyond 10 years, the interest rate becomes undefined or effectively infinite in a negative sense (no one will lend for 11 years because the borrower will never repay). For maturities *under* 10 years, the interest rate will likely **plummet toward zero or become negative**.
    *   *Why?* Because the certainty of destruction removes the "term premium" (the extra yield investors demand for locking up money for longer periods due to uncertainty). If the future is certain to be zero, the risk of holding money for 1 year vs. 9 years is minimal compared to the risk of the world ending.
    *   *Liquidity Preference:* People will want to hold cash or consume immediately rather than lend, because lending implies a future repayment that may not matter. This excess supply of loanable funds drives rates down.

#### 3. The Collapse of Long-Term Asset Prices
*   **Stocks:** Stock prices are the present value of future dividends. If the company ceases to exist in 10 years, its value is limited to the dividends it can pay in the next 10 years. Long-term growth expectations vanish.
*   **Real Estate:** The value of a house is the present value of future rental income or utility. If the world ends in 10 years, the long-term value of real estate collapses. You cannot sell a house to someone who will live in it for 30 years.

#### 4. The Short-Term Rate Paradox
*   **Short-Term Rates (e.g., 1-year, 1-month):** These might behave differently.
    *   **Scenario A (Panic/Consumption):** If people rush to consume *now*, demand for goods and services spikes. This could cause inflation in the short term. Central banks might raise short-term rates to combat inflation, but this would be futile if the economy is collapsing.
    *   **Scenario B (Deflation/Depression):** More likely, as long-term assets collapse, wealth evaporates. People lose their savings (stocks, bonds, pensions). This leads to a massive drop in demand for goods. Deflation sets in. In a deflationary environment, nominal interest rates fall toward zero (the "zero lower bound").
    *   **Negative Rates:** It is highly probable that short-term rates would go **negative**. Why? Because holding cash is risky (inflation, theft, or simply the fact that cash has no yield). People might prefer to hold physical assets (gold, food, land) that have immediate utility. To encourage people to lend even for short periods, lenders might have to *pay* borrowers to take on the risk of holding debt.

#### 5. The Role of Central Banks
*   Central banks would likely cut rates to zero immediately to prevent a banking collapse (bank runs).
*   However, if the public loses confidence in the currency itself (because the government will cease to exist in 10 years), the currency may become worthless. In that case, interest rates become irrelevant as the monetary system breaks down.

#### 6. The "Certain" Aspect
The prompt says "for certain." This removes uncertainty. In finance, uncertainty drives risk premiums. If the end is certain, the risk premium for long-term investments is not "high" — it is **total**. The asset is worthless beyond 10 years.

### Conclusions

1.  **Long-Term Interest Rates (10+ years):** Will become **undefined or non-existent**. No rational actor will lend or borrow for periods extending beyond the end of the world. The yield curve will flatten and then break.

2.  **Medium-Term Interest Rates (1–10 years):** Will **plummet toward zero or become negative**.
    *   The term premium disappears.
    *   The value of future repayments is discounted heavily because the "future" is short and certain to end.
    *   Lenders will demand less compensation for time because the time horizon is compressed.

3.  **Short-Term Interest Rates (Days–1 year):** Will likely be **zero or negative**.
    *   Central banks will cut rates to zero to stabilize the financial system.
    *   Deflationary pressures from collapsing asset values will push rates down.
    *   Negative rates may emerge as people prefer to hold tangible assets (food, gold, land) over cash or bonds.

4.  **Overall Monetary System:** The concept of "interest" as we know it will **break down**.
    *   If the currency loses credibility (because the issuing government will cease to exist), the economy may revert to barter or alternative assets (gold, cryptocurrency, etc.).
    *   In a barter economy, "interest rates" do not exist in the traditional sense.

**In summary:** Interest rates would **collapse toward zero or become negative** across all maturities, with long-term rates becoming meaningless. The financial system would likely unravel as the value of all future-oriented assets (bonds, stocks, real estate) evaporates, leading to a deflationary crisis and potentially the end of the fiat currency system. [end of text]


