<|channel|>analysis<|message|>We need to answer: If an asteroid is detected that will destroy life on Earth in 10 years, what would happen to interest rates? Provide reasoning then conclusions.

We need to consider macroeconomic impacts, monetary policy, expectations, risk premia, discount rates, behavior of investors, central banks, government, etc. Also consider that the knowledge of impending extinction would cause massive changes: consumption, investment, savings, labor supply, fiscal policy, etc. Interest rates likely collapse to near zero or negative? Or maybe they become irrelevant. Let's think.

If the world knows that in 10 years humanity will be extinct, the present value of future cash flows beyond that horizon is zero. So discount rates for long-term assets would plummet. Short-term rates might be driven by central banks trying to support financial stability, but with collapse of demand, deflation, etc. Central banks may cut rates to zero or negative to stimulate consumption, but consumption may be low anyway. The risk premium for default may increase? Actually default risk may be irrelevant because everything ends. But there could be a scramble for liquidity, flight to cash, maybe hoarding of physical assets (gold, commodities). The money supply may shrink as banks fail, leading to higher rates? But central banks could provide liquidity.

We need to discuss the effect on nominal vs real rates, inflation expectations (deflation likely). With deflation, real rates could be high even if nominal low. But with near-zero nominal rates, real rates could be negative if deflation is high? Actually real rate = nominal - inflation. If inflation is negative (deflation), real rate = nominal - (-deflation) = nominal + deflation magnitude. So if nominal near zero and deflation -5% per year, real rate = +5% (positive). But central banks may try to avoid deflation.

But the bigger point: interest rates would become irrelevant because the horizon is limited. Short-term rates may be set near zero; long-term yields would collapse to near zero because of the limited horizon and low expected growth. The yield curve would flatten and possibly invert.

Also, there could be a massive shift to consumption now (spending spree) as people try to enjoy remaining time, reducing savings, causing lower demand for bonds, pushing yields up? Actually if people want to spend, they sell bonds, causing bond prices to fall, yields rise. But central banks may intervene.

Let's think about the timeline: detection 10 years away. Over the next decade, there will be massive policy responses: maybe attempt to deflect asteroid, massive spending, but if certain destruction, maybe no attempt. People may invest in "last years" industries: entertainment, tourism, etc. There may be a surge in demand for short-term assets, but also a flight to safety (cash, gold). The bond market may shrink.

Interest rates are determined by supply/demand for loanable funds. With expectation of end, savings may drop, reducing supply of funds, raising rates. But also demand for borrowing may drop (no long-term projects). So net effect ambiguous.

But central banks could set policy rates near zero to support financial system. However, with low demand for money, rates could be negative to encourage borrowing? But borrowing for what? People may borrow to spend now (consumption). That could happen.

Thus likely interest rates would fall dramatically, near zero or negative, especially long-term yields. Short-term rates may be low but could be volatile.

We need to give a reasoned answer: interest rates would collapse, yields near zero, central banks would cut rates to zero, maybe negative, but the concept of interest becomes less relevant as the horizon shrinks.

Let's produce a structured answer: start with assumptions, then discuss expectations, discount rates, monetary policy, fiscal policy, market behavior, and then conclusion.

Also mention that different countries may have different responses, but globally interest rates would be extremely low.

Let's answer.<|end|><|start|>assistant<|channel|>final<|message|>**Short answer:**  
If the world knew with certainty that an extinction‑level asteroid would hit Earth in ten years, virtually all market‑based interest rates would collapse to the floor of the policy rate (zero or slightly negative). The yield curve would flatten and then invert, long‑dated sovereign yields would be close to zero (or even negative in nominal terms), and the whole concept of “interest” would become largely academic because the horizon for productive investment would have vanished.

Below is a step‑by‑step reasoning that leads to that conclusion.

---

## 1. What drives interest rates in normal times?

| Driver | Effect on rates |
|--------|-----------------|
| **Time‑preference of consumers** (how much they value present consumption vs. future) | Higher impatience → higher rates |
| **Expected growth of the economy** (future output, profits) | Higher growth → higher rates (more demand for capital) |
| **Inflation expectations** | Higher expected inflation → higher nominal rates (Fisher effect) |
| **Risk premia** (default, liquidity, term‑risk) | Higher perceived risk → higher rates |
| **Monetary‑policy stance** (policy rate, QE) | Central bank sets a floor for short‑term rates; QE pushes long‑rates down |
| **Supply‑demand for loanable funds** (savings vs. borrowing) | More savings → lower rates; more borrowing → higher rates |

All of these are linked to the *expected future* of the economy. If the future is known to end in ten years, each of the above drivers is fundamentally altered.

---

## 2. How a ten‑year‑to‑extinction horizon changes each driver

| Driver | Change under “certain extinction in 10 y” | Consequence for rates |
|--------|-------------------------------------------|-----------------------|
| **Time‑preference** | People become dramatically more present‑oriented. The “impatience” factor spikes – why save for a future that will not exist? | Strong downward pressure on rates (people demand less return on savings). |
| **Expected growth** | Real GDP growth is expected to be **negative** after the shock of the asteroid announcement (massive disruption, labor‑force collapse, cessation of long‑term projects). Even before the impact, growth is expected to be near‑zero because firms stop investing in assets that won’t pay off beyond the horizon. | Near‑zero or negative real rates. |
| **Inflation expectations** | With demand collapsing and output falling, **deflation** is the most likely price path (think of the Great Depression, but on a planetary scale). | Real rates = nominal – (negative inflation) → real rates could be *positive* even if nominal rates are zero, but central banks will try to keep nominal rates at the floor. |
| **Risk premia** | Default risk on long‑dated debt becomes moot – the issuer will not exist after ten years. However, **liquidity risk** spikes as markets shrink. The term‑risk premium (compensation for holding a claim far into the future) evaporates because the future is only ten years away. | Term premia collapse → flattening/inversion of the yield curve. |
| **Monetary policy** | Central banks will be forced to cut policy rates to the *effective lower bound* (zero or slightly negative) to keep the financial system afloat and to accommodate any surge in short‑term borrowing for consumption. They may also flood the system with liquidity (QE) simply to prevent a chaotic collapse of payment systems. | Short‑term policy rates → 0 % (or –0.5 % in jurisdictions that allow negative rates). |
| **Supply‑demand for loanable funds** | **Supply of savings falls sharply** (people spend rather than save). **Demand for borrowing falls** (no long‑term investment, no capital formation). The net effect is a *massive contraction* of the loanable‑funds market, making the market price (the interest rate) highly unstable. In practice, central‑bank liquidity provision will dominate, pinning rates at the floor. | Market rates become irrelevant; policy rates set the floor. |

---

## 3. What actually happens in the bond market?

1. **Short‑dated sovereign bonds (≤ 1 y)** – Central banks will keep the policy rate at the floor. With massive cash‑hoarding, yields will be at or just above the policy rate (0 %–0.5 %).  
2. **Medium‑dated bonds (2‑5 y)** – With a ten‑year horizon, investors will price in essentially zero growth and deflation. The term‑premium disappears, so yields will be only a few basis points above the short‑rate, perhaps 0 %–0.2 % nominal.  
3. **Long‑dated bonds (7‑10 y)** – The “last‑year” risk premium is the only remaining component. Some investors may demand a tiny premium for the risk that the asteroid might strike a little earlier (or for the risk of a chaotic market collapse). Still, yields will be **near zero** (0 %–0.5 % nominal).  
4. **Beyond ten years** – No market will price bonds with maturities > 10 y because the cash flows are known to be worthless. Any such issuance would be purely symbolic; the price would be essentially zero (infinite yield).  

The **yield curve** therefore flattens, then inverts (short‑rates ≈ long‑rates, possibly with a slight upward tilt at the very short end due to liquidity premiums).

---

## 4. Real‑interest‑rate perspective

Because deflation is expected, the *real* rate could be **positive** even when nominal rates are at zero:

\[
r_{\text{real}} = r_{\text{nom}} - \pi_{\text{expected}}
\]

If expected deflation is, say, –2 % per year and the nominal rate is 0 %, the real rate is +2 %. That reflects the fact that holding cash actually *gains* purchasing power over time, which is consistent with the “no‑future‑investment” environment.

---

## 5. The role of fiscal policy and government borrowing

Governments will likely launch massive “last‑decade” spending programs (e.g., asteroid‑deflection attempts, emergency health care, social safety nets, “life‑enjoyment” subsidies). To finance this they will issue short‑dated debt. Because the market is already at the policy floor, the **cost of borrowing** for governments will be essentially zero (or even negative if investors are willing to pay to hold safe assets). This further pushes nominal yields toward the floor.

---

## 6. Behavioral and “non‑economic” factors

* **Consumption spree:** Many households will try to “live it up” now, selling assets and borrowing to fund immediate consumption. This creates a temporary surge in short‑term loan demand, which could push very short‑term rates *up* for a few months, but central banks would quickly intervene to prevent a spike that could destabilize the banking system.  
* **Flight to tangible assets:** Gold, diamonds, and other physical stores of value will see huge inflows. This reduces demand for paper money and bonds, reinforcing the need for central‑bank liquidity provision.  
* **Bank failures:** With loan portfolios suddenly worthless (mortgages, corporate loans, etc.), many banks will need emergency support. Central banks will likely provide *unlimited* liquidity, again anchoring rates at the floor.

---

## 7. Summary of the expected trajectory

| Time horizon after announcement | Expected policy rate | Expected market yields (nominal) | Real rate (approx.) |
|--------------------------------|----------------------|----------------------------------|---------------------|
| 0‑6 months                      | 0 % (or –0.5 % if allowed) | 0 %–0.2 % (short‑term)            | +1 %–2 % (deflation) |
| 6 months‑2 years               | 0 % (policy unchanged) | 0 %–0.3 % (2‑5 y)                 | +1 %–2 % |
| 2‑5 years                       | 0 % (policy unchanged) | 0 %–0.5 % (5‑7 y)                 | +1 %–2 % |
| 5‑10 years                      | 0 % (policy unchanged) | 0 %–0.5 % (7‑10 y)                | +1 %–2 % |
| > 10 years                      | N/A (no market)       | No meaningful yields (infinite) | N/A |

*All nominal yields are clustered at the policy floor; any deviation is short‑lived and driven by liquidity shocks rather than by “real” economic fundamentals.*

---

## 8. Bottom‑line conclusion

- **Interest rates would collapse to the effective lower bound (zero or slightly negative).**  
- **The yield curve would flatten and likely invert, with long‑dated sovereign yields essentially indistinguishable from the short‑rate.**  
- **Real rates could be modestly positive because of expected deflation, but the nominal rates that matter for borrowing and lending would be at the floor.**  
- **Beyond ten years, market interest rates become meaningless; no rational investor would hold a claim that cannot be paid.**  

In short, the discovery of an inevitable, ten‑year‑to‑extinction asteroid would render the traditional interest‑rate mechanism almost moot, leaving central banks with a near‑zero policy rate and a financial system whose pricing of time value of money collapses to the floor. [end of text]


