Okay, this is a fascinating and incredibly complex hypothetical! Let's break down what would likely happen to interest rates if an asteroid was detected with the potential to destroy life on Earth in 10 years.

**First, Let's Analyze the Immediate Reactions & Potential Impacts:**

* **Panic & Market Volatility:** The initial reaction would be catastrophic. Stock markets would plummet, bond yields would spike, and financial institutions would be in a frenzy. Investors would prioritize safety – high-yield bonds, gold, and other assets with perceived stability would see massive increases in value.
* **Flight to Safety:**  Banks and investors would immediately shift their money into these "safe" assets. This would drive up demand for gold, and potentially other precious metals, further fueling price increases.
* **Government Intervention:** Governments would likely be pressured to act swiftly. This could involve:
    * **Emergency Bond Purchases:** Central banks would likely ramp up their buying of government bonds to stabilize the financial system.
    * **Quantitative Easing (QE):**  While QE is already in place, it would likely be intensified to inject liquidity into the market.
    * **Emergency Lending Programs:**  Governments might establish programs to provide loans to businesses and individuals to prevent a collapse in credit markets.
* **Economic Recession Fears:** The uncertainty would trigger widespread fears of a severe recession. Businesses would postpone investment, consumers would cut back on spending, and unemployment would rise.


**Now, Let's Consider the Impact on Interest Rates:**

This is where it gets really interesting and requires a bit of speculation, but here’s a likely scenario:

* **Short-Term:  Rapid Spike & Subsequent Decline**  Initially, interest rates would likely spike dramatically.  The market would be scrambling to protect itself from the perceived risk of a catastrophic economic downturn.  Rates would climb rapidly as investors demand safety.
* **Medium-Term:  A Gradual Correction – Possibly a Shift in Expectations**  As the immediate panic subsides, the market would begin to adjust. Here’s a possible trajectory:
    * **Inflation Expectations:**  The biggest factor would be how the government and central banks respond to the threat.  If they successfully mitigate the risk (through aggressive action), inflation expectations could *slightly* decrease.  This is because investors would be more willing to accept higher interest rates if they believe the government will manage the situation effectively.
    * **Risk Premium:**  A "risk premium" – an extra return demanded for taking on risk – would likely increase.  Investors would demand a higher yield on riskier assets (like corporate bonds) to compensate for the uncertainty.
    * **Long-Term Interest Rates:**  The long-term impact is less clear-cut.  The immediate spike in rates could *slightly* dampen long-term interest rate expectations, especially if the government's actions are perceived as effective. However, if the asteroid threat is perceived as a significant long-term risk, long-term rates could remain elevated.
* **Long-Term:  A More Stable, but Potentially Higher, Environment**  Over the 10-year timeframe, the market would likely stabilize.  The initial surge in rates would gradually subside as the economy recovers and confidence returns. However, interest rates might remain higher than pre-asteroid levels, reflecting the heightened risk environment.

**Important Caveats & Considerations:**

* **The Nature of the Asteroid:** The *type* of asteroid and its impact characteristics would heavily influence the response. A smaller, less impactful asteroid would likely have a less dramatic effect on interest rates than a massive, rapidly-moving one.
* **Government Policy Response:** The specific policies implemented by governments (fiscal and monetary) would be crucial.  A well-executed, coordinated response would be more likely to stabilize markets than a chaotic or poorly-managed one.
* **Global Coordination:**  The global nature of financial markets means that the impact would be felt worldwide.  Coordination between central banks and governments would be essential.


**In conclusion:**  An asteroid threatening life on Earth in 10 years would almost certainly trigger a rapid and significant spike in interest rates. However, the precise trajectory of those rates would depend on a complex interplay of factors, and the long-term impact would likely be a more cautious, but potentially higher, environment than before.

**Disclaimer:** *I am an AI Chatbot and not a financial advisor. This is a hypothetical analysis based on current knowledge and assumptions. Actual market behavior could vary significantly.*

Would you like me to delve deeper into any specific aspect of this scenario, such as:

*   The potential impact on specific sectors (e.g., real estate, technology)?
*   The role of central bank communication?
*   The potential for alternative scenarios (e.g., a smaller asteroid, a more catastrophic impact)? [end of text]


