### **Reasoning: Impact of an Imminent Asteroid Threat on Interest Rates**

If an asteroid were detected with **100% certainty** to destroy all life on Earth in **10 years**, the economic and financial implications would be catastrophic, leading to extreme shifts in interest rates. Here’s how it would unfold:

---

### **1. Collapse of Long-Term Investment & Capital Markets**
- **No Future Discounted Cash Flows:** Since all economic activity would cease in 10 years, the **present value of future cash flows** (the basis for bond pricing) would collapse to near-zero. Bonds, stocks, and other long-term assets would become worthless because there would be no future economy to generate returns.
- **Hyper-Discounting of Future Value:** Investors would demand **infinite risk premiums** for any asset with a maturity beyond ~9 years, making long-term interest rates **skyrocket** (theoretically to infinity) as lenders refuse to lend for any period where repayment is impossible.

---

### **2. Short-Term Interest Rates: A Flight to Safety (But With No Safe Haven)**
- **Liquidity Crisis:** Banks and financial institutions would face a **run on deposits** as people try to withdraw cash before the collapse. This would force central banks to **inject massive liquidity** to prevent a systemic meltdown.
- **Central Bank Desperation:**
  - **Negative Interest Rates (NIRP) to Extremes:** Central banks would slash rates to **-10% or lower** to encourage lending and prevent a credit freeze.
  - **Quantitative Easing (QE) on Steroids:** They would print money at an unprecedented scale to keep financial markets functioning, but this would lead to **hyperinflation** as money becomes worthless.
- **Currency Collapse:** Since the asteroid threat is global, **no currency would be safe**. The U.S. dollar, euro, and other fiat currencies would all lose value as people abandon them in favor of **hard assets (gold, silver, land)** or **barter systems**.

---

### **3. Government & Corporate Defaults**
- **Sovereign Debt Becomes Worthless:** Governments would default on bonds as tax revenues vanish. **10-year Treasury yields would spike to 100%+** as investors refuse to hold debt that will never be repaid.
- **Corporate Bonds Collapse:** Companies would default en masse as supply chains, labor, and demand disappear. **Credit spreads would blow out** (e.g., junk bonds trading at 50% of face value).
- **Stock Markets Crash to Zero:** Equities would become **valueless** as no company could survive the extinction event. The S&P 500, Nasdaq, and other indices would **plummet to near-zero** as investors flee.

---

### **4. Behavioral & Psychological Effects**
- **Mass Panic & Capital Flight:**
  - People would **hoard physical assets** (gold, food, real estate) and **abandon fiat money**.
  - **Black markets** would emerge for survival goods (water, seeds, weapons).
- **Labor Market Collapse:**
  - **Unemployment would skyrocket** as businesses shut down.
  - **Wage demands would explode** as workers realize their skills are useless in 10 years.
- **Government Response:**
  - **Martial law** might be imposed to prevent societal collapse.
  - **Forced redistribution** of resources could occur, but trust in institutions would be destroyed.

---

### **5. The Ultimate Outcome: A Pre-Apocalyptic Financial Meltdown**
- **Interest Rates Would Become Meaningless:**
  - **Short-term rates:** Central banks would push them to **-20% or lower** to prevent a credit freeze, but inflation would make them irrelevant.
  - **Long-term rates:** Would **spike to infinity** as no one would lend for more than ~9 years.
- **Money Would Lose All Value:**
  - **Hyperinflation** would make interest rates on cash **irrelevant**—people would prefer to spend money immediately rather than hold it.
- **Economic Activity Would Grind to a Halt:**
  - **GDP would collapse** as production and trade stop.
  - **Only survival-based economies** (local barter, black markets) would function.

---

### **Conclusion: What Would Happen to Interest Rates?**
| **Time Horizon** | **Interest Rate Behavior** | **Reason** |
|------------------|---------------------------|------------|
| **Overnight (Short-Term)** | **-15% to -30%** | Central banks slash rates to prevent financial collapse, but hyperinflation erodes value. |
| **1-5 Years** | **50% to 100%+** | Investors demand extreme risk premiums; governments default. |
| **5-10 Years** | **Theoretically Infinite** | No one lends for a period where repayment is impossible. |
| **Beyond 10 Years** | **N/A (Assets Worthless)** | All long-term contracts become void. |

### **Final Answer:**
If an asteroid were **certain to destroy Earth in 10 years**, interest rates would:
1. **Plunge into negative territory** (e.g., -10% to -30%) in the short term as central banks try to stave off collapse.
2. **Skyrocket to 50%+** in the medium term as governments and corporations default.
3. **Become meaningless** as money loses value and economic activity collapses.
4. **Long-term rates would effectively go to infinity** as no rational investor would lend for a period where repayment is impossible.

**In essence, interest rates would first crash into negative territory due to desperation, then explode as all financial systems unravel—before becoming irrelevant in a post-money economy.** The only "safe" assets would be physical survival goods, not financial instruments. [end of text]


