### Reasoning Process

To determine what would happen to interest rates in a scenario where an asteroid is confirmed to destroy all life on Earth in 10 years, we must analyze the fundamental drivers of interest rates through the lens of standard economic theory, behavioral psychology, and the specific constraints of this existential threat.

**1. The Function of Interest Rates**
In a normal economy, interest rates represent the "price of money" or the cost of borrowing. They are determined by:
*   **Time Preference:** How much people value consumption today versus consumption in the future.
*   **Risk Premium:** The compensation lenders demand for the risk that the borrower might default.
*   **Inflation Expectations:** The expectation that money will be worth less in the future.
*   **Central Bank Policy:** Governments and central banks manipulate rates to manage growth, employment, and inflation.

**2. The Collapse of Time Preference**
The core mechanism of lending and borrowing is the exchange of present resources for future repayment.
*   If the world ends in 10 years, the concept of "long-term" (30-year mortgages, 10-year bonds) becomes nonsensical.
*   Even "short-term" lending becomes highly problematic as the end date approaches. Why would anyone lend money today to be repaid in 9 years if both the lender and borrower will be dead, and the financial system will have ceased to exist?
*   Rational actors would shift their time preference entirely to the **present**. The utility of saving for a future that will not exist drops to zero. Consequently, the demand for savings instruments (bonds, savings accounts) would vanish, while the demand for immediate consumption would skyrocket.

**3. The Breakdown of Credit Risk and Collateral**
*   **Default Risk:** In this scenario, the probability of default on any loan extending beyond the immediate future approaches 100%. Not because the borrower is unwilling to pay, but because the entity responsible for enforcing contracts (the state) and the infrastructure required to transfer value will likely collapse before maturity.
*   **Collateral Value:** Loans are usually secured by assets (houses, land, factories). If life is ending, the long-term value of real estate and capital goods drops to zero. Without collateral, unsecured lending rates would theoretically need to be infinite to compensate for the risk, but practically, no one would lend at any rate.

**4. Central Bank and Government Response**
*   **Monetary Policy Irrelevance:** Central banks raise rates to fight inflation or lower them to stimulate growth. In an extinction event, "growth" is meaningless, and "inflation" loses its traditional context because the currency itself loses its store-of-value function.
*   **Fiscal Desperation:** Governments would likely attempt to mobilize all remaining resources for a last-ditch survival effort (e.g., building bunkers, space arks, or deflection missions). To do this, they might print unlimited money or force "loans" from the population. However, since no one expects repayment, the bond market would freeze.
*   **Capital Controls:** Governments would likely impose strict capital controls to prevent hoarding of essential goods, rendering market-determined interest rates moot.

**5. The Distinction Between Nominal and Real Rates**
*   **Nominal Rates:** If governments try to force a market to exist, nominal rates might appear astronomically high due to hyperinflation (as people dump currency for goods). However, this is a reflection of currency collapse, not a functioning credit market.
*   **Real Rates:** The *real* cost of borrowing (adjusted for the reality of the situation) implies that credit simply ceases to exist. You cannot have an interest rate on a transaction that no rational party will enter.

**6. The Timeline Factor (10 Years)**
*   **Years 1–5:** There might be a period of chaotic hyperinflation and skyrocketing nominal rates as panic sets in, followed by a total freeze in long-term lending. Short-term rates might exist but would be exorbitant.
*   **Years 6–9:** As the end nears, the financial system would likely revert to barter or command-economy rationing. The concept of "interest" would disappear entirely because the time horizon for repayment no longer exists.
*   **Year 10:** Total systemic collapse.

### Conclusion

In a scenario where the destruction of life on Earth is certain within 10 years, **interest rates as a functional economic mechanism would cease to exist.**

Here is the specific breakdown of the outcome:

1.  **Freeze of Long-Term Credit:** The market for any loan with a maturity date approaching the extinction event would vanish instantly. No one would lend, and no one would borrow for the future, rendering long-term interest rates **undefined**.
2.  **Short-Term Hyperinflationary Spikes:** In the initial years of panic, nominal interest rates for very short-term loans might spike to **astronomical levels** (thousands or millions of percent) due to the total loss of confidence in currency and the extreme scarcity of immediate goods. However, this would quickly transition into a credit freeze where no loans are issued at any price.
3.  **Shift to Command Economy/Barter:** Governments would likely abandon market-based monetary policy entirely. Resource allocation would move to a command structure (rationing) or barter system to manage survival efforts. In these systems, **interest rates are irrelevant**.
4.  **Collapse of the Time Value of Money:** The fundamental premise of interest—that money today is worth less than money tomorrow due to opportunity cost—would invert. Money today would be infinitely more valuable than money tomorrow, breaking the mathematical foundation of interest rates.

**Final Verdict:** The concept of interest rates would become **obsolete**. The financial system would collapse into a state where capital allocation is determined by immediate survival needs and government decree rather than market-driven interest rates. [end of text]


