This is an interesting hypothetical question about economics under extreme existential risk. Let me think through this step by step.

First, let's consider the economic implications of certain human extinction in 10 years:

1. **Time horizon collapse**: With no future beyond 10 years, long-term investments become meaningless. The discount rate effectively becomes infinite for anything beyond year 10.

2. **Capital flight and consumption**: People would want to consume everything now rather than save. The incentive to save/invest disappears since there's no future to enjoy the returns.

3. **Productive capacity**: Production would likely collapse as social order breaks down, supply chains fail, and people stop working (why work if you're going to die in 10 years?).

4. **Government response**: Governments might try to maintain order, but tax revenues would collapse. They might print money to fund last-ditch efforts (asteroid deflection) or to maintain basic services.

5. **Risk-free rate**: The concept of a risk-free rate becomes tricky. Government bonds maturing after the impact date are worthless. Even before then, default risk skyrockets as tax bases evaporate.

6. **Inflation vs. deflation**: Massive money printing for emergency spending would be inflationary, but collapse in production and consumption creates complex dynamics.

7. **Short-term rates**: For loans maturing before the impact, rates would likely spike due to:
   - Massive credit risk (will borrowers bother paying back?)
   - High inflation expectations
   - Collapse of collateral values

8. **Yield curve**: The yield curve would be completely inverted or undefined beyond 10 years. Actually, there would be no market for 10-year bonds since they mature at extinction.

Specific scenarios:
- **Short-term rates (1-2 years)**: Initially might stay controlled if governments enforce stability, but likely rise due to inflation and credit risk.
- **Medium-term (3-9 years)**: Extremely high rates or no market at all (illiquidity).
- **Long-term (10+ years)**: No market, infinite rates, or simply no trading.

Monetary policy would be ineffective or hyperactive. Central banks might try to maintain liquidity but face a collapse in the monetary transmission mechanism.

Real interest rates would likely be highly negative due to inflation, or undefined.

Conclusion structure:
1. Short-term: Volatility, potential spikes due to panic
2. Medium-term: Extremely high rates or market freeze
3. Long-term: No functional market
4. Real rates: Deeply negative due to inflation
5. Overall: Breakdown of the interest rate mechanism as a pricing tool

Wait, I should also consider if the asteroid could be stopped. If there's a chance of deflection, that changes things. But the prompt says "destroy life on earth for certain" - so no chance of survival.

Also, timeline matters. As we approach year 10, rates behave differently than at year 0 (detection).

Let me refine:
- Immediate reaction: Flight to short-term safety (if any), collapse of long-term bonds
- Approaching year 10: Complete market breakdown
- Inflation: Massive, as money is printed for "enjoy life now" or last-ditch efforts

Actually, thinking about the Fisher equation: nominal rate = real rate + inflation expectations. Real rate would be negative (no desire to save), inflation expectations would be massive (supply collapse + money printing), so nominal rates could go either way but likely spike due to risk premia.

Most likely outcome: Interest rates become meaningless as markets freeze, or spike to extreme levels due to credit risk and inflation.

Let me organize this into a clear reasoning path then conclusion.**Reasoning:**

1. **Collapse of the intertemporal bargain**: Interest rates represent the price of trading present consumption for future consumption. With certain extinction in 10 years, the future collapses to a hard boundary. The discount rate effectively becomes infinite for any horizon approaching year 10, eliminating the incentive to save or invest in long-duration assets.

2. **Flight to immediate consumption**: Rational actors would liquidate all long-term assets to consume immediately ("end-of-the-world parties"). This would trigger mass selling of bonds, particularly those maturing near or after the impact date, causing bond prices to crash and yields to spike—or markets to freeze entirely due to lack of buyers.

3. **Credit risk explosion**: The probability of repayment approaches zero for any loan extending beyond a few years (why pay debts when civilization is ending?), while collateral values (real estate, equities) would collapse as they become worthless in the long term. Lenders would demand massive risk premia or refuse to lend entirely.

4. **Monetary authority paralysis**: Central banks would face an impossible trilemma: (a) attempting to maintain liquidity to prevent immediate societal collapse, (b) funding desperate last-ditch deflection attempts (even if futile), and (c) facing total tax base erosion. This likely results in hyperinflationary money printing as governments fund emergency spending while productive capacity collapses.

5. **Term structure inversion**: The yield curve would invert violently or become discontinuous. Short-term rates (0-2 years) might initially remain somewhat anchored if authorities enforce stability, but medium-term rates (3-9 years) would skyrocket or become untradeable. Ten-year plus instruments would become worthless or delisted.

6. **Real vs. nominal divergence**: Real interest rates would plunge deeply negative (nobody wants to defer consumption), but nominal rates could spike due to catastrophic inflation expectations (supply chain collapse + monetary expansion) and default risk premia.

7. **Market fragmentation**: As the date approaches, financial markets would sequentially cease functioning—first the 10-year market, then 7-year, then 5-year—creating a "rolling blackout" of credit markets working backward from extinction.

**Conclusions:**

- **Short-term (0-2 years)**: Extreme volatility with initial flight to very short-term government paper (T-bills), followed by sharp rises as inflation and credit fears dominate. Rates likely spike to double digits or higher as risk premia explode.

- **Medium-term (3-9 years)**: Interest rates become effectively infinite or undefined as markets freeze. No private lending occurs at maturities beyond immediate survival horizons; existing bonds trade at pennies or not at all.

- **Long-term (10+ years)**: No market exists. Interest rates are meaningless as instruments mature into extinction.

- **Real interest rates**: Deeply negative across all tradable maturities as savings incentives vanish and inflation accelerates.

- **Ultimate outcome**: The interest rate mechanism—a price signal coordinating intertemporal economic activity—would cease to function as a meaningful allocative tool, replaced by rationing, barter, and command-economy resource allocation during civilization's final decade. [end of text]


