### Reasoning

To determine what would happen to interest rates in the face of a certain extinction event in 10 years, we must look at the fundamental drivers of interest rates: the supply of savings, the demand for borrowing, and the time preference of money.

**1. Collapse of Time Preference (The "Present" becomes everything)**
Interest rates exist, in part, because people generally prefer consumption now rather than later. To convince someone to save money (delay consumption), they are paid interest. However, if the future ceases to exist in 10 years, the incentive to save for the long term evaporates. The "time value of money" beyond the 10-year horizon drops to zero. No rational actor would lend money for 30 years (a standard mortgage or bond duration) because they know the principal will never be repaid and the world will end before the loan matures.

**2. The Demand for Credit Skyrockets**
If humanity has 10 years left, the motivation to borrow changes drastically.
*   **Consumer Behavior:** The concept of "saving for retirement" disappears. Individuals will want to experience everything they can *now*. This creates a massive demand for credit to fund travel, luxury, and immediate gratification.
*   **Corporate Behavior:** Companies would stop worrying about long-term solvency, quarterly earnings, or stock prices. They would drain their cash reserves to pay out dividends or liquidate assets to fund immediate operations or executive payouts. There would be no incentive to borrow money to build a new factory that won't be profitable for 5 years, as the factory would be destroyed before it becomes useful.

**3. The Supply of Savings Vanishes**
Currently, interest rates are kept low by the high supply of global savings. In this scenario, savers would withdraw their funds to spend them. Banks would see a "run on deposits" not out of fear of bank insolvency, but out of a desire to use the money while it still has value. The pool of lendable capital would shrink rapidly.

**4. Government and Central Bank Reactions**
Governments would likely attempt to maintain order by printing money to fund public works, "bucket list" infrastructure, or perhaps desperate (but futile) asteroid deflection attempts. This would lead to hyperinflation. Central banks would lose all credibility. Their traditional tools (adjusting the overnight lending rate) would become meaningless because the market mechanism for lending beyond the immediate term would be broken.

**5. The Yield Curve Inverts and Breaks**
*   **Short-term rates:** These might spike initially due to the panic and the massive demand for cash to spend immediately.
*   **Long-term rates:** These would effectively cease to exist. No one would buy a 10-year Treasury bond because the government (and the currency) will not exist when the bond matures. The market for long-term debt would freeze completely.

### Conclusions

Based on the economic forces above, here is the likely outcome for interest rates:

1.  **Long-term rates would effectively hit infinity (or the market would vanish):** It would be impossible to get a loan for a car, a house, or a business venture with a term extending anywhere near the 10-year deadline. The risk of non-repayment is 100%, so the interest rate required to entice a lender would be mathematically infinite. The bond market for maturities beyond 1–2 years would close entirely.

2.  **Short-term rates would skyrocket:** With everyone rushing to borrow money to spend immediately and no one willing to save, the cost of immediate liquidity would become astronomical. Credit card limits would be maxed out instantly, and payday lending rates would become the standard for all borrowing.

3.  **Real interest rates would become negative (inflation-adjusted):** While the *nominal* rate (the number on the paper) would be high due to scarcity, the *real* return would be deeply negative. As governments print money to appease the populace and the supply of goods collapses due to labor shortages (why go to work if the world is ending?), inflation would spiral out of control. Money would lose its value rapidly.

4.  **The concept of "Interest" would become obsolete:** Ultimately, within a very short time, the financial system would collapse. Money is a social contract based on trust in the future. If the future is certain to end, the contract is void. We would likely revert to a barter economy or a "use it or lose it" resource allocation system where interest rates no longer exist. [end of text]


