### Reasoning

To determine the impact on interest rates in this hypothetical scenario, we must analyze the interaction between the Federal Reserve (or any central bank), market expectations, and the fundamental mechanics of monetary policy under conditions of existential crisis.

1.  **The Primary Objective Shift**: Under normal circumstances, central banks prioritize price stability (controlling inflation) and maximum employment. However, an asteroid guaranteed to destroy all life in 10 years renders these traditional metrics irrelevant. The sole remaining objective of any central bank would shift to **preserving the solvency of the financial system** and preventing a total collapse of the banking infrastructure before the event occurs.

2.  **The Deflationary Shock**: The immediate market reaction to such news would be a catastrophic deflationary spiral.
    *   **Asset Prices**: Stocks, bonds, real estate, and commodities would plummet to near zero as their future cash flows are effectively eliminated.
    *   **Credit Demand**: Borrowing would cease entirely. No business would take a loan to expand, and no individual would take a mortgage, as there is no future to repay.
    *   **Liquidity Crisis**: Banks would face a run on deposits as savers panic, fearing the loss of their principal. To stop this, the central bank would need to inject massive amounts of liquidity.

3.  **The Mechanism of Rate Cuts**:
    *   To stimulate whatever economic activity remains and to encourage banks to lend to each other (interbank lending) to prevent a freeze, the central bank would engage in **aggressive quantitative easing** and slash the policy interest rate to the absolute floor (0% or even negative).
    *   The goal is to make holding cash unattractive and borrowing cheap, theoretically encouraging investment in survival technologies or hoarding of physical assets, though the efficacy would be limited by the certainty of the end.

4.  **The "Terminal" Phase (The 10-Year Horizon)**:
    *   As the date approaches, the concept of "future value" collapses. Interest rates are essentially the price of time. If the future does not exist, the theoretical rate of return on long-term bonds becomes meaningless.
    *   In the final years, the market would likely cease to function in its traditional sense. Long-term interest rates would become undefined or effectively zero because no one would lend for more than a few days.
    *   If the asteroid is 100% certain, the "risk premium" on all assets becomes infinite, but since the asset itself is worthless, the nominal interest rate on government debt (if the government continues to issue it) would likely be driven to **zero** by the central bank's desperate attempt to keep the system open, or the market would simply stop pricing long-term debt altogether.

5.  **Counter-Intuitive Scenarios**:
    *   Could rates go up? Only if there was a massive, panic-driven flight to *short-term* cash (hoarding liquidity) that caused a liquidity crunch so severe that the central bank couldn't keep rates down, or if the government tried to print money so recklessly to pay for "last stand" preparations that it triggered hyperinflation. However, even in hyperinflation, the *real* interest rate (adjusted for inflation) would likely be negative, and the nominal rate might spike temporarily before the system collapses. But the dominant force in a "certain destruction" scenario is the cessation of lending, which pushes nominal rates to the floor.

### Conclusion

If an asteroid were detected that would certainly destroy life on Earth in 10 years, interest rates would **plummet to near zero (or the absolute floor)**.

Here is the summary of the outcome:
*   **Immediate Reaction**: Central banks would slash rates aggressively to prevent a total banking system collapse and to encourage any remaining economic activity.
*   **Market Reality**: With no future to generate returns, the demand for long-term borrowing would vanish, and the value of long-term bonds would crash.
*   **Final State**: In the years leading up to the event, interest rates would likely become **effectively zero or negative** across the board. The financial system would likely cease to function as a mechanism for allocating capital over time, as the concept of "future repayment" loses all meaning. The primary focus would shift from interest rate management to liquidity provision and the physical preservation of assets. [end of text]


