<|channel>thought
<channel|>To determine what would happen to interest rates in this scenario, we have to look at the fundamental drivers of interest rates: **inflation expectations, the demand for credit (investment), and the "time preference" of money.**

Here is the reasoning broken down by the economic forces at play.

### Reasoning

**1. The Collapse of Long-Term Investment**
Interest rates are essentially the price of time. A 30-year mortgage or a 10-year corporate bond is a bet that the world will exist and the economy will function in a decade. If the "expiration date" of humanity is set at 10 years, the demand for any loan with a term longer than a few years would vanish instantly. No business will borrow money to build a factory that takes five years to complete if the world ends in ten.

**2. Hyper-Consumption and "The Great Spend"**
When people realize they have a finite, short window of existence, "time preference" shifts violently toward the present. Saving for retirement becomes irrational. This leads to a massive surge in immediate consumption. Everyone would attempt to spend their savings on experiences, luxury, and survival preparations simultaneously. This surge in demand, coupled with a likely collapse in production (as workers abandon jobs), would trigger **hyperinflation**.

**3. The Flight to Liquidity and Tangible Assets**
Initially, there might be a panic flight to "safe" assets. However, traditional safe havens like government bonds (which are promises to pay back in the future) would become worthless because the government will not exist to honor them. Interest rates on government debt would spike (yields rise) as investors dump bonds, or the market for them would simply cease to exist.

**4. The Role of Central Banks**
Central banks typically raise rates to fight inflation. However, in this scenario, the central bank loses its primary tool. Raising rates to curb inflation requires a functioning credit market. If no one is borrowing for the long term and the currency is losing value by the hour, traditional monetary policy becomes irrelevant.

---

### Conclusions

The effect on interest rates would likely happen in two distinct phases:

#### Phase 1: The Immediate Shock (Volatility)
In the first few weeks, there would be total chaos. **Short-term rates would likely spike** due to a liquidity crunch as everyone tries to move money into tangible assets (gold, land, bunkers, food). Long-term rates would become meaningless because the long-term bond market would collapse entirely.

#### Phase 2: The Terminal Decline/Irrelevance
As the reality of the 10-year window sets in, the economy would shift from a "growth" model to a "liquidation" model.

*   **Long-term rates:** These would effectively **disappear**. There is no such thing as a 10-year loan when the world ends in 10 years.
*   **Short-term rates:** These would likely **skyrocket to astronomical levels** (nominal rates). Because hyperinflation would be rampant (due to the collapse of supply chains and the surge in desperate spending), lenders would demand massive interest rates just to keep up with the plummeting value of the currency.

**Final Summary:** 
Nominal interest rates would **surge toward infinity** due to hyperinflation and the total disappearance of trust in future payments, while the actual market for long-term credit would **cease to exist.** Money would stop being a tool for investment and become merely a tool for immediate exchange. [end of text]


