Alright, let's tackle this intriguing question step by step. I'm going to break it down to understand how the certainty of an asteroid destroying life on Earth in 10 years would impact interest rates.

### Understanding the Basics

**Interest Rates:** These are the cost of borrowing money, typically expressed as a percentage. They're influenced by various factors including inflation, economic growth, monetary policy, and expectations about the future.

**Asteroid Impact Scenario:** If an asteroid is detected that will certainly destroy life on Earth in 10 years, this introduces an unprecedented and catastrophic certainty about the future.

### How Would This Affect the Economy?

1. **Economic Activity:**
   - **Production and Consumption:** Knowing that life will end in 10 years would drastically reduce the incentive for people to work, produce goods, or invest in long-term projects. Why work hard for future gains when there's no future?
   - **Businesses:** Companies would likely cease operations or drastically cut back, as there's no point in continuing business as usual.

2. **Investment and Savings:**
   - **Investment:** With no future to benefit from investments, people and businesses would stop investing in productive assets, stocks, or real estate.
   - **Savings:** There would be little reason to save money for the future since the future is nonexistent in this scenario.

3. **Government and Monetary Policy:**
   - **Government Spending:** Governments might increase spending in the short term to address immediate concerns or for last-minute projects, but long-term planning would be abandoned.
   - **Central Bank Actions:** Central banks would face a unique situation where traditional monetary policy tools (like adjusting interest rates to control inflation or stimulate growth) become irrelevant because the economy is heading towards complete destruction.

### Impact on Interest Rates

Now, let's focus on interest rates:

1. **Demand for Loans:**
   - **Borrowing:** People might borrow more in the short term to enjoy life or fulfill immediate desires since there's no need to repay in the future. However, this would likely be limited as the value of money diminishes when its future utility is zero.
   - **Lending:** Banks and financial institutions would be extremely hesitant to lend because there's no assurance of repayment. The risk of default becomes certain.

2. **Supply of Money:**
   - **Savings and Deposits:** People might withdraw money from banks to spend or store as cash, leading to a decrease in bank reserves.
   - **Banking System:** Banks might struggle to operate as usual, possibly leading to a collapse or severe contraction of the financial system.

3. **Central Bank's Role:**
   - Normally, central banks adjust interest rates to control inflation or stimulate the economy. In this scenario, since the economy is ending, traditional measures wouldn't apply.
   - The central bank might lower interest rates to near zero to encourage borrowing for short-term spending, but this would have limited effect given the certainty of the end.

4. **Market Forces:**
   - With no future economic activity, the demand for money (to facilitate transactions) would plummet, and the supply of money would become less relevant.
   - Interest rates are determined by the supply and demand for loanable funds. Here, demand would be very low (why borrow?), and supply would also be constrained (why lend?).

### Potential Scenarios for Interest Rates

Given these dynamics, here's how interest rates might behave:

1. **Interest Rates Plummet:**
   - As demand for loans disappears and lenders vanish, interest rates could drop to near zero or even negative (though negative interest rates are more theoretical in this extreme scenario).
   - Essentially, money becomes nearly worthless as a medium of exchange because there's nothing to exchange it for in the future.

2. **Interest Rates Become Irrelevant:**
   - The concept of interest rates might become meaningless as the financial system collapses or operates in a severely diminished capacity.
   - People might resort to barter or other non-monetary systems for immediate transactions.

3. **Hyperinflation or Deflation:**
   - If people try to spend all their money quickly, it could lead to hyperinflation as money loses its value rapidly.
   - Conversely, if everyone hoards money, it could lead to deflation, but given the scenario, spending seems more likely.

### Real-World Parallels and Analogies

While not exact, we can look at situations where interest rates behaved unusually:

- **Zimbabwe in the 2000s:** Experienced hyperinflation, leading to extremely high interest rates to try to control it, but money became worthless.
- **Japan's Low Interest Rates:** Facing deflation and economic stagnation, Japan has maintained very low interest rates for years, but this is a gradual and not catastrophic scenario.

In our asteroid case, it's more extreme than both, leading to the potential breakdown of the monetary system.

### Conclusion

After carefully considering the economic implications:

- **Interest rates would likely plummet to near zero or become irrelevant** because the certainty of the end of life on Earth would eliminate the future economic activity that interest rates are meant to regulate.
- **Borrowing and lending would drastically decrease**, with people focusing on immediate consumption rather than future-oriented financial activities.
- **The financial system would face severe disruption**, possibly leading to its collapse or transformation into a non-monetary exchange system.

**Final Answer:** If an asteroid were detected that would certainly destroy life on Earth in 10 years, interest rates would likely drop to near zero or become irrelevant. The certainty of the end would eliminate future economic activity, drastically reducing the demand for loans and the willingness to lend, thereby collapsing the traditional mechanisms that determine interest rates. People would focus on immediate consumption rather than future-oriented financial activities, rendering interest rates meaningless in their conventional sense. [end of text]


