**Reasoning:**

If an asteroid were confirmed to destroy all life on Earth in 10 years, this would represent an **existential, certain, and near-term catastrophe**. Let’s break down the economic and behavioral implications for **interest rates**, which are the price of money (i.e., the cost of borrowing or the return on saving).

### Key Factors:

1. **Collapse of Future-Oriented Behavior:**
   - Most economic activity relies on future expectations: investment, savings, retirement planning, business expansion.
   - If there is no future beyond 10 years, long-term planning becomes meaningless.
   - **Result:** Demand for long-term loans (e.g., 30-year mortgages, corporate bonds) would collapse.

2. **Time Preference and Discounting:**
   - Interest rates reflect **time preference**—how much people value present consumption over future consumption.
   - Normally, people prefer $100 today over $100 in a year, hence positive interest rates.
   - But if the future literally doesn’t exist, the **future value of money becomes zero**.
   - **Result:** People would want to consume *now*, not save or lend. Why lend money if it won’t be repaid?

3. **Demand for Credit:**
   - Borrowers might rush to take loans *now* to consume or experience things before the end, but lenders would refuse to lend beyond the 10-year horizon.
   - For loans maturing *before* the impact, lenders would demand **extremely high risk premiums** or refuse altogether, knowing repayment depends on a collapsing economy.

4. **Collapse of Savings and Investment:**
   - No incentive to save → savings rates drop to zero.
   - No reason to invest in productive capacity → capital demand collapses.
   - **Result:** Both supply of savings (which funds lending) and demand for investment loans fall sharply.

5. **Short-Term vs. Long-Term Rates:**
   - **Short-term interest rates** (e.g., 1-year): Might initially spike due to panic, liquidity hoarding, or hyperinflation if money is printed recklessly.
   - But as collapse becomes inevitable, short-term rates could **fall toward zero or negative**, because:
     - No one wants to hold financial assets; they want real goods (commodities, experiences).
     - Central banks might cut rates aggressively to stimulate immediate consumption.
     - With no future, the opportunity cost of holding cash (vs. bonds) disappears.

6. **Currency and Inflation:**
   - If governments print massive money to fund final consumption booms or social programs, hyperinflation could occur → nominal rates might soar.
   - But **real interest rates** (nominal rate minus inflation) would likely **plummet**, possibly turning deeply negative, because the real value of future repayments is irrelevant.

7. **Breakdown of Financial System:**
   - As the catastrophe nears, trust in institutions, contracts, and currency could erode.
   - Barter, cryptocurrencies, or hard assets might replace monetary systems.
   - **Interest rates**, as conventionally measured, may **lose meaning**.

---

**Conclusion:**

In the final analysis:

- **Short-term nominal interest rates** might initially rise due to panic and risk, but would likely **fall sharply toward zero (or below)** as rational actors prioritize immediate consumption and abandon saving/lending.
- **Long-term interest rates** would **collapse**, as no one would lend beyond the event horizon.
- **Real interest rates** would likely turn **deeply negative** due to loss of confidence, inflation, or complete disintegration of the financial system.
- Ultimately, **interest rates would become functionally meaningless** as monetary systems break down and survival/consumption replaces investment.

> **Final Answer:**  
> **Interest rates would likely fall sharply, approaching zero or turning negative in real terms, as the incentive to save or invest for the future disappears. The financial system would collapse, rendering conventional interest rates irrelevant in the final years.** [end of text]


