### Reasoning:

1. **Immediate Economic Uncertainty and Risk Aversion**:
   - If an asteroid were detected to destroy life on Earth in 10 years, the immediate and certain threat to human existence would create extreme economic uncertainty. Investors, businesses, and governments would face a scenario where long-term planning becomes nearly impossible.
   - Risk aversion would skyrocket as people and institutions would prioritize survival and short-term security over long-term investments. This would likely lead to a flight to safety in assets perceived as stable, such as government bonds or gold.

2. **Liquidity and Cash Hoarding**:
   - With the certainty of an existential threat, there would be a massive demand for liquidity. People and businesses would want to hold cash or near-cash assets to ensure they have resources in case of societal collapse or economic disruption.
   - This would increase the demand for money, potentially leading to a shortage of liquidity in the financial system, which could cause interest rates to spike temporarily as lenders demand higher returns to compensate for the increased risk.

3. **Government Response and Monetary Policy**:
   - Central banks might respond by cutting interest rates to zero or even introducing negative rates to encourage spending and investment, as low or negative rates can stimulate economic activity by making borrowing cheaper.
   - However, if the threat is perceived as existential, even negative rates might not be enough to stimulate the economy, as people and businesses might still prefer to hoard cash or invest in survival-related activities rather than risk their assets in uncertain economic conditions.

4. **Inflationary Pressures**:
   - The threat of societal collapse could lead to panic buying and hoarding of essential goods, creating supply shortages and inflationary pressures. Central banks might raise interest rates to combat inflation, but this would be counterproductive in the context of an existential threat, as higher rates would make borrowing more expensive, exacerbating the liquidity crisis.

5. **Capital Flight and Currency Devaluation**:
   - Investors might seek to move capital out of the affected country or region, leading to currency devaluation. This could result in higher interest rates on domestic debt as investors demand higher returns to compensate for the risk of currency collapse or economic instability.

6. **Long-Term vs. Short-Term Focus**:
   - In the short term, interest rates might spike due to liquidity shortages and risk aversion. However, as the existential threat looms closer, the focus would shift entirely to survival, and traditional financial markets might collapse or become irrelevant. In this scenario, interest rates might become meaningless as economic activity grinds to a halt.

7. **Government Debt and Fiscal Policy**:
   - Governments might increase spending on survival-related measures (e.g., food, water, shelter, and defense), leading to higher budget deficits. This could result in higher interest rates on government debt as investors demand higher returns to compensate for the increased risk of default or economic instability.

### Conclusions:

1. **Short-Term Impact (0-2 years)**:
   - Interest rates would likely **rise sharply** due to extreme risk aversion, liquidity shortages, and panic-driven demand for cash. Central banks might initially cut rates to zero or negative to stimulate the economy, but the effectiveness of such measures would be limited due to the existential nature of the threat.

2. **Medium-Term Impact (2-7 years)**:
   - As the threat becomes more immediate, traditional financial markets would likely become dysfunctional. Interest rates might become volatile and unpredictable, with some sectors experiencing hyperinflation while others face deflation due to collapsing demand.
   - Governments might introduce capital controls, price controls, or other measures to manage economic chaos, which could further distort interest rates.

3. **Long-Term Impact (7-10 years)**:
   - By the time the asteroid impact is imminent, the concept of interest rates as we know them would likely cease to exist. Economic activity would focus on survival, and traditional financial systems would collapse or become irrelevant.
   - Any remaining financial markets would be dominated by barter economies, survivalist networks, or government-controlled rationing systems, where the idea of lending and borrowing at an interest rate would be obsolete.

### Summary:
In the face of a certain existential threat like an asteroid impact in 10 years, interest rates would initially spike due to risk aversion and liquidity shortages. Central banks might attempt to lower rates to stimulate the economy, but the effectiveness would be limited. As the threat approaches, traditional financial systems would collapse, and interest rates would become meaningless in the context of a society focused on survival. The economy would likely transition into a barter or rationed system, rendering traditional interest rates irrelevant. [end of text]


