The detection of an asteroid that would certainly destroy life on Earth in 10 years would have profound and unprecedented impacts on global economics, including interest rates. Here’s a reasoned analysis of what might happen:

### Reasoning:

1. **Economic Panic and Uncertainty**:
   - **Market Collapse**: Financial markets would likely experience a massive sell-off as investors panic. Stocks, bonds, and other assets would plummet in value.
   - **Liquidity Crisis**: Banks and financial institutions might face a liquidity crisis as depositors rush to withdraw funds, leading to a potential banking collapse.

2. **Government and Central Bank Response**:
   - **Emergency Measures**: Central banks might implement extreme monetary policies to stabilize the economy, including lowering interest rates to near zero or even negative rates to encourage spending and investment.
   - **Quantitative Easing**: Central banks might engage in large-scale asset purchases to inject liquidity into the financial system.

3. **Consumer and Business Behavior**:
   - **Spending and Investment**: With the certainty of impending doom, consumers and businesses might drastically reduce spending and investment, leading to a severe economic contraction.
   - **Hoarding and Survivalism**: There might be a surge in demand for essential goods and survival supplies, leading to inflation in these sectors.

4. **Long-Term vs. Short-Term Impact**:
   - **Short-Term**: Initially, interest rates might drop sharply as central banks try to stimulate the economy. However, the effectiveness of these measures would be limited by the certainty of the impending disaster.
   - **Long-Term**: As the 10-year timeline progresses, interest rates might become increasingly irrelevant as the focus shifts from economic growth to survival and humanitarian efforts.

### Conclusions:

1. **Initial Drop in Interest Rates**: Central banks would likely lower interest rates to near zero or negative to stimulate the economy and prevent a complete collapse of financial markets.
2. **Limited Effectiveness**: The effectiveness of these measures would be limited by the certainty of the impending disaster, leading to a prolonged economic contraction.
3. **Shift in Focus**: As the timeline progresses, interest rates would become less relevant as governments and societies focus on survival and humanitarian efforts.
4. **Potential for Hyperinflation**: In the short term, there might be a surge in demand for essential goods, leading to inflation in these sectors. However, as the end approaches, traditional economic indicators like interest rates would lose their significance.

In summary, while interest rates might initially drop to stimulate the economy, their relevance would diminish as the certainty of the asteroid impact becomes more imminent. The global focus would shift from economic growth to survival and humanitarian efforts. [end of text]


