**Reasoning:**

If an asteroid were definitively detected with certainty of causing global extinction in 10 years, the implications would be profound and far-reaching across all sectors of society—including economics and finance. Let’s break down the likely effects on interest rates step by step:

1. **Time Horizon and Survival Priorities**  
   A 10-year window is long enough for coordinated global response (e.g., planetary defense missions), but short enough to trigger existential anxiety. The key question becomes: *Can humanity act to prevent extinction?*  
   - If mitigation (e.g., deflection) is feasible and funded, markets may price in survival and eventual recovery → moderate impact on rates.  
   - If mitigation seems impossible, the focus shifts from long-term investment to short-term consumption, legacy, or even “doomsday prepping.”

2. **Demand for Safe Assets**  
   In existential risk scenarios, demand for *absolute* safe assets (e.g., physical gold, bunkers, off-world assets—if possible) would surge. Traditional government bonds (e.g., U.S. Treasuries) may lose appeal if default risk is perceived as irrelevant in a doomsday scenario—or conversely, if governments issue “survival bonds,” demand could rise.

3. **Savings vs. Consumption**  
   - *Near-term*: People may drastically reduce savings and increase consumption (e.g., “last supper” spending on experiences, luxury, or survival goods). This would reduce supply of loanable funds → upward pressure on rates.  
   - *Long-term*: If people expect no future income beyond ~10 years, *long-term* savings collapse → reduced supply of capital for long-term loans → upward pressure on long-term rates.

4. **Monetary Policy Response**  
   Central banks would likely prioritize stability and social cohesion. They might:  
   - Cut rates aggressively to stimulate consumption and prevent panic-driven deflation.  
   - Or raise rates to curb inflation if hoarding/supply shocks occur (e.g., panic buying of essentials).  
   But credibility matters: if markets believe central banks are irrelevant in the face of extinction, monetary policy loses effectiveness.

5. **Fiscal Policy & Debt Dynamics**  
   Governments would likely launch massive “Planetary Defense” or “Survival” programs (e.g., asteroid deflection, space colonization, bunkers). This would:  
   - Increase sovereign debt supply → upward pressure on yields (unless central banks monetize debt).  
   - If debt is monetized (e.g., QE), rates could be suppressed artificially.

6. **Risk Premiums & Market Functioning**  
   - Equity markets would likely crash (no long-term earnings), increasing flight to *perceived* safety.  
   - Credit markets may freeze: why lend if borrowers won’t repay in 10 years? Liquidity could dry up → spikes in interbank rates.  
   - Duration risk becomes irrelevant: long-dated bonds may trade at extreme discounts (very high yields) as no one wants 30-year obligations in a dying world.

7. **Historical Analogues?**  
   No true parallel exists. Closest: Cold War nuclear fears (1950s “Duck and Cover”), but those involved *uncertainty* and *deterrence*. Here, certainty of doom removes the incentive for intergenerational planning.

**Conclusion:**

- **Short-term (0–2 years):** Interest rates likely **fall sharply** as central banks cut aggressively to prevent panic, stimulate consumption, and fund emergency response. Flight to safety may compress yields on short-term government paper.

- **Medium-term (2–10 years):** Rates become highly volatile and fragmented:  
  - *Short-term rates* may stay low or rise modestly depending on inflation from supply shocks.  
  - *Long-term rates* could **spike dramatically** due to collapsing demand for long-duration assets, massive fiscal deficits, and loss of confidence in future economic activity.  
  - *Real yields* (inflation-adjusted) may turn deeply negative as central banks prioritize stability over price stability.

- **Overall trajectory:** A bimodal outcome:  
  - If mitigation succeeds → rates normalize over time.  
  - If mitigation fails or seems futile → a “doomsday premium” emerges: short-term rates low (liquidity trap), long-term yields volatile or inverted, credit markets dysfunctional.

In essence: **interest rates would likely collapse in the very short run, then diverge sharply—short-term rates falling, long-term rates rising—reflecting a world where time horizon collapses and future value evaporates.** [end of text]


