Okay, let's break down how a confirmed, civilization-ending asteroid impact in 10 years would likely affect interest rates.

**Reasoning:**

The impact of such a catastrophic event on interest rates would be complex and likely involve several competing forces, but the overall direction would likely be **downward**, at least initially. Here's why:

1.  **Deflationary Pressure:** The certainty of impending doom would trigger a massive shift in economic behavior. People would likely:
    *   **Reduce Spending:**  Why save for retirement, a house, or a new car if the world is ending?  Consumer spending would plummet.
    *   **Increase Saving (Initially):**  There might be a short-term surge in saving as people try to hoard resources or prepare for the end. However, this would likely be short-lived as the reality of the situation sets in.
    *   **Businesses Curtail Investment:**  No company would invest in long-term projects if they knew their operations would cease in 10 years. Investment would dry up.
    *   **Asset Price Collapse:**  Real estate, stocks, and other assets would likely lose value rapidly as people try to liquidate them.

    This combination of reduced spending, investment, and asset prices would create significant deflationary pressure.  Deflation makes money more valuable over time, which reduces the incentive to borrow and invest.

2.  **Flight to Safety:**  Investors would flee risky assets (stocks, corporate bonds, emerging market debt) and seek refuge in perceived safe havens.  This could include:
    *   **Government Bonds (Initially):**  Demand for government bonds, especially those of stable countries, would likely surge.  This increased demand would push bond prices up and yields (interest rates) down.  However, the long-term sustainability of government debt would become highly questionable.
    *   **Physical Assets (Gold, Silver, etc.):**  There might be a temporary spike in demand for precious metals and other tangible assets as people seek to preserve some value.

3.  **Government Response (Uncertain Impact):** Governments would likely attempt to intervene, but their effectiveness would be limited.
    *   **Fiscal Stimulus:**  Governments might try to stimulate the economy through massive spending programs.  However, the impact would be questionable given the short time horizon and the lack of confidence in the future.  Increased government borrowing could put upward pressure on interest rates, but this would likely be offset by the deflationary forces.
    *   **Monetary Policy:**  Central banks could try to lower interest rates further to encourage borrowing and investment.  However, with rates already near zero in many countries, the effectiveness of this tool would be limited.  Furthermore, the credibility of central banks would be undermined by the existential threat.

4.  **Breakdown of Financial Systems:** As the deadline approaches, the financial system could become increasingly unstable.
    *   **Counterparty Risk:**  The risk that borrowers will default on their loans would increase dramatically.  This could lead to a credit crunch and further depress economic activity.
    *   **Capital Controls:**  Governments might impose capital controls to prevent money from fleeing the country.  This could further distort financial markets and reduce investor confidence.

**Conclusions:**

*   **Initial Drop in Interest Rates:**  In the immediate aftermath of the asteroid announcement, I would expect a significant drop in interest rates, particularly on government bonds. This would be driven by the deflationary pressures and the flight to safety.
*   **Increased Volatility:**  Financial markets would become extremely volatile as investors react to news and rumors.
*   **Potential for Higher Rates Later:** As the deadline approaches and the financial system becomes more unstable, there is a risk that interest rates could rise sharply. This could be due to:
    *   **Increased Risk Premiums:**  Investors would demand higher returns to compensate for the increased risk of lending.
    *   **Government Desperation:**  Governments might resort to desperate measures, such as printing money or imposing capital controls, which could lead to inflation and higher interest rates.
*   **Ultimately, Irrelevant:** In the final years, the concept of interest rates would likely become largely irrelevant as the economic system collapses and people focus on survival.

**Important Considerations:**

*   **The Specifics Matter:** The exact impact on interest rates would depend on the specifics of the asteroid threat, including its size, trajectory, and the estimated impact zone.
*   **Global Coordination:** The degree of global coordination in responding to the threat would also be a factor.
*   **Human Psychology:**  Human behavior is unpredictable, and the psychological impact of the asteroid threat could lead to unexpected outcomes.

In summary, while there would be an initial drop in interest rates due to deflationary pressures and a flight to safety, the long-term impact on interest rates is highly uncertain and could depend on a variety of factors. However, in the grand scheme of things, the concept of interest rates would become largely meaningless as the world hurtles towards its demise.
 [end of text]


