## Interest Rates in the Face of Certain Extinction: A Thought Experiment

### Reasoning

**1. The Central Bank's Dilemma**
Central banks exist to manage inflation and unemployment over time horizons of years and decades. If humanity has only 10 years left, the entire framework for monetary policy collapses. What is the point of controlling inflation when there will be no economy in a decade? Traditional tools—interest rate adjustments, quantitative easing, reserve requirements—become meaningless when the terminal condition is known.

**2. Immediate Economic Collapse**
- **Panic and capital flight**: People would rush to liquidate assets, causing massive sell-offs in stocks, real estate, and bonds.
- **Supply chain breakdown**: Businesses would shut down as long-term planning becomes impossible. Unemployment would spike.
- **Government priorities shift**: Resources would be diverted toward survival, defense, or perhaps last-ditch deflection efforts—not economic growth.

**3. What Happens to Different Debt Instruments**
- **Government bonds**: Initially, there might be a "flight to safety," driving yields down (prices up). But if the government itself is failing or redirecting all spending, this safety assumption breaks. Eventually, sovereign debt could become worthless if there's no future tax base.
- **Corporate bonds**: Would crash as companies fail or default. Yields would spike initially, then collapse as the market for debt evaporates.
- **Mortgage rates**: Would become irrelevant as the housing market freezes. Banks would stop lending entirely.
- **Savings accounts**: People might stop saving altogether and spend now, or hold cash (which becomes worthless anyway).

**4. The Likely Trajectory**
- **Short-term (0–2 years)**: Extreme volatility. Interest rate signals become erratic as markets try to price in the impossible. Central banks might attempt emergency cuts to stimulate one last burst of activity, but it would be futile.
- **Medium-term (3–7 years)**: The formal credit market would largely cease to exist. Barter and immediate consumption replace long-term contracts. Interest rates become meaningless.
- **Long-term (8–10 years)**: Near-zero economic activity. No one is borrowing for the future because there is no future to plan for.

**5. The Exception: Deflection Efforts**
If massive government spending occurred to try to deflect the asteroid (like in *Don't Look Up*), this could temporarily spike interest rates due to enormous deficit spending—but only if there's a perceived chance of survival. With "certain" destruction, even that rationale disappears.

---

### Conclusion

Interest rates would **collapse into meaninglessness**. They would either:

1. **Drop to zero or negative** as central banks desperately try to stimulate a final burst of economic activity, or
2. **Become meaningless entirely** as the credit market evaporates and the economy transforms into short-term survival mode.

In short: the concept of interest—a price of time—breaks down when time itself has an expiration date. The financial system would not "adjust" in any normal sense; it would simply stop functioning as we know it. [end of text]


