If an asteroid were detected that would certainly destroy life on Earth in 10 years, the impact on interest rates would be profound and likely follow a predictable trajectory based on economic behavior under extreme uncertainty. Let's break this down step by step.

---

### **1. Initial Reaction: Panic and Uncertainty**
- **Market Sentiment**: The announcement would trigger immediate panic. Investors, businesses, and governments would reassess all future plans, as the long-term future of the planet is no longer viable.
- **Investment Horizon**: The 10-year time frame would shift the focus from long-term to short-term. People would prioritize spending or investing in things that matter in the near term, not decades ahead.

---

### **2. Impact on Savings and Lending**
- **Savings Behavior**: With a fixed end date, people would be less inclined to save for the future. Why save for retirement or a child’s education if life ends in 10 years?
- **Lending Demand**: Businesses would stop investing in long-term projects (factories, R&D, infrastructure) because those returns would never be realized. Lenders would be reluctant to lend for long periods, as the risk of default or obsolescence becomes irrelevant.
- **Short-Term Focus**: The demand for short-term loans would increase (e.g., for immediate consumption, travel, or personal projects), while demand for long-term loans would collapse.

---

### **3. Central Bank Response**
- **Monetary Policy**: Central banks would likely lower interest rates to near zero or even negative to encourage spending and lending. The goal would be to stimulate the economy in the short term, as long-term growth is no longer a priority.
- **Inflation Expectations**: With people spending now, demand would surge, and supply (especially for durable goods) would decline as producers stop making long-term products. This could lead to inflation, but central banks might not care as much about inflation if the end is near.
- **Yield Curve Flattening**: The yield curve (the difference between short-term and long-term interest rates) would flatten or invert. Long-term bonds would become worthless or nearly so, as investors would not want to lock money up for 10 years if the planet is ending.

---

### **4. Government and Fiscal Policy**
- **Government Spending**: Governments might increase spending on short-term projects (e.g., public events, infrastructure for immediate use) to boost morale and economic activity.
- **Debt Issuance**: Governments would likely stop issuing long-term debt, as there would be no buyers. Short-term debt would dominate, and interest rates on that debt would be very low.

---

### **5. Behavioral Economics**
- **Present Bias**: People would exhibit strong present bias—prioritizing immediate gratification over future rewards. This would further reduce the demand for savings and long-term investments.
- **Asset Prices**: Stocks, real estate, and other long-term assets would lose value, as their future cash flows are worthless. This would reduce the wealth of individuals and institutions, further dampening demand for credit.

---

### **Conclusion**
In the scenario where an asteroid is certain to destroy life on Earth in 10 years, **interest rates would collapse to near zero or even negative**. The economy would shift entirely to a short-term focus, with:

- **Short-term interest rates** being very low (or negative) to encourage immediate spending and lending.
- **Long-term interest rates** becoming irrelevant or extremely low, as no one would want to lock money up for the future.
- A **flattened or inverted yield curve**.
- A **collapse in long-term investment** and a surge in short-term consumption.

The financial system would essentially enter a state of "endgame economics," where traditional economic incentives break down, and behavior is driven by the knowledge that the future is finite.

---

Let me know if you'd like to explore how this would affect other parts of the economy (e.g., employment, inflation, global trade). [end of text]


