Let's reason through this step by step.

---

**Step 1: Understanding the scenario**

We are told that an asteroid is detected and confirmed to be on a collision course with Earth, with a certainty that it will destroy life on Earth within 10 years. This is a catastrophic, global-scale event — not just a disaster, but a potential extinction-level event.

---

**Step 2: What are interest rates?**

Interest rates are the cost of borrowing money, set primarily by central banks (like the U.S. Federal Reserve) in response to economic conditions. They are influenced by:

- Inflation expectations
- Economic growth prospects
- Monetary policy (e.g., expansionary or contractionary)
- Risk appetite of investors
- Supply and demand for credit

In normal times, interest rates are set to stabilize the economy — low rates encourage borrowing and investment, high rates discourage it.

---

**Step 3: How would a certain extinction-level asteroid impact interest rates?**

Let’s consider the key economic implications:

1. **Loss of future economic expectations**  
   If life on Earth is going to end in 10 years, then all future economic activity — investment, production, consumption, innovation — becomes irrelevant. There is no future to grow, no future to earn returns. This would cause a **complete collapse of long-term economic expectations**.

2. **Investors lose confidence in the future**  
   With no future, investors would have no reason to lend money for long-term projects (e.g., real estate, infrastructure, stocks). The risk of default would be irrelevant — because no one will survive to repay. So, **the demand for long-term loans would collapse**.

3. **Central banks would likely cut interest rates to zero or negative**  
   In a crisis, central banks typically lower rates to stabilize financial markets. But in this case, the crisis is so extreme that traditional monetary policy becomes meaningless. However, **interest rates would likely fall to near zero** — not because of inflation or growth, but because the entire economic framework is collapsing.

4. **Risk premiums vanish**  
   Normally, investors demand higher returns for risk (e.g., stocks, bonds). But if the world is ending, the risk of loss is 100%. So, **the risk premium would disappear** — investors would no longer demand extra returns for risk. This would drive down interest rates.

5. **No incentive to save or invest**  
   With no future, people would stop saving, and banks would have no deposits. This would reduce the supply of funds, but the demand for credit would vanish. So, **interest rates would fall due to lack of demand**.

6. **Monetary policy becomes irrelevant**  
   Central banks cannot influence interest rates in a world where the economy is already ending. But in the short term, they might still lower rates to prevent panic — so **interest rates would drop sharply**.

---

**Step 4: Is there any reason interest rates might rise?**

Only if people start hoarding money or if there's a sudden panic — but in this case, the certainty of extinction would lead to **massive disinvestment and disengagement**, not panic-driven hoarding. People would likely stop engaging in financial markets altogether.

So, **interest rates would not rise** — they would fall.

---

**Conclusion:**

👉 **Interest rates would fall dramatically — likely to near zero or even negative — as a result of the certainty of Earth's destruction in 10 years.**

**Reasoning summary:**  
The certainty of extinction eliminates future economic growth, investment, and returns. Investors lose all incentive to lend or hold long-term assets. Demand for credit collapses, and risk premiums vanish. Central banks would likely respond by cutting rates to zero to stabilize financial systems. Thus, interest rates would fall, not rise.

---

✅ Final Answer:  
**Interest rates would fall sharply, likely to near zero or even negative levels, due to the collapse of future economic expectations and the disappearance of investment incentives in the face of certain extinction.** [end of text]


