Hmm, this is an interesting hypothetical scenario that blends economics, psychology, and existential risk. The user wants a reasoned analysis of how interest rates would behave if an asteroid were confirmed to destroy Earth in 10 years. 

First, I need to break down the economic mechanisms. Interest rates are typically influenced by central banks, investor behavior, and government policy. In this scenario, the certainty of extinction would override normal economic cycles. The key drivers would be: 1) collapse of long-term investment horizons, 2) massive shift to liquidity and consumption, 3) potential government interventions to maintain order or redistribute resources. 

I should consider both market-driven rates (like bond yields) and policy rates (central bank rates). The former would plummet as investors flee long-duration assets, while the latter might initially spike if central banks try to combat hyperinflation from panic spending, but eventually become irrelevant as the economy disintegrates. 

The timeline matters too—10 years is long enough for some structural changes but short enough that long-term projects would halt immediately. I should also mention secondary effects like currency collapse and the breakdown of financial infrastructure. 

The conclusion needs to distinguish between short-term volatility and the ultimate irrelevance of interest rates as the economy ceases to function. The tone should be analytical but acknowledge the grim absurdity of the premise.
</think>
Excellent question. It forces us to separate the mechanics of finance from the fundamentals of human behavior under existential threat. Here’s the reasoning, step by step.

### **Reasoning: The Collapse of the Time Value of Money**

Interest rates are fundamentally the **price of money over time**. They reflect:
1.  **Time Preference:** How much people value consumption today versus in the future.
2.  **Risk Premium:** Compensation for the risk of not getting your money back.
3.  **Expected Inflation:** Compensation for the loss of purchasing power.
4.  **Economic Growth Expectations:** Returns on capital investments.

An **extinction-level event (ELE) in 10 years** shatters all these foundations:

1.  **The End of the Future:** The core concept of "10 years from now" becomes meaningless for any long-term investment, planning, or saving. Why lend money for a 30-year mortgage if there will be no houses or lenders in 11 years? Why invest in a factory with a 20-year payback period? **Long-term horizons vanish overnight.**

2.  **Hyper-Liquidity Preference:** The only rational economic behavior is to convert all assets into **immediate consumption or ultra-liquid, short-term stores of value** (if they exist). The price of enjoying life *now* skyrockets. People would quit jobs, spend savings, and seek experiences. The demand for money as a medium of exchange for immediate goods would spike, but the demand for money as a *store of value* would collapse.

3.  **Collapse of Risk Premiums:** With a 100% certain default of all long-dated obligations (sovereign and corporate bonds), the risk premium for any maturity beyond a few months becomes infinite. Who would buy a 10-year government bond? The issuer (the government) is certain to default. The market for such instruments ceases to exist.

4.  **Inflation vs. Deflation Chaos:**
    *   **Short-Term Hyperinflationary Pressure:** A mass shift from saving to spending, coupled with potential hoarding of essentials, would create intense demand-pull and cost-push inflation for tangible goods and services (food, fuel, security, travel).
    *   **Long-Term Asset Deflation:** The price of all long-term income-producing assets (real estate, stocks, long-term bonds) would trend toward **zero**. Their value is derived from future cash flows, which no longer exist.

5.  **Government & Central Bank Actions:** Governments would face a choice:
    *   **Attempt to Maintain Order:** They might try to freeze the financial system, impose capital controls, and direct resources to survival or last-gasp projects (e.g., a desperate asteroid deflection attempt). Interest rates as a policy tool become irrelevant or are suspended.
    *   **Facilitate Final Consumption:** They might slash policy rates to zero (or negative) to encourage lending for immediate consumption, but this would be a futile gesture in a collapsing economy.
    *   **Monetize Chaos:** They could print money to pay for emergency supplies and social stability, fueling hyperinflation in the final years.

6.  **Breakdown of Financial Infrastructure:** As the logic above permeates society, the very plumbing of finance—lending, insurance, pension funds, derivatives—would break down. A pension fund with 30-year liabilities cannot function. Insurance companies cannot price or cover risks. Banks would face immediate, total runs.

---

### **Conclusions: A Phased Collapse**

**Phase 1: Immediate Market Shock (Days/Weeks)**
*   **Long-term bond yields (10+ years) would spike violently** as the last buyers demand astronomical yields or simply disappear. The market seizes up.
*   **Short-term rates (overnight, 3-month) might initially fall** as central banks slash policy rates in a panicked, conventional response. However, this would be quickly overwhelmed by the next phase.
*   **Stock markets would crash** to valuations reflecting near-zero terminal value. Dividend yields become meaningless.
*   **Flight to "real assets":** Prices for gold, crypto (as a speculative bet on digital scarcity), art, and especially **essential commodities and survival goods** would explode.

**Phase 2: The Great Unwinding (Months)**
*   The concept of an "interest rate" for standard loans **ceases to be a meaningful economic indicator** for most activity.
*   **Any remaining lending would be at astronomically high rates** (if it happens at all) for the shortest possible terms, reflecting extreme counterparty risk and the hyperinflationary environment for consumables.
*   **Central bank policy rates become irrelevant.** The economy is no longer operating on a business cycle; it's on a countdown.
*   **Currency instability:** The national currency of any country not seen as a safe haven for immediate goods would collapse. A global "currency" might become essential commodities (e.g., fuel, ammunition, antibiotics) or a stable foreign currency from a less affected region (if any).

**Phase 3: The Final Years (Years 8-10)**
*   Formal financial markets **largely cease to function**. Trading is sporadic, based on barter or desperate spot transactions.
*   **The "interest rate" is whatever premium someone demands to part with a vital good today for a promise of something in a week.** This is not an interest rate in the economic sense; it's a risk of non-delivery premium in a collapsing society.
*   **Government bonds are worthless.** The only "investment" is in survival, community, or last-ditch scientific efforts.

### **Final Summary**

**What would happen to interest rates?**
1.  **Long-term interest rates (bond yields) would become infinite or cease to exist** as the market for time disappears.
2.  **Short-term policy rates would be slashed to zero (or negative) but would lose all traction** as the transmission mechanism of monetary policy breaks.
3.  **The *effective* cost of borrowing for immediate consumption would be extremely high** in real terms (due to hyperinflation of goods) and would be dictated by desperation, not central bank policy.
4.  **Ultimately, the concept of an interest rate—the price of money over time—becomes obsolete.** Time, as an economic dimension, has been annihilated. Finance, which is the intertemporal allocation of resources, has no function. The economy reverts to a spot market for survival, where the "price" is measured in lives and immediate utility, not percentages.

**In essence: The yield curve doesn't invert; it vaporizes.** The only curve that matters is the one counting down to impact. [end of text]


