<|channel>thought
<channel|>To analyze the impact of a certain extinction-level event (ELE) occurring in 10 years on interest rates, we must look at the fundamental drivers of interest rates: the demand for credit, the supply of capital, the expectation of future inflation, and the role of central banks.

### The Reasoning

**1. The Collapse of the Time Value of Money**
Interest rates are essentially the "price of time." When you lend money, you are being compensated for the risk that you won't get it back and for the loss of utility of that money today versus tomorrow. If the world is certain to end in 10 years, the "future" effectively ceases to exist beyond that point. There is no incentive to save for retirement, build a pension, or invest in long-term infrastructure. The time horizon for all economic activity shrinks to less than a decade.

**2. The Collapse of Demand for Credit (Deflationary Pressure)**
Most debt is used to fund long-term growth: mortgages for 30 years, corporate bonds for 10–30 years, and government bonds for decades. If life ends in 10 years, no rational actor will take out a 30-year mortgage. Businesses will stop investing in R&D or factory expansions because there will be no market to sell products to in year 11. This massive drop in the demand for loans would exert extreme downward pressure on interest rates.

**3. The Flight to Liquidity and "Real" Assets**
While demand for *long-term* credit collapses, there might be a frantic demand for *short-term* liquidity. However, traditional "safe haven" assets like government bonds would become problematic. Why hold a 10-year Treasury bond if the world ends in year 10? The "risk-free rate" becomes a mathematical absurdity. Investors would likely abandon paper assets entirely in favor of "survival assets" (food, fuel, precious metals, land), which does not involve the credit market.

**4. The Role of Central Banks and Government Policy**
Central banks typically manage interest rates to control inflation and employment. In this scenario, "employment" and "inflation" become irrelevant metrics. Governments would likely pivot from monetary policy to survival policy. They might attempt to keep rates at zero (or even negative) to prevent a total systemic collapse of the banking system, but they would have little leverage because the fundamental motive for banking—the cycle of borrowing and repaying—has been broken.

**5. The "End-of-Life" Deflationary Spiral**
As people realize the end is certain, they will stop spending on anything that isn't immediate survival. This leads to a massive contraction in the velocity of money. As consumption drops, prices drop (deflation). In a deflationary environment, the real value of debt rises, which usually causes interest rates to plummet as central banks try to stimulate an economy that no longer has a reason to exist.

---

### The Conclusions

If an asteroid were certain to destroy life in 10 years, interest rates would undergo a radical and terminal transformation:

1.  **Short-Term Rates: Near Zero or Negative.** Central banks would likely drive rates to the "zero lower bound" or into negative territory to prevent a total, instantaneous seizure of the global financial system. They would attempt to keep money moving to facilitate the distribution of resources for survival.
2.  **Long-Term Rates: Total Collapse/Non-existence.** The yield curve would "invert" to an extreme degree. Long-term interest rates (10, 20, and 30-year yields) would effectively vanish or become meaningless, as there is no market for any instrument that matures after the impact date.
3.  **The Death of the Credit Market:** The concept of "interest" would lose its meaning. The economy would shift from a **credit-based system** (built on future expectations) to a **barter or commodity-based system** (built on immediate survival).
4.  **Summary:** Interest rates would **plummet toward zero** as the fundamental economic concept of "the future" evaporates. The financial system would cease to function as a mechanism for growth and would instead become a frantic, short-term mechanism for resource allocation. [end of text]


