==========
### Reasoning:

1. **Economic Impact of Imminent Existential Threat**:
   - If an asteroid is certain to destroy all life on Earth in 10 years, the entire concept of long-term economic activity becomes meaningless. People, businesses, and governments would recognize that there is no future beyond the next decade. This would lead to a complete breakdown of normal economic behavior.

2. **Shift in Time Preference**:
   - Interest rates are fundamentally tied to time preference—the willingness to defer consumption for future returns. In a scenario where the future is guaranteed to be non-existent, time preference would collapse. People would have no incentive to save or invest for the future because there is no future to invest in.

3. **Hyper-Short-Term Focus**:
   - Economic activity would shift to immediate gratification and survival. Borrowing and lending would likely cease to exist in their traditional forms because:
     - **Lenders** would have no expectation of repayment beyond the next few years (if that), making lending extremely risky.
     - **Borrowers** would have no incentive to repay loans if the world is ending soon, leading to massive defaults.
   - Any remaining credit would be for extremely short-term needs (e.g., borrowing food for the next month), and interest rates on such loans would likely be very high due to extreme risk and uncertainty.

4. **Collapse of Financial Markets** certain:
   - Stock markets, bond markets, and other financial institutions would collapse as their underlying assumptions (future cash flows, long-term value) become irrelevant. Central banks would lose their ability to influence interest rates meaningfully.

5. **Flight to "Cash" or Tangible Assets**:
   - People might hoard physical goods (food, medicine, weapons) or cash (if it still has utility in the near term), but these would not be "investments" in the traditional sense. Interest rates on any remaining formal credit would skyrocket due to:
     - Extreme risk of default.
     - Collapse of trust in financial systems.
     - Hyperinflation or hyperdeflation depending on how governments and central banks respond (e.g., printing money vs. hoarding).

6. **Government and Central Bank Response**:
   - Governments might try to stabilize the system with massive stimulus, but this would likely be ineffective. Central banks could cut rates to zero or even negative, but this would not matter because:
     - No one would want to lend or borrow for long terms.
     - Banks might stop lending entirely due to fear of non-repayment.
   - The focus would shift to immediate survival, not monetary policy.

### Conclusion:

Interest rates would likely **spiral out of control**:
- **Short-term rates** (for immediate needs) could become extremely high due to risk and scarcity of credit.
- **Long-term rates** would become irrelevant as no one would lend or borrow for terms beyond a few years. Formal long-term credit markets would cease to exist.
- **Central bank policy** would become ineffective, and interest rates would be determined by local, informal, or black-market dynamics.

In short, the concept of "interest rates" as we know it would break down, replaced by a chaotic, hyper-short-term economy focused on survival rather than growth or investment.</think>### Reasoning:

1. **Collapse of Long-Term Economic Activity**:  
   If an asteroid is certain to destroy all life on Earth in 10 years, the entire foundation of modern economics—built on long-term investment, growth, and intergenerational planning—becomes irrelevant. People, businesses, and governments would recognize that there is no future beyond the next decade. This would lead to a complete breakdown of normal economic behavior, including borrowing, lending, and investing for the future.

2. **Time Preference and Discounting**:  
   Interest rates are fundamentally tied to **time preference**—the willingness to defer consumption for future returns. In this scenario, time preference would collapse because there is no meaningful future to invest in. People would prioritize immediate gratification (e.g., consuming resources, hoarding goods, or pursuing short-term goals) over long-term returns. This would render traditional lending and borrowing obsolete, as no rational actor would lend money for terms beyond a few years.

3. **Hyper-Short-Term Focus**:  
   Economic activity would shift to survival and immediate needs. Borrowing and lending would likely persist only for extremely short durations (e.g., borrowing food for the next month or securing emergency supplies). Interest rates on such loans would likely be **extremely high** due to:  
   - **Extreme risk**: Lenders would demand massive compensation for the near-certainty of non-repayment (as borrowers prioritize survival over debt obligations).  
   - **Scarcity of credit**: Formal financial systems (banks, bonds) would collapse, forcing reliance on informal or black-market lending.  
   - **Loss of trust**: Default rates would skyrocket, eroding trust in creditworthiness.

4. **Collapse of Financial Markets**:  
   Stock markets, bond markets, and retirement systems would implode, as their value relies on future cash flows and long-term growth. Central banks would lose their ability to influence interest rates meaningfully, as monetary policy (e.g., rate cuts or quantitative easing) would be irrelevant in a world without a functional future economy.

5. **Government and Central Bank Response**:  
   Governments might attempt to stabilize the system with massive stimulus or rate cuts, but this would be ineffective:  
   - **Rate cuts to zero or negative**: Central banks could slash rates, but lenders would still avoid long-term loans due to default risk.  
   - **Hyperinflation or deflation**: If governments print money to fund immediate needs, hyperinflation could erupt. Conversely, if hoarding dominates, deflation might occur.  
   - **Capital controls**: Governments might impose restrictions to prevent capital flight, but this would further disrupt credit markets.

6. **Shift to Tangible Assets**:  
   People would abandon financial assets (stocks, bonds) for tangible goods (food, medicine, weapons, or land with short-term utility). Interest rates on any remaining formal credit would reflect this shift, with **short-term rates spiking** while long-term rates become meaningless.

### Conclusion:  
Interest rates would **spiral out of control**:  
- **Short-term rates** (for immediate needs) would skyrocket due to extreme risk and scarcity of credit.  
- **Long-term rates** would become irrelevant, as no rational actor would lend or borrow for terms beyond a few years. Formal long-term credit markets would cease to exist.  
- **Central bank policy** would become ineffective, replaced by chaotic, hyper-short-term dynamics.  

In essence, the concept of "interest rates" as we know it would break down, replaced by a survival-focused economy where credit is scarce, expensive, and fleeting. The financial system would revert to a primitive state, dominated by barter, hoarding, and local, high-risk lending.
==========
Prompt: 49 tokens, 61.587 tokens-per-sec
Generation: 1427 tokens, 52.154 tokens-per-sec
Peak memory: 60.464 GB
