Okay, let's break down the potential impact of an asteroid impact on interest rates.

**Reason 1: The Impact's Severity and Duration**

*   **Severity:** The impact would be catastrophic. It would likely be a massive, devastating event with widespread consequences. The impact would likely be a direct hit, but it could also be a glancing blow, causing significant damage to infrastructure and potentially triggering a chain reaction.
*   **Duration:** The impact would likely be a long-term event, lasting for several years, potentially even longer. The impact would likely be a major event, with significant economic and societal impacts.

**Reason 2: The Impact's Impact on Economic and Social Factors**

*   **Economic Impact:**
    *   **Damage to Infrastructure:** The impact would likely cause widespread damage to infrastructure, including roads, bridges, power grids, communication networks, and transportation systems. This would lead to significant economic disruption and loss of productivity.
    *   **Supply Chain Disruptions:** The impact could disrupt supply chains, leading to shortages of essential goods and services.
    *   **Job Losses:** The impact could lead to widespread job losses in various sectors, including manufacturing, transportation, and agriculture.
    *   **Increased Costs:** The impact would likely increase the cost of goods and services, making them more expensive for consumers.
    *   **Reduced Economic Growth:** The impact could slow down economic growth, as businesses would be unable to invest in new projects or adapt to changing market conditions.
*   **Social Impact:**
    *   **Disruption of Social Services:** The impact could disrupt social services, such as healthcare, education, and emergency services.
    *   **Increased Inequality:** The impact could exacerbate existing inequalities, as the cost of repairing and rebuilding infrastructure and social services will likely be higher.
    *   **Social Unrest:** The impact could lead to social unrest and protests, as people may feel that the government is not taking adequate measures to address the problem.
    *   **Increased Crime:** The impact could increase crime rates, as people may be more likely to engage in criminal activity.

**Reason 3: The Impact on Interest Rates**

*   **Impact on Interest Rates:** The impact on interest rates would be a significant and potentially disruptive factor. It would likely lead to a decline in interest rates, as businesses and consumers would be less willing to borrow money.
*   **Impact on Interest Rates in Other Sectors:** The impact on interest rates would also affect other sectors, such as real estate, finance, and insurance.

**In Summary:**

The asteroid impact would have a profound and multifaceted impact on interest rates. It would likely cause significant economic disruption, social unrest, and increased risk of financial instability. The impact on interest rates would be a major factor in determining the overall economic and financial health of the world. [end of text]


