### Reasoning Process

To determine the impact on interest rates in a scenario where an asteroid is confirmed to destroy all life on Earth in exactly 10 years, we must analyze how financial markets, central banks, and human behavior function under conditions of absolute certainty regarding the end of the future.

**1. The Nature of Interest Rates**
Interest rates are fundamentally the "price of time." They represent the compensation lenders require for deferring consumption and the risk premium for the possibility that the borrower will not repay.
*   **Real Interest Rate:** Determined by the trade-off between current consumption and future consumption.
*   **Nominal Interest Rate:** Real rate + Expected Inflation.
*   **Risk Premium:** Compensation for default risk.

**2. The Collapse of the Time Horizon**
In a normal economy, interest rates reflect expectations over decades or centuries. If life ends in 10 years, the effective time horizon for *any* economic activity collapses to zero beyond that date.
*   **Investment becomes irrational:** Why build a factory, plant a forest, or fund a 30-year bond if the entity and the planet cease to exist in 10 years? The Net Present Value (NPV) of any project extending beyond the 10-year mark becomes negative infinity (or simply zero utility).
*   **Savings become useless:** There is no future to consume savings in. The incentive to save money for retirement, education, or legacy vanishes instantly.

**3. The Behavior of Borrowers and Lenders**
*   **Lenders (Savers):** Since there is no future to enjoy the returns, the opportunity cost of lending money drops to zero. However, the *risk* of the borrower not repaying (due to societal collapse before the 10-year mark) becomes the dominant factor. But more importantly, why would anyone lend money at a positive rate if they can simply consume the principal immediately?
*   **Borrowers:** Borrowing to invest in long-term assets is pointless. Borrowing to consume *now* becomes the only rational economic activity.

**4. The Role of Central Banks and Monetary Policy**
Central banks (like the Federal Reserve) set rates to manage inflation and employment.
*   **Inflation:** With the end of the world approaching, the supply of goods might remain stable while demand for *immediate* consumption skyrockets (the "eat, drink, and be merry" effect). This could cause hyperinflation for immediate goods. However, for assets with long-term value (real estate, stocks), demand would crash to zero.
*   **Policy Response:** A central bank cannot stimulate an economy that has no future. Raising rates to fight inflation would be futile if the currency itself is about to become worthless due to the extinction event. Lowering rates to stimulate investment is equally futile because there is no future return on investment.

**5. The "Zero Bound" and Negative Rates**
In a standard recession, rates hit the "zero lower bound." In this scenario, the logic flips.
*   If you hold cash, it retains nominal value until the end, but loses all utility after.
*   If you lend money, you get your principal back (hopefully) plus interest, but you cannot spend that interest after the asteroid hits.
*   Therefore, the market would likely demand **negative interest rates** on long-term instruments. Lenders would be willing to *pay* borrowers to take their money, simply to offload the liability of holding an asset that will soon be worthless, or to facilitate immediate consumption.
*   However, in the very short term (the first few months), panic might cause a liquidity freeze where no one lends at all, effectively making rates undefined or infinite for safe assets, while rates for immediate consumption loans might spike due to desperate demand.

**6. The Distinction Between Short-Term and Long-Term Rates**
*   **Short-term (0–1 year):** Rates might remain positive or even spike initially due to panic and a scramble for liquidity to buy immediate goods.
*   **Long-term (5–10 years):** These rates would collapse. No one would buy a 10-year bond because the issuer (the government or a corporation) will not exist to pay it back. The yield curve would invert violently, with long-term rates dropping to deeply negative territory (or the market for them would simply cease to exist).

**7. The Ultimate Conclusion: The End of the Financial System**
Interest rates are a mechanism to allocate resources across time. If time effectively ends, the mechanism breaks. The concept of an "interest rate" becomes meaningless because the fundamental premise of the economy (inter-temporal exchange) is destroyed.

### Conclusions

If an asteroid were detected that would certainly destroy life on Earth in 10 years, the interest rate environment would undergo a catastrophic and rapid transformation, leading to the following conclusions:

1.  **Collapse of Long-Term Rates:** The market for long-term bonds (10-year, 30-year) would vanish. Yields would theoretically plunge to **deeply negative levels** (lenders paying borrowers to take money) or simply cease to exist, as the risk of total default becomes 100% and the utility of future repayment is zero.
2.  **Short-Term Volatility and Potential Spikes:** In the immediate aftermath of the announcement, short-term rates might **spike** due to panic, a rush to liquidate assets, and a scramble for immediate consumption goods (inflationary pressure). However, this would be short-lived.
3.  **Breakdown of the Yield Curve:** The traditional yield curve would invert completely and then disintegrate. The distinction between short-term and long-term rates would blur as the entire economic horizon compresses to the present moment.
4.  **Central Bank Irrelevance:** Central banks would lose all ability to influence the economy through interest rate policy. Monetary policy tools are designed to manage a future that no longer exists.
5.  **Shift to Barter and Immediate Consumption:** As the financial system collapses, the economy would likely shift away from interest-bearing instruments entirely. Society would move toward **immediate consumption** and potentially a barter system for essential goods, rendering the concept of "interest rates" obsolete within a very short timeframe.

**Final Verdict:** Interest rates would not just fall; the **financial mechanism of interest rates would cease to function**. The market would effectively price the future at zero, causing long-term rates to collapse into non-existence or extreme negativity, while the economy pivots entirely to the present moment. [end of text]


