### Reasoning Process

To determine the impact on interest rates in a scenario where an asteroid is confirmed to destroy all life on Earth in exactly 10 years, we must analyze the fundamental economic drivers of interest rates: **time preference**, **inflation expectations**, **risk premiums**, and **the utility of capital**.

1.  **The Collapse of Time Preference and Future Utility**:
    Interest rates are essentially the price of money over time. They reflect the trade-off between consuming today versus saving for tomorrow. In a standard economy, people save because they expect to consume in the future. If the future is guaranteed to end in 10 years with total extinction, the utility of saving for any period beyond that horizon drops to zero.
    *   **Short-term (0–10 years)**: Individuals and corporations would likely shift to extreme "present bias." The incentive to save vanishes because there is no "after" to enjoy the returns. This would lead to a massive surge in current consumption and a collapse in savings.
    *   **Long-term (10+ years)**: The concept of a 10-year bond or a 30-year mortgage becomes nonsensical. No rational actor would lend money for a term that extends beyond the extinction event, as the principal and interest would never be repaid.

2.  **The Breakdown of the Banking and Lending System**:
    Banks operate on fractional reserve banking, relying on the stability of deposits and the ability to lend for the long term.
    *   **Deposit Runs**: As soon as the news is confirmed, a global bank run would occur. Everyone would want to withdraw their money to spend it immediately. Banks would be unable to meet these demands, leading to a total collapse of the fractional reserve system.
    *   **Lending Freeze**: Banks would stop lending entirely. Why lend money if the borrower will be dead in 10 years and the collateral (houses, factories, land) will be worthless? The demand for loans would plummet to near zero for any term longer than a few months.

3.  **Inflation and Currency Devaluation**:
    With a massive shift toward immediate consumption and a halt in production (as no one invests in long-term infrastructure), the supply of goods would shrink while the demand for immediate goods spikes.
    *   This would trigger hyperinflation. As the currency loses value rapidly, nominal interest rates (the stated rate) might initially spike as lenders demand a premium to hold a depreciating asset.
    *   However, because the *real* value of money is collapsing and the time horizon is finite, the mechanism of interest rates as a tool for capital allocation breaks down.

4.  **The Distinction Between Nominal and Real Rates**:
    *   **Nominal Rates**: In the immediate aftermath, central banks might try to raise rates to curb hyperinflation, or rates might spike due to a liquidity crisis. However, as the 10-year deadline approaches, the concept of a "rate" becomes irrelevant.
    *   **Real Rates**: The real interest rate (nominal rate minus inflation) would likely become deeply negative. Since the future is worthless, the "cost" of borrowing money to consume today is effectively zero or negative (you are paying with a currency that will be worthless in a decade).

5.  **The Terminal Phase (Approaching Year 10)**:
    As the 10-year mark approaches, the economy would likely transition from a monetary economy to a barter economy or a "feast or famine" survival mode.
    *   Financial markets would cease to function.
    *   Interest rates would become undefined. You cannot have an interest rate on a loan if the currency has no value and the lender/borrower relationship has no future.
    *   If any lending occurred, it would be for immediate survival goods (food, water, fuel) with repayment expected in kind, not currency, and the "rate" would be determined by immediate scarcity, not time value.

### Conclusions

In a scenario where an asteroid is confirmed to destroy all life on Earth in 10 years, the behavior of interest rates would follow a trajectory of **initial volatility followed by total irrelevance**:

1.  **Immediate Collapse of Long-Term Rates**: Interest rates for any term approaching or exceeding 10 years would effectively become **undefined or infinite**. No one would lend money for a 10-year term because the principal cannot be repaid. The yield curve would flatten and then invert completely, with long-term bonds becoming worthless.
2.  **Short-Term Rate Volatility**: In the first few years, short-term interest rates would likely **spike dramatically** due to a liquidity crisis, hyperinflation, and a panic-driven demand for cash to spend immediately. Lenders would demand exorbitant premiums to part with money that is losing value.
3.  **Systemic Failure**: The traditional mechanism of interest rates would cease to function. As savings evaporate and lending stops, the financial system would collapse. Central banks would lose the ability to influence rates because the transmission mechanism (banks lending to consumers/businesses) would be broken.
4.  **Final Outcome**: As the 10-year deadline nears, **interest rates would cease to exist**. The economy would shift to a non-monetary survival state where the concept of "interest" (return on capital over time) is meaningless because there is no future time in which to realize that return.

**Summary**: Interest rates would initially skyrocket due to panic and inflation, but the concept would quickly become obsolete as the time value of money collapses to zero, rendering the financial system non-functional well before the impact. [end of text]


