First, the user has given a riddle about World of Warcraft Classic. The question is: why are most warlocks seen with voidwalkers even though the succubus is usually the better choice for leveling and questing? The hint is that it's because of a skill of the succubus that makes them more common than perceived.

I need to think about this. In WoW Classic, warlocks have different demon pets: Imp, Voidwalker, Succubus, and Felhunter. For leveling and questing, the Succubus is often considered better because it has higher damage output with abilities like Seduction (a crowd control) and Lash of Pain. But the riddle says most warlocks are seen with voidwalkers. Why?

The hint points to a skill of the succubus that makes them more common than perceived. What skill could that be? Succubus has Seduction, which is a charm effect, but that might not directly relate to why voidwalkers are more common. Perhaps it's about the Succubus being less noticeable or something.

Wait, the hint says "makes them more common than perceived." That might mean that Succubuses are actually more common than people think, but warlocks are often seen with voidwalkers. So, there's a discrepancy.

I recall that in WoW Classic, the Succubus has a skill called "Seduction" which is a channeled spell that charms a humanoid enemy. But that doesn't explain why voidwalkers are more common.

Perhaps it's about the Succubus being female and voidwalkers being male? No, that doesn't seem relevant.

Another thought: In WoW Classic, warlocks can summon different demons based on their level. Voidwalker is available earlier and is often used as a tank due to its high health and defensive abilities like Torment and Sacrifice. Succubus is more for damage.

But why would most warlocks be seen with voidwalkers if succubus is better for leveling? Maybe because voidwalkers are more durable for solo play, but the hint says succubus is better for leveling and questing.

Let's read the hint again: "it's because a skill of succubus that makes them more common than perceived." This might mean that Succubuses have a skill that causes them to be less visible or something, so people don't notice them as much, making voidwalkers seem more common.

What skill does the Succubus have that could make it less noticeable? Succubus has "Lesser Invisibility" as a passive ability? No, in WoW Classic, Succubus doesn't have invisibility. Imp has Firebolt, Voidwalker has Torment, Succubus has Lash of Pain and Seduction.

Perhaps it's about the Succubus's Seduction making the target charmed, so when a warlock is questing with a Succubus, the charmed mob might not be aggressive, making the warlock seem like they're alone or with something else? But that doesn't explain why voidwalkers are more common.

I think I need to consider the context. The riddle says "most warlocks seen with voidwalkers" – this might be in terms of player perception or in-game sightings. Perhaps because Succubus uses Seduction, which charms enemies, so when a warlock is fighting with a Succubus, the charmed enemy might not attack, making it look like the warlock is handling things alone, and thus people don't notice the Succubus as much. Whereas with a Voidwalker, it's a tank that draws aggro, so it's more visible.

But the hint says "makes them more common than perceived" – meaning Succubuses are actually common, but not perceived as such because of this skill.

Yes, that could be it. Seduction charms enemies, so in crowded areas or when questing, the Succubus might be charming mobs, making them non-hostile, so the warlock appears to be soloing or with a less noticeable pet. Voidwalkers, on the other hand, are always in the thick of battle, drawing attention.

So, Succubuses are more common than people think because their Seduction skill makes them less conspicuous in combat.

Now, for the story part: I need to tell a short story (<200 words) about a Gnome Warlock questing with his Succubus pet in Stranglethorn Vale. Then, after the story, give the answer concisely.

The story should be engaging and fit the theme. Stranglethorn Vale is a jungle area in WoW with many quests and mobs.

Let me outline the story:

- Introduce a Gnome Warlock named something like Fizzlewick or similar.

- He's in Stranglethorn Vale, questing.

- He has his Succubus pet, maybe named something seductive like Lilith.

- Describe a scenario where they're fighting mobs, and the Succubus uses Seduction to charm enemies, making the fight easier and less noticeable.

- End with a reflection or something that ties to the riddle.

Keep it under 200 words.

Now, for the answer: concisely state why most warlocks are seen with voidwalkers even though succubus is better for leveling.

Based on my reasoning: Because the Succubus's Seduction skill charms enemies, making the warlock and pet less noticeable in combat, so people perceive voidwalkers as more common when in fact Succubuses are frequently used but inconspicuous.

But the riddle says "most warlocks seen with voidwalkers" – so in terms of visibility, voidwalkers are seen more often.

Yes.

Now, write the story first.

Story:

In the humid jungles of Stranglethorn Vale, Gnome Warlock Fizzlewick trudged through the thick foliage, his Succubus, Lilith, gliding silently beside him. They were on a quest to collect Panther Hearts, and nearby, a fierce Stranglethorn Tiger prowled. Fizzlewick nodded, and Lilith waved her hand, casting Seduction. The tiger's eyes glazed over, and it stood docile, allowing Fizzlewick to land a killing blow with his Shadow Bolt without resistance. As they moved on, another mob approached, and again, Lilith charmed it. To any onlooker, Fizzlewick seemed to solo the area with ease, his pet barely noticed. Little did they know, Lilith's enchanting skill made their progress swift and stealthy, a perfect duo for the dangerous vale.

Word count: about 100 words. Good.

Now, the answer: The Succubus's Seduction skill charms humanoid enemies, making the warlock and pet less conspicuous in combat, so voidwalkers, which are more visibly aggressive, are often perceived as the common choice despite Succubuses being effective for leveling.

But the hint says "makes them more common than perceived" – so Succubuses are more common than people think because of this skill.

Yes.

So, answer concisely: Because the Succubus's Seduction skill makes it and its warlock less noticeable in combat, leading to the perception that voidwalkers are more common when Succubuses are actually frequently used.

I think that's it.
</think>
In the muggy depths of Stranglethorn Vale, Gnome Warlock Fizzlewick crept behind a giant fern, his Succubus, Lilith, wafting ahead like a wisp. A panther lunged from the bushes, but Lilith’s fingers traced a hypnotic arc—Seduction! The beast froze, eyes dreamy, as Fizzlewick’s Shadow Bolt struck true. They cleared three more mobs this way, Lilith charming each into submission. To passing adventurers, Fizzlewick appeared to solo the vale, his pet a mere afterthought. Unseen was the seamless dance of charm and bolt, a silent partnership that made leveling deceptively easy.

**Answer:** The Succubus’s Seduction skill charms humanoid enemies, making the warlock and pet inconspicuous in combat, so voidwalkers—which visibly tank and draw aggro—are more commonly perceived despite Succubuses being effective for leveling. [end of text]


