The user is asking a riddle about World of Warcraft Classic. The question is: "Why are most warlocks seen with voidwalkers even though the succubus is usually the better choice for leveling and questing?"

The hint says: "it's because a skill of succubus that makes them more common than perceived."

Wait, that hint seems contradictory or confusing. If succubi are more common than perceived, but the question asks why voidwalkers are seen more often... Let me think.

Actually, I think I need to parse this carefully. The riddle states that voidwalkers are seen more often, but succubus is better for leveling/questing. The hint says it's because of a skill of the succubus that makes them "more common than perceived."

Hmm. Maybe the hint is worded oddly, or maybe I'm misunderstanding. Let me think about Warlock pets in Classic WoW:

1. Imp - ranged caster, fire damage, Blood Pact buff
2. Voidwalker - tank, high health, Torment (taunt), Sacrifice (shield)
3. Succubus - melee, high damage, Seduction (CC), Lesser Invisibility
4. Felhunter - anti-caster, Dispel, Devour Magic, Spell Lock
5. Felguard - TBC addition, not Classic vanilla

For leveling:
- Voidwalker is the tank pet. It holds aggro with Torment.
- Succubus does more damage but doesn't hold aggro well (no taunt).
- However, Succubus has Seduction (crowd control) and deals good damage.

But why would voidwalkers be more common if succubus is better? Maybe because:
- Voidwalker is easier to manage?
- Voidwalker is tankier?
- Succubus requires a quest to obtain (but so does Voidwalker in Classic, actually... wait, no, Voidwalker is from the level 10 quest, Succubus is from a later quest around level 20).

Actually, in Classic WoW, the Succubus quest requires going to Ratchet (for Horde) or somewhere in Stormwind area (for Alliance), and it's a bit of a pain. The Voidwalker is the first pet you get at level 10.

But the hint mentions "a skill of succubus that makes them more common than perceived." This suggests that Succubi are actually common, but perhaps invisible? Wait... Lesser Invisibility!

Ah! The Succubus has Lesser Invisibility. If she's stealthed/invisible, you don't see her! So while warlocks might have Succubi out often, you don't see them because they're invisible. Therefore, you mostly see Voidwalkers (who are visible).

That fits the hint: "a skill of succubus [Lesser Invisibility] that makes them more common than perceived [you don't perceive/see them because they're invisible]."

So the answer is: Because Succubi are often using Lesser Invisibility, making them invisible, so you don't see them, while Voidwalkers are always visible.

Now, the user wants:
1. A short story (<200 words) about a Gnome Warlock questing with his Succubus in Stranglethorn Vale
2. Then the answer, concisely.

Let me write the story:

Gnome Warlock, Stranglethorn Vale, Succubus pet.

Key elements:
- Gnome (probably from Gnomeregan, quirky, engineering maybe)
- Warlock (dark magic, fel energy)
- Succubus (demon, female, seductive, whip, Lesser Invisibility)
- Stranglethorn Vale (jungle, trolls, raptors, pirates, Booty Bay, Nesingwary's Expedition)

Story idea:
The gnome is trying to hunt panthers or trolls. The succubus is invisible, scouting or ambushing. Maybe a humorous take on the gnome being oblivious to the succubus's nature while she rolls her eyes at his antics.

Draft:
Fizzlespark the Gnome adjusted his spectacles, squinting at the dense Stranglethorn foliage. "Are you certain this is the spot for Jungle Stalker sinew?" he squeaked.

A sultry voice drifted from empty air beside him. "Yes, master. The panther approaches from your left."

Fizzlespark yelped as a shadowy figure materialized, cracking her whip. The Succubus, whom he'd named 'Baroness' despite her protests, made short work of the beast with her claws.

"Must you remain unseen?" Fizzlespark complained, fumbling with soul shards.

"Lesser Invisibility preserves my... aesthetic, master," she purred, fading again. "Besides, you summoned me for efficiency, not companionship."

As they trekked toward Booty Bay, Fizzlespark chattered about arcane theory while his invisible guardian sighed dramatically, unseen by passing Horde players who only spotted a lone, vulnerable gnome.

Word count check: That's about 130 words. Good.

Now the answer concisely.

Answer: Because Succubi are often using Lesser Invisibility, making them invisible to other players, so you only see the visible Voidwalkers.

Or more precisely: The Succubus's Lesser Invisibility ability keeps her hidden, so while warlocks use her frequently, other players can't see her, making Voidwalkers appear more common.

The user said "Answer concisely." So just the answer, no fluff.

Final check:
- Story < 200 words? Yes.
- Gnome Warlock? Yes.
- Succubus pet? Yes.
- Stranglethorn Vale? Yes.
- Answer correct? Yes, it's about Lesser Invisibility making them invisible to other players.

One nuance: In Classic WoW, does Lesser Invisibility make the Succubus invisible to enemy players? I believe it makes her invisible to NPCs and players alike, similar to stealth but detectable. Yes, it's a stealth-like effect. So when a Warlock is running around with a Succubus out, if she's in Lesser Invisibility, other players won't see the pet, only the Warlock. This makes it look like the Warlock has no pet out, or they might assume it's dismissed. Meanwhile, Voidwalkers are big purple blobs that are always visible.

This is a known "riddle" in the WoW community.

So the answer is solid.Fizzlespark adjusted his spectacles, squinting at the Stranglethorn foliage. "Are you certain this is the spot for Jungle Stalker sinew?"

A sultry voice drifted from empty air. "Yes, master. The panther approaches from your left."

Fizzlespark yelped as his Succubus materialized, cracking her whip. She dispatched the beast efficiently, then sighed. "Must you remain unseen?" the gnome complained.

"Lesser Invisibility preserves my aesthetic, master," she purred, fading from view. "Besides, you summoned me for efficiency, not companionship."

As they trekked toward Booty Bay, Fizzlespark chattered about fel theory while his invisible guardian rolled her eyes, unseen by passing Horde who only spotted a lone, vulnerable gnome.

**Answer:** The Succubus's *Lesser Invisibility* keeps her hidden from other players, so while warlocks use her constantly, you only see the always-visible Voidwalkers. [end of text]


