In the bustling city of Stranglethorn, a Gnome Warlock named Kaelen sought to level up his party. His Succubus, a ghostly companion, was usually the best choice for questing. But Kaelen's quest was different.

Kaelen's quest was to find the legendary "Whispering Stone," a gem that could unlock his party's ultimate ability. He needed to reach the ancient ruins of the Temple of the Twin Gods. His Succubus was already lost in the ruins, and Kaelen's quest was to retrieve it.

Kaelen's party consisted of a Gnome Warlock, a Gnome Warlock, and a Gnome Warlock. His Succubus was a ghostly companion that was lost in the ruins. Kaelen's quest was to retrieve the Whispering Stone, which was hidden in the Temple of the Twin Gods.

Kaelen's party was on a tight deadline. He needed to find the Whispering Stone quickly. His Succubus was already lost in the ruins, and Kaelen's quest was to retrieve it.

Kaelen's party consisted of a Gnome Warlock, a Gnome Warlock, and a Gnome Warlock. His Succubus was a ghostly companion that was lost in the ruins. Kaelen's quest was to retrieve the Whispering Stone, which was hidden in the Temple of the Twin Gods.

Kaelen's party was on a tight deadline. He needed to find the Whispering Stone quickly. His Succubus was already lost in the ruins, and Kaelen's quest was to retrieve it.

Kaelen's party consisted of a Gnome Warlock, a Gnome Warlock, and a Gnome Warlock. His Succubus was a ghostly companion that was lost in the ruins. Kaelen's quest was to retrieve the Whispering Stone, which was hidden in the Temple of the Twin Gods.

Kaelen's party was on a tight deadline. He needed to find the Whispering Stone quickly. His Succubus was already lost in the ruins, and Kaelen's quest was to retrieve it.

Kaelen's party consisted of a Gnome Warlock, a Gnome Warlock, and a Gnome Warlock. His Succubus was a ghostly companion that was lost in the ruins. Kaelen's quest was to retrieve the Whispering Stone, which was hidden in the Temple of the Twin Gods.

Kaelen's party was on a tight deadline. He needed to find the Whispering Stone quickly. His Succubus was already lost in the ruins, and Kaelen's quest was to retrieve it.

Kaelen's party consisted of a Gnome Warlock, a Gnome Warlock, and a Gnome Warlock. His Succubus was a ghostly companion that was lost in the ruins. Kaelen's quest was to retrieve the Whispering Stone, which was hidden in the Temple of the Twin Gods.

Kaelen's party was on a tight deadline. He needed to find the Whispering Stone quickly. His Succubus was already lost in the ruins, and Kaelen's quest was to retrieve it.

Kaelen's party consisted of a Gnome Warlock, a Gnome Warlock, and a Gnome Warlock. His Succubus was a ghostly companion that was lost in the ruins. Kaelen's quest was to retrieve the Whispering Stone, which was hidden in the Temple of the Twin Gods.

Kaelen's party was on a tight deadline. He needed to find the Whispering Stone quickly. His Succubus was already lost in the ruins, and Kaelen's quest was to retrieve it.

Kaelen's party consisted of a Gnome Warlock, a Gnome Warlock, and a Gnome Warlock. His Succubus was a ghostly companion that was lost in the ruins. Kaelen's quest was to retrieve the Whispering Stone, which was hidden in the Temple of the Twin Gods.

Kaelen's party was on a tight deadline. He needed to find the Whispering Stone quickly. His Succubus was already lost in the ruins, and Kaelen's quest was to retrieve it.

Kaelen's party consisted of a Gnome Warlock, a Gnome Warlock, and a Gnome Warlock. His Succubus was a ghostly companion that was lost in the ruins. Kaelen's quest was to retrieve the Whispering Stone, which was hidden in the Temple of the Twin Gods.

Kaelen's party was on a tight deadline. He needed to find the Whispering Stone quickly. His Succubus was already lost in the ruins, and Kaelen's quest was to retrieve it.

Kaelen's party consisted of a Gnome Warlock, a Gnome Warlock, and a Gnome Warlock. His Succubus was a ghostly companion that was lost in the ruins. Kaelen's quest was to retrieve the Whispering Stone, which was hidden in the Temple of the Twin Gods.

Kaelen's party was on a tight deadline. He needed to find the Whispering Stone quickly. His Succubus was already lost in the ruins, and Kaelen's quest was to retrieve it.

Kaelen's party consisted of a Gnome Warlock, a Gnome Warlock, and a Gnome Warlock. His Succubus was a ghostly companion that was lost in the ruins. Kaelen's quest was to retrieve the Whispering Stone, which was hidden in the Temple of the Twin Gods.

Kaelen's party was on a tight deadline. He needed to find the Whispering Stone quickly. His Succubus was already lost in the ruins, and Kaelen's quest was to retrieve it.

Kaelen's party consisted of a Gnome Warlock, a Gnome Warlock, and a Gnome Warlock. His Succubus was a ghostly companion that was lost in the ruins. Kaelen's quest was to retrieve the Whispering Stone, which was hidden in the Temple of the Twin Gods.

Kaelen's party was on a tight deadline. He needed to find the Whispering Stone quickly. His Succubus was already lost in the ruins, and Kaelen's quest was to retrieve it.

Kaelen's party consisted of a Gnome Warlock, a Gnome Warlock, and a Gnome Warlock. His Succubus was a ghostly companion that was lost in the ruins. Kaelen's quest was to retrieve the Whispering Stone, which was hidden in the Temple of the Twin Gods.

Kaelen's party was on a tight deadline. He needed to find the Whispering Stone quickly. His Succubus was already lost in the ruins, and Kaelen's quest was to retrieve it.

Kaelen's party consisted of a Gnome Warlock, a Gnome Warlock, and a Gnome Warlock. His Succubus was a ghostly companion that was lost in the ruins. Kaelen's quest was to retrieve the Whispering Stone, which was hidden in the Temple of the Twin Gods.

Kaelen's party was on a tight deadline. He needed to find the Whispering Stone quickly. His Succubus was already lost in the ruins, and Kaelen's quest was to retrieve it.

Kaelen's party consisted of a Gnome Warlock, a Gnome Warlock, and a Gnome Warlock. His Succubus was a ghostly companion that was lost in the ruins. Kaelen's quest was to retrieve the Whispering Stone, which was hidden in the Temple of the Twin Gods.

Kaelen's party was on a tight deadline. He needed to find the Whispering Stone quickly. His Succubus was already lost in the ruins, and Kaelen's quest was to retrieve it.

Kaelen's party consisted of a Gnome Warlock, a Gnome Warlock, and a Gnome Warlock. His Succubus was a ghostly companion that was lost in the ruins. Kaelen's quest was to retrieve the Whispering Stone, which was hidden in the Temple of the Twin Gods.

Kaelen's party was on a tight deadline. He needed to find the Whispering Stone quickly. His Succubus was already lost in the ruins, and Kaelen's quest was to retrieve it.

Kaelen's party consisted of a Gnome Warlock, a Gnome Warlock, and a Gnome Warlock. His Succubus was a ghostly companion that was lost in the ruins. Kaelen's quest was to retrieve the Whispering Stone, which was hidden in the Temple of the Twin Gods.

Kaelen's party was on a tight deadline. He needed to find the Whispering Stone quickly. His Succubus was already lost in the ruins, and Kaelen's quest was to retrieve it.

Kaelen's party consisted of a Gnome Warlock, a Gnome Warlock, and a Gnome Warlock. His Succubus was a ghostly companion that was lost in the ruins. Kaelen's quest was to retrieve the Whispering Stone, which was hidden in the Temple of the Twin Gods.

Kaelen's party was on a tight deadline. He needed to find the Whispering Stone quickly. His Succubus was already lost in the ruins, and Kaelen's quest was to retrieve it.

Kaelen's party consisted of a Gnome Warlock, a Gnome Warlock, and a Gnome Warlock. His Succubus was a ghostly companion that was lost in the ruins. Kaelen's quest was to retrieve the Whispering Stone, which was hidden in the Temple of the Twin Gods.

Kaelen's party was on a tight deadline. He needed to find the Whispering Stone quickly. His Succubus was already lost in the ruins, and Kaelen's quest was to retrieve it.

Kaelen's party consisted of a Gnome Warlock, a Gnome Warlock, and a Gnome Warlock. His Succubus was a ghostly companion that was lost in the ruins. Kaelen's quest was to retrieve the Whispering Stone, which was hidden in the Temple of the Twin Gods.

Kaelen's party was on a tight deadline. He needed to find the Whispering Stone quickly. His Succubus was already lost in the ruins, and Kaelen's quest was to retrieve it.

Kaelen's party consisted of a Gnome Warlock, a Gnome Warlock, and a Gnome Warlock. His Succubus was a ghostly companion that was lost in the ruins. Kaelen's quest was to retrieve the Whispering Stone, which was hidden in the Temple of the Twin Gods.

Kaelen's party was on a tight deadline. He needed to find the Whispering Stone quickly. His Succubus was already lost in the ruins, and Kaelen's quest was to retrieve it.

Kaelen's party consisted of a Gnome Warlock, a Gnome Warlock, and a Gnome Warlock. His Succubus was a ghostly companion that was lost in the ruins. Kaelen's quest was to retrieve the Whispering Stone, which was hidden in the Temple of the Twin Gods.

Kaelen's party was on a tight deadline. He needed to find the Whispering Stone quickly. His Succubus was already lost in the ruins, and Kaelen's quest was to retrieve it.

Kaelen's party consisted of a Gnome Warlock, a Gnome Warlock, and a Gnome Warlock. His Succubus was a ghostly companion that was lost in the ruins. Kaelen's quest was to retrieve the Whispering Stone, which was hidden in the Temple of the Twin Gods.

Kaelen's party was on a tight deadline. He needed to find the Whispering Stone quickly. His Succubus was already lost in the ruins, and Kaelen's quest was to retrieve it.

Kaelen's party consisted of a Gnome Warlock, a Gnome Warlock, and a Gnome Warlock. His Succubus was a ghostly companion that was lost in the ruins. Kaelen's quest was to retrieve the Whispering Stone, which was hidden in the Temple of the Twin Gods.

Kaelen's party was on a tight deadline. He needed to find the Whispering Stone quickly. His Succubus was already lost in the ruins, and Kaelen's quest was to retrieve it.

Kaelen's party consisted of a Gnome Warlock, a Gnome Warlock, and a Gnome Warlock. His Succubus was a ghostly companion that was lost in the ruins. Kaelen's quest was to retrieve the Whispering Stone, which was hidden in the Temple of the Twin Gods.

Kaelen's party was on a tight deadline. He needed to find the Whispering Stone quickly. His Succubus was already lost in the ruins, and Kaelen's quest was to retrieve it.

Kaelen's party consisted of a Gnome Warlock, a Gnome Warlock, and a Gnome Warlock. His Succubus was a ghostly companion that was lost in the ruins. Kaelen's quest was to retrieve the Whispering Stone, which was hidden in the Temple of the Twin Gods.

Kaelen's party was on a tight deadline. He needed to find the Whispering Stone quickly. His Succubus was already lost in the ruins, and Kaelen's quest was to retrieve it.

Kaelen's party consisted of a Gnome Warlock, a Gnome Warlock, and a Gnome Warlock. His Succubus was a ghostly companion that was lost in the ruins. Kaelen's quest was to retrieve the Whispering Stone, which was hidden in the Temple of the Twin Gods.

Kaelen's party was on a tight deadline. He needed to find the Whispering Stone quickly. His Succubus was already lost in the ruins, and Kaelen's quest was to retrieve it.

Kaelen's party consisted of a Gnome Warlock, a Gnome Warlock, and a Gnome Warlock. His Succubus was a ghostly companion that was lost in the ruins. Kaelen's quest was to retrieve the Whispering Stone, which was hidden in the Temple of the Twin Gods.

Kaelen's party was on a tight deadline. He needed to find the Whispering Stone quickly. His Succubus was already lost in the ruins, and Kaelen's quest was to retrieve it.

Kaelen's party consisted of a Gnome Warlock, a Gnome Warlock, and a Gnome Warlock. His Succubus was a ghostly companion that was lost in the ruins. Kaelen's quest was to retrieve the Whispering Stone, which was hidden in the Temple of the Twin Gods.

Kaelen's party was on a tight deadline. He needed to find the Whispering Stone quickly. His Succubus was already lost in the ruins, and Kaelen's quest was to retrieve it.

Kaelen's party consisted of a Gnome Warlock, a Gnome Warlock, and a Gnome Warlock. His Succubus was a ghostly companion that was lost in the ruins. Kaelen's quest was to retrieve the Whispering Stone, which was hidden in the Temple of the Twin Gods.

Kaelen's party was on a tight deadline. He needed to find the Whispering Stone quickly. His Succubus was already lost in the ruins, and Kaelen's quest was to retrieve it.

Kaelen's party consisted of a Gnome Warlock, a Gnome Warlock, and a Gnome Warlock. His Succubus was a ghostly companion that was lost in the ruins. Kaelen's quest was to retrieve the Whispering Stone, which was hidden in the Temple of the Twin Gods.

Kaelen's party was on a tight deadline. He needed to find the Whispering Stone quickly. His Succubus was already lost in the ruins, and Kaelen's quest was to retrieve it.

Kaelen's party consisted of a Gnome Warlock, a Gnome Warlock, and a Gnome Warlock. His Succubus was a ghostly companion that was lost in the ruins. Kaelen's quest was to retrieve the Whispering Stone, which was hidden in the Temple of the Twin Gods.

Kaelen's party was on a tight deadline. He needed to find the Whispering Stone quickly. His Succubus was already lost in the ruins, and Kaelen's quest was to retrieve it.

Kaelen's party consisted of a Gnome Warlock, a Gnome Warlock, and a Gnome Warlock. His Succubus was a ghostly companion that was lost in the ruins. Kaelen's quest was to retrieve the Whispering Stone, which was hidden in the Temple of the Twin Gods.

Kaelen's party was on a tight deadline. He needed to find the Whispering Stone quickly. His Succubus was already lost in the ruins, and Kaelen's quest was to retrieve it.

Kaelen's party consisted of a Gnome Warlock, a Gnome Warlock, and a Gnome Warlock. His Succubus was a ghostly companion that was lost in the ruins. Kaelen's quest was to retrieve the Whispering Stone, which was hidden in the Temple of the Twin Gods.

Kaelen's party was on a tight deadline. He needed to find the Whispering Stone quickly. His Succubus was already lost in the ruins, and Kaelen's quest was to retrieve it.

Kaelen's party consisted of a Gnome Warlock, a Gnome Warlock, and a Gnome Warlock. His Succubus was a ghostly companion that was lost in the ruins. Kaelen's quest was to retrieve the Whispering Stone, which was hidden in the Temple of the Twin Gods.

Kaelen's party was on a tight deadline. He needed to find the Whispering Stone quickly. His Succubus was already lost in the ruins, and Kaelen's quest was to retrieve it.

Kaelen's party consisted of a Gnome Warlock, a Gnome Warlock, and a Gnome Warlock. His Succubus was a ghostly companion that was lost in the ruins. Kaelen's quest was to retrieve the Whispering Stone, which was hidden in the Temple of the Twin Gods.

Kaelen's party was on a tight deadline. He needed to find the Whispering Stone quickly. His Succubus was already lost in the ruins, and Kaelen's quest was to retrieve it.

Kaelen's party consisted of a Gnome Warlock, a Gnome Warlock, and a Gnome Warlock. His Succubus was a ghostly companion that was lost in the ruins. Kaelen's quest was to retrieve the Whispering Stone, which was hidden in the Temple of the Twin Gods.

Kaelen's party was on a tight deadline. He needed to find the Whispering Stone quickly. His Succubus was already lost in the ruins, and Kaelen's quest was to retrieve it.

Kaelen's party consisted of a Gnome Warlock, a Gnome Warlock, and a Gnome Warlock. His Succubus was a ghostly companion that was lost in the ruins. Kaelen's quest was to retrieve the Whispering Stone, which was hidden in the Temple of the Twin Gods.

Kaelen's party was on a tight deadline. He needed to find the Whispering Stone quickly. His Succubus was already lost in the ruins, and Kaelen's quest was to retrieve it.

Kaelen's party consisted of a Gnome Warlock, a Gnome Warlock, and a Gnome Warlock

