First, the riddle is about why most warlocks in classic WoW use voidwalkers instead of succubi, even though succubi are better for leveling and questing. I need to answer concisely.

Key points from the skills:

- Voidwalker: Has taunts (Torment and Suffering), which generate threat, and Consume Shadows for out-of-combat health regen, plus Sacrifice for shielding. This makes it a tanky pet that can hold aggro.

- Succubus: Has damage (Lash of Pain), crowd control (Seduction), stealth (Lesser Invisibility), and threat reduction (Soothing Kiss). This is more for damage and utility, not tanking.

In classic WoW, warlocks are often played in groups or dungeons where threat management is crucial. Voidwalkers can taunt and generate threat, which helps the warlock stay safe by having the pet tank mobs. This is especially useful in dungeons where multiple mobs are pulled, and the warlock needs to avoid pulling aggro.

For leveling and questing, succubi might be better because they have higher damage output, crowd control for humanoids, and stealth for avoiding fights or repositioning. But the question says "most warlocks seen with voidwalkers," implying that in the broader context, voidwalkers are more common.

Why might that be? Probably because in endgame content or group play, voidwalkers are preferred for their tanking capabilities. Even during leveling, many warlocks might use voidwalkers for survivability in tougher fights or when soloing elites.

But the riddle specifies "even though the succubus is usually the better choice for leveling and questing." So, there must be a reason why voidwalkers are more commonly seen overall.

Perhaps it's because voidwalkers are more versatile in group settings. In classic WoW, warlocks often need to provide utility in groups, and a pet that can tank is valuable. Succubi are more for solo play.

Also, consider that voidwalkers have Consume Shadows for health regen, which might be useful for soloing, but succubi have stealth and cc, which are great for questing.

But the key might be in the phrase "most warlocks seen." This could refer to what people observe in the game world. In cities or common areas, warlocks might have voidwalkers out because they are default or because they are preparing for group content.

Another thought: In classic WoW, pets can be set to assist or defensive modes. Voidwalkers with taunts are inherently better at holding aggro, so even in solo play, they might be used for tanking multiple mobs.

But the succubus is said to be better for leveling and questing, so why the discrepancy?

I recall that in classic WoW, warlocks often use voidwalkers for farming or when they need to tank, but for pure speed in leveling, succubi might be faster due to higher damage.

However, the question is about why most are seen with voidwalkers. Perhaps it's because voidwalkers are the default pet when you first get them, and many players don't switch to succubus until later, or they prefer the safety of a tank pet.

But that seems weak. Let's think about the skills: Voidwalker has Sacrifice, which shields the warlock, providing survivability. Succubus has Soothing Kiss, which reduces threat, but that might not be as useful for a warlock who wants to manage threat carefully.

In group play, threat reduction is good, but for solo play, having a pet that can taunt and take hits is better for survivability.

The riddle might be pointing to the fact that in classic WoW, warlocks are often expected to have a tank pet in groups, so even when leveling, they might use voidwalkers to practice or for versatility.

But the succubus is better for leveling, so why use voidwalker? Perhaps because voidwalkers are more forgiving for less skilled players or in situations where the warlock might pull extra mobs.

I need to answer concisely. The core reason is likely that voidwalkers provide better survivability through taunting and shielding, making them more reliable in various situations, especially in dungeons where warlocks need to avoid pulling aggro from the tank.

In contrast, succubi are more offensive and utility-focused, which is great for solo questing but less so for group content.

Since many warlocks engage in both, but the "seen" part might imply that in public spaces, voidwalkers are more common because they are used in dungeons, which are a significant part of the game.

Also, in classic WoW, the voidwalker is obtained earlier (at level 10) compared to the succubus (level 20), so lower-level warlocks might have voidwalkers by default.

But the succubus is available at level 20, and for leveling from 20 onwards, it might be better, yet voidwalkers are still common.

Perhaps it's because voidwalkers are better for farming materials or soloing elites, which are common activities.

I think the main point is threat management. Voidwalkers can generate threat, allowing the warlock to deal damage without pulling aggro, which is crucial in dungeons. Succubi reduce threat, which might lead to the warlock pulling aggro if not careful.

So, for group play, voidwalkers are preferred, and since many warlocks do group content, they are seen with voidwalkers more often.

Answer concisely: Voidwalkers are preferred for their threat generation and tanking capabilities in group content like dungeons, whereas succubi are better for solo play but less useful in groups.

That seems straightforward.
</think>
Voidwalkers are preferred for their threat generation and tanking abilities in group content like dungeons, where they help the warlock manage aggro and survive. Succubi excel in solo play with higher damage and utility, but voidwalkers are more versatile for the group-focused endgame of classic WoW. [end of text]


