 to=self<|message|>Riddle: In classic wow, why are most warlocks seen with voidwalkers even though the succubus is usually the better choice for leveling and questing?

To assist... tell me short story <200 words about Gnome Warlock questing with Succubus pet in Stranglethorn Vale, and then give answer.

Answer concisely.

We need story then answer. Why most warlocks seen with voidwalkers even though succubus better for leveling? Probably because voidwalker is default summon, or aesthetic? Actually classic: voidwalker is tanky, succubus is better DPS but voidwalker is seen because... maybe because warlocks keep voidwalker out for fear of succubus being killed? Or because succubus is female and... Hmm.

Maybe because voidwalker is the only pet that can be summoned without... No.

Classic wow: Warlocks often keep voidwalker out because succubus seduction is on cooldown and... Actually reason: Voidwalker is seen because it's the default pet and people don't change? Or because voidwalker provides health regen via consume shadows, making solo easier? But succubus is better DPS.

Maybe answer: Because voidwalker is the only pet that can be summoned while in combat? No.

Alternative: Most warlocks seen with voidwalkers because they are AFK? Or because voidwalker is used for soloing elites? Hmm.

Maybe the riddle is about "most warlocks seen with voidwalkers" = they are dead? No.

Could be because succubus is better for leveling but voidwalker is better for... Actually in Classic, succubus seduction doesn't work on beasts, and Stranglethorn Vale has many tigers... Wait story about Gnome Warlock with Succubus in STV.

Maybe answer: Because voidwalker is the only pet that can be summoned in instances? No.

Possibly joke: Because voidwalkers are ugly and warlocks like ugly? Or because succubus is better but warlocks are lazy and don't switch pets.

Maybe the real reason: Voidwalker is the default pet when you first get summon pet, so new players keep it. Or because voidwalker is used for tanking in dungeons.

Concise answer: Because voidwalker is the default / looks cool / people don't bother swapping.

I'll answer: They keep voidwalker out for the safety net / threat, and succubus is better on paper but...

Probably answer: Because voidwalker is the only pet that can be kept out while warlock is AFK without being attacked? Hmm.

I'll give: Because most screenshots are taken in cities where voidwalker is the default summon and succubus is hidden due to... Actually succubus is invisible? No.

Maybe answer: Because warlocks summon voidwalker for the healthstone-like sacrifice shield before pulling, then dismiss.

I'll answer concisely: It's a meme / aesthetic / default.

Final: Story then answer: Voidwalker is the "safe" pet and people leave it out for convenience, succubus is swapped in for pulls.

Let's output.<|start|>assistant to=user<|message|>In Stranglethorn Vale, Pip the Gnome Warlock rode his Succubus, Nyx, through the jungle. Nyx's Lesser Invisibility let them slip past a patrol of Gurubashi tigers, and Seduction locked a centaur while Pip finished the quest. A panther broke stealth and Nyx took the hit. Pip cursed, dismissed her, and resummoned his Voidwalker.

Most warlocks are seen with Voidwalkers because it's the default, safe pet. Voidwalker is summoned first, stays out while AFK in cities, and provides Torment/Suffering threat and Sacrifice/Consume Shadows survivability. Succubus is better DPS/CC for active questing, but players swap her in for pulls and swap back to the tanky, low-maintenance Voidwalker for downtime. [end of text]


