The user wants a riddle answered about why Warlocks in Classic WoW use Voidwalkers instead of Succubus for leveling, despite Succubus being theoretically better for DPS/questing. Then they want a short story (<200 words) about a Gnome Warlock with a Succubus in Stranglethorn Vale, followed by the concise answer.

Key observations:
1. The riddle implies there's a specific reason why Voidwalkers are preferred despite Succubus being "better" for leveling/questing.
2. Looking at the abilities:
   - Voidwalker: Tanky, has taunt (Torment), shield (Sacrifice), health regen (Consume Shadows)
   - Succubus: DPS, CC (Seduction), stealth, threat reduction
3. In Classic WoW, the real reason most Warlocks use Voidwalkers while leveling is... **because they don't have the Succubus yet** or **because the Voidwalker is obtained at level 10 (quest in starting area) while Succubus requires a quest chain starting at level 20 that requires traveling to Ratchet/Barrens (for Alliance) or is harder to obtain, and also requires a reagent (Soul Shard) to summon**?
   
Wait, let me think about Classic WoW mechanics more carefully.

Actually, the Succubus quest is available at level 20. The Voidwalker is available at level 10. So early leveling (10-20) you only have Imp and Voidwalker.

But the riddle says "most warlocks are seen with voidwalkers" implying even at higher levels. Why?

Possible reasons:
1. **The Succubus quest requires a trip to the Barrens/Ratchet** which is dangerous for Alliance (especially Gnome/Human) and requires traveling through high level zones or Wetlands -> Barrens.
2. **The Succubus requires a reagent to summon** (a Soul Shard), while Voidwalker requires one too... actually both require Soul Shards.
3. **Voidwalker is tankier and allows for easier soloing with less downtime** - but the riddle says Succubus is "usually the better choice for leveling and questing" so this contradicts.
4. **The Succubus quest is harder to complete** - requires going to Thousand Needles or Ashenvale depending on faction?
5. **Visual/audio annoyance** - the Succubus makes flirty comments and sounds that are annoying or embarrassing?
6. **The Succubus requires a specific item** - like a "Glowing Soul Gem" or something?

Wait, I think I got it. In Classic WoW, the Succubus quest requires you to go to **Barrens** (for Alliance) which is far away and dangerous, or for Horde it's easier. But the real answer might be simpler.

Actually, looking at the riddle structure, it's probably a joke or a play on words. "Why are most warlocks seen with voidwalkers..."

Is it because... **they are invisible?** No, that's the Succubus with Lesser Invisibility.

Is it because... **the Succubus is harder to control**? No.

Wait, I recall that in Classic WoW, the Succubus quest for Alliance requires going to **Darkshore/Ashenvale** and then **Barrens** and it's a pain. But many warlocks still do it.

Actually, the real answer might be: **Because the Succubus quest requires level 20, while the Voidwalker is available at level 10, so for the majority of the leveling journey (levels 10-20 and beyond), they have the Voidwalker first and many don't bother switching, or the Voidwalker is obtained earlier.**

But that seems too obvious.

Another angle: **Because the Succubus requires a reagent (Soul Shard) to summon, and if you run out, you can't summon her, whereas the Voidwalker...** no, both require Soul Shards.

Wait, I remember now! In Classic WoW, the Succubus quest requires you to find **"Pure Hearts"** or something? No.

Let me reconsider the "better choice" premise. Is Succubus actually better for leveling? She does more DPS but has no taunt, so the Warlock pulls aggro. The Voidwalker allows the Warlock to tank via the pet.

But the riddle states "even though the succubus is usually the better choice for leveling and questing" - so I must accept this premise as true for the riddle.

So why do they use Voidwalkers instead?

Possibility: **Because most Warlocks are played by male players who don't want to be seen with a half-naked demoness following them around due to embarrassment/sexism/social stigma?** This is a known community joke. The "Succubus vs Voidwalker" debate often included jokes about male players feeling awkward with the Succubus's sexualized appearance and voice lines.

But is that the answer the user is looking for? It's a bit meta.

Another possibility: **Because the Voidwalker is blue and matches the Warlock's aesthetic?** No.

Another: **Because the Succubus quest is bugged or was added later?** No, it was there in Classic.

Another: **Because the Succubus requires level 20 to obtain, while the Voidwalker is level 10, so statistically most Warlocks you see are between level 10-20?** No, you see 60s with Voidwalkers too.

Wait, I think the answer is related to the **Soul Shard** cost or the **difficulty of the quest**.

Actually, I recall that the Succubus quest for Alliance requires going to **Stormwind** -> **Darkshore** -> **Ashenvale** -> **Barrens** -> **Thousand Needles**? No, that's for something else.

Let me check my memory: The Succubus quest (The Binding) requires:
- For Alliance: Go to Ironforge, then to Wetlands, then to Barrens (Ratchet), then to Ashenvale... it's a trek.
- For Horde: It's in Orgrimmar/Barrens, easier.

But many Alliance warlocks skip it or delay it because it's dangerous.

However, the most likely "riddle" answer is: **Because the Succubus is invisible (Lesser Invisibility) and thus you don't see her!**

Wait, that's clever. The riddle asks "why are most warlocks seen with voidwalkers" - implying you see the Voidwalker with them. If they had a Succubus, she would be invisible (stealthed) and you wouldn't see her!

But the Succubus's Lesser Invisibility is an ability that makes *her* invisible, not the Warlock. So if a Warlock is walking around with a Succubus in stealth mode, you see the Warlock but not the pet. If they have a Voidwalker, you see both.

So the answer would be: **Because when Warlocks use the Succubus, she is invisible (using Lesser Invisibility), so you don't see her with them. You only see the Warlocks with Voidwalkers because the Voidwalker is visible.**

This fits the riddle format perfectly. It's a trick question based on the ability "Lesser Invisibility."

Let me verify: Lesser Invisibility makes the Succubus invisible until she attacks or takes damage. Warlocks often keep her in stealth to ambush or for RP reasons. So yes, if she's stealthed, you don't see her.

Therefore, the answer is: Because the Succubus is invisible (using Lesser Invisibility), so you only notice the Warlocks who have Voidwalkers out.

Now for the story:
- Gnome Warlock
- Stranglethorn Vale (STV) - jungle, trolls, pirates, high level, dangerous for Alliance
- Questing with Succubus
- Must be <200 words
- Should hint at or relate to the answer (invisibility/being unseen)

Draft:
Nixle Sparkwrench crept through Stranglethorn's humidity, his boots squelching in the mud. Beside him, nothing stirred—at least, nothing visible. "Quiet, Selara," he whispered to the air. A giggle answered, sultry and close. 

They approached the Bloodsail Buccaneers. Nixle pointed at a sleeping scout. "Seduce." The air shimmered; the scout stood, entranced, as Nixle's Shadow Bolt flew true. When the pirate's companions charged, they saw only the tiny Gnome. 

"Where's the other one?" a troll snarled. 

Nixle smiled as Lash of Pain struck from nowhere. "She's shy." 

The Voidwalker back in Ironforge could keep his health bar safe; here, among the dense foliage and wandering Horde, being unseen was survival. The Succubus's kiss—Soothing Kiss—kept her threat low, her invisibility kept her hidden, and Nixle loved that his enemies never saw the blade coming until it was buried in their backs.

Word count check: That's about 140 words. Good.

Now the concise answer:
The answer is that Succubi can use Lesser Invisibility to stealth, making them invisible to other players. Therefore, you only see Warlocks with Voidwalkers because the Succubi are hidden.

Or more concisely: Because the Succubus is invisible (using Lesser Invisibility), so you don't see her with the Warlock.

Let me make sure this is accurate to Classic WoW. Yes, Lesser Invisibility was a toggleable aura that made the Succubus invisible until she entered combat or took damage. Many Warlocks kept her stealthed while traveling.

This is the best answer to the riddle.

Alternative answer check: Is it because Voidwalkers are better tanks and Warlocks are lazy? No, the riddle says Succubus is better for leveling.

Is it because of the quest difficulty? Possible, but less "riddle-like."

The invisibility answer is the clever one.

Final check:
- Story: Gnome in STV with Succubus, mentions stealth/invisibility.
- Answer: Succubus is invisible (Lesser Invisibility), so you don't see her.

Perfect.Nixle Sparkwrench crept through Stranglethorn's humidity, his boots squelching in the mud. Beside him, nothing stirred—at least, nothing visible. "Quiet, Selara," he whispered to the air. A giggle answered, sultry and close.

They approached the Bloodsail Buccaneers. Nixle pointed at a sleeping scout. "Seduce." The air shimmered; the scout stood, entranced, as Nixle's Shadow Bolt flew true. When the pirate's companions charged, they saw only the tiny Gnome.

"Where's the other one?" a troll snarled.

Nixle smiled as Lash of Pain struck from nowhere. "She's shy."

The Voidwalker back in Ironforge could keep his health bar safe; here, among the dense foliage and wandering Horde, being unseen was survival.

**Answer:** Because the Succubus uses Lesser Invisibility, rendering her invisible; you only see Warlocks with Voidwalkers because the Succubi are hidden. [end of text]


