To find the hidden message, I need to look for a pattern within the text that isn't immediately obvious from reading it as a standard essay. Common techniques for hiding messages in text include acrostics (taking the first letter of each sentence or paragraph), taking the first letter of every word, or looking for specific capitalized words.

Let's try the **acrostic method** first, as it's the most common for this type of puzzle. I will extract the first letter of each sentence in the provided text:

1.  "**S**amurai ruled the lands of Japan for centuries..." -> **S**
2.  "**A**rchitectural marvels like the towering tenshu..." -> **A**
3.  "**Y**et, these fortresses were packed with clever defensive features..." -> **Y**
4.  "**C**astles eventually transitioned into symbols of political power..." -> **C**
5.  "**H**undreds of years of stability followed under the shoguns..." -> **H**
6.  "**E**ven the most fearsome warriors began trading their battlefield armor..." -> **E**
7.  "**E**ventually, the arrival of the modern era swept away the old feudal system..." -> **E**
8.  "**S**till, when you stand before the surviving stone walls today..." -> **S**
9.  "**E**very wooden beam and silent moat serves as a lasting bridge..." -> **E**

Putting these letters together: **S - A - Y - C - H - E - E - S - E**.

That spells "SAYCHEESE".

Let me double-check the sentence boundaries to ensure I didn't miss a sentence or split one incorrectly.
- Sentence 1 ends at "warfare." (S)
- Sentence 2 ends at "sieges." (A)
- Sentence 3 ends at "attackers." (Y)
- Sentence 4 ends at "battlegrounds." (C)
- Sentence 5 ends at "flourish." (H)
- Sentence 6 ends at "duties." (E)
- Sentence 7 ends at "it." (E)
- Sentence 8 ends at "past." (S)
- Sentence 9 ends at "time." (E)

The sequence is definitely **SAYCHEESE**.

The hidden message is: **SAYCHEESE** [end of text]


