Let's think through this step by step.

We're asked to find a **hidden message** in this essay about samurai, castles, and Japanese history. The essay is written in a descriptive, almost poetic tone, and it seems to be a narrative about the rise and fall of the samurai class and feudal Japan.

But the prompt says: *"Find the hidden message."* That suggests the message isn't obvious — it's embedded in the text, possibly in wordplay, repetition, structure, or a cipher.

Let’s look for patterns.

---

**Step 1: Look for repetition or hidden structure**

The essay mentions several key elements:

- Samurai
- Tenshu (castle keep)
- Ishi otoshi mado (stone-dropping windows)
- Edo period
- Peaceful stability
- Shift from warfare to tea ceremonies and bureaucracy
- Modern era ends feudalism
- Surviving stone walls "whisper tales"

Now, notice the phrase: *"Ishi otoshi mado"* — that's a literal term. Let's break it down:

- "Ishi" = stone
- "Otsu" = drop
- "Mado" = window

So "stone-dropping window" — a defensive feature.

But what if we take the **first letters** of each key phrase?

Let’s try that.

List of key phrases:

1. Samurai ruled the lands of Japan for centuries → "Samurai"
2. Architectural marvels like the towering tenshu → "Tenshu"
3. Ishi otoshi mado → "Ishi otoshi mado"
4. Castles transitioned into symbols of political power → "Castles"
5. Hundreds of years of stability → "Stability"
6. Warriors traded armor for tea ceremonies → "Tea ceremonies"
7. Modern era swept away feudal system → "Modern era"
8. Stone walls seem to whisper tales → "Stone walls"

But maybe we should extract **only the first letters** of each **phrase or concept**.

Try this:

- Samurai → S  
- Tenshu → T  
- Ishi otoshi mado → I  
- Castles → C  
- Stability → S  
- Tea ceremonies → T  
- Modern era → M  
- Stone walls → S  

So: S, T, I, C, S, T, M, S

That looks like: **STIC SMS** — not meaningful.

Wait — what if we take the **first letters of each sentence**?

Let’s go sentence by sentence:

1. Samurai ruled the lands of Japan for centuries, shaping a culture of honor and fierce warfare. → S  
2. Architectural marvels like the towering tenshu (castle keeps) were built not just for beauty, but to survive relentless sieges. → A  
3. Yet, these fortresses were packed with clever defensive features, including ishi otoshi mado (stone-dropping windows) designed to crush incoming attackers. → Y  
4. Castles eventually transitioned into symbols of political power during the peaceful Edo period, rather than acting as active battlegrounds. → C  
5. Hundreds of years of stability followed under the shoguns, allowing arts, poetry, and bustling city culture to flourish. → H  
6. Even the most fearsome warriors began trading their battlefield armor for tea ceremonies and bureaucratic duties. → E  
7. Eventually, the arrival of the modern era swept away the old feudal system and the samurai class with it. → E  
8. Still, when you stand before the surviving stone walls today, they seem to whisper thrilling tales of the past. → S  
9. Every wooden beam and silent moat serves as a lasting bridge to that legendary time. → E  

So: S, A, Y, C, H, E, E, S, E

That’s: **SAY CHEESE** — wait! That’s a real phrase!

"Say cheese!" — a common photo instruction.

But is that a hidden message?

Yes — and it's a play on the phrase "say cheese" — a fun, recognizable phrase.

But is it *intended*?

Let’s double-check.

The essay says: *"Still, when you stand before the surviving stone walls today, they seem to whisper thrilling tales of the past."*

And then: *"Every wooden beam and silent moat serves as a lasting bridge to that legendary time."*

But the **first letters of the sentences** give us:

1. S  
2. A  
3. Y  
4. C  
5. H  
6. E  
7. E  
8. S  
9. E

→ **SAY CHEESE**

That’s a strong candidate.

But is there another possibility?

What about the phrase "Ishi otoshi mado"?

That literally means "stone-dropping window."

But if we take the **first letters of each word** in that phrase:

- Ishi → I  
- Otsu → O  
- Mado → M  
→ "IOM" — not meaningful.

But what if we take the **first letters of the key terms** and rearrange?

We have:

- Samurai → S  
- Tenshu → T  
- Ishi otoshi mado → I  
- Edo → E  
- Tea → T  
- Modern → M  
- Stone walls → S  

Still not forming a clear message.

Alternatively, could the hidden message be in the **structure** of the narrative?

The essay traces a journey:

- From war → to peace → to modernity → to memory

It's a story of **decline and legacy**.

But the most concrete, literal, and fun hidden message is **"Say cheese"** — which appears as a sequence of first letters.

And it's a well-known phrase — often used in photos.

Moreover, the last sentence says: *"they seem to whisper thrilling tales of the past."* — which could be interpreted as the walls "whispering" — like a photo where you're supposed to say "cheese" to get a good shot.

So the **hidden message** is a **play on the phrase "say cheese"**, embedded in the first letters of the sentences.

Therefore, the answer is:

👉 **Say cheese**

It's not a literal message, but a clever, embedded wordplay based on the structure of the essay.

---

✅ Final Answer: **Say cheese** [end of text]


