To find the hidden message, I will analyze the text for common steganography techniques. The most common method in short essays like this is an **acrostic**, where the first letter of each sentence (or paragraph) spells out a word or phrase.

Let's break down the essay sentence by sentence and extract the first letter of each sentence:

1.  "**S**amurai ruled the lands of Japan for centuries..."
    *   First letter: **S**

2.  "**A**rchitectural marvels like the towering tenshu..."
    *   First letter: **A**

3.  "**Y**et, these fortresses were packed with clever defensive features..."
    *   First letter: **Y**

4.  "**C**astles eventually transitioned into symbols of political power..."
    *   First letter: **C**

5.  "**H**undreds of years of stability followed under the shoguns..."
    *   First letter: **H**

6.  "**E**ven the most fearsome warriors began trading their battlefield armor..."
    *   First letter: **E**

7.  "**E**ventually, the arrival of the modern era swept away the old feudal system..."
    *   First letter: **E**

8.  "**S**till, when you stand before the surviving stone walls today..."
    *   First letter: **S**

9.  "**E**very wooden beam and silent moat serves as a lasting bridge..."
    *   First letter: **E**

Now, let's combine these letters in order:
**S - A - Y - C - H - E - E - S - E**

The resulting string is **SAYCHEESE**.

This is a common phrase used when taking photos, which fits the context of "standing before" something and capturing a memory, though in this puzzle context, it is simply the hidden code.

**Hidden Message:** SAYCHEESE [end of text]


