Let’s carefully analyze the essay for a *hidden message*.

The essay is a beautifully written historical overview of samurai and Japanese castles — but the prompt suggests there's a hidden message. Hidden messages in text can be encoded in various ways:

- Acrostics (first/last letters/words spell something)
- Word/letter counts
- Hidden words within phrases
- Initials of key terms
- Punctuation or unusual phrasing
- Repeated patterns

Let’s read through again, paying close attention to structure and possible clues.

---

**Key observations:**

1. **Japanese terms in parentheses**:
   - *tenshu* (castle keep)
   - *ishi otoshi mado* (stone-dropping windows)

   These are authentic terms, but maybe not relevant unless they encode something.

2. **Phonetic or transliterated Japanese**:
   - *tenshu* → /ˈtɛnʃu/
   - *ishi otoshi mado* → /i.ɕi o.to.ɕi ma.do/

   Could these be code? Unlikely — they’re standard terms.

3. **Look at the *first letters* of each sentence**:

Let’s extract the first word of each sentence:

1. **S**amurai  
2. **A**rchitectural  
3. **Y**et  
4. **C**astles  
5. **H**undreds  
6. **E**ven  
7. **E**ventually  
8. **S**till  
9. **E**very  

First letters: **S, A, Y, C, H, E, E, S, E**

That spells: **SAYCHEESE** — almost! Wait:  
S A Y C H E E S E → **SAY CHEESE** (with Y and C possibly misgrouped — but “SAY CHEESE” is a phrase used when taking photos!)

Hmm… interesting! Let’s double-check sentence starts:

1. Samurai ruled... → **S**  
2. Architectural marvels... → **A**  
3. Yet, these fortresses... → **Y**  
4. Castles eventually transitioned... → **C**  
5. Hundreds of years... → **H**  
6. Even the most fearsome... → **E**  
7. Eventually, the arrival... → **E**  
8. Still, when you stand... → **S**  
9. Every wooden beam... → **E**

Yes: **S A Y C H E E S E** → **SAY CHEESE**

But wait — “SAY CHEESE” is 9 letters: S-A-Y-C-H-E-E-S-E — exactly 9 letters, matching 9 sentences.

That seems *too perfect* to be accidental.

But is it intentional? Let’s consider: Why would a historical essay about samurai hide “SAY CHEESE”?

Possibility: It’s a red herring — or maybe it’s a *photography* pun? Castles, stone walls, “standing before them” — like posing for a photo.

But more likely: This is a classic example of a *hidden acrostic* used as a playful or clever puzzle — and “SAY CHEESE” is the hidden message.

Let’s verify no other acrostics:

- Last letters of sentences?  
1. ...past. → **t**  
2. ...time. → **e**  
→ Not promising.

- First letters of *paragraphs*? Only one paragraph.

- Hidden words in phrases? Let’s scan for acronyms or hidden words.

Look at:  
“**Samurai** ruled the lands of **Japan** for centuries, shaping a culture of **honor** and fierce **warfare**.”  
First letters: S, J, H, W → no.

“**Architectural** marvels like the towering **tenshu** (castle keeps) were built not just for **beauty**, but to survive relentless **sieges**.”  
A, T, B, S → not meaningful.

But the sentence-initial acrostic is striking.

Let’s double-check sentence count and boundaries:

The essay is one paragraph, but punctuated as 9 sentences (ending with periods):

1. Samurai ruled... warfare.  
2. Architectural marvels... sieges.  
3. Yet, these... attackers.  
4. Castles... battlegrounds.  
5. Hundreds... flourish.  
6. Even the... duties.  
7. Eventually, the... with it.  
8. Still, when... past.  
9. Every... time.

Yes — 9 sentences.

Acrostic:  
1. **S**amurai  
2. **A**rchitectural  
3. **Y**et  
4. **C**astles  
5. **H**undreds  
6. **E**ven  
7. **E**ventually  
8. **S**till  
9. **E**very  

→ **S A Y C H E E S E** → **SAY CHEESE**

This is almost certainly intentional — a clever, playful hidden message.

Why “SAY CHEESE”? Possibly to contrast the serious, martial history with a lighthearted modern phrase — or just a fun Easter egg for readers.

✅ Final answer: **SAY CHEESE** [end of text]


