To find the hidden message in this essay, I'll look for patterns, unusual word choices, or any elements that stand out as not fitting the typical narrative about samurai and Japanese castles. Here are some steps I'll take:

1. **Look for Unusual Words or Phrases**: Sometimes hidden messages are embedded in words or phrases that seem out of place or have double meanings.
2. **Check for Acronyms or Initials**: Sometimes the first letter of each sentence or paragraph can form a word or phrase.
3. **Analyze the Structure**: The structure of the essay, such as the order of sentences or the flow of ideas, might hint at a hidden message.
4. **Consider the Context**: The context of the essay, which is about samurai and castles, might provide clues if the hidden message is related to this theme.

Let's break it down:

1. **First Letters of Sentences**:
   - S (Samurai)
   - A (Architectural)
   - Y (Yet)
   - C (Castles)
   - H (Hundreds)
   - E (Even)
   - E (Eventually)
   - S (Still)

   The first letters spell out "SAY CHEESE." This is a common phrase used when taking a photograph, which seems out of place in an essay about samurai and castles.

2. **Unusual Words or Phrases**:
   - "Ishi otoshi mado" (stone-dropping windows) is a specific term, but it fits the context.
   - "Whisper thrilling tales" is a poetic phrase, but it doesn't seem out of place.
   - "Lasting bridge to that legendary time" is also poetic but fits the theme.

3. **Structure**:
   - The essay flows logically from the history of samurai to the transition of castles and the end of the feudal system. There are no obvious structural anomalies.

4. **Context**:
   - The context is about the historical and cultural significance of samurai and castles, which aligns with the content of the essay.

Given the analysis, the most likely hidden message is "SAY CHEESE," formed by the first letters of each sentence. This phrase is a playful and unexpected element in an otherwise serious historical essay, which makes it stand out as a hidden message. [end of text]


