To find the hidden message, I need to look for a pattern within the text. Since the essay discusses Japanese history, architecture, and the samurai, it is highly likely that the hidden message is encoded using **Japanese characters** (Kanji) that are embedded within the English words.

Let's break down the text word by word and identify any Japanese characters:

1.  "Samurai ruled the lands of Japan for centuries, shaping a culture of honor and fierce warfare."
    *   No Japanese characters found.

2.  "Architectural marvels like the towering **tenshu** (castle keeps) were built not just for beauty, but to survive relentless sieges."
    *   Found: **tenshu** (This is a Japanese word for castle keep).

3.  "Yet, these fortresses were packed with clever defensive features, including **ishi otoshi mado** (stone-dropping windows) designed to crush incoming attackers."
    *   Found: **ishi otoshi mado** (These are three Japanese words describing the window type).

4.  "Castles eventually transitioned into symbols of political power during the peaceful Edo period, rather than acting as active battlegrounds."
    *   No Japanese characters found.

5.  "Hundreds of years of stability followed under the shoguns, allowing arts, poetry, and bustling city culture to flourish."
    *   No Japanese characters found.

6.  "Even the most fearsome warriors began trading their battlefield armor for tea ceremonies and bureaucratic duties."
    *   No Japanese characters found.

7.  "Eventually, the arrival of the modern era swept away the old feudal system and the samurai class with it."
    *   No Japanese characters found.

8.  "Still, when you stand before the surviving stone walls today, they seem to whisper thrilling tales of the past."
    *   No Japanese characters found.

9.  "Every wooden beam and silent moat serves as a lasting bridge to that legendary time."
    *   No Japanese characters found.

**Analyzing the findings:**
The Japanese words found are:
1.  **tenshu**
2.  **ishi**
3.  **otoshi**
4.  **mado**

Let's read them together:
**Tenshu Ishi Otoshi Mado**

This translates literally to "Castle Keep Stone Drop Window," which is the name of the defensive feature mentioned in the text. However, looking at the sequence of words as a standalone phrase, it forms a coherent Japanese term describing a specific architectural element.

Is there a deeper meaning or a different encoding?
Let's re-read the prompt. "Find the hidden message."
The words are explicitly written in English phonetics (Romaji) but are clearly Japanese terms.
The sequence is: **Tenshu Ishi Otoshi Mado**.

Wait, let me double-check if I missed any other characters.
- "Samurai" (contains no Kanji in the English text, just the English word).
- "Japan" (English).
- "Edo" (English).
- "Shoguns" (English).

The only non-English words are the four phrases in parentheses: `tenshu`, `ishi otoshi mado`.

If I combine them: **Tenshu Ishi Otoshi Mado**.
This is the name of the window. Is the message simply the name of the window? Or is there a pun?

Let's look at the structure again.
`tenshu`
`ishi`
`otoshi`
`mado`

Perhaps the message is the translation?
Castle Keep Stone Drop Window.
That seems too descriptive.

Let's reconsider the "hidden message" aspect. Usually, in these puzzles, the hidden text is a sentence or a phrase that stands out. Here, the standout feature is the inclusion of Japanese words in an English essay about Japan. The "message" is likely the sequence of these words themselves, which forms a specific term.

The term is **Ishi Otoshi Mado** (Stone-dropping window), but it is prefixed by **Tenshu**.
Actually, looking closely at the text:
"...including **ishi otoshi mado**..."
"...towering **tenshu**..."

The order in the text is:
1. tenshu
2. ishi otoshi mado

Combined: **Tenshu Ishi Otoshi Mado**.

Is it possible the message is just the phrase **"Ishi Otoshi Mado"**?
The sentence says: "...including **ishi otoshi mado**..."
The previous sentence mentions the **tenshu**.
The **tenshu** *contains* the **ishi otoshi mado**.

However, if we treat the Romaji words as the "hidden text" extracted from the essay, the full string is **Tenshu Ishi Otoshi Mado**.

Let's try to see if there is a wordplay.
Tenshu (Castle Keep)
Ishi (Stone)
Otoshi (Drop)
Mado (Window)

Maybe the message is simply the definition of the window mentioned?
"Stone-dropping windows".

But usually, "hidden message" implies extracting a specific string. The most distinct string is the sequence of Japanese words.
Let's assume the hidden message is the sequence of the Japanese words found in the text.

Sequence: **Tenshu Ishi Otoshi Mado**

Is there any other interpretation?
Could it be a cipher? No, the words are too clear.
Could it be a riddle? "What do you get when you combine castle keep and stone drop window?" -> The answer is the window itself.

Let's look at the phrasing again.
"Architectural marvels like the towering **tenshu**..."
"...including **ishi otoshi mado**..."

If I read the Japanese words in order of appearance:
1. tenshu
2. ishi
3. otoshi
4. mado

Result: **Tenshu Ishi Otoshi Mado**.

This phrase literally means "Castle Keep Stone-Dropping Window". It is the specific name of the defensive feature described. The "hidden message" is likely this specific term, which is embedded in the text as a foreign language term within an English narrative.

Let's verify if "Tenshu Ishi Otoshi Mado" is a standard phrase.
Usually, it's just "Ishi Otoshi Mado". The "Tenshu" is the building that has the windows.
However, since the text introduces the "tenshu" first and then the "ishi otoshi mado", the combined sequence is the most logical extraction.

Perhaps the message is simpler: **Ishi Otoshi Mado**.
Why? Because the sentence structure is "including [ishi otoshi mado]". The "tenshu" is the subject of the previous clause. The specific *feature* being highlighted as the hidden detail is the window.

But without over-analyzing, the most obvious "hidden" elements are the non-English words.
The words are: **tenshu**, **ishi**, **otoshi**, **mado**.
Reading them sequentially gives: **Tenshu Ishi Otoshi Mado**.

Let's consider if the user wants the translation.
Translation: Castle Keep Stone-Dropping Window.

Let's consider if the user wants the Japanese characters.
The text uses Romaji (English alphabet representing Japanese sounds).
So the "message" is the Romaji string.

Let's try to find if there is a more subtle pattern.
Samurai (6 letters)
ruled (5)
...
No, that's not it.

The presence of the Japanese words is the key. They are the "hidden" part because they stand out against the English text.
The message is the sequence of these words.

**Conclusion:**
The hidden message consists of the Japanese words embedded in the text.
1. **tenshu**
2. **ishi**
3. **otoshi**
4. **mado**

When read together, they form the phrase: **Tenshu Ishi Otoshi Mado**.
This translates to "Castle Keep Stone-Dropping Window," which is the specific architectural feature the essay describes. The "message" is essentially the name of the defensive mechanism hidden in plain sight.

I will formulate the answer by identifying these words and presenting the combined phrase.

**Step-by-step derivation for final output:**
1.  Scan the text for non-English words or characters.
2.  Identify "tenshu" in the second sentence.
3.  Identify "ishi otoshi mado" in the third sentence.
4.  Combine them in order of appearance: "tenshu ishi otoshi mado".
5.  Recognize this as the name of the defensive window described.

The hidden message is **Tenshu Ishi Otoshi Mado** (or simply **Ishi Otoshi Mado** depending on how strict the "feature" definition is, but the full sequence is safer). Given the context of "finding a hidden message," extracting the full sequence of the foreign terms is the standard approach.

Wait, is there a chance the message is "Castle Keep"? No, that's just the first word.
Is it "Stone Drop Window"? That's the translation.
The most precise "hidden message" is the string of words itself.

Let's provide the answer as the sequence of Japanese words found.

**Final check:**
Text: "...towering **tenshu**..."
Text: "...including **ishi otoshi mado**..."
Hidden Message: **Tenshu Ishi Otoshi Mado**

This seems correct. The essay hides the specific name of the window by writing it in Romaji within the description.

One alternative thought: Could the message be "Edo"? No, that's just a period name. "Samurai"? No. The Japanese words are the only distinct "foreign" elements.

I will state the hidden message is the sequence of Japanese words found in the text.

**Answer Formulation:**
- Identify the Japanese words: tenshu, ishi, otoshi, mado.
- Explain their location.
- Present the combined phrase.
- Mention the translation for context.

The hidden message is: **Tenshu Ishi Otoshi Mado**
(Translation: Castle Keep Stone-Dropping Window)

This fits perfectly. The essay describes the castle keep, then the specific window type, hiding the name of the window in the text itself.

One tiny detail: Does "tenshu ishi otoshi mado" make sense as a single phrase?
"Tenshu" is the building. "Ishi otoshi mado" is the window.
It's like saying "The Castle Keep Stone Drop Window". It's a noun phrase describing the object.
It works.

I'm confident the answer is the sequence of these four words.

**Final Answer Construction:**
Start by thinking out loud as requested.
- Scan for anomalies.
- Spot the Romaji words.
- Extract them.
- Combine them.
- State the result.

The hidden message is **Tenshu Ishi Otoshi Mado**.

(Self-correction: Is it possible the message is just "Ishi Otoshi Mado"? The prompt asks to "Find the hidden message". The text says "including ishi otoshi mado". The "tenshu" is the container. But since "tenshu" is also a Japanese word embedded in the text, excluding it would be arbitrary. The most complete hidden message includes all embedded Japanese terms.)

Let's stick with the full sequence.

**Hidden Message:** Tenshu Ishi Otoshi Mado.
**Meaning:** Castle Keep Stone-Dropping Window.

This is the solution.

One final check on the text provided:
"Architectural marvels like the towering **tenshu** (castle keeps)..."
"...including **ishi otoshi mado** (stone-dropping windows)..."

Yes, the words are clearly marked by the parentheses explaining them, making them the obvious candidates for the "hidden" (or rather, embedded) message.

The answer is **Tenshu Ishi Otoshi Mado**.

Wait, could the message be "Castle"? No.
Could it be "Stone"? No.
The sequence is the key.

I will write the response now.

**Thinking Process Summary:**
1.  **Objective**: Find a hidden message in the provided essay.
2.  **Method**: Scan the text for patterns, anomalies, or non-English elements.
3.  **Observation**: The essay is in English but contains several words in parentheses that are written in Romaji (Japanese pronunciation in English letters).
4.  **Extraction**:
    *   Sentence 2: "**tenshu**"
    *   Sentence 3: "**ishi otoshi mado**"
5.  **Synthesis**: Reading these words in order of appearance yields the phrase "tenshu ishi otoshi mado".
6.  **Verification**: This phrase translates to "Castle Keep Stone-Dropping Window," which accurately describes the defensive feature mentioned in the text. The "message" is the specific name of the feature, hidden within the descriptive text.
7.  **Final Output**: Present the extracted phrase and its translation.

The hidden message is **Tenshu Ishi Otoshi Mado**.

(Just to be thorough, is there any other hidden text? "Samurai ruled..." -> S-R-U-L-E-D. No. "Japan" -> J-A-P-A-N. No. The Japanese words are the only logical choice.)

The answer is solid.

**Final Answer:**
The hidden message is the sequence of Japanese words embedded in the text: **Tenshu Ishi Otoshi Mado**.
This translates to "Castle Keep Stone-Dropping Window."

I will present this clearly.

One nuance: The user asked to "think out loud". I will structure the response to show the thought process first, then the final answer.

**Drafting the response:**
- Start by analyzing the text for anything out of place.
- Notice the English text describing Japanese history.
- Spot the words in parentheses that are not English.
- List them: tenshu, ishi, otoshi, mado.
- Combine them.
- Explain the meaning.
- Conclude with the final message.

This matches the "think out loud" requirement.

Ready.

**Hidden Message:** Tenshu Ishi Otoshi Mado.
**Translation:** Castle Keep Stone-Dropping Window.

The logic holds up. No other hidden patterns (like Caesar cipher or anagrams) seem necessary or plausible given the clear presence of foreign words. The puzzle is a "find the foreign words" type.

Final check of the text provided in the prompt to ensure no typos in my reading.
"tenshu" - correct.
"ishi otoshi mado" - correct.
Order: tenshu comes before ishi otoshi mado.
Correct.

The solution is ready.

**Response Structure:**
1.  **Thinking Process**: Explain the scan for non-English words.
2.  **Identification**: List the found words.
3.  **Result**: The combined phrase.
4.  **Context**: The translation and relevance to the essay.

This is complete.

Wait, is "tenshu" actually "tenshu"? Yes.
Is "ishi otoshi mado" actually "ishi otoshi mado"? Yes.
Is there any chance "tenshu" is part of the sentence structure and not the message?
"Architectural marvels like the towering tenshu..."
"including ishi otoshi mado..."
Both are key terms. The "message" is likely the full term describing the specific innovation.
If I say "The hidden message is 'Ishi Otoshi Mado'", I am ignoring the word "tenshu" which is also a Japanese word hidden in the text.
If I say "The hidden message is 'Tenshu Ishi Otoshi Mado'", I am capturing the full sequence of hidden Japanese terms.
Given that "Tenshu" is the building and "Ishi Otoshi Mado" is the window, and the window is *in* the tenshu, the phrase "Tenshu Ishi Otoshi Mado" acts as a compound descriptor. It is the most complete answer.

I will proceed with the full sequence.

One last check: Could the message be "Edo"?
"Edo period".
"Edo" is a Japanese word.
But "Edo" is a proper noun for a period, whereas "tenshu", "ishi", "otoshi", "mado" are specific technical terms describing the subject matter (the castle and its defenses). The essay focuses heavily on the architecture and the specific defensive feature. The "ishi otoshi mado" is the unique detail. The "tenshu" is the general category.
However, since "tenshu" is also a Japanese word, omitting it feels incomplete for a "hidden message" puzzle which usually relies on extracting all hidden elements.
Also, "Tenshu Ishi Otoshi Mado" flows as a single descriptive noun phrase.
I'll stick with the full sequence. It's safer and more accurate to the text.

Final decision: **Tenshu Ishi Otoshi Mado**.

Let's write it down.
Thinking out loud:
1. I read the essay. It's about Samurai and Castles.
2. I look for anything that doesn't fit the English language.
3. I see "tenshu" in parentheses.
4. I see "ishi otoshi mado" in parentheses.
5. These are Japanese words.
6. I combine them in order: tenshu ishi otoshi mado.
7. This forms the name of the window described.
8. This is the hidden message.

Okay, ready to generate the response.
</think>

To find the hidden message, I need to analyze the text for any elements that stand out or do not belong to the surrounding English language.

**Thinking Process:**

1.  **Scanning for Anomalies:** I read through the essay, which discusses Japanese history, architecture, and the samurai class. The text is primarily in English.
2.  **Identifying Non-English Words:** As I scan the text, I notice several words enclosed in parentheses that are written in *Romaji* (the Japanese alphabet using English letters). These words are clearly Japanese terms describing the specific topics mentioned.
    *   In the second sentence: "**tenshu**" (referring to the castle keep).
    *   In the third sentence: "**ishi otoshi mado**" (referring to the stone-dropping windows).
3.  **Extracting the Sequence:** The essay introduces the "tenshu" first, and then describes the specific defensive feature "ishi otoshi mado" found within them.
4.  **Synthesizing the Message:** When I read these Japanese words in the order they appear in the text, they form a specific phrase: **Tenshu Ishi Otoshi Mado**.
5.  **Verifying the Meaning:**
    *   *Tenshu* = Castle Keep
    *   *Ishi* = Stone
    *   *Otoshi* = Drop
    *   *Mado* = Window
    *   The phrase translates to "Castle Keep Stone-Dropping Window," which is the exact name of the defensive feature the essay describes. The "hidden message" is the specific name of this architectural marvel embedded within the description.

**Hidden Message:**
The hidden message is the sequence of Japanese words found in the text:

> **Tenshu Ishi Otoshi Mado**

(Translation: **Castle Keep Stone-Dropping Window**) [end of text]


