Let me think through this step by step.

First, I need to look for any hidden message in the essay. The essay is about samurai and Japanese castles, with descriptions of historical facts and cultural transitions. But the request is to find a *hidden message*, which suggests there might be a cipher, pattern, or code embedded in the text.

Let me examine the text closely.

Key elements:
- The essay mentions specific Japanese terms: *tenshu*, *ishi otoshi mado*.
- These are real historical features: tenshu = castle keep, ishi otoshi mado = stone-dropping windows (a defensive feature where stones could be dropped on attackers).
- The essay describes the evolution of samurai from warriors to cultural figures during the Edo period.
- It ends with a poetic reflection on surviving stone walls whispering tales.

Now, let’s look for patterns. Could the hidden message be in the **first letters** of each sentence?

Let’s extract the first letter of each sentence:

1. Samurai ruled the lands of Japan for centuries, shaping a culture of honor and fierce warfare. → **S**
2. Architectural marvels like the towering tenshu (castle keeps) were built not just for beauty, but to survive relentless sieges. → **A**
3. Yet, these fortresses were packed with clever defensive features, including ishi otoshi mado (stone-dropping windows) designed to crush incoming attackers. → **Y**
4. Castles eventually transitioned into symbols of political power during the peaceful Edo period, rather than acting as active battlegrounds. → **C**
5. Hundreds of years of stability followed under the shoguns, allowing arts, poetry, and bustling city culture to flourish. → **H**
6. Even the most fearsome warriors began trading their battlefield armor for tea ceremonies and bureaucratic duties. → **E**
7. Eventually, the arrival of the modern era swept away the old feudal system and the samurai class with it. → **E**
8. Still, when you stand before the surviving stone walls today, they seem to whisper thrilling tales of the past. → **S**
9. Every wooden beam and silent moat serves as a lasting bridge to that legendary time. → **E**

So we have: S, A, Y, C, H, E, E, S, E

That gives: **SAY CHEESE**

Wait — "SAY CHEESE" is a common phrase used when taking photos. That seems like a plausible hidden message.

But let’s double-check the first letters:

1. S – Samurai  
2. A – Architectural  
3. Y – Yet  
4. C – Castles  
5. H – Hundreds  
6. E – Even  
7. E – Eventually  
8. S – Still  
9. E – Every

Yes, S-A-Y-C-H-E-E-S-E → **SAY CHEESE**

But wait — the 4th letter is C, 5th is H, 6th is E, 7th is E, 8th is S, 9th is E → so "CHEESE" is spelled correctly.

So the sequence is: S-A-Y-C-H-E-E-S-E → **SAY CHEESE**

That’s a perfect match.

But why would a historical essay about samurai and castles end with "SAY CHEESE"? It seems playful, but it fits the pattern.

Alternatively, could it be something else?

Let’s consider if it’s the **last letters** of each sentence?

1. warfare → y  
2. sieges → s  
3. attackers → s  
4. battlegrounds → s  
5. flourish → h  
6. duties → s  
7. it → t  
8. past → t  
9. time → e

→ y, s, s, s, h, s, t, t, e → "yssshstte" — doesn’t make sense.

How about **first letters of key terms**?

- tenshu → t  
- ishi otoshi mado → i  
- Edo → e  
- tea ceremonies → t  
- modern era → m  
- stone walls → s  
- wooden beam → w  
- silent moat → s

Not helpful.

What about **acrostic using the bolded or emphasized words**? But the text doesn’t have any emphasis.

Alternatively, could it be a **cipher**? Like Caesar shift?

But "SAY CHEESE" is already a coherent phrase, and it matches the first letters perfectly.

Moreover, "SAY CHEESE" is a well-known phrase used in photography — and the essay ends with a reflection on standing before stone walls that "whisper thrilling tales" — like a photo of a historic site. So the hidden message might be a playful nod to taking a picture.

Therefore, the hidden message is likely:

**SAY CHEESE**

Final answer: **SAY CHEESE** [end of text]


