Okay, let's break this down. Hidden message tasks often rely on taking the *first letter* of each sentence. Let's try that:

* **S**amurai ruled the lands of Japan for centuries...
* **Y**et, these fortresses were packed with clever defensive features...
* **C**astles eventually transitioned into symbols of political power...
* **H**undreds of years of stability followed under the shoguns...
* **E**ven the most fearsome warriors began trading their battlefield armor...
* **S**till, when you stand before the surviving stone walls today...
* **E**very wooden beam and silent moat serves as a lasting bridge...

That spells out **SYCHESE**.  That doesn't seem like a real word.

Let's consider other possibilities. Maybe it's not the *first* letter of each sentence, but a specific letter *within* each sentence. That seems less likely without a clear pattern.

Let's go back to the first letter idea, but look at the *keywords* in each sentence.

* **S**amurai - **S**
* **Y**et, fortresses - **Y**
* **C**astles - **C**
* **H**undreds, shoguns - **H**
* **E**ven, warriors - **E**
* **S**till, walls - **S**
* **E**very, beam - **E**

Again, **SYCHESE**.

Okay, let's try a different approach. The essay is *about* samurai and castles. Maybe the message is related to that. The phrase "whisper thrilling tales" stands out. Could it be a code based on the number of letters in key words?

Let's look at the first letter of each sentence again, but this time, consider if the letters are meant to be rearranged. **S Y C H E S E**.  If we rearrange those letters...

...**YES, CHASE**!

That feels much more likely. The essay talks about a past era being "swept away" and the "thrilling tales" it holds. It's a call to remember and explore that history. "Chase" fits that theme.

**Therefore, the hidden message is YES, CHASE.**



 [end of text]


