To find the hidden message, I will analyze the text provided, specifically looking for patterns such as acrostics (the first letter of each sentence or word) or other structural anomalies.

Let's look at the first letter of each sentence in the essay:

1.  **S**amurai ruled the lands of Japan for centuries, shaping a culture of honor and fierce warfare. -> **S**
2.  **A**rchitectural marvels like the towering tenshu (castle keeps) were built not just for beauty, but to survive relentless sieges. -> **A**
3.  **Y**et, these fortresses were packed with clever defensive features, including ishi otoshi mado (stone-dropping windows) designed to crush incoming attackers. -> **Y**
4.  **C**astles eventually transitioned into symbols of political power during the peaceful Edo period, rather than acting as active battlegrounds. -> **C**
5.  **H**undreds of years of stability followed under the shoguns, allowing arts, poetry, and bustling city culture to flourish. -> **H**
6.  **E**ven the most fearsome warriors began trading their battlefield armor for tea ceremonies and bureaucratic duties. -> **E**
7.  **E**ventually, the arrival of the modern era swept away the old feudal system and the samurai class with it. -> **E**
8.  **S**till, when you stand before the surviving stone walls today, they seem to whisper thrilling tales of the past. -> **S**
9.  **E**very wooden beam and silent moat serves as a lasting bridge to that legendary time. -> **E**

Reading these letters in order: **S A Y C H E E S E**

This looks like "SAY CHEESE".

Let's double-check if there are other patterns, just in case.
- First letter of each word? Too long and random.
- Last letter of each sentence?
    - . (warfare)
    - . (sieges)
    - . (attackers)
    - . (battlegrounds)
    - . (flourish)
    - . (duties)
    - . (it)
    - . (past)
    - . (time)
    - No obvious message.

The acrostic of the first letters of the sentences seems to be the intended hidden message.

The hidden message is: **SAY CHEESE** [end of text]


