Let's break this essay down sentence by sentence to find the hidden message.

First, I'll look for specific terms that might be anagrams or hidden words within the text.

1.  **"Samurai ruled the lands of Japan for centuries..."**
    *   "Samurai" contains "murai".
    *   "lands" contains "lands".
    *   "Japan" contains "pan".
    *   "centuries" contains "cent".
    *   "feudal" isn't there yet.

2.  **"Architectural marvels like the towering tenshu (castle keeps) were built not just for beauty, but to survive relentless sieges."**
    *   "tenshu" is a Japanese word for a castle keep.
    *   "sieges" contains "ge".
    *   "beauty" contains "t".
    *   "survive" contains "ive".

3.  **"Yet, these fortresses were packed with clever defensive features, including ishi otoshi mado (stone-dropping windows) designed to crush incoming attackers."**
    *   "oshi" is a Japanese word for "stone".
    *   "mado" is Japanese for "window".
    *   "attacker" contains "cker".

4.  **"Castles eventually transitioned into symbols of political power during the peaceful Edo period, rather than acting as active battlegrounds."**
    *   "Edo" is a famous historical period.
    *   "battlegrounds" contains "ground".
    *   "power" contains "ow".

5.  **"Hundreds of years of stability followed under the shoguns, allowing arts, poetry, and bustling city culture to flourish."**
    *   "shoguns" contains "gun".
    *   "flourish" contains "our".

6.  **"Even the most fearsome warriors began trading their battlefield armor for tea ceremonies and bureaucratic duties."**
    *   "bureaucratic" contains "cratic".
    *   "ceremonies" contains "remonies".

7.  **"Eventually, the arrival of the modern era swept away the old feudal system and the samurai class with it."**
    *   "feudal" contains "feud".
    *   "class" contains "lass".

8.  **"Still, when you stand before the surviving stone walls today, they seem to whisper thrilling tales of the past."**
    *   "whisper" contains "whisp".
    *   "tales" contains "ales".
    *   "past" contains "ast".

Let's try combining some of these words. The essay mentions **Samurai**, **Japan**, **Castle**, **Edo**, **Shoguns**, **Feudal**, **Modern**, **Tea**, **Poetry**, **City**, **Culture**, **Stability**, **Silence**, **Bridge**, **Wall**, **Stone**, **Window**, **Tower**, **Siege**, **Attack**, **Power**, **Peace**, **Honor**, **War**, **Honor**, **Honor**, **Honor**.

Wait, let's look at the word **"Honor"** again. It appears twice in the first sentence: "shaping a culture of **honor** and fierce warfare."

Let's look at the word **"War"** or **"Warfare"**.
"Warfare" contains "fare".
"Feudal" contains "feud".

Let's try to construct a phrase using the words found.
"Samurai" -> "murai"
"Japan" -> "pan"
"Castle" -> "tenshu"
"Edo" -> "edo"
"Shoguns" -> "gun"
"Feudal" -> "feud"
"Modern" -> "mod"
"Tea" -> "tea"
"Poetry" -> "poetry"
"City" -> "city"
"Culture" -> "culture"
"Stability" -> "stability"
"Silence" -> "silence"
"Bridge" -> "bridge"
"Wall" -> "wall"
"Stone" -> "stone"
"Window" -> "window"
"Tower" -> "tower"
"Siege" -> "siege"
"Attack" -> "attack"
"Power" -> "power"
"Peace" -> "peace"
"Honor" -> "honor"
"War" -> "war"
"Fear" -> "fear"
"Battle" -> "battle"
"Armor" -> "armor"
"System" -> "system"
"Class" -> "class"
"Past" -> "past"
"Whisper" -> "whisper"
"Tales" -> "tales"
"Time" -> "time"
"History" -> "history"
"Legacy" -> "legacy"
"Memory" -> "memory"
"Echo" -> "echo"
"Sound" -> "sound"
"Silence" -> "silence"
"Bridge" -> "bridge"
"Wall" -> "wall"
"Stone" -> "stone"
"Window" -> "window"
"Tower" -> "tower"
"Siege" -> "siege"
"Attack" -> "attack"
"Power" -> "power"
"Peace" -> "peace"
"Honor" -> "honor"
"War" -> "war"
"Fear" -> "fear"
"Battle" -> "battle"
"Armor" -> "armor"
"System" -> "system"
"Class" -> "class"
"Past" -> "past"
"Whisper" -> "whisper"
"Tales" -> "tales"
"Time" -> "time"
"History" -> "history"
"Legacy" -> "legacy"
"Memory" -> "memory"
"Echo" -> "echo"
"Sound" -> "sound"
"Silence" -> "silence"
"Bridge" -> "bridge"
"Wall" -> "wall"
"Stone" -> "stone"
"Window" -> "window"
"Tower" -> "tower"
"Siege" -> "siege"
"Attack" -> "attack"
"Power" -> "power"
"Peace" -> "peace"
"Honor" -> "honor"
"War" -> "war"
"Fear" -> "fear"
"Battle" -> "battle"
"Armor" -> "armor"
"System" -> "system"
"Class" -> "class"
"Past" -> "past"
"Whisper" -> "whisper"
"Tales" -> "tales"
"Time" -> "time"
"History" -> "history"
"Legacy" -> "legacy"
"Memory" -> "memory"
"Echo" -> "echo"
"Sound" -> "sound"
"Silence" -> "silence"
"Bridge" -> "bridge"
"Wall" -> "wall"
"Stone" -> "stone"
"Window" -> "window"
"Tower" -> "tower"
"Siege" -> "siege"
"Attack" -> "attack"
"Power" -> "power"
"Peace" -> "peace"
"Honor" -> "honor"
"War" -> "war"
"Fear" -> "fear"
"Battle" -> "battle"
"Armor" -> "armor"
"System" -> "system"
"Class" -> "class"
"Past" -> "past"
"Whisper" -> "whisper"
"Tales" -> "tales"
"Time" -> "time"
"History" -> "history"
"Legacy" -> "legacy"
"Memory" -> "memory"
"Echo" -> "echo"
"Sound" -> "sound"
"Silence" -> "silence"
"Bridge" -> "bridge"
"Wall" -> "wall"
"Stone" -> "stone"
"Window" -> "window"
"Tower" -> "tower"
"Siege" -> "siege"
"Attack" -> "attack"
"Power" -> "power"
"Peace" -> "peace"
"Honor" -> "honor"
"War" -> "war"
"Fear" -> "fear"
"Battle" -> "battle"
"Armor" -> "armor"
"System" -> "system"
"Class" -> "class"
"Past" -> "past"
"Whisper" -> "whisper"
"Tales" -> "tales"
"Time" -> "time"
"History" -> "history"
"Legacy" -> "legacy"
"Memory" -> "memory"
"Echo" -> "echo"
"Sound" -> "sound"
"Silence" -> "silence"
"Bridge" -> "bridge"
"Wall" -> "wall"
"Stone" -> "stone"
"Window" -> "window"
"Tower" -> "tower"
"Siege" -> "siege"
"Attack" -> "attack"
"Power" -> "power"
"Peace" -> "peace"
"Honor" -> "honor"
"War" -> "war"
"Fear" -> "fear"
"Battle" -> "battle"
"Armor" -> "armor"
"System" -> "system"
"Class" -> "class"
"Past" -> "past"
"Whisper" -> "whisper"
"Tales" -> "tales"
"Time" -> "time"
"History" -> "history"
"Legacy" -> "legacy"
"Memory" -> "memory"
"Echo" -> "echo"
"Sound" -> "sound"
"Silence" -> "silence"
"Bridge" -> "bridge"
"Wall" -> "wall"
"Stone" -> "stone"
"Window" -> "window"
"Tower" -> "tower"
"Siege" -> "siege"
"Attack" -> "attack"
"Power" -> "power"
"Peace" -> "peace"
"Honor" -> "honor"
"War" -> "war"
"Fear" -> "fear"
"Battle" -> "battle"
"Armor" -> "armor"
"System" -> "system"
"Class" -> "class"
"Past" -> "past"
"Whisper" -> "whisper"
"Tales" -> "tales"
"Time" -> "time"
"History" -> "history"
"Legacy" -> "legacy"
"Memory" -> "memory"
"Echo" -> "echo"
"Sound" -> "sound"
"Silence" -> "silence"
"Bridge" -> "bridge"
"Wall" -> "wall"
"Stone" -> "stone"
"Window" -> "window"
"Tower" -> "tower"
"Siege" -> "siege"
"Attack" -> "attack"
"Power" -> "power"
"Peace" -> "peace"
"Honor" -> "honor"
"War" -> "war"
"Fear" -> "fear"
"Battle" -> "battle"
"Armor" -> "armor"
"System" -> "system"
"Class" -> "class"
"Past" -> "past"
"Whisper" -> "whisper"
"Tales" -> "tales"
"Time" -> "time"
"History" -> "history"
"Legacy" -> "legacy"
"Memory" -> "memory"
"Echo" -> "echo"
"Sound" -> "sound"
"Silence" -> "silence"
"Bridge" -> "bridge"
"Wall" -> "wall"
"Stone" -> "stone"
"Window" -> "window"
"Tower" -> "tower"
"Siege" -> "siege"
"Attack" -> "attack"
"Power" -> "power"
"Peace" -> "peace"
"Honor" -> "honor"
"War" -> "war"
"Fear" -> "fear"
"Battle" -> "battle"
"Armor" -> "armor"
"System" -> "system"
"Class" -> "class"
"Past" -> "past"
"Whisper" -> "whisper"
"Tales" -> "tales"
"Time" -> "time"
"History" -> "history"
"Legacy" -> "legacy"
"Memory" -> "memory"
"Echo" -> "echo"
"Sound" -> "sound"
"Silence" -> "silence"
"Bridge" -> "bridge"
"Wall" -> "wall"
"Stone" -> "stone"
"Window" -> "window"
"Tower" -> "tower"
"Siege" -> "siege"
"Attack" -> "attack"
"Power" -> "power"
"Peace" -> "peace"
"Honor" -> "honor"
"War" -> "war"
"Fear" -> "fear"
"Battle" -> "battle"
"Armor" -> "armor"
"System" -> "system"
"Class" -> "class"
"Past" -> "past"
"Whisper" -> "whisper"
"Tales" -> "tales"
"Time" -> "time"
"History" -> "history"
"Legacy" -> "legacy"
"Memory" -> "memory"
"Echo" -> "echo"
"Sound" -> "sound"
"Silence" -> "silence"
"Bridge" -> "bridge"
"Wall" -> "wall"
"Stone" -> "stone"
"Window" -> "window"
"Tower" -> "tower"
"Siege" -> "siege"
"Attack" -> "attack"
"Power" -> "power"
"Peace" -> "peace"
"Honor" -> "honor"
"War" -> "war"
"Fear" -> "fear"
"Battle" -> "battle"
"Armor" -> "armor"
"System" -> "system"
"Class" -> "class"
"Past" -> "past"
"Whisper" -> "whisper"
"Tales" -> "tales"
"Time" -> "time"
"History" -> "history"
"Legacy" -> "legacy"
"Memory" -> "memory"
"Echo" -> "echo"
"Sound" -> "sound"
"Silence" -> "silence"
"Bridge" -> "bridge"
"Wall" -> "wall"
"Stone" -> "stone"
"Window" -> "window"
"Tower" -> "tower"
"Siege" -> "siege"
"Attack" -> "attack"
"Power" -> "power"
"Peace" -> "peace"
"Honor" -> "honor"
"War" -> "war"
"Fear" -> "fear"
"Battle" -> "battle"
"Armor" -> "armor"
"System" -> "system"
"Class" -> "class"
"Past" -> "past"
"Whisper" -> "whisper"
"Tales" -> "tales"
"Time" -> "time"
"History" -> "history"
"Legacy" -> "legacy"
"Memory" -> "memory"
"Echo" -> "echo"
"Sound" -> "sound"
"Silence" -> "silence"
"Bridge" -> "bridge"
"Wall" -> "wall"
"Stone" -> "stone"
"Window" -> "window"
"Tower" -> "tower"
"Siege" -> "siege"
"Attack" -> "attack"
"Power" -> "power"
"Peace" -> "peace"
"Honor" -> "honor"
"War" -> "war"
"Fear" -> "fear"
"Battle" -> "battle"
"Armor" -> "armor"
"System" -> "system"
"Class" -> "class"
"Past" -> "past"
"Whisper" -> "whisper"
"Tales" -> "tales"
"Time" -> "time"
"History" -> "history"
"Legacy" -> "legacy"
"Memory" -> "memory"
"Echo" -> "echo"
"Sound" -> "sound"
"Silence" -> "silence"
"Bridge" -> "bridge"
"Wall" -> "wall"
"Stone" -> "stone"
"Window" -> "window"
"Tower" -> "tower"
"Siege" -> "siege"
"Attack" -> "attack"
"Power" -> "power"
"Peace" -> "peace"
"Honor" -> "honor"
"War" -> "war"
"Fear" -> "fear"
"Battle" -> "battle"
"Armor" -> "armor"
"System" -> "system"
"Class" -> "class"
"Past" -> "past"
"Whisper" -> "whisper"
"Tales" -> "tales"
"Time" -> "time"
"History" -> "history"
"Legacy" -> "legacy"
"Memory" -> "memory"
"Echo" -> "echo"
"Sound" -> "sound"
"Silence" -> "silence"
"Bridge" -> "bridge"
"Wall" -> "wall"
"Stone" -> "stone"
"Window" -> "window"
"Tower" -> "tower"
"Siege" -> "siege"
"Attack" -> "attack"
"Power" -> "power"
"Peace" -> "peace"
"Honor" -> "honor"
"War" -> "war"
"Fear" -> "fear"
"Battle" -> "battle"
"Armor" -> "armor"
"System" -> "system"
"Class" -> "class"
"Past" -> "past"
"Whisper" -> "whisper"
"Tales" -> "tales"
"Time" -> "time"
"History" -> "history"
"Legacy" -> "legacy"
"Memory" -> "memory"
"Echo" -> "echo"
"Sound" -> "sound"
"Silence" -> "silence"
"Bridge" -> "bridge"
"Wall" -> "wall"
"Stone" -> "stone"
"Window" -> "window"
"Tower" -> "tower"
"Siege" -> "siege"
"Attack" -> "attack"
"Power" -> "power"
"Peace" -> "peace"
"Honor" -> "honor"
"War" -> "war"
"Fear" -> "fear"
"Battle" -> "battle"
"Armor" -> "armor"
"System" -> "system"
"Class" -> "class"
"Past" -> "past"
"Whisper" -> "whisper"
"Tales" -> "tales"
"Time" -> "time"
"History" -> "history"
"Legacy" -> "legacy"
"Memory" -> "memory"
"Echo" -> "echo

