To find the hidden message in this essay, I will read through the text carefully, looking for patterns such as acrostics (where the first letter of each sentence or word spells something out) or specific keywords that stand out.

**Step 1: Analyze the structure**
The text is a short paragraph about the history of the Samurai and Japanese castles. It flows naturally as a narrative. Let's look at the first letter of each sentence to see if they spell a word.

1.  **S**amurai ruled the lands of Japan for centuries...
2.  **A**rchitectural marvels like the towering tenshu...
3.  **Y**et, these fortresses were packed with clever defensive features...
4.  **C**astles eventually transitioned into symbols of political power...
5.  **H**undreds of years of stability followed under the shoguns...
6.  **E**ven the most fearsome warriors began trading their battlefield armor...
7.  **E**ventually, the arrival of the modern era swept away...
8.  **S**till, when you stand before the surviving stone walls today...
9.  **E**very wooden beam and silent moat serves as a lasting bridge...

**Step 2: Extract the letters**
The first letters are: **S, A, Y, C, H, E, E, S, E**.

This doesn't immediately look like a coherent English word or phrase. Let me re-examine the text for a different pattern. Perhaps it's not the first letter of every sentence, but a specific word hidden within the text, or maybe I missed a sentence break.

Let's try looking at the **last letter** of each sentence?
1.  ...centuries. (s)
2.  ...sieges. (s)
3.  ...attackers. (s)
4.  ...battlegrounds. (s)
5.  ...flourish. (h)
6.  ...duties. (s)
7.  ...with it. (t)
8.  ...past. (t)
9.  ...time. (e)
Result: ssshsstte. No obvious message.

Let's try looking at the **first letter of every word** in the text? That would be too long and messy.

Let's reconsider the **first letter of each sentence** again.
S - A - Y - C - H - E - E - S - E.
Wait, let me re-read the sentences.
1. Samurai...
2. Architectural...
3. Yet...
4. Castles...
5. Hundreds...
6. Even...
7. Eventually...
8. Still...
9. Every...

Is it possible the message is hidden in the **bold** or **italic** words? No, there are no formatting markers in the plain text provided.

Let's look closer at the specific terms mentioned.
"ishi otoshi mado" -> stone-dropping windows.
"tenshu" -> castle keeps.

Let's try a different approach. Is there a hidden acrostic in the **first word of each sentence**?
1. **S**amurai
2. **A**rchitectural
3. **Y**et
4. **C**astles
5. **H**undreds
6. **E**ven
7. **E**ventually
8. **S**till
9. **E**very

SAY CHEESE?
Let's check the letters again:
S - A - Y - C - H - E - E - S - E.
"SAY CHEESE" is 8 letters. I have 9 letters here.
S-A-Y-C-H-E-E-S-E.
If I remove the last 'E', it spells **SAY CHEESE**.
Let's check the sentence count again.
1. Samurai...
2. Architectural...
3. Yet...
4. Castles...
5. Hundreds...
6. Even...
7. Eventually...
8. Still...
9. Every...

Wait, "SAY CHEESE" is 8 letters.
S (Samurai)
A (Architectural)
Y (Yet)
C (Castles)
H (Hundreds)
E (Even)
E (Eventually)
S (Still)
E (Every) -> This is the 9th letter.

Is it possible the message is **SAY CHEESE**?
Let's look at the letters: S-A-Y-C-H-E-E-S-E.
If the message is "SAY CHEESE", the last 'E' is extra.
However, "SAY CHEESE" is a very common phrase used in puzzles.
Let's re-read the text to ensure I didn't miss a sentence or split one incorrectly.
"Samurai ruled the lands of Japan for centuries, shaping a culture of honor and fierce warfare." (1)
"Architectural marvels like the towering tenshu (castle keeps) were built not just for beauty, but to survive relentless sieges." (2)
"Yet, these fortresses were packed with clever defensive features, including ishi otoshi mado (stone-dropping windows) designed to crush incoming attackers." (3)
"Castles eventually transitioned into symbols of political power during the peaceful Edo period, rather than acting as active battlegrounds." (4)
"Hundreds of years of stability followed under the shoguns, allowing arts, poetry, and bustling city culture to flourish." (5)
"Even the most fearsome warriors began trading their battlefield armor for tea ceremonies and bureaucratic duties." (6)
"Eventually, the arrival of the modern era swept away the old feudal system and the samurai class with it." (7)
"Still, when you stand before the surviving stone walls today, they seem to whisper thrilling tales of the past." (8)
"Every wooden beam and silent moat serves as a lasting bridge to that legendary time." (9)

The letters are S, A, Y, C, H, E, E, S, E.
"SAY CHEESE" fits perfectly if we ignore the last letter, or perhaps the message is **SAY CHEESE** and the last sentence is just a filler to complete the paragraph?
Or maybe the message is **SAY CHEESE** and the last 'E' is part of the next word? No.

Let's try another pattern. What if we take the **first letter of the first word of each sentence** but skip the last one?
S-A-Y-C-H-E-E-S.
That spells **SAY CHEES**. That's not right.

Let's look at the letters again: **S A Y C H E E S E**.
Could it be **SAY CHEESE**?
S-A-Y (3)
C-H-E-E-S-E (6)
Total 9 letters.
Wait, "CHEESE" has 6 letters.
C-H-E-E-S-E.
So S-A-Y + C-H-E-E-S-E = S-A-Y-C-H-E-E-S-E.
Yes!
S (Samurai)
A (Architectural)
Y (Yet)
C (Castles)
H (Hundreds)
E (Even)
E (Eventually)
S (Still)
E (Every)

The sequence is S-A-Y-C-H-E-E-S-E.
This spells **SAY CHEESE**.

The logic holds up perfectly. The first letter of each of the 9 sentences spells out the phrase "SAY CHEESE".

**Conclusion:**
The hidden message is an acrostic formed by the first letter of each sentence.

1.  **S**amurai...
2.  **A**rchitectural...
3.  **Y**et...
4.  **C**astles...
5.  **H**undreds...
6.  **E**ven...
7.  **E**ventually...
8.  **S**till...
9.  **E**very...

Letters: S-A-Y-C-H-E-E-S-E.
Message: **SAY CHEESE**

The hidden message in the essay is **SAY CHEESE**. [end of text]


