To find the hidden message, I will examine the text for common steganography techniques, such as acrostics (using the first letter of each sentence or word), hidden words, or specific patterns.

**Step 1: Check for an Acrostic (First Letter of Each Sentence)**

Let's look at the first letter of each sentence:

1.  **S**amurai ruled...
2.  **A**rchitectural marvels...
3.  **Y**et, these fortresses...
4.  **C**astles eventually...
5.  **H**undreds of years...
6.  **E**ven the most...
7.  **E**ventually, the arrival...
8.  **S**till, when you stand...
9.  **E**very wooden beam...

The letters are: **S A Y C H E E S E**
This doesn't seem to form a coherent word or phrase.

**Step 2: Check for an Acrostic (First Letter of Each Word)**

Let's look at the first letter of every word in the text:

*   **S**amurai **r**uled **t**he **l**ands **o**f **J**apan **f**or **c**enturies, **s**haping **a** **c**ulture **o**f **h**onor **a**nd **f**ierce **w**arfare.
    *   S r t l o J f c s a c o h a f w
*   **A**rchitectural **m**arvels **l**ike **t**he **t**owering **t**enshu (**c**astle **k**eeps) **w**ere **b**uilt **n**ot **j**ust **f**or **b**eauty, **b**ut **t**o **s**urvive **r**elentless **s**ieges.
    *   A m l t t t c k w b n j f b b t s r s
*   **Y**et, **t**hese **f**ortresses **w**ere **p**acked **w**ith **c**lever **d**efensive **f**eatures, **i**ncluding **i**shi **o**toshi **m**ado (**s**tone-**d**ropping **w**indows) **d**esigned **t**o **c**rush **i**ncoming **a**ttackers.
    *   Y t f w p w c d f i i o m s d w d t c i a
*   **C**astles **e**ventually **t**ransitioned **i**nto **s**ymbols **o**f **p**olitical **p**ower **d**uring **t**he **p**eaceful **E**do **p**eriod, **r**ather **t**han **a**cting **a**s **a**ctive **b**attlegrounds.
    *   C e t i s o p p d t p E p r t a a a b
*   **H**undreds **o**f **y**ears **o**f **s**tability **f**ollowed **u**nder **t**he **s**hoguns, **a**llowing **a**rts, **p**oetry, **a**nd **b**ustling **c**ity **c**ulture **t**o **f**lourish.
    *   H o y o s f u t s a a p a b c c t f
*   **E**ven **t**he **m**ost **f**earsome **w**arriors **b**egan **t**rading **t**heir **b**attlefield **a**rmor **f**or **t**ea **c**eremonies **a**nd **b**ureaucratic **d**uties.
    *   E t m f w b t t b a f t c a b d
*   **E**ventually, **t**he **a**rrival **o**f **t**he **m**odern **e**ra **s**wept **a**way **t**he **o**ld **f**eudal **s**ystem **a**nd **t**he **s**amurai **c**lass **w**ith **i**t.
    *   E t a o t m e s a t o f s a t s c w i
*   **S**till, **w**hen **y**ou **s**tand **b**efore **t**he **s**urviving **s**tone **w**alls **t**oday, **t**hey **s**eem **t**o **w**hisper **t**hrilling **t**ales **o**f **t**he **p**ast.
    *   S w y s b t s s w t t s t w t t o t p
*   **E**very **w**ooden **b**eam **a**nd **s**ilent **m**oat **s**erves **a**s **a** **l**asting **b**ridge **t**o **t**hat **l**egendary **t**ime.
    *   E w b a s m s a a l b t t l t

This sequence is too long and random to be a simple first-letter acrostic.

**Step 3: Check for Bolded or Capitalized Words**

There are no bolded words. However, let's look at the capitalized words that are *not* at the start of a sentence and are not proper nouns (like Japan, Edo, Samurai).

*   "tenshu" is in parentheses.
*   "ishi otoshi mado" is in parentheses.
*   "Edo" is a proper noun.
*   "Samurai" is a proper noun/title.

Let's look closer at the structure. Is there a pattern in the **first word of each line** if formatted differently? No, it's a paragraph.

**Step 4: Re-evaluating the Acrostic (First Letter of Each Sentence)**

Let's look at the first letters again:
1.  **S**
2.  **A**
3.  **Y**
4.  **C**
5.  **H**
6.  **E**
7.  **E**
8.  **S**
9.  **E**

"SAY CHEESE"?
Let's check the 6th sentence: "**E**ven the most..." -> E
7th sentence: "**E**ventually, the arrival..." -> E
8th sentence: "**S**till, when you stand..." -> S
9th sentence: "**E**very wooden beam..." -> E

The sequence is **S A Y C H E E S E**.
Wait, let's look at the 4th sentence again.
"**C**astles eventually..." -> C
5th sentence: "**H**undreds of years..." -> H
6th sentence: "**E**ven the most..." -> E
7th sentence: "**E**ventually..." -> E
8th sentence: "**S**till..." -> S
9th sentence: "**E**very..." -> E

Is it possible I missed a sentence or misidentified the start?
1. Samurai... (S)
2. Architectural... (A)
3. Yet... (Y)
4. Castles... (C)
5. Hundreds... (H)
6. Even... (E)
7. Eventually... (E)
8. Still... (S)
9. Every... (E)

"SAY CHEESE" is a very common phrase. The extra 'E' at the end might be a distractor, or perhaps the last sentence is not part of the message, or I should look at the **last** letter of each sentence?

Let's check the **last letter** of each sentence:
1.  ...warfare. (**e**)
2.  ...sieges. (**s**)
3.  ...attackers. (**s**)
4.  ...battlegrounds. (**s**)
5.  ...flourish. (**h**)
6.  ...duties. (**s**)
7.  ...with it. (**t**)
8.  ...past. (**t**)
9.  ...time. (**e**)

"essshsttte" - No.

Let's go back to the first letters. **S A Y C H E E S E**.
Could the 7th sentence start with a different word? "Eventually" starts with E.
Could the 6th sentence start with a different word? "Even" starts with E.

Is there a hidden message in the **first word of each sentence**?
1.  Samurai
2.  Architectural
3.  Yet
4.  Castles
5.  Hundreds
6.  Even
7.  Eventually
8.  Still
9.  Every

First letters: S, A, Y, C, H, E, E, S, E.

Let's look at the **second word** of each sentence:
1.  ruled
2.  marvels
3.  these
4.  eventually
5.  of
6.  the
7.  the
8.  when
9.  wooden

First letters: r, m, t, e, o, t, t, w, w. No.

Let's look at the **last word** of each sentence:
1.  warfare
2.  sieges
3.  attackers
4.  battlegrounds
5.  flourish
6.  duties
7.  it
8.  past
9.  time

First letters: w, s, a, b, f, d, i, p, t. No.

**Step 5: Look for a different pattern.**

Often, hidden messages in these types of puzzles are formed by the **first letter of each sentence**.
Let's re-read the sentences carefully to ensure I haven't miscounted or missed a sentence break.

1.  **S**amurai ruled the lands of Japan for centuries, shaping a culture of honor and fierce warfare.
2.  **A**rchitectural marvels like the towering tenshu (castle keeps) were built not just for beauty, but to survive relentless sieges.
3.  **Y**et, these fortresses were packed with clever defensive features, including ishi otoshi mado (stone-dropping windows) designed to crush incoming attackers.
4.  **C**astles eventually transitioned into symbols of political power during the peaceful Edo period, rather than acting as active battlegrounds.
5.  **H**undreds of years of stability followed under the shoguns, allowing arts, poetry, and bustling city culture to flourish.
6.  **E**ven the most fearsome warriors began trading their battlefield armor for tea ceremonies and bureaucratic duties.
7.  **E**ventually, the arrival of the modern era swept away the old feudal system and the samurai class with it.
8.  **S**till, when you stand before the surviving stone walls today, they seem to whisper thrilling tales of the past.
9.  **E**very wooden beam and silent moat serves as a lasting bridge to that legendary time.

The letters are **S A Y C H E E S E**.

Is it possible the message is **SAY CHEESE** and the last 'E' is just the end of the text? Or is there a typo in my reading?
Let's check sentence 7 again. "Eventually..." -> E.
Sentence 6: "Even..." -> E.

Maybe the message is **SAY CHEESE** and the final sentence is extra?
Or maybe the message is **SAY CHEESE** and the 9th sentence is not part of the acrostic?

Let's look at the **first letter of the second word** in each sentence again?
1.  ruled (r)
2.  marvels (m)
3.  these (t)
4.  eventually (e)
5.  of (o)
6.  the (t)
7.  the (t)
8.  when (w)
9.  wooden (w)
No.

Let's look at the **first letter of the last word** in each sentence?
1.  warfare (w)
2.  sieges (s)
3.  attackers (a)
4.  battlegrounds (b)
5.  flourish (f)
6.  duties (d)
7.  it (i)
8.  past (p)
9.  time (t)
No.

Let's reconsider the **SAY CHEESE** hypothesis.
S - Samurai
A - Architectural
Y - Yet
C - Castles
H - Hundreds
E - Even
E - Eventually
S - Still
E - Every

It spells **SAY CHEESE**. The extra 'E' at the end is likely just the final sentence completing the paragraph, or the message is simply "SAY CHEESE" and the last sentence is a red herring or the message ends at sentence 8. However, "SAY CHEESE" is a very strong candidate for a hidden message in a text about history/culture (perhaps implying a photo op or a playful tone).

Wait, let's look at the **first letter of each line** if the text were wrapped in a specific way? No, that's unreliable.

Let's look for **bold** or **italic** text? The prompt doesn't show any.

Let's look at the **parentheses**.
1.  (castle keeps)
2.  (stone-dropping windows)

First letters: c, s. No.

Let's look at the **proper nouns**.
Japan, Edo.
J, E. No.

Let's look at the **first letter of every 5th word**?
1.  Samurai (1) ruled (2) the (3) lands (4) **of** (5)
2.  Japan (6) for (7) centuries (8) shaping (9) **a** (10)
3.  culture (11) of (12) honor (13) and (14) **fierce** (15)
4.  warfare (16) Architectural (17) marvels (18) like (19) **the** (20)
5.  towering (21) tenshu (22) castle (23) keeps (24) **were** (25)
6.  built (26) not (27) just (28) for (29) **beauty** (30)
7.  but (31) to (32) survive (33) relentless (34) **sieges** (35)
8.  Yet (36) these (37) fortresses (38) were (39) **packed** (40)
9.  with (41) clever (42) defensive (43) features (44) **including** (45)
10. ishi (46) otoshi (47) mado (48) stone (49) **dropping** (50)
11. windows (51) designed (52) to (53) crush (54) **incoming** (55)
12. attackers (56) Castles (57) eventually (58) transitioned (59) **into** (60)
13. symbols (61) of (62) political (63) power (64) **during** (65)
14. the (66) peaceful (67) Edo (68) period (69) **rather** (70)
15. than (71) acting (72) as (73) active (74) **battlegrounds** (75)
16. Hundreds (76) of (77) years (78) of (79) **stability** (80)
17. followed (81) under (82) the (83) shoguns (84) **allowing** (85)
18. arts (86) poetry (87) and (88) bustling (89) **city** (90)
19. culture (91) to (92) flourish (93) Even (94) **the** (95)
20. most (96) fearsome (97) warriors (98) began (99) **trading** (100)
21. their (101) battlefield (102) armor (103) for (104) **tea** (105)
22. ceremonies (106) and (107) bureaucratic (108) duties (109) **Eventually** (110)
23. the (111) arrival (112) of (113) the (114) **modern** (115)
24. era (116) swept (117) away (118) the (119) **old** (120)
25. feudal (121) system (122) and (123) the (124) **samurai** (125)
26. class (126) with (127) it (128) Still (129) **when** (130)
27. you (131) stand (132) before (133) the (134) **surviving** (135)
28. stone (136) walls (137) today (138) they (139) **seem** (140)
29. to (141) whisper (142) thrilling (143) tales (144) **of** (145)
30. the (146) past (147) Every (148) **wooden** (149)
31. beam (150) and (151) silent (152) moat (153) **serves** (154)
32. as (155) a (156) lasting (157) bridge (158) **to** (159)
33. that (160) legendary (161) time (162)

Letters: o a f t w b s p i d i i d r b s a c t t t t m o s s s o w s o w s t t
No obvious message.

**Conclusion so far:**
The most likely candidate is the acrostic of the first letters of the sentences: **S A Y C H E E S E**.
This spells **SAY CHEESE** with an extra E.
Given that "Say Cheese" is a common phrase, and the text is about history (perhaps implying a "photo" of the past), this is the strongest lead. The extra 'E' might be

