 to=self<|message|>Find the hidden message in this essay:

Samurai ruled... etc.

Think out loud before giving answer.

Hidden message likely first letters? Samurai... S... Architectural... A... Yet... Y... Castles... C... Hundreds... H... Even... E... Eventually... E... Still... S... Every... E...

S A Y C H E E S E ? That spells SAY CHEESE? Let's check.

Sentences:

1 Samurai ruled... -> S
2 Architectural marvels... -> A
3 Yet, these fortresses... -> Y
4 Castles eventually... -> C
5 Hundreds of years... -> H
6 Even the most... -> E
7 Eventually, the arrival... -> E
8 Still, when you... -> S
9 Every wooden beam... -> E

S A Y C H E E S E = SAY CHEESE

Yes.

Hidden message: SAY CHEESE

Probably also first letters of each sentence.

Answer that.

<|start|>assistant to=user<|message|>The message is carried by the first letter of each sentence.

1. **S**amurai ruled the lands of Japan for centuries, shaping a culture of honor and fierce warfare.
2. **A**rchitectural marvels like the towering tenshu (castle keeps) were built not just for beauty, but to survive relentless sieges.
3. **Y**et, these fortresses were packed with clever defensive features, including ishi otoshi mado (stone-dropping windows) designed to crush incoming attackers.
4. **C**astles eventually transitioned into symbols of political power during the peaceful Edo period, rather than acting as active battlegrounds.
5. **H**undreds of years of stability followed under the shoguns, allowing arts, poetry, and bustling city culture to flourish.
6. **E**ven the most fearsome warriors began trading their battlefield armor for tea ceremonies and bureaucratic duties.
7. **E**ventually, the arrival of the modern era swept away the old feudal system and the samurai class with it.
8. **S**till, when you stand before the surviving stone walls today, they seem to whisper thrilling tales of the past.
9. **E**very wooden beam and silent moat serves as a lasting bridge to that legendary time.

S A Y C H E E S E → **SAY CHEESE** [end of text]


