 Sure, let's think through this step by step.

1. **Identify Key Words**: We need to look for words or phrases that might stand out or seem unusual. These could be specific terms, unusual phrases, or anything that seems to be emphasized.

2. **Pattern Recognition**: Sometimes hidden messages are created by taking the first letter of each sentence or paragraph. Let's try that approach first.

   - **First letter of each sentence**:
     - Samurai
     - Architectural
     - Yet
     - Castles
     - Hundreds
     - Even
     - Eventually
     - Still

   - **First letter of each paragraph**:
     - Samurai
     - Every

3. **Analyze the Letters**:
   - From the first letters of each sentence, we get: SAYCHEES
   - From the first letters of each paragraph, we get: SE

4. **Check for Other Patterns**:
   - Let's try the last letter of each sentence:
     - i
     - s
     - y
     - s
     - s
     - y
     - t
     - y

   - This gives us: isyssyty

5. **Contextual Clues**:
   - The essay discusses the history and culture of samurai and their castles.
   - It mentions architectural features, transitions in power, and the eventual decline of the samurai class.

6. **Possible Hidden Message**:
   - The first letters of each sentence don't form a coherent word or phrase.
   - The first letters of each paragraph give us "SE," which could be the start of a word but doesn't provide a clear message.
   - The last letters of each sentence also don't form a coherent word or phrase.

Given the context and the lack of a clear pattern from the first or last letters, let's re-examine the text for any other unusual features or emphasized words.

7. **Re-examine for Emphasized Words**:
   - The text emphasizes certain architectural features and historical transitions.
   - Words like "tenshu," "ishi otoshi mado," and "Edo period" stand out as specific and unusual.

8. **Possible Acrostic**:
   - Let's try the first letter of each emphasized word or phrase:
     - tenshu
     - ishi otoshi mado
     - Edo period

   - This gives us: TIE

9. **Conclusion**:
   - The hidden message could be "TIE," which might symbolize the connection between the past and present, the transition from warfare to peace, or the lasting influence of samurai culture.

Therefore, the hidden message in the essay is likely "TIE." [end of text]


