Okay, let's analyze this essay for a hidden message. Here's my thought process:

1. **Look for Acronyms/Initialisms:** The most common method for hidden messages is to take the first letter of each sentence. Let's try that:

   * **S**amurai ruled the lands of Japan for centuries...
   * **A**rchitectural marvels like the towering tenshu...
   * **Y**et, these fortresses were packed with clever defensive features...
   * **A**nd these fortresses were packed with clever defensive features...
   * **M**any castles eventually transitioned into symbols of political power...
   * **U**nder the shoguns, allowing arts, poetry...
   * **R**ather than acting as active battlegrounds.
   * **A**nd the samurai class with it.
   * **I**n the surviving stone walls today...
   * **S**erving as a lasting bridge to that legendary time.

   This spells out "SAYAMURAIS". That's a bit odd, but it's a start. It looks like a name.

2. **Consider Other Patterns:**  Maybe it's not just the first letter of each sentence. Could it be the first letter of *significant* words? That's harder to discern without a clear definition of "significant."

3. **Look for Keywords:** The essay focuses on Japanese history, specifically samurai and castles. Are there any words that stand out as potentially being part of a code?  "Samurai," "Castles," "Stone," "Windows" - these are all prominent.

4. **Back to the Initialism:** "SAYAMURAIS" is a bit strange. Could it be a misspelling or a deliberate alteration of a word? "Samurai" is the obvious connection. Perhaps the "SAY" part is a clue. "Say" as in, "to tell." The essay *does* talk about the walls whispering tales.

5. **Re-examine the Initialism with a Different Perspective:** Let's try taking the first letter of *every* sentence, regardless of length.

   * **S**amurai ruled...
   * **A**rchitectural marvels...
   * **Y**et, these fortresses...
   * **A**nd these fortresses...
   * **M**any castles eventually...
   * **U**nder the shoguns...
   * **R**ather than acting...
   * **A**nd the samurai class...
   * **I**n the surviving stone walls...
   * **S**erving as a lasting bridge...

   This still gives us "SAYAMURAIS."

6. **The "Say" Connection:** The essay mentions the walls "whisper thrilling tales."  What if the message is related to *telling* a story?  And what if "SAYAMURAIS" is meant to be read as "Say Samurai"?

**Therefore, the hidden message is "Say Samurai."** It's a simple instruction, likely meant to encourage the reader to remember or share the stories of the samurai.



 [end of text]


