Here are the answers:

**Q1:** 1 + 1 = **2**

**Q2:** 6 × 7 = **42**

**Q3:** 83 × 59 = **4,897**
*(83 × 60 = 4,980; minus 83 = 4,897)*

**Q4:** 349 × 683 = **238,367**
*(349 × 683 = 349 × 600 + 349 × 80 + 349 × 3 = 209,400 + 27,920 + 1,047 = 238,367)*

**Q5:** 6,043 × 7,489 = **45,258,027**
*(6,043 × 7,489 = 6,043 × 7,000 + 6,043 × 400 + 6,043 × 80 + 6,043 × 9 = 42,301,000 + 2,417,200 + 483,440 + 54,387 = 45,258,027)*

**Q6:** 3x + 7 = 22
Subtract 7 from both sides: 3x = 15
Divide by 3: **x = 5**

**Q7:** 25% of 80 = **20**

**Q8:** The book costs $15. You gave $20 + $5 = $25. Change = $25 − $15 = **$10**

**Q9:** Perimeter of a square = 4 × side = 4 × 5 = **20 units**

**Q10:** Katherine has two brothers and a sister. That's 3 children besides Katherine. Her mother has Katherine + 2 brothers + 1 sister = **4 children**

**Q11:** 3 + 12 ÷ 4 − 1
Division first: 12 ÷ 4 = 3
Then: 3 + 3 − 1 = **5**

**Q12:** This is a riddle-style question. The answer depends on how many people are at the party, but typically a birthday cake is cut into slices for everyone present. With 5 guests plus Tom = 6 people. A common answer is **6 slices** (one for each person), though some might say 5 (just the guests). I'd say **6 slices** is the most reasonable answer.

**Q13:** 20% off $25 = $25 × 0.20 = $5 off. Sale price = $25 − $5 = **$20**

**Q14:** From 3:45 PM to 6:30 PM.
3:45 PM to 6:45 PM = 3 hours = 180 minutes.
6:30 PM is 15 minutes before 6:45 PM.
180 − 15 = **165 minutes** (or 2 hours 45 minutes)

**Q15:** 22 people ÷ 4 per taxi = 5.5, so you need **6 taxis** (5 taxis carry 20 people, and the remaining 2 need a 6th taxi)

**Q16:** Sum of angles in a triangle = 180°.
180 − 31 − 62 = **87 degrees** [end of text]


