 to=self<|message|>Give the answer for these questions. If you are not sure...

Q1: 1+1=2
Q2: 6*7=42
Q3: 83*59= 83*60 -83 =4980-83=4897
Q4: 349*683 =? 349*683. 349*600=209400, 349*80=27920 =>237320, 349*3=1047 =>238367
Check: 349*683 = 238,367
Q5: 6043*7489 =? Compute approx. 6043*7489. Let's do 6043*7500=45,322,500 minus 6043*11=66,473 =>45,256,027. Wait 7500-7489=11. So 45,322,500-66,473=45,256,027.
Q6: 3x+7=22 =>3x=15 =>x=5
Q7: 25% of 80 =20
Q8: book $15, give two 20 =40, plus 5 =45 paid. Change =45-15=30. Wait she doesn't have exact change? Actually she gives change? Problem: I give her additional five dollar bill. What is final change? Paid 45, cost 15 =>30 change.
Q9: perimeter square side5 =20
Q10: Katherine has two brothers and a sister. How many children does her mother have? Katherine +2 brothers +1 sister =4
Q11: 3+12÷4-1 =3+3-1=5
Q12: Tom is holding birthday party. 5 guests have arrived. How many slices... ambiguous. Probably 5 slices? Or 6 including Tom? I am not sure, but I think answer is 5 slices for guests, or 6 total. Might say 5 slices. Could say insufficient info. I'll give 5 slices for guests, 6 including host.
Q13: $25 20% off => $20
Q14: 3:45 PM to 6:30 PM = 2h45m =165 minutes
Q15: taxi 4 passengers, 22 people => ceil(22/4)=6 taxis (5 full +2)
Q16: third angle =180-31-62=87 degrees

Provide answers.

<|start|>assistant to=user<|message|>Q1: 1+1 = **2**

Q2: 6*7 = **42**

Q3: 83*59 = **4,897**

Q4: 349*683 = **238,367**

Q5: 6043*7489 = **45,256,027**

Q6: 3x + 7 = 22
3x = 15
x = **5**

Q7: 25% of 80 = **20**

Q8: Paid = 2×$20 + $5 = $45. Cost = $15.
Change = $45 - $15 = **$30**

Q9: Perimeter of a square = 4 × side
P = 4 × 5 = **20 units**

Q10: Katherine + 2 brothers + 1 sister = **4 children**

Q11: 3 + 12 ÷ 4 - 1 = 3 + 3 - 1 = **5**

Q12: I am not sure, but I think the answer is **5 slices for the 5 guests**. If you include Tom the host, 6 slices total are needed. The problem as stated does not specify whether the host eats.

Q13: 20% off $25 = $25 × 0.20 = $5 discount
Sale price = $25 - $5 = **$20**

Q14: From 3:45 PM to 6:30 PM = 2 h 45 min = 165 min
**165 minutes**

Q15: 22 ÷ 4 = 5.5 → 6 taxis needed
**6 taxis**

Q16: Third angle = 180° - 31° - 62° = **87 degrees** [end of text]


