Here are the answers to your questions:

**Q1: 1+1=?**
Answer: 2

**Q2: 6*7=?**
Answer: 42

**Q3: 83*59=?**
Answer: 4897
*(Calculation: $83 \times 59 = 83 \times (60 - 1) = 4980 - 83 = 4897$)*

**Q4: 349*683=?**
Answer: 238,367
*(Calculation: $349 \times 683 = 238,367$)*

**Q5: 6043*7489=?**
Answer: 45,256,027
*(Calculation: $6043 \times 7489 = 45,256,027$)*

**Q6: Solve the equation: 3x + 7 = 22.**
Answer: $x = 5$
*(Steps: Subtract 7 from both sides: $3x = 15$. Divide by 3: $x = 5$.)*

**Q7: What is 25% of 80?**
Answer: 20
*(Calculation: $0.25 \times 80 = 20$)*

**Q8: I buy a book that costs $15. I give the shopkeeper two 20 dollar bills, but she does not have exact change. So I give her a an additional five dollar bill. What is the final change the shopkeeper should give me?**
Answer: $25
*(Reasoning: Total given = $\$20 + \$20 + \$5 = \$45$. Cost = $\$15$. Change = $\$45 - \$15 = \$30$. Wait, let's re-read carefully. "I give the shopkeeper two 20 dollar bills... So I give her an additional five dollar bill." This implies the total tendered is $\$20 + \$20 + \$5 = \$45$. The item costs $\$15$. The change is $\$45 - \$15 = \$30$.
*Correction*: Let's look at the phrasing again. Usually, these riddles imply you are trying to make the change easier. If you give $\$40$ and she can't make change for $\$15$ (needs $\$25$ change), you add $\$5$ to make the total $\$45$. She needs to give you $\$30$ change.
*Alternative interpretation*: Did I misread the bills? "Two 20 dollar bills" = $\$40$. "Additional five dollar bill" = $\$5$. Total = $\$45$. Cost = $\$15$. Change = $\$30$.
*Let's check if there is a trick.* If she doesn't have exact change for $\$40$ (which would be $\$25$ change), maybe she doesn't have $\$25$? By adding $\$5$, you are asking for $\$30$ change. This is a standard arithmetic problem.
Answer: **$30**

**Q9: Find the perimeter of a square with a side length of 5 units.**
Answer: 20 units
*(Calculation: $4 \times 5 = 20$)*

**Q10: Katherine has two brothers and a sister. How many children does her mother have?**
Answer: 4
*(Reasoning: Katherine + 2 brothers + 1 sister = 4 children.)*

**Q11: Evaluate the expression 3 + 12 ÷ 4 - 1**
Answer: 5
*(Order of operations: Division first: $12 \div 4 = 3$. Then addition/subtraction left to right: $3 + 3 - 1 = 6 - 1 = 5$.)*

**Q12: Tom is holding a birthday party. 5 guests have arrived. How many slices of birthday cake do they need?**
Answer: 6
*(Reasoning: Tom (the host) + 5 guests = 6 people. Assuming one slice per person.)*

**Q13: If a shirt originally costs $25 and is on sale for 20% off, what is the sale price?**
Answer: $20
*(Calculation: $20\%$ of $\$25 = \$5$. $\$25 - \$5 = \$20$.)*

**Q14: If a clock shows 3:45 PM, how many minutes are left until 6:30 PM?**
Answer: 165 minutes
*(Calculation: From 3:45 to 4:45 is 60 mins. From 4:45 to 5:45 is 60 mins. From 5:45 to 6:30 is 45 mins. Total: $60 + 60 + 45 = 165$ minutes.)*

**Q15: A taxi can carry 4 passengers. How many taxis are needed for a group of 22 people?**
Answer: 6
*(Calculation: $22 \div 4 = 5.5$. Since you cannot have half a taxi, you must round up to the next whole number. 5 taxis carry 20 people, leaving 2 people. So, 6 taxis are needed.)*

**Q16: If a triangle has two angles measuring 31 degrees and 62 degrees, what is the measure of the third angle?**
Answer: 87 degrees
*(Calculation: Sum of angles in a triangle is $180^\circ$. $180 - (31 + 62) = 180 - 93 = 87$.)* [end of text]


