 to=self<|message|>Give the answer for all these questions. Provide steps. If you are not sure about the answer, you can say "I am not sure, but I think the answer is ..."

Q1: What is significance of number 120? Tell me some interesting properties.

Q2: Solve equation x^2 -7x -18=0

Q3: Train travels 60 km/h between two cities 200km apart. How many round trips can it make within full day?

Provide steps.

Q1: 120 is factorial 5! , highly composite, abundant, triangular number? 120 is 5! , 120 = 1+2+...+15? Actually triangular 15 =120. Also 120 is number of edges of... etc. Significance: 120 degrees in... 120 is number of... Provide properties.

Q2: x^2 -7x -18=0 => (x-9)(x+2)=0 => x=9, -2

Q3: One way 200 km at 60 km/h = 200/60 = 3.333... h = 3h20m. Round trip = 6h40m = 6.666... h. In 24h: 24 / 6.666... = 3.6. So 3 full round trips. If count partial? Within full day = 3 round trips, with time left. If allow start at midnight? 3 complete. If can start at 0 and finish at 24? 3 trips = 20h, remaining 4h. So 3.

If counting trips starting? Could be 3 round trips, 4 one-way? Might be 3.

Provide steps.

Return answer.

<|start|>assistant to=user<|message|>**Q1: The number 120**

120 is one of the most famous highly composite numbers in mathematics.

Significance and interesting properties:

* **Factorial:** 120 = 5! = 1 × 2 × 3 × 4 × 5. It is also 6! / 720? No. It is the number of permutations of 5 objects.
* **Highly composite:** 120 has 16 divisors: 1, 2, 3, 4, 5, 6, 8, 10, 12, 15, 20, 24, 30, 40, 60, 120. More divisors than any smaller number.
* **Triangular and hexagonal:** 120 is the 15th triangular number. T15 = 15×16/2 = 120. It is also the 10th hexagonal number.
* **Abundant number:** Sum of proper divisors = 1+2+3+4+5+6+8+10+12+15+20+24+30+40+60 = 240 > 120. It is the smallest abundant number with 16 divisors.
* **Practical number:** Every number up to 120 can be expressed as a sum of distinct divisors of 120.
* **Geometry:** The interior angle of a regular pentagon is 108°, and 120° is the angle of a regular hexagon. 120 is the number of degrees in a 1/3 turn.
* **Chemistry / Biology:** 120 is the atomic number of Unbinilium, the theoretical element 120. It is also the approximate number of species in a typical ecological community.

**Q2: Solve x² - 7x - 18 = 0**

Factor the quadratic.

We need two numbers that multiply to -18 and add to -7.

-9 × +2 = -18
-9 + 2 = -7

So:
x² - 7x - 18 = (x - 9)(x + 2) = 0

Set each factor to zero:
x - 9 = 0  =>  x = 9
x + 2 = 0  =>  x = -2

Solution: x = 9 or x = -2

Check: 9² - 7×9 -18 = 81 -63 -18 =0 ✓
(-2)² -7×(-2) -18 =4 +14 -18 =0 ✓

**Q3: Round trips in a full day**

One way distance = 200 km
Speed = 60 km/h

Time one way = Distance / Speed = 200 / 60 h = 10/3 h = 3 h 20 min

Round trip time = 2 × 10/3 h = 20/3 h = 6 h 40 min = 6.666... h

Number of round trips in 24 h:
N = 24 / (20/3) = 24 × 3 / 20 = 72 / 20 = 3.6

You can complete 3 full round trips in 24 hours.

Time used for 3 round trips = 3 × 6 h 40 min = 20 h 0 min
Time remaining = 24 h - 20 h = 4 h

I am not sure, but I think the answer is 3 complete round trips, with 4 hours left for a partial trip. If partial trips are counted, 3.6 trips can be made. [end of text]


