Here are the answers and steps for your questions.

### Q1: What is the significance of the number 120? Tell me some of its interesting properties.

The number 120 is significant in mathematics, history, and daily life due to its high divisibility and cultural references.

**Interesting Properties:**

1.  **Highly Composite Number:**
    *   120 is a **highly composite number**, meaning it has more divisors than any smaller positive integer.
    *   Its divisors are: 1, 2, 3, 4, 5, 6, 8, 10, 12, 15, 20, 24, 30, 40, 60, 120.
    *   Total number of divisors: **16**.
    *   This makes it very useful in timekeeping (60 seconds in a minute, 60 minutes in an hour) and geometry (dividing circles).

2.  **Factorial:**
    *   $120 = 5!$ (5 factorial), which is $5 \times 4 \times 3 \times 2 \times 1$.

3.  **Triangular Number:**
    *   120 is the **15th triangular number**.
    *   Formula: $T_n = \frac{n(n+1)}{2}$.
    *   For $n=15$: $\frac{15 \times 16}{2} = \frac{240}{2} = 120$.
    *   This means you can arrange 120 dots in a perfect triangle with 15 dots on each side.

4.  **Pentagonal Number:**
    *   120 is also the **8th pentagonal number**.
    *   Formula: $P_n = \frac{n(3n-1)}{2}$.
    *   For $n=8$: $\frac{8(24-1)}{2} = \frac{8 \times 23}{2} = 4 \times 23 = 92$? Wait, let me re-check.
    *   Let's check $n=8$: $\frac{8(3 \times 8 - 1)}{2} = \frac{8 \times 23}{2} = 92$.
    *   Let's check $n=9$: $\frac{9(27-1)}{2} = \frac{9 \times 26}{2} = 9 \times 13 = 117$.
    *   Let's check $n=10$: $\frac{10(30-1)}{2} = \frac{10 \times 29}{2} = 5 \times 29 = 145$.
    *   *Correction*: 120 is **not** a pentagonal number. It is a **hexagonal number**.
    *   Hexagonal number formula: $H_n = n(2n-1)$.
    *   For $n=8$: $8(16-1) = 8 \times 15 = 120$. Yes, 120 is the **8th hexagonal number**.

5.  **Cultural/Practical Significance:**
    *   **Time:** There are 120 minutes in 2 hours.
    *   **Geometry:** The interior angle of a regular dodecagon (12-sided polygon) is $150^\circ$, but the central angle is $30^\circ$. More relevantly, 120 degrees is the angle between the bonds in a methane molecule ($CH_4$) in its tetrahedral geometry? No, that's $109.5^\circ$. However, $120^\circ$ is the bond angle in a trigonal planar molecule (like $BF_3$).
    *   **History:** The Roman numeral for 120 is **CXX**.
    *   **Pop Culture:** "120" is often associated with the speed limit in some countries (e.g., 120 km/h on highways in many European countries).

---

### Q2: Solve the equation: $x^2 - 7x - 18 = 0$

**Step 1: Identify the coefficients.**
The equation is in the form $ax^2 + bx + c = 0$, where:
*   $a = 1$
*   $b = -7$
*   $c = -18$

**Step 2: Factor the quadratic equation.**
We need to find two numbers that multiply to $c$ ($-18$) and add up to $b$ ($-7$).
Let the numbers be $p$ and $q$.
*   $p \times q = -18$
*   $p + q = -7$

Let's list factor pairs of $-18$:
*   $1$ and $-18$ (Sum: $-17$)
*   $-1$ and $18$ (Sum: $17$)
*   $2$ and $-9$ (Sum: $-7$) $\leftarrow$ **This is the correct pair.**
*   $-2$ and $9$ (Sum: $7$)
*   $3$ and $-6$ (Sum: $-3$)
*   $-3$ and $6$ (Sum: $3$)

So, the factors are $2$ and $-9$.

**Step 3: Write the factored form.**
$(x + 2)(x - 9) = 0$

**Step 4: Solve for $x$.**
Set each factor to zero:
1.  $x + 2 = 0 \Rightarrow x = -2$
2.  $x - 9 = 0 \Rightarrow x = 9$

**Answer:**
The solutions are **$x = -2$** and **$x = 9$**.

---

### Q3: A train travels at an average speed of 60 km/h between two cities that are 200km apart. Assume the time stationed in the cities is negligible, how many round trips can it make between the two cities within a full day?

**Step 1: Determine the distance of one round trip.**
*   One way distance = $200$ km.
*   Round trip distance = $2 \times 200$ km = **$400$ km**.

**Step 2: Calculate the time taken for one round trip.**
*   Speed = $60$ km/h.
*   Time = $\frac{\text{Distance}}{\text{Speed}}$
*   Time for one round trip = $\frac{400 \text{ km}}{60 \text{ km/h}}$
*   Time = $\frac{40}{6}$ hours = $\frac{20}{3}$ hours = **$6$ hours and $40$ minutes** (or $6.666...$ hours).

**Step 3: Determine the total time available in a full day.**
*   A full day = **$24$ hours**.

**Step 4: Calculate the number of round trips.**
*   Number of trips = $\frac{\text{Total Time}}{\text{Time per Round Trip}}$
*   Number of trips = $\frac{24}{\frac{20}{3}}$
*   Number of trips = $24 \times \frac{3}{20}$
*   Number of trips = $\frac{72}{20}$
*   Number of trips = **$3.6$**

**Step 5: Interpret the result.**
The train can complete 3 full round trips and will have time left over for 60% of another round trip. Since the question asks how many *complete* round trips it can make, we take the integer part.

**Answer:**
The train can make **3** complete round trips within a full day. [end of text]


