**Q1: Significance and interesting properties of 120**

120 is a highly composite number — it has more divisors than any smaller positive integer. Its divisors are: 1, 2, 3, 4, 5, 6, 8, 10, 12, 15, 20, 24, 30, 40, 60, 120 (16 divisors).

- It is the smallest number with 16 divisors.
- It is the smallest number that is both a triangular number (10th triangular number: 1+2+...+10 = 55? No — 120 is the 15th triangular number: 1+2+...+15 = 120) and a pentagonal number (14th pentagonal number).
- It is the smallest abundant number that is also a triangular number.
- In chemistry, 120 is the atomic number of Nobelium (No).
- In music, 120 is the number of notes in a 120-tone equal temperament scale (a variant of 12-tone).
- In combinatorics, 120 = 5! (5 factorial = 5×4×3×2×1).
- It is the number of edges in the complete graph K₅ (5 vertices, each connected to 4 others: 5×4/2 = 10? No — K₅ has 10 edges). Actually, 120 = number of permutations of 5 objects (5!).
- 120 is the number of diagonals in a 15-sided polygon? No — that's 105. 120 is the number of diagonals in a 16-gon? No — 16-gon has 112 diagonals. Let me not state uncertain facts.

**Q2: Solve x² - 7x - 18 = 0**

Factor the quadratic: find two numbers that multiply to -18 and add to -7. Those are -9 and +2.

(x - 9)(x + 2) = 0

So, x = 9 or x = -2.

**Q3: Round trips in a day**

One-way trip: 200 km at 60 km/h = 200/60 = 3.333 hours (3h20m).
Round trip: 2 × 3.333 = 6.667 hours (6h40m).
Full day: 24 hours.
Number of round trips: 24 / 6.667 = 3.6.

So the train can make **3 full round trips** within a day (with 4 hours remaining, not enough for a 4th round trip).

If we count partial trips, it could complete 3 full round trips and be 40 minutes into the 4th.

**Summary:**
- Q1: 120 is a highly composite number, 5!, the 15th triangular number, and the atomic number of Nobelium.
- Q2: x = 9 or x = -2.
- Q3: 3 full round trips (with 4 hours left over). [end of text]


