Here are the answers to your questions, complete with steps and explanations:

**Q1: What is the significance of the number 120? Tell me some of its interesting properties.**

The number 120 is highly significant in mathematics, science, and history. Here are some of its interesting properties:

*   **Highly Composite Number:** 120 is a highly composite number, meaning it has more divisors (16 of them) than any smaller positive integer. Its divisors are 1, 2, 3, 4, 5, 6, 8, 10, 12, 15, 20, 24, 30, 40, 60, and 120.
*   **Factorial Connection:** It is the factorial of 5 (written as 5!), which means $5 \times 4 \times 3 \times 2 \times 1 = 120$. 
*   **Sum of Twin Primes:** 120 is the sum of a pair of twin primes (59 + 61).
*   **Geometry:** 120 is the sum of the interior angles of a hexagon ($120 \times 6 = 720$ degrees, but each individual interior angle of a regular hexagon is exactly 120 degrees). It is also the number of faces in the "120-cell," a regular convex 4-dimensional polytope.
*   **Practical/Historical Significance:** In timekeeping, 120 is the number of minutes in 2 hours. In commerce, it is commonly used as a standard quantity for a "gross" (though a gross is actually 144, 120 is often sold as a "small gross" or "great hundred"). It was also the standard number of men in a Roman century (though practically, it usually fluctuated).

***

**Q2: Solve the equation: x^2 - 7x - 18 = 0**

**Steps to solve:**
We can solve this quadratic equation by factoring. We need to find two numbers that multiply to $-18$ (the constant term) and add up to $-7$ (the coefficient of the middle term).

1.  Find the factors of $-18$ that add to $-7$:
    *   $(-9) \times 2 = -18$
    *   $(-9) + 2 = -7$
2.  Rewrite the quadratic equation in factored form using these two numbers:
    $(x - 9)(x + 2) = 0$
3.  Set each factor equal to zero to solve for $x$:
    $x - 9 = 0$  or  $x + 2 = 0$
4.  Solve for $x$:
    $x = 9$  or  $x = -2$

**Answer:**
The solutions to the equation are **$x = 9$ and $x = -2$**.

***

**Q3: A train travels at an average speed of 60 km/h between two cities that are 200km apart. Assume the time stationed in the cities is negligible, how many round trips can it make between the two cities within a full day?**

**Steps to solve:**
1.  **Calculate the distance of one round trip:**
    A round trip means going from City A to City B and back to City A.
    Distance of one round trip = $200 \text{ km} + 200 \text{ km} = 400 \text{ km}$.
2.  **Calculate the time it takes for one round trip:**
    Time = Distance ÷ Speed
    Time for one round trip = $400 \text{ km} \div 60 \text{ km/h} = \frac{400}{60} \text{ hours} = \frac{40}{6} \text{ hours} = \frac{20}{3} \text{ hours}$ (which is $6 \frac{2}{3}$ hours, or 6 hours and 40 minutes).
3.  **Calculate the total time in a full day:**
    A full day has 24 hours.
4.  **Calculate the number of round trips:**
    Number of trips = Total time in a day ÷ Time for one round trip
    Number of trips = $24 \div \frac{20}{3}$
    To divide by a fraction, multiply by its reciprocal:
    Number of trips = $24 \times \frac{3}{20} = \frac{72}{20} = 3.6$

**Answer:**
Since the train can only complete *whole* round trips, it can complete **3 full round trips** within a full day (taking exactly 20 hours). The remaining 4 hours of the day are not enough to complete a 4th round trip (which would require 6 hours and 40 minutes). [end of text]


