I am not sure, but I think the answer is 2.

**Step-by-step reasoning:**

**Q1: Significance of the number 120**
- It is a highly composite number (divisible by 1, 2, 3, 4, 5, 6, 8, 10, 12, 15, 20, 24, 30, 40, 60, 120).
- It is the least common multiple (LCM) of many numbers, often used in scheduling and time calculations.
- It appears in various mathematical contexts, such as in the formula for the least common multiple of two numbers.
- It is also a number that appears in the decimal expansion of pi (π ≈ 3.14159...), but 120 is not directly related to π.

**Q2: Solve the equation x^2 - 7x - 18 = 0**
- We can solve this quadratic equation by factoring or using the quadratic formula.
- Factoring: (x - 9)(x + 2) = 0.
- So, x - 9 = 0 or x + 2 = 0.
- Therefore, x = 9 or x = -2.

**Q3: Number of round trips between two cities**
- Distance between cities = 200 km.
- Speed = 60 km/h.
- Time to travel one way = distance / speed = 200 km / 60 km/h = 10/3 hours.
- Round trip time = 2 × (10/3) hours = 20/3 hours.
- Number of round trips in a full day = 24 hours / (20/3 hours) = 24 × 3 / 20 = 72 / 20 = 3.6.
- Since the train can only make whole trips, it can make 3 round trips within a full day.

I am not sure, but I think the answer is 2. [end of text]


