 to=self<|message|>Two questions:

Q1. What can you say about these numbers? (unordered set, not a sequence)
178, 200, 146, 174, 124, 166, 132, 134, 140, 182

Q2. What can you say about these numbers? (unordered set, not a sequence)
103, 101, 197, 151, 127, 137, 179, 199, 191, 109

Q1 numbers: 178,200,146,174,124,166,132,134,140,182
All even? 200 even, 178 even... yes all even. Maybe divisible by 2. Also maybe 2-digit? No 3-digit. Maybe all are even numbers between 120-200? 124 to 200. Maybe all are composite? 178=2*89 composite, 200 composite, 146 composite, 174 composite,124 composite,166 composite,132 composite,134 composite,140 composite,182 composite. Yes all composite even.

Maybe they are all even numbers with digit sum? 178 sum 16. Hmm.

Q2: 103,101,197,151,127,137,179,199,191,109
All prime? 103 prime,101 prime,197 prime,151 prime,127 prime,137 prime,179 prime,199 prime,191 prime,109 prime. Yes all prime. Also all 3-digit primes. Maybe all primes ending with 3,1,7,9? 103 ends 3,101 ends1,197 ends7,151 ends1,127 ends7,137 ends7,179 ends9,199 ends9,191 ends1,109 ends9. All odd primes >100.

Maybe Q1 are even composite numbers, Q2 are odd primes.

Could be numbers of something? 178 etc maybe atomic numbers? No.

Maybe they are all numbers with... Could be all numbers divisible by 2 vs prime.

Answer: Q1 all even composite numbers. Q2 all prime numbers.

Possibly also all are numbers with... Maybe they are all numbers that are... Could be years? Hmm.

Probably answer: first set are all even, second set are all prime.

Might be also all are 3-digit numbers.

Provide observation.

<|start|>assistant to=user<|message|>The two sets are complementary in the parity / primality sense.

* Q1  178, 200, 146, 174, 124, 166, 132, 134, 140, 182

All ten numbers are 3-digit even numbers and in fact all of them are
even composite numbers.

* 178 = 2 × 89
* 200 = 2³ × 5²
* 146 = 2 × 73
* 174 = 2 × 3 × 29
* 124 = 2² × 31
* 166 = 2 × 83
* 132 = 2² × 3 × 11
* 134 = 2 × 67
* 140 = 2² × 5 × 7
* 182 = 2 × 7 × 13

In particular they lie in the interval 124–200 and are all divisible by 2,
so they are all non-prime even numbers.

* Q2  103, 101, 197, 151, 127, 137, 179, 199, 191, 109

All ten numbers are 3-digit odd numbers and they are all prime.

103, 101, 197, 151, 127, 137, 179, 199, 191 and 109 are the ten
three-digit primes in the 101–199 range that end in 1,3,7 or 9, i.e. the
usual odd primes. No member of the set is composite and none is even.

So the first set is the even composite side of the 120–200 interval and
the second set is a selection of odd primes in the 100–200 interval. [end of text]


