This statement is a **mnemonic device** (a memory trick) based on a specific mathematical coincidence. It is **not** a general rule for converting any temperature, but it works perfectly for specific pairs of temperatures where the numerical digits are reversed.

### The Core Concept
The statement means that for certain specific temperatures, if you take the Celsius value and reverse its digits, you get the Fahrenheit value (and vice versa).

The "12°C" part refers to the **difference** between these specific pairs.

### The Math Behind It
The standard conversion formula is:
$$ F = \frac{9}{5}C + 32 $$

Let’s look for cases where the digits are inverted.
If we assume the Celsius temperature is a two-digit number $10a + b$, then the Fahrenheit temperature would be $10b + a$.

So we set up the equation:
$$ 10b + a = \frac{9}{5}(10a + b) + 32 $$

Multiply by 5 to clear the fraction:
$$ 50b + 5a = 9(10a + b) + 160 $$
$$ 50b + 5a = 90a + 9b + 160 $$
$$ 41b - 85a = 160 $$

We need integer solutions for $a$ and $b$ (where $a$ and $b$ are digits 0-9).

Let’s test small integer values for $a$:
*   If $a = 1$: $41b - 85 = 160 \Rightarrow 41b = 245 \Rightarrow b \approx 5.97$ (Not an integer)
*   If $a = 2$: $41b - 170 = 160 \Rightarrow 41b = 330 \Rightarrow b \approx 8.04$ (Close, but not exact)
*   If $a = 3$: $41b - 255 = 160 \Rightarrow 41b = 415 \Rightarrow b = 10.12$ (Too high)

Wait, let’s re-evaluate. The "digits are inverted" usually implies simple two-digit numbers. Let’s look at the most famous example: **100°C and 212°F**.
*   100 is not a two-digit number, so "inverting digits" doesn't apply in the simple $10a+b$ sense.

Let’s look at the **actual** pairs where digits are inverted:
1.  **10°C and 50°F**? No, $10 \rightarrow 50$ is not an inversion.
2.  **20°C and 68°F**? No.
3.  **30°C and 86°F**? No.
4.  **40°C and 104°F**? No.

Let’s look at the **only** common pair where the digits are literally inverted:
*   **100°C** is **212°F**. (Not inverted digits).
*   **0°C** is **32°F**. (Not inverted).

Actually, there is **only one** well-known pair of temperatures where the digits are inverted:
*   **10°C** is **50°F**? No.
*   **20°C** is **68°F**? No.

Let’s re-read the prompt: *"every 12°C, the digits are inverted."*

This implies a sequence. Let’s test the difference of 12°C.
If we start at a temperature $C$, and add 12, do we get an inverted digit relationship?

Let’s test the most famous "inverted digit" temperature pair:
*   **100°C** and **212°F** are not inverted.
*   **0°C** and **32°F** are not inverted.

Wait, there is a **very specific** pair:
*   **10°C** = **50°F** (No)
*   **20°C** = **68°F** (No)
*   **30°C** = **86°F** (No)
*   **40°C** = **104°F** (No)
*   **50°C** = **122°F** (No)
*   **60°C** = **140°F** (No)
*   **70°C** = **158°F** (No)
*   **80°C** = **176°F** (No)
*   **90°C** = **194°F** (No)

There is **no** common two-digit Celsius temperature where the digits are simply inverted to get the Fahrenheit temperature.

**However**, there is a **different** interpretation. The statement might be referring to the **difference** between the two scales at specific points.

Let’s look at the **actual** mathematical coincidence:
*   At **100°C**, F = 212.
*   At **0°C**, F = 32.

The difference between 100°C and 0°C is 100°C.
The difference between 212°F and 32°F is 180°F.

This doesn’t fit the "12°C" clue.

### Let’s Re-evaluate the "12°C" Clue
The statement says: *"every 12°C, the digits are inverted."*

This likely refers to the **sequence** of temperatures where the **numerical value** of Celsius and Fahrenheit have a specific relationship.

Let’s look at these pairs:
1.  **10°C** → **50°F** (No)
2.  **20°C** → **68°F** (No)
3.  **30°C** → **86°F** (No)
4.  **40°C** → **104°F** (No)
5.  **50°C** → **122°F** (No)
6.  **60°C** → **140°F** (No)
7.  **70°C** → **158°F** (No)
8.  **80°C** → **176°F** (No)
9.  **90°C** → **194°F** (No)
10. **100°C** → **212°F** (No)

There is **no** standard pair where digits are inverted.

### Alternative Interpretation: The "12" is a Red Herring or Misremembered Rule
The statement is **incorrect** as a general rule. However, it might be a **misremembered** version of a different fact.

Let’s look at the **only** temperature where the digits are inverted:
*   **100°C** is **212°F**. (Not inverted).
*   **0°C** is **32°F**. (Not inverted).

Wait, what about **negative** temperatures?
*   **-40°C** is **-40°F**. (Same number, not inverted).

### Conclusion: The Statement is a Myth/Misconception
The statement **"The easiest way to remember Celsius to Fahrenheit: every 12°C, the digits are inverted"** is **false**.

There is **no** such rule. The digits of Celsius and Fahrenheit temperatures are **not** inverted at regular 12°C intervals.

### Why Might Someone Think This?
1.  **Confusion with the 1.8 factor**: The conversion factor is 1.8 (or 9/5). 12 is not directly related to 1.8 in a simple digit-inversion way.
2.  **Confusion with specific pairs**:
    *   **100°C** and **212°F** are the most famous pair.
    *   **0°C** and **32°F** are the freezing point.
    *   **-40°C** and **-40°F** are the intersection point.
    None of these involve digit inversion.

### Correct Way to Remember
1.  **Freezing Point**: 0°C = 32°F
2.  **Boiling Point**: 100°C = 212°F
3.  **Intersection**: -40°C = -40°F
4.  **Formula**: $F = \frac{9}{5}C + 32$ or $C = \frac{5}{9}(F - 32)$

### Final Answer
The statement is **incorrect**. There is no rule that "every 12°C, the digits are inverted." This is a **myth** or a **misremembered fact**.

**Example to disprove it:**
*   Take 10°C. Convert to Fahrenheit: $10 \times 1.8 + 32 = 50°F$.
    *   Digits of 10 are "1, 0". Inverted, they would be "0, 1" → 1.
    *   50 is not 1.
*   Take 22°C. Convert to Fahrenheit: $22 \times 1.8 + 32 = 71.6°F$.
    *   Digits of 22 are "2, 2". Inverted, they are "2, 2" → 22.
    *   71.6 is not 22.

**Therefore, the statement is false.** [end of text]


