This phrase is a clever **mathematical mnemonic (memory trick)**. It points out a fascinating numerical coincidence on the temperature scale: for a specific set of numbers, every time you go up by 12 degrees Celsius, the digits in the temperature simply swap places to give you the Fahrenheit equivalent. 

Here is exactly how it works, followed by the examples.

### The Pattern
If you have a two-digit Celsius temperature where the digits are **X** and **Y**, the Fahrenheit equivalent will be the exact same digits, but inverted to **Y** and **X**. 

To get to the next "magic" number, you add 12 to the Celsius temperature. When you do, the digits invert again.

### The Examples
Here is the sequence of numbers where this trick works perfectly:

*   **16°C** becomes **61°F** (The "1" and "6" swap places)
*   **28°C** becomes **82°F** (The "2" and "8" swap places)
*   **40°C** becomes **04°F** (The "4" and "0" swap places)

### Why does this happen? (The Math)
The actual formula to convert Celsius to Fahrenheit is: **(°C × 9/5) + 32 = °F**. 

If we write 9/5 as 1.8, the formula is **(°C × 1.8) + 32 = °F**. 

Let's look at why 16°C works:
1. 16 × 1.8 = 28.8
2. 28.8 + 32 = **60.8°F** (which rounds up to **61°F**)

Now let's look at 28°C:
1. 28 × 1.8 = 50.4
2. 50.4 + 32 = **82.4°F** (which rounds down to **82°F**)

### The Catch (Why you should be careful using this)
While this is a super fun party trick and a great way to remember a few specific temperatures, **it is not a universal conversion rule.** It only works for the three examples listed above. 

If you try to use this trick outside of that sequence, it fails completely. For example:
*   If you think "12°C plus 12 is 24°C," you might guess that 24°C inverts to 42°F. But the actual conversion is **75.2°F**.
*   If you try to start at the beginning with 12°C, you might guess it inverts to 21°F. But the actual conversion is **53.6°F**.

**Summary:** The phrase is a neat memory trick to instantly know that 16°C is 61°F, 28°C is 82°F, and 40°C is 04°F. Because these are common, comfortable ambient temperatures, it gives you a few quick anchor points in your head without having to do any math! [end of text]


