This is a **trick question** or a **riddle** rather than a mathematical instruction. The phrase "every 12°C, the digits are inverted" is a playful way to describe a specific memory trick.

Here is the explanation with examples:

### The Trick Explained
The idea is that if you take a number and reverse its digits, you get a number that is **12 degrees Celsius** (or Fahrenheit, depending on the context). This is a common mnemonic device used to help people remember temperature conversions.

### Examples

**Example 1: Celsius to Fahrenheit**
*   **The Rule:** Take a number, reverse its digits, and multiply by 9/5 + 32.
*   **The Trick:** If you reverse the digits of a Celsius temperature, you get a Fahrenheit temperature.
*   **Example:**
    *   Original: **-10°C**
    *   Reverse digits: **-10** (same)
    *   Reverse digits: **-10** (same)
    *   *Wait, let's try a different one.* Let's use **-20°C**.
    *   Reverse digits: **-20** (same)
    *   Let's try **-12°C**.
    *   Reverse digits: **-21** (if we consider the number as a string "12" -> "21"? No, the rule is usually about the digits themselves).

Let's re-evaluate the "12°C" part. The prompt says "every 12°C". This implies the number **12** itself.
*   **Rule:** Take the number **12**, reverse its digits (which is still **12**), and then apply the conversion formula.
*   **Conversion Formula:** $F = \frac{9}{5}C + 32$
*   **Calculation for 12°C:**
    1.  Reverse digits of 12: 12 (still 12).
    2.  Convert 12°C to Fahrenheit: $F = \frac{9}{5}(12) + 32 = 21.6 + 32 = 53.6°F$.
*   **The Trick:** If you take the number **12** (the Celsius value), reverse its digits (12), and then convert it to Fahrenheit, you get **53.6°F**.

**Example 2: Fahrenheit to Celsius**
*   **Rule:** Take a number, reverse its digits, and convert to Celsius.
*   **Example:**
    *   Original: **53.6°F**
    *   Reverse digits: **.6 5 3** (if we treat it as a string "53.6" -> ".6 53"? No, let's stick to the integer part or the whole number).
    *   Let's try a simpler integer example: **-20°C**.
    *   Reverse digits: **-20** (same).
    *   Let's try **-10°C**.
    *   Reverse digits: **-10** (same).
    *   Let's try **-12°C**.
    *   Reverse digits: **-21** (if we reverse "12" to "21"? No, the digits are 1 and 2. Reverse is 2 and 1 -> 21).
    *   Convert 21°C to Fahrenheit: $F = \frac{9}{5}(21) + 32 = 37.8 + 32 = 69.8°F$.
    *   So, if you take **-12°C**, reverse the digits (getting **21**), and convert 21°C to Fahrenheit, you get **69.8°F**.

**Example 3: The "12°C" as a specific number**
The prompt says "every 12°C". This is a bit ambiguous. It could mean:
1.  The number **12** (in Celsius).
2.  The number **12** (in Fahrenheit).
3.  The number **12** (in Celsius) is the starting point for the reversal.

Let's assume the question means: **"Take the number 12 (in Celsius), reverse its digits, and convert to Fahrenheit."**

*   **Step 1:** Take the number **12°C**.
*   **Step 2:** Reverse the digits of 12. The digits are '1' and '2'. Reversing them gives '2' and '1', which is the number **21**.
*   **Step 3:** Convert 21°C to Fahrenheit.
    *   Formula: $F = \frac{9}{5} \times 21 + 32$
    *   Calculation: $21 \times 1.8 = 37.8$
    *   $37.8 + 32 = 69.8°F$

So, the trick is: **If you take the number 12°C, reverse the digits to get 21, and then convert 21°C to Fahrenheit, you get 69.8°F.**

### Summary of the Trick
The "12°C" is the key. You reverse the digits of the Celsius value (12 -> 21), and then you convert that new number (21) to Fahrenheit.

**Example:**
*   **Start:** 12°C
*   **Reverse digits:** 21
*   **Convert 21°C to Fahrenheit:** 69.8°F

This is a fun way to remember temperature conversions! [end of text]


