This is a clever memory trick or pattern observation about Celsius to Fahrenheit conversions, but it is **not a mathematically exact rule** for all temperatures. It works as a rough approximation for a specific range of temperatures.

Let's break it down.

**What it means:**

The trick says that if you look at a Celsius temperature that is a multiple of 12 (like 12°C, 24°C, 36°C, etc.), the digits of that number are the reverse (inverted) of the digits of the corresponding Fahrenheit temperature.

**Examples:**

Let's test this with the temperatures mentioned.

1.  **12°C**
    - Celsius: 12
    - Fahrenheit (actual): 12°C * 9/5 + 32 = 53.6°F (rounds to 54°F)
    - **Trick check:** The digits of Celsius (12) are "1" and "2". The digits of Fahrenheit (54) are "5" and "4". This is **not** a simple inversion of digits. The trick fails here.

2.  **24°C**
    - Celsius: 24
    - Fahrenheit (actual): 24°C * 9/5 + 32 = 75.2°F (rounds to 75°F)
    - **Trick check:** Celsius digits (2, 4) → Fahrenheit digits (7, 5). Not an inversion.

3.  **36°C**
    - Celsius: 36
    - Fahrenheit (actual): 36°C * 9/5 + 32 = 96.8°F (rounds to 97°F)
    - **Trick check:** Celsius digits (3, 6) → Fahrenheit digits (9, 7). Not an inversion.

**Wait, the trick actually works for a different set of numbers!**

The trick is often misremembered. The actual pattern is for **multiples of 10**, not 12. Let's check that:

- **10°C** = 50°F (Digits: 1,0 → 5,0. Not an inversion.)
- **20°C** = 68°F (Digits: 2,0 → 6,8. Not an inversion.)
- **30°C** = 86°F (Digits: 3,0 → 8,6. **This is an inversion!**)
- **40°C** = 104°F (Digits: 4,0 → 1,0,4. Not an inversion.)

So the trick only works perfectly for **30°C = 86°F**.

**The actual useful trick (and the one you might be thinking of):**

There is a well-known, **exact** mathematical trick for converting Celsius to Fahrenheit in your head, but it doesn't involve inverting digits. It's:

**"Double it and add 30"**

This is an approximation, but it's very useful for everyday temperatures.

- **Example:** 20°C → Double it (40) + 30 = 70°F. (Actual: 68°F. Close enough!)
- **Example:** 30°C → Double it (60) + 30 = 90°F. (Actual: 86°F. A bit off, but still a good ballpark.)

**Conclusion:**

The statement "every 12°C, the digits are inverted" is **incorrect** as a general rule. The only temperature where the digits invert perfectly is **30°C = 86°F**. The trick is likely a misremembered or oversimplified version of a pattern that only works for that one specific temperature. For a quick mental conversion, the "double it and add 30" method is much more practical. [end of text]


