 to=self<|message|>What does this mean? Explain with examples. You may start over with your answer if you think you may have made a mistake when answering.

"The easiest way to remember Celsius to Fahrenheit: every 12°C, the digits are inverted."

We need explain meaning. Every 12°C digits inverted? Probably means 12°C = 53.6°F ~ 54°F digits 12 -> 21? Hmm.

Maybe pattern: 0°C = 32°F, 12°C = 53.6°F ~ 54°F digits 12 inverted to 21? No.

Alternative interpretation: every 12°C increment, Celsius digits invert to Fahrenheit? Let's test: 12°C = 53.6°F ~ 54°F. Digits 1 and 2 inverted? 21? Not.

Maybe means 12°C = 53°F, 24°C = 75°F, 36°C = 96°F. Digits inverted? 12 -> 21? No.

Wait maybe they mean 12°C difference corresponds to ~22°F difference? No.

Could be meme: 12°C = 53°F, digits 12 inverted to 21? No.

Maybe they mean 12°C = 53°F, 24°C = 75°F, 36°C = 97°F. The tens digit of Fahrenheit is roughly Celsius +? Hmm.

Alternative: Every 12°C, the digits are inverted meaning 12°C = 53°F, 24°C = 75°F, 36°C = 97°F, 48°C = 118°F. Not invert.

Maybe they refer to 0°C = 32°F, 12°C = 54°F, 24°C = 75°F, 36°C = 97°F. The Celsius tens digit becomes Fahrenheit units? 12 -> 5? No.

Could be wrong meme. Explain that it's not accurate.

Probably explain: 12°C ≈ 54°F, digits 12 become 54? No.

Maybe they mean 12°C = 53.6°F ~ 54°F, so 12 -> 54? Hmm.

Better answer: It's a mnemonic that is false/misleading. Provide correct conversion.

Explain with examples: 0°C=32°F, 20°C=68°F, 30°C=86°F. No inversion.

Maybe they mean 12°C increments: 12°C = 53°F, 24°C = 75°F, 36°C = 97°F. The Celsius number's digits swap? 12 -> 21? No.

I think answer: It's a joke, not accurate. Provide correct formula.

Let's respond explaining misconception.

<|start|>assistant to=user<|message|>The sentence is a meme / a bad mnemonic. It is not a reliable rule for converting Celsius to Fahrenheit, and it is not really true in the way it sounds.

The idea people are trying to get at is that the Fahrenheit scale is roughly 2x the Celsius scale plus 32, so the numbers move fast enough that if you go up in steps of about 12°C you go up about 22°F. That is close to "inverting" the digits in a very loose, visual way.

Let's test it:

The real conversion is:
°F = °C × 9/5 + 32

* 0°C = 0 × 9/5 + 32 = 32°F
* 12°C = 12 × 9/5 + 32 = 21.6 + 32 = 53.6°F ≈ 54°F
* 24°C = 24 × 9/5 + 32 = 43.2 + 32 = 75.2°F ≈ 75°F
* 36°C = 36 × 9/5 + 32 = 64.8 + 32 = 96.8°F ≈ 97°F
* 48°C = 48 × 9/5 + 32 = 86.4 + 32 = 118.4°F ≈ 118°F

So every +12°C is about +21.6°F. That's why people say "every 12°C the digits are inverted". They are looking at 12°C ≈ 54°F and thinking "12 becomes 54" or 24°C ≈ 75°F and thinking "24 becomes 75". It is a visual coincidence, not a mathematical inversion.

A true digit inversion would be 12°C → 21°F, which is false. 12°C is 53.6°F, not 21°F.

The only places where the digits actually look swapped are a few coincidences:

* 20°C = 68°F. 20 and 68 are not an inversion.
* 30°C = 86°F. 30 and 86 are not an inversion.
* 37°C = 98.6°F. That's the famous human body temperature coincidence.

The reliable way to remember is the formula:
°F = °C × 1.8 + 32
°C = (°F - 32) × 5/9

The "every 12°C" trick is just a rough mental shortcut for estimating, not a rule you can invert digits with. [end of text]


