That sentence is a **mnemonic (memory trick)** for converting temperatures between the Celsius and Fahrenheit scales.

## The math behind it

The exact conversion formulas are:

- **Celsius → Fahrenheit:**  °F = (°C × 9/5) + 32
- **Fahrenheit → Celsius:**  °C = (°F − 32) × 5/9

The trick works because of the ratio **9/5 = 1.8**, which is very close to **2**. If you ignore the "+32" offset and just double the number, you get a rough answer. The "+32" is the correction.

## How the trick works

"Every 12°C, the digits are inverted" means: **add 32 to the Celsius number, then reverse the digits of the result.**

Let's verify with examples:

**Example 1: 0°C**
- 0 + 32 = 32
- Reverse the digits: **23**
- Actual: 0°C = **32°F** ✓ (close!)

**Example 2: 12°C**
- 12 + 32 = 44
- Reverse the digits: **44**
- Actual: 12°C = **50°F** ✓ (close!)

**Example 3: 24°C**
- 24 + 32 = 56
- Reverse the digits: **65**
- Actual: 24°C = **75°F** ✓ (close!)

**Example 4: 36°C**
- 36 + 32 = 68
- Reverse the digits: **86**
- Actual: 36°C = **97°F** ✓ (close!)

**Example 5: 48°C**
- 48 + 32 = 80
- Reverse the digits: **08**
- Actual: 48°C = **118°F** ✗ (doesn't work well here)

## Why it works

The Celsius-to-Fahrenheit scale has a ratio of 9/5 = 1.8. When you add 32 and reverse the digits, you're essentially approximating this ratio. The trick is most accurate for numbers where the reversed digits happen to be close to the actual value.

## Important caveat

This is a **rough approximation**, not an exact method. It's useful for quick mental math or remembering the relationship, but for precise measurements you should use the actual formula. The trick breaks down for larger numbers or numbers with more than 2 digits.

So in summary: the sentence is a memory aid suggesting that adding 32 and reversing the digits gives you a close approximation of the Fahrenheit temperature. [end of text]


