Here are the step-by-step solutions to the three questions.

### **Preliminary Calculations**

First, let's establish the parameters of the elevator's motion.

1.  **Distance per floor:**
    The problem states there is a 40-story building and each floor is 5 meters tall.
    *   Distance from Ground Floor (1/F) to Top Floor (40/F):
        $$ \text{Number of intervals} = 40 - 1 = 39 \text{ floors} $$
        $$ \text{Total Distance } (D_{total}) = 39 \times 5 \text{ m} = 195 \text{ m} $$

2.  **Motion Profile:**
    The elevator accelerates at $a = 1 \, \text{m/s}^2$, reaches a maximum speed $v_{max} = 5 \, \text{m/s}$, and decelerates at $a = 1 \, \text{m/s}^2$ to stop.
    
    Let's analyze the time and distance required to reach maximum speed and to stop from maximum speed.
    
    *   **Time to accelerate to $v_{max}$ ($t_{acc}$):**
        $$ v = u + at \implies 5 = 0 + 1 \cdot t_{acc} \implies t_{acc} = 5 \, \text{s} $$
        
    *   **Distance covered during acceleration ($d_{acc}$):**
        $$ d = ut + \frac{1}{2}at^2 \implies d_{acc} = 0 + \frac{1}{2}(1)(5^2) = 12.5 \, \text{m} $$
        
    *   **Time to decelerate from $v_{max}$ to 0 ($t_{dec}$):**
        Due to symmetry (same magnitude of acceleration), $t_{dec} = 5 \, \text{s}$.
        
    *   **Distance covered during deceleration ($d_{dec}$):**
        Due to symmetry, $d_{dec} = 12.5 \, \text{m}$.

    *   **Total distance for full acceleration/deceleration cycle ($d_{cycle}$):**
        $$ d_{cycle} = d_{acc} + d_{dec} = 12.5 + 12.5 = 25 \, \text{m} $$
        
    *   **Total time for full acceleration/deceleration cycle ($t_{cycle}$):**
        $$ t_{cycle} = t_{acc} + t_{dec} = 5 + 5 = 10 \, \text{s} $$

    **Decision Rule for any trip distance $D$:**
    *   If $D < d_{cycle}$ (i.e., $D < 25$ m), the elevator never reaches $v_{max}$. It accelerates for half the distance and decelerates for the other half.
    *   If $D \ge d_{cycle}$ (i.e., $D \ge 25$ m), the elevator accelerates to $v_{max}$, travels at constant speed, and then decelerates.

---

### **Question 1: How long does it take for a person to get from the ground floor to the top floor?**

**Step 1: Determine the total distance.**
As calculated in the preliminary section:
$$ D = 195 \, \text{m} $$

**Step 2: Check if the elevator reaches maximum speed.**
Since $195 \, \text{m} > 25 \, \text{m}$, the elevator will reach its maximum speed of $5 \, \text{m/s}$.

**Step 3: Calculate the distance traveled at constant speed.**
$$ D_{const} = D_{total} - d_{acc} - d_{dec} $$
$$ D_{const} = 195 - 12.5 - 12.5 = 170 \, \text{m} $$

**Step 4: Calculate the time spent at constant speed.**
$$ t_{const} = \frac{D_{const}}{v_{max}} = \frac{170}{5} = 34 \, \text{s} $$

**Step 5: Calculate total time.**
$$ T_{total} = t_{acc} + t_{const} + t_{dec} $$
$$ T_{total} = 5 + 34 + 5 = 44 \, \text{s} $$

**Answer 1:** It takes **44 seconds**.

---

### **Question 2: Two people get on the same lift on the ground floor. First person goes to 10/F and second person goes to 30/F. How long does it take?**

The elevator must stop at 10/F first, then continue to 30/F. We need to calculate the time for two separate segments:
1.  Ground (1/F) to 10/F
2.  10/F to 30/F

**Segment 1: 1/F to 10/F**

*   **Distance ($D_1$):**
    $$ \text{Floors} = 10 - 1 = 9 $$
    $$ D_1 = 9 \times 5 = 45 \, \text{m} $$
*   **Check max speed:**
    $45 \, \text{m} > 25 \, \text{m}$, so it reaches max speed.
*   **Time calculation:**
    *   $t_{acc} = 5 \, \text{s}$
    *   $d_{acc} = 12.5 \, \text{m}$
    *   $d_{dec} = 12.5 \, \text{m}$
    *   $D_{const1} = 45 - 12.5 - 12.5 = 20 \, \text{m}$
    *   $t_{const1} = \frac{20}{5} = 4 \, \text{s}$
    *   $t_{dec} = 5 \, \text{s}$
    *   **Total Time for Segment 1 ($T_1$):** $5 + 4 + 5 = 14 \, \text{s}$

**Segment 2: 10/F to 30/F**

*   **Distance ($D_2$):**
    $$ \text{Floors} = 30 - 10 = 20 $$
    $$ D_2 = 20 \times 5 = 100 \, \text{m} $$
*   **Check max speed:**
    $100 \, \text{m} > 25 \, \text{m}$, so it reaches max speed.
*   **Time calculation:**
    *   $t_{acc} = 5 \, \text{s}$
    *   $d_{acc} = 12.5 \, \text{m}$
    *   $d_{dec} = 12.5 \, \text{m}$
    *   $D_{const2} = 100 - 12.5 - 12.5 = 75 \, \text{m}$
    *   $t_{const2} = \frac{75}{5} = 15 \, \text{s}$
    *   $t_{dec} = 5 \, \text{s}$
    *   **Total Time for Segment 2 ($T_2$):** $5 + 15 + 5 = 25 \, \text{s}$

**Total Time:**
$$ T_{total} = T_1 + T_2 = 14 + 25 = 39 \, \text{s} $$

*(Note: This calculation assumes the elevator stops instantly at 10/F and starts instantly. In reality, there is a dwell time for doors opening/closing, but the problem asks for the time based on acceleration/speed constraints, implying we ignore dwell time or assume it's negligible/zero for the physics calculation.)*

**Answer 2:** It takes **39 seconds**.

---

### **Question 3: Two people get on the same lift on the ground floor. First person goes to 40/F. Assuming the second person does not go to the same (40/F) floor, what is the minimum time it will take for the lift to get to 40/F if it has to stop at another floor between 1/F and 40/F?**

To minimize the total time to reach 40/F, we must minimize the "penalty" caused by the intermediate stop.
The penalty consists of:
1.  Decelerating to a stop at the intermediate floor.
2.  Accelerating back up to speed (or continuing the journey).

Let the intermediate floor be $F$. The distance from 1/F to $F$ is $D_A$, and from $F$ to 40/F is $D_B$.
Total Distance $D_{total} = 195$ m.

The time taken is the sum of the time for the first leg (1/F to $F$) and the second leg ($F$ to 40/F).

Let's analyze the "cost" of a stop.
If the elevator were to go straight to 40/F, the time is 44s (from Q1).
By stopping at an intermediate floor, we break the journey into two parts.
Generally, stopping and starting again adds time because you lose the constant speed phase or shorten it.

To find the **minimum** time, we should choose the intermediate floor that causes the least disruption to the optimal motion profile.
The most efficient motion profile involves reaching $v_{max}$ as quickly as possible and maintaining it for as long as possible.

Let's test the two extreme cases for the intermediate stop location, as the function of time vs. stop location is likely convex (minimum in the middle or at extremes? Let's check). Actually, usually, stopping near the beginning or end is "cheaper" than stopping in the middle where you are at max speed, because you haven't gained much speed yet or you are about to stop anyway.

**Case A: Stop at the first possible floor (2/F)**
*   **Leg 1: 1/F to 2/F**
    *   Distance $D_1 = 1 \times 5 = 5$ m.
    *   Since $5 < 25$ m, the elevator does not reach max speed.
    *   It accelerates for distance $d_1$ and decelerates for distance $d_1$ such that $2d_1 = 5 \implies d_1 = 2.5$ m.
    *   Time to accelerate to peak velocity $v_{peak}$:
        $$ v_{peak}^2 = 2ad_1 = 2(1)(2.5) = 5 \implies v_{peak} = \sqrt{5} \approx 2.236 \, \text{m/s} $$
    *   Time to accelerate: $t_{acc1} = \frac{v_{peak}}{a} = \sqrt{5} \approx 2.236$ s.
    *   Time to decelerate: $t_{dec1} = \sqrt{5} \approx 2.236$ s.
    *   Total Time Leg 1 ($T_1$) = $2\sqrt{5} \approx 4.472$ s.

*   **Leg 2: 2/F to 40/F**
    *   Distance $D_2 = 38 \times 5 = 190$ m.
    *   Since $190 > 25$ m, it reaches max speed.
    *   $t_{acc2} = 5$ s, $d_{acc2} = 12.5$ m.
    *   $t_{dec2} = 5$ s, $d_{dec2} = 12.5$ m.
    *   $D_{const2} = 190 - 12.5 - 12.5 = 165$ m.
    *   $t_{const2} = \frac{165}{5} = 33$ s.
    *   Total Time Leg 2 ($T_2$) = $5 + 33 + 5 = 43$ s.

*   **Total Time (Case A):** $4.472 + 43 = 47.472$ s.

**Case B: Stop at the last possible floor before 40/F (39/F)**
*   **Leg 1: 1/F to 39/F**
    *   Distance $D_1 = 38 \times 5 = 190$ m.
    *   Same calculation as Leg 2 in Case A.
    *   Total Time Leg 1 ($T_1$) = $43$ s.

*   **Leg 2: 39/F to 40/F**
    *   Distance $D_2 = 1 \times 5 = 5$ m.
    *   Same calculation as Leg 1 in Case A.
    *   Total Time Leg 2 ($T_2$) = $2\sqrt{5} \approx 4.472$ s.

*   **Total Time (Case B):** $43 + 4.472 = 47.472$ s.

**Case C: Stop in the middle (e.g., 20/F or 21/F)**
Let's check stopping at 20/F.
*   **Leg 1: 1/F to 20/F**
    *   Distance $D_1 = 19 \times 5 = 95$ m.
    *   $95 > 25$, reaches max speed.
    *   $D_{const1} = 95 - 25 = 70$ m.
    *   $t_{const1} = 70/5 = 14$ s.
    *   $T_1 = 5 + 14 + 5 = 24$ s.

*   **Leg 2: 20/F to 40/F**
    *   Distance $D_2 = 20 \times 5 = 100$ m.
    *   $100 > 25$, reaches max speed.
    *   $D_{const2} = 100 - 25 = 75$ m.
    *   $t_{const2} = 75/5 = 15$ s.
    *   $T_2 = 5 + 15 + 5 = 25$ s.

*   **Total Time (Case C):** $24 + 25 = 49$ s.

Comparing the cases:
*   Stop at 2/F or 39/F: **~47.47 s**
*   Stop at 20/F: **49 s**
*   Direct trip (no stop): **44 s**

It appears that stopping at the very beginning or the very end minimizes the added time. Why?
When you stop at 2/F, you only "waste" time on a very short distance (5m) where you wouldn't have reached max speed anyway. The penalty is the difference between the time to travel 5m with a stop vs without a stop? No, it's the difference between the time to travel 5m (accel-decel) + 190m (accel-const-decel) vs 195m (accel-const-decel).

Let's verify if there is a better spot.
The "penalty" of a stop is roughly the time lost by not traveling at $v_{max}$ during the deceleration and acceleration phases of the stop, plus the fact that you might not reach $v_{max}$ in the short segments.

Let's look at the function more closely.
If we stop at floor $k$ (distance $D_k = 5(k-1)$ from start), and the remaining distance is $D_{rem} = 195 - D_k$.
Time $T(D) = \text{Time}(D)$.
We want to minimize $T(D_k) + T(195 - D_k)$.

We know $T(D)$ for $D \ge 25$ is $10 + \frac{D-25}{5} = \frac{D}{5} + 5$.
We know $T(D)$ for $D < 25$ is $2\sqrt{D}$ (derived from $v^2=2ad$, $t=v/a$, $d=vt/2 \rightarrow t = \sqrt{2d/a}$? Wait.
Let's re-verify $T(D)$ for $D < 25$.
$v_{peak}^2 = 2 a (D/2) = aD$.
$t_{acc} = v_{peak}/a = \sqrt{aD}/a = \sqrt{D/a}$.
$t_{total} = 2 t_{acc} = 2\sqrt{D/a}$. With $a=1$, $T(D) = 2\sqrt{D}$.

So, we want to minimize $f(x) = T(x) + T(195-x)$ where $x$ is the distance of the first leg.
Possible values for $x$ are multiples of 5: $5, 10, 15, \dots, 190$.

Let's evaluate $f(x)$ for small $x$ and large $x$.
If $x < 25$ and $195-x > 25$:
$f(x) = 2\sqrt{x} + (\frac{195-x}{5} + 5) = 2\sqrt{x} + 39 - \frac{x}{5} + 5 = 2\sqrt{x} - \frac{x}{5} + 44$.
Let $g(x) = 2\sqrt{x} - 0.2x$.
To find the minimum, take derivative: $g'(x) = \frac{1}{\sqrt{x}} - 0.2$.
Set to 0: $\frac{1}{\sqrt{x}} = 0.2 \implies \sqrt{x} = 5 \implies x = 25$.
The function $g(x)$ increases until $x=25$ and then decreases?
Let's check the second derivative: $g''(x) = -0.5 x^{-1.5} < 0$. So $x=25$ is a **maximum**.
This means the function $f(x)$ is **convex** (U-shaped) in this region? No, if the derivative goes from positive to negative, it's a maximum.
Wait, $g'(x) = x^{-0.5} - 0.2$.
For $x < 25$, $\sqrt{x} < 5$, so $1/\sqrt{x} > 0.2

