We have a building with 40 floors, each 5 m tall.  
So total height from ground floor (1/F) to top floor (40/F) is:

\[
\text{Height} = (40 - 1) \times 5 = 39 \times 5 = 195 \text{ meters}
\]

The elevator has:
- Acceleration \( a = 1 \, \text{m/s}^2 \)
- Deceleration \( a = 1 \, \text{m/s}^2 \) (same magnitude)
- Max speed \( v_{\max} = 5 \, \text{m/s} \)

---

### **Question 1: Ground to top floor (40/F)**

We first check if the elevator reaches max speed.

**Time to reach max speed**:
\[
t_{\text{acc}} = \frac{v_{\max}}{a} = \frac{5}{1} = 5 \, \text{s}
\]

**Distance covered during acceleration**:
\[
d_{\text{acc}} = \frac{1}{2} a t_{\text{acc}}^2 = \frac{1}{2} \times 1 \times 5^2 = 12.5 \, \text{m}
\]

Same distance for deceleration:  
\[
d_{\text{dec}} = 12.5 \, \text{m}
\]

Total distance for accel + decel:
\[
d_{\text{acc+dec}} = 25 \, \text{m}
\]

Remaining distance at constant max speed:
\[
d_{\text{const}} = 195 - 25 = 170 \, \text{m}
\]

Time at constant speed:
\[
t_{\text{const}} = \frac{170}{5} = 34 \, \text{s}
\]

Total time:
\[
t_{\text{total}} = t_{\text{acc}} + t_{\text{const}} + t_{\text{dec}} = 5 + 34 + 5 = 44 \, \text{s}
\]

**Answer 1**:
\[
\boxed{44 \text{ seconds}}
\]

---

### **Question 2: Stops at 10/F and 30/F**

Floor heights from ground:
- 10/F: \( (10-1) \times 5 = 45 \, \text{m} \)
- 30/F: \( (30-1) \times 5 = 145 \, \text{m} \)
- 40/F: 195 m

We assume the elevator accelerates, possibly cruises, decelerates to stop at 10/F, then accelerates again, cruises, decelerates at 30/F, then accelerates, cruises, decelerates at 40/F.

**Segment 1: Ground to 10/F (45 m)**

Check if max speed reached:  
Accel distance = 12.5 m, decel distance = 12.5 m → total 25 m needed to reach max speed and stop.  
45 m > 25 m, so it reaches max speed.

Cruise distance = \( 45 - 25 = 20 \, \text{m} \)  
Cruise time = \( 20 / 5 = 4 \, \text{s} \)  
Segment time = \( 5 + 4 + 5 = 14 \, \text{s} \)

**Segment 2: 10/F to 30/F (distance = 145 - 45 = 100 m)**

Again 25 m needed for accel+decel, so cruise distance = \( 100 - 25 = 75 \, \text{m} \)  
Cruise time = \( 75 / 5 = 15 \, \text{s} \)  
Segment time = \( 5 + 15 + 5 = 25 \, \text{s} \)

**Segment 3: 30/F to 40/F (distance = 195 - 145 = 50 m)**

50 m > 25 m, so reaches max speed.  
Cruise distance = \( 50 - 25 = 25 \, \text{m} \)  
Cruise time = \( 25 / 5 = 5 \, \text{s} \)  
Segment time = \( 5 + 5 + 5 = 15 \, \text{s} \)

**Total time**:
\[
14 + 25 + 15 = 54 \, \text{s}
\]

**Answer 2**:
\[
\boxed{54 \text{ seconds}}
\]

---

### **Question 3: Minimum time to 40/F with one extra stop**

We want to minimize total time, so we should choose the extra stop that adds the least extra time.

If no stop: 44 s.

With one extra stop, we break the trip into two segments. The extra time comes from an extra deceleration + acceleration cycle (instead of cruising through that point).

Time penalty for one extra stop (if we would have cruised through that point at max speed):  
Deceleration time = 5 s, acceleration time = 5 s, but during that we also lose some cruise distance.

Actually, let’s compute directly for possible stop floors.

**Case: Stop at floor k (height h meters from ground).**

Segment 1: ground to floor k (height h)  
Segment 2: floor k to 40/F (height 195 - h)

We need to check if each segment is long enough to reach max speed.

Minimum segment length to reach max speed and stop: 25 m.

So h must be ≥ 25 m and 195 - h ≥ 25 m → h between 25 and 170 m.

Floor heights:  
2/F: 5 m (too short)  
3/F: 10 m  
...  
6/F: 25 m (just enough)  
7/F: 30 m  
...  
35/F: 170 m (just enough)  
So possible floors: 6/F to 35/F.

**Time for segment of length d (if d ≥ 25):**  
\( t = 5 + \frac{d - 25}{5} + 5 = \frac{d}{5} + 5 \)

Check: d = 25 → t = 5 + 0 + 5 = 10 s.  
d = 30 → t = 5 + 1 + 5 = 11 s = 30/5 + 5 = 6 + 5 = 11 ✓

So for segment length d ≥ 25:  
\[
t = \frac{d}{5} + 5
\]

**Total time for stop at floor with height h**:
\[
T = \left( \frac{h}{5} + 5 \right) + \left( \frac{195 - h}{5} + 5 \right) = \frac{195}{5} + 10 = 39 + 10 = 49 \, \text{s}
\]

Interesting — it’s constant for any valid stop floor (≥ 25 m from start and end).  
Check if h < 25 possible?  
If h = 20 m (4/F):  
Segment 1: 20 m — cannot reach max speed.  
Time for segment with accel then immediate decel:  
\( d = \frac{1}{2} a t_{\text{half}}^2 \times 2 \) → Actually symmetrical:  
\( d = \frac{1}{2} a (t/2)^2 \times 2 = \frac{a t^2}{4} \) → \( t = 2\sqrt{d/a} \)  
For d=20: \( t = 2\sqrt{20} \approx 8.944 \, \text{s} \)  
Segment 2: 175 m ≥ 25 → time = \( 175/5 + 5 = 35 + 5 = 40 \)  
Total ≈ 48.944 s → slightly less than 49? Let’s check exactly.

For h=20:  
Segment 1: \( t_1 = 2\sqrt{20/1} = 2\sqrt{20} \approx 8.944 \)  
Segment 2: \( t_2 = 175/5 + 5 = 40 \)  
Total ≈ 48.944 s < 49.

Check h=15 (3/F):  
Segment 1: \( t_1 = 2\sqrt{15} \approx 7.746 \)  
Segment 2: 180 m → \( t_2 = 180/5 + 5 = 36+5=41 \)  
Total ≈ 48.746 s

Check h=5 (2/F):  
Segment 1: \( t_1 = 2\sqrt{5} \approx 4.472 \)  
Segment 2: 190 m → \( t_2 = 190/5 + 5 = 38+5=43 \)  
Total ≈ 47.472 s

Check h=0 (ground, but that’s not another floor).  
So the minimum seems to be when the first segment is as short as possible (2/F).

But wait — does the elevator have to stop *between* 1/F and 40/F? Yes, so 2/F is allowed.

**Check 2/F (h=5 m)**:
Segment 1: 5 m — can’t reach max speed.  
\( t_1 = 2\sqrt{5} \approx 4.472 \, \text{s} \)  
Segment 2: 190 m — reaches max speed:  
\( t_2 = 190/5 + 5 = 38 + 5 = 43 \, \text{s} \)  
Total ≈ 47.472 s

Check 3/F (h=10):  
\( t_1 = 2\sqrt{10} \approx 6.3249 \)  
Segment 2: 185 m → \( 185/5 + 5 = 37+5=42 \)  
Total ≈ 48.325 s → larger.

So minimum is at 2/F.

**Answer 3**:
\[
\boxed{47.47 \text{ seconds (approx)}}
\]

Or exactly:  
\[
2\sqrt{5} + 43 \ \text{seconds}
\] [end of text]


