Let's break down each question step by step.

---

### **Question 1: How long does it take for a person to get from the ground floor to the top floor?**

The lift accelerates/decelerates at \( 1 \, \text{m/s}^2 \), and the maximum speed is \( 5 \, \text{m/s} \). The lift starts from rest at the ground floor (1/F) and accelerates to the top floor (40/F).

The time \( t \) to reach the top floor can be calculated using the equation for acceleration:
\[
v = u + at
\]
where:
- \( v = 5 \, \text{m/s} \) (final velocity),
- \( u = 0 \, \text{m/s} \) (initial velocity),
- \( a = 1 \, \text{m/s}^2 \) (acceleration).

Rearranging for \( t \):
\[
t = \frac{v - u}{a} = \frac{5 - 0}{1} = 5 \, \text{seconds}.
\]

Thus, it takes \( \boxed{5 \, \text{seconds}} \) for a person to get from the ground floor to the top floor.

---

### **Question 2: Two people get on the same lift on the ground floor. First person goes to 10/F, second person goes to 30/F. How long does it take?**

The lift accelerates/decelerates at \( 1 \, \text{m/s}^2 \), and the maximum speed is \( 5 \, \text{m/s} \). The lift starts from rest at the ground floor (1/F) and accelerates to the destination floor.

#### **First Person:**
- Destination: 10/F.
- Time to reach 10/F: \( t_1 = \frac{v - u}{a} = \frac{5 - 0}{1} = 5 \, \text{seconds} \).

#### **Second Person:**
- Destination: 30/F.
- Time to reach 30/F: \( t_2 = \frac{v - u}{a} = \frac{5 - 0}{1} = 5 \, \text{seconds} \).

Since both people start from rest and accelerate at \( 1 \, \text{m/s}^2 \), the total time for both people to reach their destinations is:
\[
t_{\text{total}} = t_1 + t_2 = 5 \, \text{seconds} + 5 \, \text{seconds} = 10 \, \text{seconds}.
\]

Thus, it takes \( \boxed{10 \, \text{seconds}} \) for both people to reach their destinations.

---

### **Question 3: Two people get on the same lift on the ground floor. First person goes to 40/F. Assuming the second person does not go to the same (40/F) floor, what is the minimum time it will take for the lift to get to 40/F if it has to stop at another floor between 1/F and 40/F?**

The lift accelerates/decelerates at \( 1 \, \text{m/s}^2 \), and the maximum speed is \( 5 \, \text{m/s} \). The lift starts from rest at the ground floor (1/F) and accelerates to the destination floor (40/F).

#### **First Person:**
- Destination: 40/F.
- Time to reach 40/F: \( t_1 = \frac{v - u}{a} = \frac{5 - 0}{1} = 5 \, \text{seconds} \).

#### **Second Person:**
- Destination: 40/F.
- The second person does not go to the same (40/F) floor, so they must stop at another floor between 1/F and 40/F.
- To minimize the time, the second person should stop at the closest possible floor to the destination, which is 39/F.
- Time to reach 39/F: \( t_2 = \frac{v - u}{a} = \frac{5 - 0}{1} = 5 \, \text{seconds} \).
- Time to stop at 39/F: \( t_3 = \frac{0 - 5}{1} = 5 \, \text{seconds} \) (since the lift decelerates from 5 m/s to 0 m/s).
- Total time for the second person: \( t_{\text{total}} = t_2 + t_3 = 5 \, \text{seconds} + 5 \, \text{seconds} = 10 \, \text{seconds} \).

Thus, the minimum time for the lift to reach 40/F is:
\[
\boxed{10 \, \text{seconds}}.
\] [end of text]


