 to=self<|message|>Please answer ALL the following math questions. Show your steps. Do not stop until you have attempted to answer ALL the questions (even if it may be hard).

There is 40 story building. Each floor 5 meters tall.

Lift goes from ground floor (1/F) to top floor (40/F). Acceleration/deceleration 1 m/s^2. Max speed 5 m/s.

Questions:
1. How long does it take for a person to get from ground floor to top floor?
2. Two people get on same lift on ground floor. First person goes to 10/F and second person goes to 30/F. How long does it take?
3. Two people get on same lift on ground floor. First person goes to 40/F. Assuming second person does not go to same floor, what is minimum time it will take for lift to get to 40/F if it has to stop at another floor between 1/F and 40/F?

We need travel distance: 39 floors *5 =195 m.

Acceleration to max speed: v= a t => t_acc =5/1=5 s. Distance during accel = 0.5 a t^2 =0.5*1*25=12.5 m. Same for decel.

If distance > 2*12.5=25 m, it reaches max speed.

195 m >25, so accelerate 5s to 5 m/s, cruise distance =195-25=170 m, cruise time=34 s, decel 5 s. Total =44 s. Plus door? Probably ignore. Maybe include stop time? Not given. Assume zero.

1. 44 seconds.

2. Ground to 10/F: distance =9*5=45 m. Accelerate 12.5, decel 12.5 total 25, remaining 20 cruise =>4 s. Time =5+4+5=14 s. Stop? Assume negligible. Then continue to 30/F.

From 10 to 30: distance =20*5=100 m. Accelerate 12.5 decel 12.5 =>25, cruise 75 =>15 s. Time =5+15+5=25 s.

Total =14+25=39 s. If include stop time? Might be 0. If need door open/close maybe ignore.

If person gets off at 10, lift continues. So total time to reach 30 is 39 s.

If question asks how long does it take? Could be time for second person to arrive =39 s. Or total trip time until both done? Second person arrives at 39 s.

3. Need minimum time to reach 40/F with at least one intermediate stop between 1 and 40. First person goes to 40, second person goes to some floor k where 1<k<40. Want minimize total time to reach 40.

We want stop as late as possible to minimize extra time. So choose k =39? That's between. Then distance to 39: 38*5=190 m. Time to 39: accelerate 5, cruise 190-25=165 =>33 s, decel 5 =>43 s. Then stop, then go 1 floor =5 m. For 5 m, can't reach max speed. Time for 5 m with accel/decel 1 m/s^2: distance = v^2 / a? Actually triangular profile. Peak speed v_p where 2 *0.5 a t^2 = d => a t^2 = d => t = sqrt(d/a). Wait for triangular: accelerate to v_p then decel same time. Distance = v_p^2 / a. So v_p = sqrt(a d)= sqrt(5)=2.236 m/s <5. Time =2 * v_p / a =2*2.236=4.472 s.

So total =43 +4.472 =47.472 s.

If stop at 39, that's minimal extra. Could stop at 40? No. So minimum ~47.5 s.

If include stop dwell time, add.

Answer.

<|start|>assistant to=user<|message|>The travel between two floors is $h=5\;{\rm m}$.

For a start from rest with $a=1\;{\rm m/s^{2}}$

* time to reach $v_{\max}=5\;{\rm m/s}$ 
$$
t_{a}=v_{\max}/a =5\;{\rm s}
$$
* distance covered in the acceleration phase
$$
s_{a}= \tfrac12 a t_{a}^{2}= \tfrac12\cdot1\cdot 5^{2}=12.5\;{\rm m}
$$
The same $s_{d}=12.5\;{\rm m}$ and $t_{d}=5\;{\rm s}$ is needed for a
deceleration to rest.  The distance needed for a full accelerate–cruise–
decelerate cycle is $2s_{a}=25\;{\rm m}$.

If $s>2s_{a}$ the lift can reach $v_{\max}$ and

$$
t(s)=t_{a}+t_{d}+\frac{s-2s_{a}}{v_{\max}}
     =10+\frac{s-25}{5}\qquad s\ge 25\;{\rm m}
$$

If $s\le 2s_{a}$ the motion is triangular,
$v_{p}=\sqrt{a s}$ and $t(s)=2v_{p}/a=2\sqrt{s/a}$.

* 1/F $\to$ 40/F

$$
s_{1-40}=39\times5=195\;{\rm m}>25\;{\rm m}
$$

$$
t_{1-40}=10+\frac{195-25}{5}=10+34=44\;{\rm s}
$$

in the idealised zero dwell time.  With a $t_{dwell}$ door time the
44 s is increased by $t_{dwell}$.

* 1/F $\to$ 10/F $\to$ 30/F

1/F $\to$ 10/F : $s_{1-10}=9\times5=45\;{\rm m}$

$$
t_{1-10}=10+\frac{45-25}{5}=10+4=14\;{\rm s}
$$

10/F $\to$ 30/F : $s_{10-30}=20\times5=100\;{\rm m}$

$$
t_{10-30}=10+\frac{100-25}{5}=10+15=25\;{\rm s}
$$

Hence the second passenger, the one for 30/F, arrives after

$$
t_{1-30}=t_{1-10}+t_{10-30}=14+25=39\;{\rm s}
$$

of ideal motion, $14\;{\rm s}$ after the first passenger leaves at 10/F.
If a dwell time $t_{0}$ is counted at 10/F the arrival is $39\;{\rm s}+t_{0}$.

* Minimum extra time to reach 40/F with one intermediate stop $k$,
$1<k<40$, the passenger for 40/F being on board all the way.

Let $s_{k}= (k-1)5$ be the distance to the intermediate stop and
$s_{k40}= (40-k)5$ the remaining distance.  The total ideal time is

$$
T(k)=t(s_{k})+t(s_{k40}) .
$$

$t(s)$ is increasing with $s$ for $s\ge25\;{\rm m}$, so $T(k)$ is
minimised by making $k$ as large as possible, i.e. the latest possible
intermediate stop.  The latest admissible stop is $k=39$.

$$
s_{39}=38\times5=190\;{\rm m}
$$

$$
t_{1-39}=10+\frac{190-25}{5}=10+33=43\;{\rm s}
$$

The last 1 floor is $s_{39-40}=5\;{\rm m}<25\;{\rm m}$, triangular:

$$
v_{p}=\sqrt{a s}= \sqrt{1\times5}= \sqrt5\;{\rm m/s}
$$

$$
t_{39-40}=2v_{p}/a=2\sqrt5\approx4.47\;{\rm s}
$$

Hence the ideal minimum

$$
T_{\min}\approx 43+2\sqrt5\approx 47.5\;{\rm s}
$$

about $3.5\;{\rm s}$ longer than the non-stop $44\;{\rm s}$.  With a
dwell time $t_{0}$ at the intermediate floor the minimum becomes
$47.5\;{\rm s}+t_{0}$, essentially the non-stop time plus the
accelerate–decelerate penalty for the last $5\;{\rm m}$ and the dwell.
If the stop is required to be at least two floors away from the top,
$k\le38$, the next best is $k=38$ giving $t_{1-38}=42\;{\rm s}$ and
$t_{38-40}=2\sqrt{10}\approx6.32\;{\rm s}$, i.e. $\approx48.3\;{\rm s}$
ideal. [end of text]


