To answer these questions, we first need to establish the physics of the elevator's movement. 

**Basic Parameters:**
*   **Floor height:** 5 meters
*   **Acceleration ($a$):** $1 \text{ m/s}^2$
*   **Maximum speed ($v_{max}$):** $5 \text{ m/s}$
*   **Time to accelerate to max speed ($t_a$):** $v_{max} / a = 5 / 1 = 5 \text{ seconds}$
*   **Distance to accelerate to max speed ($d_a$):** $\frac{1}{2} \cdot a \cdot t_a^2 = \frac{1}{2} \cdot 1 \cdot 5^2 = 12.5 \text{ meters}$
*   **Distance to decelerate from max speed ($d_d$):** $12.5 \text{ meters}$ (same as acceleration)
*   **Total distance for an acceleration and deceleration phase ($d_{a+d}$):** $12.5 + 12.5 = 25 \text{ meters}$
*   **Total time for an acceleration and deceleration phase ($t_{a+d}$):** $5 + 5 = 10 \text{ seconds}$

*Note: We assume the elevator doors open instantly and there is no passenger boarding/alighting wait time, as none is provided in the prompt.*

---

### **Question 1: How long does it take for a person to get from the ground floor to the top floor?**

**Step 1: Calculate the total distance.**
The elevator travels from the 1/F to the 40/F. 
Number of floors traveled = $40 - 1 = 39$ floors.
Total distance ($D$) = $39 \text{ floors} \times 5 \text{ meters/floor} = 195 \text{ meters}$.

**Step 2: Determine the movement profile.**
Since the total distance (195m) is greater than the distance needed to reach max speed and decelerate ($25\text{m}$), the elevator will reach its maximum speed.
Distance traveled at maximum speed ($d_{cruise}$) = Total distance - $d_{a+d}$
$d_{cruise} = 195\text{m} - 25\text{m} = 170\text{m}$.

**Step 3: Calculate the time spent at maximum speed.**
Time at max speed ($t_{cruise}$) = $d_{cruise} / v_{max} = 170 / 5 = 34 \text{ seconds}$.

**Step 4: Calculate total time.**
Total Time = $t_a + t_{cruise} + t_d = 5 + 34 + 5 = 44 \text{ seconds}$.

**Answer 1:** It takes **44 seconds** to get from the ground floor to the top floor.

---

### **Question 2: Two people get on the same lift on the ground floor. First person goes to 10/F and second person goes to 30/F. How long does it take?**

The elevator will make two stops: one at 10/F and one at 30/F. We break the journey into two segments.

**Segment 1: 1/F to 10/F**
*   **Distance:** $(10 - 1) \times 5\text{m} = 45 \text{ meters}$.
*   Since $45\text{m} > 25\text{m}$, it reaches max speed.
*   $d_{cruise} = 45 - 25 = 20 \text{ meters}$.
*   $t_{cruise} = 20 / 5 = 4 \text{ seconds}$.
*   **Time for Segment 1:** $5 \text{ (accel)} + 4 \text{ (cruise)} + 5 \text{ (decel)} = 14 \text{ seconds}$.

**Segment 2: 10/F to 30/F**
*   **Distance:** $(30 - 10) \times 5\text{m} = 100 \text{ meters}$.
*   Since $100\text{m} > 25\text{m}$, it reaches max speed.
*   $d_{cruise} = 100 - 25 = 75 \text{ meters}$.
*   $t_{cruise} = 75 / 5 = 15 \text{ seconds}$.
*   **Time for Segment 2:** $5 \text{ (accel)} + 15 \text{ (cruise)} + 5 \text{ (decel)} = 25 \text{ seconds}$.

**Total Time:**
Total Time = Time for Segment 1 + Time for Segment 2
Total Time = $14 + 25 = 39 \text{ seconds}$.

**Answer 2:** It takes **39 seconds** for the lift to complete this journey.

---

### **Question 3: Two people get on the same lift on the ground floor. First person goes to 40/F. Assuming the second person does not go to the same (40/F) floor, what is the minimum time it will take for the lift to get to 40/F if it has to stop at another floor between 1/F and 40/F?**

To minimize the time to 40/F, the intermediate stop must cause the least possible disruption to the elevator's momentum. This means the elevator should ideally come to a complete stop in the shortest distance possible. 

The minimum distance required for the elevator to decelerate from $5\text{ m/s}$ to $0\text{ m/s}$ and immediately accelerate back to $5\text{ m/s}$ is $25\text{m}$ ($12.5\text{m}$ down + $12.5\text{m}$ up). This takes exactly $10$ seconds.

If the elevator never reaches its maximum speed between the stops, the time penalty is even lower. Let's look at the extreme minimum: if the elevator stops instantaneously (theoretical limit as distance approaches 0), the time penalty approaches $0$. However, physically, it must decelerate and accelerate. 

Let's find the optimal stopping floor. We want a floor where the elevator can decelerate to 0 and accelerate back to its cruising speed using the least amount of time. 
If the elevator slows down to stop at a floor, the time taken to cover the distance $d$ (where $d \le 25\text{m}$) during deceleration and re-acceleration is given by:
*   Distance to stop: $d_{stop} = \frac{1}{2}at_1^2 \implies t_1 = \sqrt{2d_{stop}/a}$
*   Distance to speed back up: $d_{start} = \frac{1}{2}at_2^2 \implies t_2 = \sqrt{2d_{start}/a}$
*   Total time for the stop segment = $t_1 + t_2 = \sqrt{2d_{stop}} + \sqrt{2d_{start}}$

If the elevator just touches $0\text{ m/s}$ at a single point (e.g., stopping exactly at a floor), the minimum distance for a full stop and start is $25\text{m}$ taking $10\text{s}$. 
If the stop happens very early (e.g., 2/F), the elevator hasn't reached $5\text{ m/s}$ yet. 
*   Distance to 2/F = $5\text{m}$. 
*   Time to decelerate to 2/F from $1\text{ m/s}^2$: $t = \sqrt{2(5)/1} = \sqrt{10} \approx 3.16\text{s}$.
*   Time to accelerate from 2/F: $t = \sqrt{10} \approx 3.16\text{s}$.
*   Total time for this $10\text{m}$ segment = $6.32\text{s}$.
*   If it *didn't* stop, covering $10\text{m}$ from a standstill takes $t = \sqrt{2(10)/1} = \sqrt{20} \approx 4.47\text{s}$.
*   The time penalty for stopping at 2/F is $6.32 - 4.47 = 1.85\text{ seconds}$.

Let's check the absolute minimum penalty. The penalty function for stopping over a distance $x$ (where $x$ is the distance from the previous stop/start) is $Penalty(x) = 2\sqrt{2x/a} - \sqrt{4x/a}$. Wait, if it starts from rest at 1/F, travels distance $x$, stops, and starts again:
Time without stopping = $\sqrt{2x/a}$
Time with stopping = $2 \times \sqrt{2(x/2)/a} = 2\sqrt{x/a}$
Penalty = $2\sqrt{x/a} - \sqrt{2x/a} = \sqrt{x/a}(2 - \sqrt{2})$.
To minimize the penalty, we must minimize $x$. The smallest non-zero distance between floors is $5\text{m}$ (1/F to 2/F).

Let's calculate the exact total time if the second person gets off at **2/F**:
**Segment 1: 1/F to 2/F (Stop)**
*   Distance = $5\text{m}$. 
*   Time to travel $5\text{m}$ from rest under deceleration/acceleration: $t = \sqrt{2d/a} = \sqrt{10} \approx 3.1623\text{ seconds}$.
*   Time for Segment 1 = $3.1623\text{s}$.

**Segment 2: 2/F to 40/F (Final Stop)**
*   Distance = $(40 - 2) \times 5\text{m} = 38 \times 5 = 190\text{m}$.
*   Since $190\text{m} > 25\text{m}$, it reaches max speed.
*   $d_{cruise} = 190 - 25 = 165\text{m}$.
*   $t_{cruise} = 165 / 5 = 33\text{ seconds}$.
*   Time for Segment 2 = $5\text{ (accel)} + 33\text{ (cruise)} + 5\text{ (decel)} = 43\text{ seconds}$.

**Total Time:**
Total Time = $3.1623 + 43 = 46.1623\text{ seconds}$.

*(Proof of minimum: If the person got off at 3/F, Segment 1 would be $10\text{m}$ taking $\sqrt{20} \approx 4.47\text{s}$. Segment 2 would be $185\text{m}$ taking $5 + 32 + 5 = 42\text{s}$. Total = $46.47\text{s}$. Stopping at 2/F yields the lowest time).*

**Answer 3:** The minimum time it will take for the lift to get to 40/F is **$\sqrt{10} + 43$ seconds** (approximately **46.16 seconds**), which occurs if the second person gets off at the 2nd floor. [end of text]


