 to=self<|message|>问题：历史中的秦始皇有甚么家人？他的童年过得开心吗？

We need answer in Chinese presumably. Provide family members: father Qin Shi Huang? Actually Qin Shi Huang is Ying Zheng. Father Qin Zhuangxiang Wang, mother Zhao Ji, stepmother? Grandfather Qin Xiaogong? etc. Also brothers: Ying Jia? etc. Childhood: not happy, political intrigue, etc.

Provide answer. Probably mention mother Zhao Ji, father Zhuangxiang, grandmother? Childhood in Handan as hostage, etc. Not happy.

Provide concise but thorough.

Use Chinese.

<|start|>assistant to=user<|message|>秦始皇就是秦王政，嬴政。他的家人主要来自秦国王室的政治联姻和宫廷斗争，童年并不算开心。

**一、主要家人**

**1. 父母**
* **父亲：秦庄襄王 嬴异人**，原名子楚。曾在赵国做人质，后被吕不韦迎回秦国继位，在位仅3年就去世。嬴政即位时才13岁。
* **母亲：赵姬**，原为吕不韦的姬妾。嬴政出生后被吕不韦献给子楚。赵姬后来与嫪毐私通，生下两个儿子。嬴政即位后发动嫪毐之乱，诛杀嫪毐并迁徙赵姬。

**2. 外戚与养父**
* **吕不韦**：秦国丞相，嬴政的“仲父”。他策划迎立子楚回国，辅佐年幼的嬴政摄政长达11年。后来因专权被嬴政罢免流放，饮鸩自尽。

**3. 兄弟姐妹**
* **同母异父的兄弟：成蟜**。是赵姬与嫪毐所生，嬴政即位后封为上党守，后因谋反被杀。
* **同母异父的弟弟：嬴...** 嫪毐另有两子，史称嫪毐之子，一并被诛。
* **姐姐：华阳夫人**。实为嬴政的养母。华阳夫人是秦昭襄王的宠妃，因无子收养了子楚为己子，所以子楚才能继承王位。华阳夫人对嬴政有养育之恩。

**4. 妻子与子女**
* **皇后：赵后**，即赵姬的妹妹，赵姬的亲妹妹被封为王后。史料记载不详。
* **其他后妃：** 包括王后、许多夫人，如李姬、华妃等。
* **儿子：** 最著名的是扶苏、胡亥、子婴。扶苏是长子，胡亥是少子，后来篡位。还有子婴是秦王子婴，最后一个秦王。
* **女儿：** 有咸阳公主等。

**二、童年是否开心**

基本不开心，可以说是充满政治阴影和人质生活的童年。

1. **人质童年**：嬴政出生于赵国都城邯郸。父亲子楚在秦昭襄王时期被作为人质送到赵国，嬴政两岁时随父在邯郸生活。公元前247年，秦国派兵攻赵，邯郸被围，子楚和嬴政一度被困，险些被杀。后来靠魏国公子昂救援才脱险。这样的经历对幼年心理冲击很大。

2. **早年丧父，宫廷权力真空**：嬴政9岁时父亲秦庄襄王去世，他13岁即位。朝政实际由吕不韦把持，母亲赵姬与嫪毐私通，宫中混乱。他从小就生活在吕不韦、嫪毐、华阳夫人等势力角逐的漩涡中。

3. **教育严苛**：他被吕不韦请来名师荀子、吕不韦本人等教育，接受的是法家严酷的治国思想。史书记载他“少而好兵”，性格早熟、猜忌、好大喜功，这与童年缺乏安全感有关。

所以，秦始皇的童年是政治人质、丧父早、宫廷阴谋交织的童年，远谈不上开心，更像是被迫提前成熟的政治训练期。 [end of text]


