关于秦始皇的家人和童年，历史记载相对有限，但结合《史记》等文献和考古发现，可以勾勒出大致轮廓：

### 一、秦始皇的家人
1. **父亲**：秦庄襄王（异人，后改名子楚）。早年作为质子生活在赵国，后得吕不韦帮助归秦继位。
2. **母亲**：赵姬。原为吕不韦的姬妾，后成为异人之妻。秦始皇即位后，赵姬与嫪毐私通并生子，引发叛乱。
3. **名义上的父亲**：吕不韦。虽非生父，但对其早年政治生涯有重大影响，后因嫪毐事件被贬自杀。
4. **弟弟**：
   - 成蟜（长安君）：异人之子，曾率军攻赵时叛变降赵。
   - 两个同母异父弟：赵姬与嫪毐所生，在嫪毐之乱中被杀。
5. **后宫与子女**：
   - 未立皇后，史书未记载其配偶姓名。
   - 子女众多，最著名的是长子扶苏（因劝谏被贬，后被赵高矫诏赐死）和幼子胡亥（秦二世）。
   - 另有子女约20余人，多在秦末政变中被杀。

### 二、童年生活：颠沛流离，缺乏安全感
秦始皇（嬴政）生于公元前259年，童年经历对其性格形成影响深远：

1. **出生在敌国，身份尴尬**：
   - 父亲异人是秦国质子（人质）在赵国，母亲赵姬是赵国人。嬴政在赵国都城邯郸出生，作为“质子之子”，地位低下，常受歧视。
   - 秦赵之间战争频繁（如长平之战后坑杀赵卒40万），赵国人对秦国人充满敌意，嬴政一家处境危险。

2. **父亲逃亡，母子被弃**：
   - 公元前257年，秦军围邯郸，异人在吕不韦帮助下逃回秦国，留下赵姬和3岁的嬴政在赵国。母子二人东躲西藏，靠赵姬家族庇护才得以存活。

3. **回归秦国后的权力阴影**：
   - 9岁时（公元前250年），异人成为太子，嬴政被接回秦国。但父亲不久去世（13岁即位），母亲赵姬与吕不韦、嫪毐的私情暴露，宫廷斗争激烈。
   - 少年嬴政目睹母亲背叛、权臣专权（吕不韦称“仲父”）、嫪毐叛乱（甚至用他的玉玺调兵），内心充满不信任与孤独。

4. **教育严苛，缺乏温情**：
   - 作为未来君主，他接受法家思想教育（韩非、李斯等），强调权术与冷酷。史载他“少恩而虎狼心”，可能与其童年缺乏关爱有关。

### 三、历史评价与争议
- **正面**：童年磨难锻炼了他的坚韧与政治敏锐，最终统一六国，建立中央集权制度。
- **负面**：长期的不安全感导致他多疑、残暴（如焚书坑儒、严刑峻法），晚年追求长生，性格扭曲。

**总结**：秦始皇的童年充满颠沛、歧视与背叛，缺乏家庭温暖。这种经历既塑造了他统一天下的野心与能力，也埋下了暴政与孤独的种子。正如司马迁所言：“秦王为人，蜂准，长目，挚鸟膺，豺声，少恩而虎狼心。”——这或许正是其童年创伤的投射。 [end of text]


