关于秦始皇（嬴政）的家人和童年，历史的真实情况远比我们想象的要复杂、残酷且充满戏剧性。他的家庭关系和早年经历，深刻地影响了他日后成为“千古一帝”时的冷酷与决绝。

以下为您详细梳理他的家庭关系与童年经历：

### 一、 秦始皇的家人

秦始皇的家族史可以说是一部充满背叛、猜忌与杀戮的悲剧。

**1. 父亲：秦庄襄王（嬴子楚，原名异人）**
*   异人曾是秦国在赵国的质子（人质），地位低下。后在商人吕不韦的运作下认华阳夫人为母，改名子楚，最终回国继位。但他登基仅三年便病逝，13岁的嬴政随之继位。

**2. 母亲：赵太后（赵姬）**
*   赵姬曾是吕不韦的姬妾，后被献给异人。嬴政继位后，赵姬与吕不韦旧情复燃，后来又与假宦官嫪毐私通，并生下两个私生子。
*   **结局：** 嫪毐发动叛乱失败被杀，赵姬与嫪毐的两个私生子被嬴政当场扑杀（装在麻袋里摔死），赵姬被幽禁。虽然后来在群臣的劝谏下嬴政迎回了母亲，但母子关系彻底破裂。

**3. “仲父”：吕不韦**
*   吕不韦不是血亲，但嬴政登基初期尊其为“仲父”（仅次于父亲的尊称），由其把持朝政。后来吕不韦因嫪毐之乱受到牵连，被流放途中饮鸩自尽。

**4. 弟弟：成蟜（长安君）**
*   成蟜是嬴政同父异母的弟弟。在嬴政继位后，成蟜在秦国攻打赵国时突然在屯留叛秦降赵。
*   **结局：** 叛乱平息后，成蟜死于乱军之中（一说被处死），其部下全部被斩首，追随的百姓被流放。

**5. 子女：史书未载名字的悲剧皇族**
*   史料中没有明确记载秦始皇皇后（正妻）是谁，但他有至少二十多个儿子和十多个女儿。
*   最著名的儿子是**长子扶苏**（刚毅勇武，因劝谏焚书坑儒被派去边关监军，后被伪造的遗诏赐死）和**幼子胡亥**（秦二世，篡位者）。
*   **结局：** 秦始皇死后，胡亥在赵高和李斯的帮助下篡位。为了巩固权力，胡亥将自己的兄弟姐妹几乎屠戮殆尽——公子将闾等三人被迫自杀，公子高等被逼殉葬，其余宗室被车裂或戮死。1976年考古发掘的“秦陵东侧上焦村陪葬墓”中，发现了多具四肢分离、身首异处的年轻男女骨架，被证实极可能就是被胡亥残杀的秦始皇子女。

---

### 二、 他的童年过得开心吗？

**结论是：非常不开心，甚至可以说是充满恐惧、屈辱与孤独。**

嬴政的童年（公元前259年—公元前247年）是在赵国都城邯郸作为质子度过的，这段经历给他留下了深刻的心理阴影。

**1. 随时丧命的恐惧（质子生涯）**
嬴政出生时，正值秦赵两国爆发“长平之战”后不久，赵国四十万降卒被秦将白起坑杀，赵国人对秦国恨之入骨。作为秦国质子的儿子，小嬴政一家在邯郸随时面临生命危险。赵国人曾多次想杀掉他们泄愤，他们只能东躲西藏，依靠赵姬娘家的掩护才勉强活命。这种朝不保夕的童年，让他从小就学会了警惕与冷酷。

**2. 父爱的缺失**
嬴政大约2到3岁时，秦军围攻邯郸，赵国想杀异人。异人与吕不韦密谋，抛下赵姬和年幼的嬴政，独自逃回了秦国。父亲在生死关头抛弃了自己和母亲，这种被遗弃的经历，很难让一个孩子拥有健全的安全感。

**3. 遭受同龄人的欺凌与屈辱**
在邯郸，小嬴政是个没有父亲庇护的敌国“质子”，语言可能也带有秦人口音。他经常遭到赵国同龄贵族儿童的欺辱和排挤。史书虽未详细记载具体事件，但从后来嬴政极度多疑、报复心极强的性格来看，他童年的社交环境极其恶劣。他即位后，秦军攻破邯郸，他亲自赶到邯郸，将当年与他母亲家有仇怨的人全部活埋，可见其对童年遭遇的耿耿于怀。

**4. 缺乏真正的亲情**
回到秦国后，他13岁继位，面对的是权倾朝野的“仲父”吕不韦，以及不断给他制造政治危机的母亲赵姬。母亲不仅私生活混乱，甚至为了情夫嫪毐企图推翻自己的亲生儿子。在嬴政的成长过程中，没有可以信任的亲人，只有尔虞我诈的政治斗争。

### 总结

秦始皇的童年没有温情、没有玩耍、没有父爱，只有刀光剑影、白眼欺凌和被至亲背叛的痛苦。正是这种极度缺乏安全感和充满背叛的童年，塑造了他日后坚毅、果敢但也残暴、多疑的性格。他之所以要扫平六国、统一天下，或许潜意识里也是为了彻底消灭那个曾让他担惊受怕的童年环境，建立一个不再有“质子”悲剧的庞大帝国。 [end of text]


