关于秦始皇（嬴政）的家庭成员及其童年生活，历史记载（主要依据《史记》）提供了相当详细的信息。以下是对这两个问题的详细解答：

### 一、秦始皇的主要家人

秦始皇的家庭关系在战国末期非常复杂，涉及秦国王室、赵国贵族以及后来的秦帝国后宫。主要成员包括：

#### 1. 父亲：秦庄襄王（嬴异人，原名子楚）
- 他是秦昭襄王的孙子，安国君（后来的秦孝文王）的儿子。
- 在嬴政出生时，子楚正作为人质被扣押在赵国邯郸。
- 嬴政即位后，追尊其父为“庄襄王”。

#### 2. 母亲：赵姬（原为吕不韦姬妾）
- 赵姬原是吕不韦的宠妾，后被吕不韦献给子楚，成为其正妻。
- 嬴政即位后，尊其为“太后”。
- 历史上关于赵姬与吕不韦、嫪毐的关系争议极大，但《史记》明确记载她曾与嫪毐私通并生下两个儿子（后被封为秦王假父，最终被处死）。

#### 3. 兄弟
- **嬴成蟜（jiāo）**：嬴政的异母弟（或同母弟，史书有争议），曾起兵叛乱，失败后逃亡魏国。
- **其他兄弟**：史书未详细记载其他兄弟的名字和事迹，但秦国王室成员众多，可能有其他兄弟未被重点记录。

#### 4. 子女
秦始皇晚年多疑，对子女态度严厉，其子女大多在“沙丘之变”前后遭遇不幸：
- **扶苏**：长子，性格仁厚，被派往北方监军。秦始皇死后，被赵高、李斯伪造遗诏赐死。
- **胡亥**：幼子，即秦二世。在赵高、李斯帮助下篡位登基，后在刘邦攻入咸阳前自杀。
- **其他儿子**：据《史记》记载，秦始皇共有20多个儿子，但除扶苏、胡亥外，其余大多在秦末战乱中被项羽坑杀或死于内乱，具体名字和事迹多已失传。
- **女儿**：史书未明确记载秦始皇女儿的名字和数量，但推测应有若干女儿，可能嫁入贵族或宗室。

#### 5. 其他重要亲属
- **祖父**：秦孝文王（嬴柱），在位仅一年。
- **曾祖父**：秦昭襄王（嬴稷），秦国历史上在位最久的君主。
- **外祖父**：吕不韦（虽非生物学外祖父，但政治上是重要监护人）。

---

### 二、秦始皇的童年过得开心吗？

**答案：几乎可以肯定，他的童年并不开心，甚至充满危险、孤独和不安。**

原因如下：

#### 1. 出生即陷于政治危机
- 嬴政出生于公元前259年，地点在赵国都城邯郸。
- 当时秦国与赵国关系紧张，秦昭襄王曾派兵攻打邯郸，意图杀死子楚和赵姬母子。
- 子楚在吕不韦帮助下贿赂赵国宦官缪贤，才得以逃脱。嬴政母子在赵国生活期间，始终处于被追杀的危险中。

#### 2. 作为“人质之子”的屈辱与恐惧
- 子楚是秦国派往赵国的人质，地位低下，生活困顿。
- 嬴政从小目睹父亲在异国他乡受尽屈辱，母亲作为人质之妻，地位也不稳固。
- 这种环境让他从小感受到政治斗争的残酷和生命的脆弱。

#### 3. 早年丧父，孤苦无依
- 公元前251年，秦昭襄王去世，安国君即位（秦孝文王）。
- 公元前250年，子楚被接回秦国，但嬴政因是赵国出生，且赵国不愿放人，被留在邯郸。
- 公元前249年，秦军攻破邯郸，嬴政才得以回到秦国。
- 公元前247年，秦孝文王去世，子楚即位（秦庄襄王），但仅三年后（公元前246年）子楚就去世了。
- **关键点**：嬴政在13岁时父亲去世，他本人尚未亲政，由吕不韦和昌平君辅政。他从小失去父亲庇护，在权力斗争中孤立无援。

#### 4. 政治斗争的阴影
- 嬴政成长过程中，始终处于吕不韦的阴影下。吕不韦权倾朝野，甚至被尊为“仲父”。
- 嬴政必须隐忍、观察，等待时机夺权。这种压抑的环境不可能带来童年的快乐。
- 他亲眼目睹母亲赵姬与嫪毐的丑闻（虽发生在嬴政成年后，但可能早有传闻），以及嫪毐叛乱被镇压的惨烈场面，这些都加深了他对人性复杂和政治残酷的认知。

#### 5. 性格形成的影响
- 历史学家普遍认为，嬴政晚年多疑、暴虐、追求长生不老，部分原因可能源于童年时期的不安全感和对权力失控的恐惧。
- 他深知权力来之不易，因此对任何威胁都极度敏感，导致他对功臣、亲属甚至子女都缺乏信任。

### 总结

秦始皇的童年是在**战乱、流亡、屈辱和危险**中度过的。他从未享受过普通孩子的无忧无虑，而是早早被卷入政治漩涡，目睹生死离别和权力斗争。这种经历塑造了他坚韧、多疑、果断但也冷酷的性格，为他日后统一六国、建立中央集权帝国奠定了基础，但也埋下了秦朝速亡的隐患。

因此，**他的童年绝对不可能是开心的**，而是充满创伤和压力的。 [end of text]


