這段文字出自先秦法家經典著作**《韓非子》**中的**〈難言〉篇**。

〈難言〉是韓非子上奏給秦王政（即後來的秦始皇）的一篇奏言，旨在向君王陳述臣子進言的極度困難與危險，並列舉了各種進言可能帶來的誤解與禍患。

以下是您引用段落前後的完整原文（包含您引述的段落及其後續的排比鋪陳）：

### 《韓非子‧難言》段落完整原文：

> 「臣非非難言也，所以難言者：言順比滑澤，洋洋纚纚然，則見以為華而不實；敦祗恭厚，鯁固慎完，則見以為掘而不倫；多言繁稱，連類比物，則見以為虛而無用；總微說約，徑省而不飾，則見以為劌而不辯；激急親近，探知人情，則見以為譖而不讓；閎大廣博，妙遠不測，則見以為誇而無用；家計小談，以具數言，則見以為陋；言而近世，辭不悖逆，則見以為貪生而諛上；言而遠俗，詭躁人間，則見以為誕；捷敏辯給，繁於文采，則見以為史；殊釋文學，以質信言，則見以為鄙；時稱詩書，道法往古，則見以為誦。此臣非之所以難言而重患也。」

---

### 這段話的白話文翻譯與涵義：

**白話翻譯：**
臣並不是喜歡非議進言的困難，之所以會覺得進言困難，是因為：
如果言辭順理成章、流暢潤澤，洋洋灑灑地娓娓道來，就會被君王認為是華而不實；
如果言辭敦厚恭敬、剛直謹慎，就會被認為是笨拙而不合條理；
如果旁徵博引、連類比喻，就會被認為是空虛而無實用；
如果言辭簡約、直截了當而不加修飾，就會被認為是刻薄而不善辭令；
如果言辭激烈、觸及君王親近的人或探察人情，就會被認為是讒言而不謙讓；
如果言辭宏大廣博、深妙難測，就會被認為是誇大而無用；
如果談論家常瑣事、具體細節，就會被認為是淺陋；
如果言辭貼近世俗、不違背常情，就會被認為是貪生怕死而阿諛奉承；
如果言辭遠離世俗、與常人不同，就會被認為是荒誕不經；
如果言辭敏捷善辯、文采繁富，就會被認為是像史官一樣浮誇；
如果放棄文采、用質樸的言辭表達，就會被認為是粗鄙；
如果時常引用《詩經》、《尚書》，稱道古代的法度，就會被認為只是在背誦舊文。
這就是臣（韓非自稱）之所以覺得進言困難，並且深以為患的原因。

**涵義：**
韓非在這段話中一口氣列舉了十二種進言的方式，並指出無論臣子採取哪一種表達方式，都有可能遭到君王的誤解、猜忌甚至厭惡。這充分體現了法家思想中對於「君臣關係」以及「人性揣摩」的深刻洞察，也道出了古代臣子在專制君主下伴君如伴虎的處境。 [end of text]


