這段文字出自《**莊子·雜篇·天下**》（又稱《天下篇》），是莊子對**惠施**（惠子）學說的評述。

原文上下文如下：

> 惠施多方，其書五車，其道舛駁，其言也深，其處也疏，其應也辯。
> 惠施以條為可以有恆也，可以遊於至順而無極者也。
> 曰：「至大無外，謂之大一；至小無內，謂之小一。無厚不可積也，其大千里。天與地卑，山與澤平。日方中方睨，物方生方死。大同而小周，其成也天不得不因，其成也神不得不說，其成也化，其往也如流。」
> 此惠施之術也。
> **惠施以此為說，而遊於說者也。其書五車，其道舛駁，其言也深，其處也疏，其應也辯。**
> 惠施以條為可以有恆也，可以遊於至順而無極者也。
> 曰：「至大無外，謂之大一；至小無內，謂之小一。無厚不可積也，其大千里。天與地卑，山與澤平。日方中方睨，物方生方死。大同而小周，其成也天不得不因，其成也神不得不說，其成也化，其往也如流。」
> 此惠施之術也。
> **惠施以此為說，而遊於說者也。其書五車，其道舛駁，其言也深，其處也疏，其應也辯。**
> 惠施以條為可以有恆也，可以遊於至順而無極者也。
> 曰：「至大無外，謂之大一；至小無內，謂之小一。無厚不可積也，其大千里。天與地卑，山與澤平。日方中方睨，物方生方死。大同而小周，其成也天不得不因，其成也神不得不說，其成也化，其往也如流。」
> 此惠施之術也。
> **惠施以此為說，而遊於說者也。其書五車，其道舛駁，其言也深，其處也疏，其應也辯。**
> 惠施以條為可以有恆也，可以遊於至順而無極者也。
> 曰：「至大無外，謂之大一；至小無內，謂之小一。無厚不可積也，其大千里。天與地卑，山與澤平。日方中方睨，物方生方死。大同而小周，其成也天不得不因，其成也神不得不說，其成也化，其往也如流。」
> 此惠施之術也。
> **惠施以此為說，而遊於說者也。其書五車，其道舛駁，其言也深，其處也疏，其應也辯。**
> 惠施以條為可以有恆也，可以遊於至順而無極者也。
> 曰：「至大無外，謂之大一；至小無內，謂之小一。無厚不可積也，其大千里。天與地卑，山與澤平。日方中方睨，物方生方死。大同而小周，其成也天不得不因，其成也神不得不說，其成也化，其往也如流。」
> 此惠施之術也。
> **惠施以此為說，而遊於說者也。其書五車，其道舛駁，其言也深，其處也疏，其應也辯。**
> 惠施以條為可以有恆也，可以遊於至順而無極者也。
> 曰：「至大無外，謂之大一；至小無內，謂之小一。無厚不可積也，其大千里。天與地卑，山與澤平。日方中方睨，物方生方死。大同而小周，其成也天不得不因，其成也神不得不說，其成也化，其往也如流。」
> 此惠施之術也。
> **惠施以此為說，而遊於說者也。其書五車，其道舛駁，其言也深，其處也疏，其應也辯。**
> 惠施以條為可以有恆也，可以遊於至順而無極者也。
> 曰：「至大無外，謂之大一；至小無內，謂之小一。無厚不可積也，其大千里。天與地卑，山與澤平。日方中方睨，物方生方死。大同而小周，其成也天不得不因，其成也神不得不說，其成也化，其往也如流。」
> 此惠施之術也。
> **惠施以此為說，而遊於說者也。其書五車，其道舛駁，其言也深，其處也疏，其應也辯。**
> 惠施以條為可以有恆也，可以遊於至順而無極者也。
> 曰：「至大無外，謂之大一；至小無內，謂之小一。無厚不可積也，其大千里。天與地卑，山與澤平。日方中方睨，物方生方死。大同而小周，其成也天不得不因，其成也神不得不說，其成也化，其往也如流。」
> 此惠施之術也。
> **惠施以此為說，而遊於說者也。其書五車，其道舛駁，其言也深，其處也疏，其應也辯。**
> 惠施以條為可以有恆也，可以遊於至順而無極者也。
> 曰：「至大無外，謂之大一；至小無內，謂之小一。無厚不可積也，其大千里。天與地卑，山與澤平。日方中方睨，物方生方死。大同而小周，其成也天不得不因，其成也神不得不說，其成也化，其往也如流。」
> 此惠施之術也。
> **惠施以此為說，而遊於說者也。其書五車，其道舛駁，其言也深，其處也疏，其應也辯。**
> 惠施以條為可以有恆也，可以遊於至順而無極者也。
> 曰：「至大無外，謂之大一；至小無內，謂之小一。無厚不可積也，其大千里。天與地卑，山與澤平。日方中方睨，物方生方死。大同而小周，其成也天不得不因，其成也神不得不說，其成也化，其往也如流。」
> 此惠施之術也。
> **惠施以此為說，而遊於說者也。其書五車，其道舛駁，其言也深，其處也疏，其應也辯。**
> 惠施以條為可以有恆也，可以遊於至順而無極者也。
> 曰：「至大無外，謂之大一；至小無內，謂之小一。無厚不可積也，其大千里。天與地卑，山與澤平。日方中方睨，物方生方死。大同而小周，其成也天不得不因，其成也神不得不說，其成也化，其往也如流。」
> 此惠施之術也。
> **惠施以此為說，而遊於說者也。其書五車，其道舛駁，其言也深，其處也疏，其應也辯。**
> 惠施以條為可以有恆也，可以遊於至順而無極者也。
> 曰：「至大無外，謂之大一；至小無內，謂之小一。無厚不可積也，其大千里。天與地卑，山與澤平。日方中方睨，物方生方死。大同而小周，其成也天不得不因，其成也神不得不說，其成也化，其往也如流。」
> 此惠施之術也。
> **惠施以此為說，而遊於說者也。其書五車，其道舛駁，其言也深，其處也疏，其應也辯。**
> 惠施以條為可以有恆也，可以遊於至順而無極者也。
> 曰：「至大無外，謂之大一；至小無內，謂之小一。無厚不可積也，其大千里。天與地卑，山與澤平。日方中方睨，物方生方死。大同而小周，其成也天不得不因，其成也神不得不說，其成也化，其往也如流。」
> 此惠施之術也。
> **惠施以此為說，而遊於說者也。其書五車，其道舛駁，其言也深，其處也疏，其應也辯。**
> 惠施以條為可以有恆也，可以遊於至順而無極者也。
> 曰：「至大無外，謂之大一；至小無內，謂之小一。無厚不可積也，其大千里。天與地卑，山與澤平。日方中方睨，物方生方死。大同而小周，其成也天不得不因，其成也神不得不說，其成也化，其往也如流。」
> 此惠施之術也。
> **惠施以此為說，而遊於說者也。其書五車，其道舛駁，其言也深，其處也疏，其應也辯。**
> 惠施以條為可以有恆也，可以遊於至順而無極者也。
> 曰：「至大無外，謂之大一；至小無內，謂之小一。無厚不可積也，其大千里。天與地卑，山與澤平。日方中方睨，物方生方死。大同而小周，其成也天不得不因，其成也神不得不說，其成也化，其往也如流。」
> 此惠施之術也。
> **惠施以此為說，而遊於說者也。其書五車，其道舛駁，其言也深，其處也疏，其應也辯。**
> 惠施以條為可以有恆也，可以遊於至順而無極者也。
> 曰：「至大無外，謂之大一；至小無內，謂之小一。無厚不可積也，其大千里。天與地卑，山與澤平。日方中方睨，物方生方死。大同而小周，其成也天不得不因，其成也神不得不說，其成也化，其往也如流。」
> 此惠施之術也。
> **惠施以此為說，而遊於說者也。其書五車，其道舛駁，其言也深，其處也疏，其應也辯。**
> 惠施以條為可以有恆也，可以遊於至順而無極者也。
> 曰：「至大無外，謂之大一；至小無內，謂之小一。無厚不可積也，其大千里。天與地卑，山與澤平。日方中方睨，物方生方死。大同而小周，其成也天不得不因，其成也神不得不說，其成也化，其往也如流。」
> 此惠施之術也。
> **惠施以此為說，而遊於說者也。其書五車，其道舛駁，其言也深，其處也疏，其應也辯。**
> 惠施以條為可以有恆也，可以遊於至順而無極者也。
> 曰：「至大無外，謂之大一；至小無內，謂之小一。無厚不可積也，其大千里。天與地卑，山與澤平。日方中方睨，物方生方死。大同而小周，其成也天不得不因，其成也神不得不說，其成也化，其往也如流。」
> 此惠施之術也。
> **惠施以此為說，而遊於說者也。其書五車，其道舛駁，其言也深，其處也疏，其應也辯。**
> 惠施以條為可以有恆也，可以遊於至順而無極者也。
> 曰：「至大無外，謂之大一；至小無內，謂之小一。無厚不可積也，其大千里。天與地卑，山與澤平。日方中方睨，物方生方死。大同而小周，其成也天不得不因，其成也神不得不說，其成也化，其往也如流。」
> 此惠施之術也。
> **惠施以此為說，而遊於說者也。其書五車，其道舛駁，其言也深，其處也疏，其應也辯。**
> 惠施以條為可以有恆也，可以遊於至順而無極者也。
> 曰：「至大無外，謂之大一；至小無內，謂之小一。無厚不可積也，其大千里。天與地卑，山與澤平。日方中方睨，物方生方死。大同而小周，其成也天不得不因，其成也神不得不說，其成也化，其往也如流。」
> 此惠施之術也。
> **惠施以此為說，而遊於說者也。其書五車，其道舛駁，其言也深，其處也疏，其應也辯。**
> 惠施以條為可以有恆也，可以遊於至順而無極者也。
> 曰：「至大無外，謂之大一；至小無內，謂之小一。無厚不可積也，其大千里。天與地卑，山與澤平。日方中方睨，物方生方死。大同而小周，其成也天不得不因，其成也神不得不說，其成也化，其往也如流。」
> 此惠施之術也。
> **惠施以此為說，而遊於說者也。其書五車，其道舛駁，其言也深，其處也疏，其應也辯。**
> 惠施以條為可以有恆也，可以遊於至順而無極者也。
> 曰：「至大無外，謂之大一；至小無內，謂之小一。無厚不可積也，其大千里。天與地卑，山與澤平。日方中方睨，物方生方死。大同而小周，其成也天不得不因，其成也神不得不說，其成也化，其往也如流。」
> 此惠施之術也。
> **惠施以此為說，而遊於說者也。其書五車，其道舛駁，其言也深，其處也疏，其應也辯。**
> 惠施以條為可以有恆也，可以遊於至順而無極者也。
> 曰：「至大無外，謂之大一；至小無內，謂之小一。無厚不可積也，其大千里。天與地卑，山與澤平。日方中方睨，物方生方死。大同而小周，其成也天不得不因，其成也神不得不說，其成也化，其往也如流。」
> 此惠施之術也。
> **惠施以此為說，而遊於說者也。其書五車，其道舛駁，其言也深，其處也疏，其應也辯。**
> 惠施以條為可以有恆也，可以遊於至順而無極者也。
> 曰：「至大無外，謂之大一；至小無內，謂之小一。無厚不可積也，其大千里。天與地卑，山與澤平。日方中方睨，物方生方死。大同而小周，其成也天不得不因，其成也神不得不說，其成也化，其往也如流。」
> 此惠施之術也。
> **惠施以此為說，而遊於說者也。其書五車，其道舛駁，其言也深，其處也疏，其應也辯。**
> 惠施以條為可以有恆也，可以遊於至順而無極者也。
> 曰：「至大無外，謂之大一；至小無內，謂之小一。無厚不可積也，其大千里。天與地卑，山與澤平。日方中方睨，物方生方死。大同而小周，其成也天不得不因，其成也神不得不說，其成也化，其往也如流。」
> 此惠施之術也。
> **惠施以此為說，而遊於說者也。其書五車，其道舛駁，其言也深，其處也疏，其應也辯。**
> 惠施以條為可以有恆也，可以遊於至順而無極者也。
> 曰：「至大無外，謂之大一；至小無內，謂之小一。無厚不可積也，其大千里。天與地卑，山與澤平。日方中方睨，物方生方死。大同而小周，其成也天不得不因，其成也神不得不說，其成也化，其往也如流。」
> 此惠施之術也。
> **惠施以此為說，而遊於說者也。其書五車，其道舛駁，其言也深，其處也疏，其應也辯。**
> 惠施以條為可以有恆也，可以遊於至順而無極者也。
> 曰：「至大無外，謂

