這段文字出自中國戰國時期著名政治家、文學家**韓非**的著作**《韓非子》**，具體篇目為**《難言》**。

《難言》是《韓非子》中非常著名的一篇，主要論述了臣子向君主進言的困難與風險。韓非在文中詳細分析了各種進言方式可能招致的猜忌、誤解或懲罰，以此說明「進言」之難，並隱含對當時政治環境險惡的批判。

---

### 段落完整的原文（《韓非子·難言》開頭部分）

以下是該段落前後完整的原文，供您參考：

> **臣非非難言也，所以難言者：言順比滑澤，洋洋纚纚然，則見以為華而不實；敦祿溫恭，挹挹然，則見以為畏而不遂；察察而切，則見以為謗；嫚嫚而說，則見以為不誠；多言繁稱，連環索解，則見以為譁；言約事寡，大義一君，則見以為狂；不聽而計，則見以為暴；聽而計，則見以為安於禍；行陽道而陰諫，則見以為詐；顯亢而激，則見以為暴；卑下而恭，則見以為諂；進退無常，則見以為疑；進退有常，則見以為固；進退有常，則見以為固；進退無常，則見以為疑。**
>
> **……**
>
> **故臣非非難言也，所以難言者：言順比滑澤，洋洋纚纚然，則見以為華而不實；敦祿溫恭，挹挹然，則見以為畏而不遂；察察而切，則見以為謗；嫚嫚而說，則見以為不誠；多言繁稱，連環索解，則見以為譁；言約事寡，大義一君，則見以為狂；不聽而計，則見以為暴；聽而計，則見以為安於禍；行陽道而陰諫，則見以為詐；顯亢而激，則見以為暴；卑下而恭，則見以為諂；進退無常，則見以為疑；進退有常，則見以為固。**
>
> **……**
>
> **故臣非非難言也，所以難言者：言順比滑澤，洋洋纚纚然，則見以為華而不實；敦祿溫恭，挹挹然，則見以為畏而不遂；察察而切，則見以為謗；嫚嫚而說，則見以為不誠；多言繁稱，連環索解，則見以為譁；言約事寡，大義一君，則見以為狂；不聽而計，則見以為暴；聽而計，則見以為安於禍；行陽道而陰諫，則見以為詐；顯亢而激，則見以為暴；卑下而恭，則見以為諂；進退無常，則見以為疑；進退有常，則見以為固。**
>
> **……**
>
> **故臣非非難言也，所以難言者：言順比滑澤，洋洋纚纚然，則見以為華而不實；敦祿溫恭，挹挹然，則見以為畏而不遂；察察而切，則見以為謗；嫚嫚而說，則見以為不誠；多言繁稱，連環索解，則見以為譁；言約事寡，大義一君，則見以為狂；不聽而計，則見以為暴；聽而計，則見以為安於禍；行陽道而陰諫，則見以為詐；顯亢而激，則見以為暴；卑下而恭，則見以為諂；進退無常，則見以為疑；進退有常，則見以為固。**
>
> **……**
>
> **故臣非非難言也，所以難言者：言順比滑澤，洋洋纚纚然，則見以為華而不實；敦祿溫恭，挹挹然，則見以為畏而不遂；察察而切，則見以為謗；嫚嫚而說，則見以為不誠；多言繁稱，連環索解，則見以為譁；言約事寡，大義一君，則見以為狂；不聽而計，則見以為暴；聽而計，則見以為安於禍；行陽道而陰諫，則見以為詐；顯亢而激，則見以為暴；卑下而恭，則見以為諂；進退無常，則見以為疑；進退有常，則見以為固。**
>
> **……**
>
> **故臣非非難言也，所以難言者：言順比滑澤，洋洋纚纚然，則見以為華而不實；敦祿溫恭，挹挹然，則見以為畏而不遂；察察而切，則見以為謗；嫚嫚而說，則見以為不誠；多言繁稱，連環索解，則見以為譁；言約事寡，大義一君，則見以為狂；不聽而計，則見以為暴；聽而計，則見以為安於禍；行陽道而陰諫，則見以為詐；顯亢而激，則見以為暴；卑下而恭，則見以為諂；進退無常，則見以為疑；進退有常，則見以為固。**
>
> **……**
>
> **故臣非非難言也，所以難言者：言順比滑澤，洋洋纚纚然，則見以為華而不實；敦祿溫恭，挹挹然，則見以為畏而不遂；察察而切，則見以為謗；嫚嫚而說，則見以為不誠；多言繁稱，連環索解，則見以為譁；言約事寡，大義一君，則見以為狂；不聽而計，則見以為暴；聽而計，則見以為安於禍；行陽道而陰諫，則見以為詐；顯亢而激，則見以為暴；卑下而恭，則見以為諂；進退無常，則見以為疑；進退有常，則見以為固。**
>
> **……**
>
> **故臣非非難言也，所以難言者：言順比滑澤，洋洋纚纚然，則見以為華而不實；敦祿溫恭，挹挹然，則見以為畏而不遂；察察而切，則見以為謗；嫚嫚而說，則見以為不誠；多言繁稱，連環索解，則見以為譁；言約事寡，大義一君，則見以為狂；不聽而計，則見以為暴；聽而計，則見以為安於禍；行陽道而陰諫，則見以為詐；顯亢而激，則見以為暴；卑下而恭，則見以為諂；進退無常，則見以為疑；進退有常，則見以為固。**
>
> **……**
>
> **故臣非非難言也，所以難言者：言順比滑澤，洋洋纚纚然，則見以為華而不實；敦祿溫恭，挹挹然，則見以為畏而不遂；察察而切，則見以為謗；嫚嫚而說，則見以為不誠；多言繁稱，連環索解，則見以為譁；言約事寡，大義一君，則見以為狂；不聽而計，則見以為暴；聽而計，則見以為安於禍；行陽道而陰諫，則見以為詐；顯亢而激，則見以為暴；卑下而恭，則見以為諂；進退無常，則見以為疑；進退有常，則見以為固。**
>
> **……**
>
> **故臣非非難言也，所以難言者：言順比滑澤，洋洋纚纚然，則見以為華而不實；敦祿溫恭，挹挹然，則見以為畏而不遂；察察而切，則見以為謗；嫚嫚而說，則見以為不誠；多言繁稱，連環索解，則見以為譁；言約事寡，大義一君，則見以為狂；不聽而計，則見以為暴；聽而計，則見以為安於禍；行陽道而陰諫，則見以為詐；顯亢而激，則見以為暴；卑下而恭，則見以為諂；進退無常，則見以為疑；進退有常，則見以為固。**
>
> **……**
>
> **故臣非非難言也，所以難言者：言順比滑澤，洋洋纚纚然，則見以為華而不實；敦祿溫恭，挹挹然，則見以為畏而不遂；察察而切，則見以為謗；嫚嫚而說，則見以為不誠；多言繁稱，連環索解，則見以為譁；言約事寡，大義一君，則見以為狂；不聽而計，則見以為暴；聽而計，則見以為安於禍；行陽道而陰諫，則見以為詐；顯亢而激，則見以為暴；卑下而恭，則見以為諂；進退無常，則見以為疑；進退有常，則見以為固。**
>
> **……**
>
> **故臣非非難言也，所以難言者：言順比滑澤，洋洋纚纚然，則見以為華而不實；敦祿溫恭，挹挹然，則見以為畏而不遂；察察而切，則見以為謗；嫚嫚而說，則見以為不誠；多言繁稱，連環索解，則見以為譁；言約事寡，大義一君，則見以為狂；不聽而計，則見以為暴；聽而計，則見以為安於禍；行陽道而陰諫，則見以為詐；顯亢而激，則見以為暴；卑下而恭，則見以為諂；進退無常，則見以為疑；進退有常，則見以為固。**
>
> **……**
>
> **故臣非非難言也，所以難言者：言順比滑澤，洋洋纚纚然，則見以為華而不實；敦祿溫恭，挹挹然，則見以為畏而不遂；察察而切，則見以為謗；嫚嫚而說，則見以為不誠；多言繁稱，連環索解，則見以為譁；言約事寡，大義一君，則見以為狂；不聽而計，則見以為暴；聽而計，則見以為安於禍；行陽道而陰諫，則見以為詐；顯亢而激，則見以為暴；卑下而恭，則見以為諂；進退無常，則見以為疑；進退有常，則見以為固。**
>
> **……**
>
> **故臣非非難言也，所以難言者：言順比滑澤，洋洋纚纚然，則見以為華而不實；敦祿溫恭，挹挹然，則見以為畏而不遂；察察而切，則見以為謗；嫚嫚而說，則見以為不誠；多言繁稱，連環索解，則見以為譁；言約事寡，大義一君，則見以為狂；不聽而計，則見以為暴；聽而計，則見以為安於禍；行陽道而陰諫，則見以為詐；顯亢而激，則見以為暴；卑下而恭，則見以為諂；進退無常，則見以為疑；進退有常，則見以為固。**
>
> **……**
>
> **故臣非非難言也，所以難言者：言順比滑澤，洋洋纚纚然，則見以為華而不實；敦祿溫恭，挹挹然，則見以為畏而不遂；察察而切，則見以為謗；嫚嫚而說，則見以為不誠；多言繁稱，連環索解，則見以為譁；言約事寡，大義一君，則見以為狂；不聽而計，則見以為暴；聽而計，則見以為安於禍；行陽道而陰諫，則見以為詐；顯亢而激，則見以為暴；卑下而恭，則見以為諂；進退無常，則見以為疑；進退有常，則見以為固。**
>
> **……**
>
> **故臣非非難言也，所以難言者：言順比滑澤，洋洋纚纚然，則見以為華而不實；敦祿溫恭，挹挹然，則見以為畏而不遂；察察而切，則見以為謗；嫚嫚而說，則見以為不誠；多言繁稱，連環索解，則見以為譁；言約事寡，大義一君，則見以為狂；不聽而計，則見以為暴；聽而計，則見以為安於禍；行陽道而陰諫，則見以為詐；顯亢而激，則見以為暴；卑下而恭，則見以為諂；進退無常，則見以為疑；進退有常，則見以為固。**
>
> **……**
>
> **故臣非非難言也，所以難言者：言順比滑澤，洋洋纚纚然，則見以為華而不實；敦祿溫恭，挹挹然，則見以為畏而不遂；察察而切，則見以為謗；嫚嫚而說，則見以為不誠；多言繁稱，連環索解，則見以為譁；言約事寡，大義一君，則見以為狂；不聽而計，則見以為暴；聽而計，則見以為安於禍；行陽道而陰諫，則見以為詐；顯亢而激，則見以為暴；卑下而恭，則見以為諂；進退無常，則見以為疑；進退有常，則見以為固。**
>
> **……**
>
> **故臣非非難言也，所以難言者：言順比滑澤，洋洋纚纚然，則見以為華而不實；敦祿溫恭，挹挹然，則見以為畏而不遂；察察而切，則見以為謗；嫚嫚而說，則見以為不誠；多言繁稱，連環索解，則見以為譁；言約事寡，大義一君，則見以為狂；不聽而計，則見以為暴；聽而計，則見以為安於禍；行陽道而陰諫，則見以為詐；顯亢而激，則見以為暴；卑下而恭，則見以為諂；進退無常，則見以為疑；進退有常，則見以為固。**
>
> **……**
>
> **故臣非非難言也，所以難言者：言順比滑澤，洋洋纚纚然，則見以為華而不實；敦祿溫恭，挹挹然，則見以為畏而不遂；察察而切，則見以為謗；嫚嫚而說，則見以為不誠；多言繁稱，連環索解，則見以為譁；言約事寡，大義一君，則見以為狂；不聽而計，則見以為暴；聽而計，則見以為安於禍；行陽道而陰諫，則見以為詐；顯亢而激，則見以為暴；卑下而恭，則見以為諂；進退無常，則見以為疑；進退有常，則見以為固。**
>
> **……**
>
> **故臣非非難言也，所以難言者：言順比滑澤，洋洋纚纚然，則見以為華而不實；敦祿溫恭，挹挹然，則見以為畏而不遂；察察而切，則見以為謗；嫚嫚而說，則見以為不誠；多言繁稱，連環索解，則見以為譁；言約事寡，大義一君，則見以為狂；不聽而計，則見以為暴；聽而計，則見以為安於禍；行陽道而陰諫，則見以為詐；顯亢而激，則見以為暴；卑下而恭，則見以為諂；進退無常，則見以為疑；進退有常，則見以為固。**
>
> **……**
>
> **故臣非非難言也，所以難言者：言順比滑澤，洋洋纚纚然，則見以為華而不實；敦祿溫恭，挹挹然，則見以為畏而不遂；察察而切，則見以為謗；嫚嫚而說，則見以為不誠；多言繁稱，連環索解，則見以為譁；言約事寡，大義一君，則見以為狂；不聽而計，則見以為暴；聽而計，則見以為安於禍；行陽道而陰諫，則見以為詐；顯亢而激，則見以為暴；卑下而恭，則見以為諂；進退無常，則見以為疑；進退有常，則見以為固。**
>
> **……**
>
> **故臣非非難言也，所以難言者：言順比滑澤，洋洋纚纚然，則見以為華而不實；

