這段文字出自儒家經典**《孟子》**的**〈公孫丑上〉**第二章（或稱〈公孫丑上·公孫丑問浩然之氣〉）。

這是孟子與其弟子公孫丑的對話，孟子在此提出了著名的「浩然之氣」與「知言養氣」之說。

以下是包含這段對話的**完整段落原文**：

> 公孫丑問曰：「夫子加齊之卿相，得行道焉，雖由此霸王，不異矣。如此，則動心否乎？」
> 
> 孟子曰：「否。我四十不動心。」
> 
> 曰：「若是，則夫子過孟賁遠矣。」
> 
> 曰：「是不難，告子先我不動心。」
> 
> 曰：「不動心有道乎？」
> 
> 曰：「有。北宮黝之養勇也，不膚橈，不目逃，思以一豪挫於人，若撻之於市朝。不受於褐寬博，亦不受於萬乘之君；視刺萬乘之君，若刺褐夫。無嚴諸侯。惡聲至，必反之。孟施舍之所養勇也，曰：『視不勝猶勝也。量敵而後進，慮勝而後會，是畏三軍者也。舍豈能為必勝哉？能無懼而已矣。』孟施舍似曾子，北宮黝似子夏。夫二子之勇，未知其孰賢，然而孟施舍守約也。昔者曾子謂子襄曰：『子好勇乎？吾嘗聞大勇於夫子矣：自反而縮，雖千萬人，吾往矣；自反而不縮，雖褐寬博，吾不惴焉？不唯褐寬博乎？』孟施舍之守氣，又不如曾子之守約也。」
> 
> 曰：「敢問夫子之不動心，與告子之不動心，可得聞與？」
> 
> 「告子曰：『不得於言，勿求於心；不得於心，勿求於氣。』不得於心，勿求於氣，可；不得於言，勿求於心，不可。夫志，氣之帥也；氣，體之充也。夫志至焉，氣次焉。故曰：『持其志，無暴其氣。』」
> 
> 「既曰『志至焉，氣次焉』，又曰『持其志，無暴其氣』者，何也？」
> 
> 曰：「志壹則動氣，氣壹則動志也。今有蹶者趨者，是氣也，而反動其心。」
> 
> **「敢問夫子惡乎長？」**
> 
> **曰：「我知言，我善養吾浩然之氣。」**
> 
> **「敢問何謂浩然之氣？」**
> 
> **曰：「難言也。其為氣也，至大至剛，以直養而無害，則塞于天地之間。其為氣也，配義與道；無是，餒也。是集義所生者，非義襲而取之也。行有不慊於心，則餒矣。我故曰，告子未嘗知義，以其外之也。必有事焉而勿正，心勿忘，勿助長也。無若宋人然。宋人有閔其苗之不長而揠之者，芒芒然歸，謂其人曰：『今日病矣！予助苗長矣！』其子趨而往視之，苗則槁矣。天下之不助苗長者寡矣。以為無益而舍之者，不耘苗者也；助之長者，揠苗者也，非徒無益，而又害之。」**
> 
> 「何謂知言？」
> 
> 曰：「詖辭知其所蔽，淫辭知其所陷，邪辭知其所離，遁辭知其所窮。生於其心，害於其政；發於其政，害於其事。聖人復起，必從吾言矣。」

---

**【核心段落白話釋義】**

針對您引用的這段文字，其白話文的意思是：

（公孫丑問）：「請問什麼叫做『浩然之氣』？」

（孟子回答）：「這很難用言語完全說清楚。這種氣，極其浩大、極其剛強，如果用正直去培養它而不加損害，它就會充滿在天地之間。這種氣，必須與『義』和『道』相配合；如果沒有義與道，它就會萎縮衰退。這種氣是靠著不斷累積正義的行為所產生的，而不是偶然做一件符合正義的事就能獲取的。如果行為有讓自己心裡感到不踏實（不符合道義）的地方，這股氣就會萎縮了。所以我才說，告子並不真正懂得義，因為他把義當成是外在的東西。這種氣必須持續去培養，但不要有特定的功利目的；心裡不能忘記它，但也不能違背它的成長規律去勉強幫助它生長。不要像宋國那個拔苗助長的人一樣……」 [end of text]


