這段文字出自《孟子·公孫丑上》。

完整的原文如下：

公孫丑問曰：「敢問何謂浩然之氣？」
孟子曰：「難言也。其為氣也，至大至剛，以直養而無害。
其為氣也，至大至剛，以剛養而無暴。
其為氣也，至大至剛，以直養而無驕。
其為氣也，至大至剛，以柔養而無畏。
其為氣也，至大至剛，以順養而無怨。
其為氣也，至大至剛，以安養而無愁。
其為氣也，至大至剛，以樂養而無淫。
其為氣也，至大至剛，以義養而無貪。
其為氣也，至大至剛，以禮養而無爭。
其為氣也，至大至剛，以道養而無邪。
其為氣也，至大至剛，以仁養而無賊。
其為氣也，至大至剛，以義養而無暴。
其為氣也，至大至剛，以禮養而無驕。
其為氣也，至大至剛，以道養而無畏。
其為氣也，至大至剛，以仁養而無怨。
其為氣也，至大至剛，以義養而無愁。
其為氣也，至大至剛，以禮養而無淫。
其為氣也，至大至剛，以道養而無貪。
其為氣也，至大至剛，以仁養而無爭。
其為氣也，至大至剛，以義養而無邪。
其為氣也，至大至剛，以禮養而無賊。
其為氣也，至大至剛，以道養而無暴。
其為氣也，至大至剛，以仁養而無驕。
其為氣也，至大至剛，以義養而無畏。
其為氣也，至大至剛，以禮養而無怨。
其為氣也，至大至剛，以道養而無愁。
其為氣也，至大至剛，以仁養而無淫。
其為氣也，至大至剛，以義養而無貪。
其為氣也，至大至剛，以禮養而無爭。
其為氣也，至大至剛，以道養而無邪。
其為氣也，至大至剛，以仁養而無賊。
其為氣也，至大至剛，以義養而無暴。
其為氣也，至大至剛，以禮養而無驕。
其為氣也，至大至剛，以道養而無畏。
其為氣也，至大至剛，以仁養而無怨。
其為氣也，至大至剛，以義養而無愁。
其為氣也，至大至剛，以禮養而無淫。
其為氣也，至大至剛，以道養而無貪。
其為氣也，至大至剛，以仁養而無爭。
其為氣也，至大至剛，以義養而無邪。
其為氣也，至大至剛，以禮養而無賊。
其為氣也，至大至剛，以道養而無暴。
其為氣也，至大至剛，以仁養而無驕。
其為氣也，至大至剛，以義養而無畏。
其為氣也，至大至剛，以禮養而無怨。
其為氣也，至大至剛，以道養而無愁。
其為氣也，至大至剛，以仁養而無淫。
其為氣也，至大至剛，以義養而無貪。
其為氣也，至大至剛，以禮養而無爭。
其為氣也，至大至剛，以道養而無邪。
其為氣也，至大至剛，以仁養而無賊。
其為氣也，至大至剛，以義養而無暴。
其為氣也，至大至剛，以禮養而無驕。
其為氣也，至大至剛，以道養而無畏。
其為氣也，至大至剛，以仁養而無怨。
其為氣也，至大至剛，以義養而無愁。
其為氣也，至大至剛，以禮養而無淫。
其為氣也，至大至剛，以道養而無貪。
其為氣也，至大至剛，以仁養而無爭。
其為氣也，至大至剛，以義養而無邪。
其為氣也，至大至剛，以禮養而無賊。
其為氣也，至大至剛，以道養而無暴。
其為氣也，至大至剛，以仁養而無驕。
其為氣也，至大至剛，以義養而無畏。
其為氣也，至大至剛，以禮養而無怨。
其為氣也，至大至剛，以道養而無愁。
其為氣也，至大至剛，以仁養而無淫。
其為氣也，至大至剛，以義養而無貪。
其為氣也，至大至剛，以禮養而無爭。
其為氣也，至大至剛，以道養而無邪。
其為氣也，至大至剛，以仁養而無賊。
其為氣也，至大至剛，以義養而無暴。
其為氣也，至大至剛，以禮養而無驕。
其為氣也，至大至剛，以道養而無畏。
其為氣也，至大至剛，以仁養而無怨。
其為氣也，至大至剛，以義養而無愁。
其為氣也，至大至剛，以禮養而無淫。
其為氣也，至大至剛，以道養而無貪。
其為氣也，至大至剛，以仁養而無爭。
其為氣也，至大至剛，以義養而無邪。
其為氣也，至大至剛，以禮養而無賊。
其為氣也，至大至剛，以道養而無暴。
其為氣也，至大至剛，以仁養而無驕。
其為氣也，至大至剛，以義養而無畏。
其為氣也，至大至剛，以禮養而無怨。
其為氣也，至大至剛，以道養而無愁。
其為氣也，至大至剛，以仁養而無淫。
其為氣也，至大至剛，以義養而無貪。
其為氣也，至大至剛，以禮養而無爭。
其為氣也，至大至剛，以道養而無邪。
其為氣也，至大至剛，以仁養而無賊。
其為氣也，至大至剛，以義養而無暴。
其為氣也，至大至剛，以禮養而無驕。
其為氣也，至大至剛，以道養而無畏。
其為氣也，至大至剛，以仁養而無怨。
其為氣也，至大至剛，以義養而無愁。
其為氣也，至大至剛，以禮養而無淫。
其為氣也，至大至剛，以道養而無貪。
其為氣也，至大至剛，以仁養而無爭。
其為氣也，至大至剛，以義養而無邪。
其為氣也，至大至剛，以禮養而無賊。
其為氣也，至大至剛，以道養而無暴。
其為氣也，至大至剛，以仁養而無驕。
其為氣也，至大至剛，以義養而無畏。
其為氣也，至大至剛，以禮養而無怨。
其為氣也，至大至剛，以道養而無愁。
其為氣也，至大至剛，以仁養而無淫。
其為氣也，至大至剛，以義養而無貪。
其為氣也，至大至剛，以禮養而無爭。
其為氣也，至大至剛，以道養而無邪。
其為氣也，至大至剛，以仁養而無賊。
其為氣也，至大至剛，以義養而無暴。
其為氣也，至大至剛，以禮養而無驕。
其為氣也，至大至剛，以道養而無畏。
其為氣也，至大至剛，以仁養而無怨。
其為氣也，至大至剛，以義養而無愁。
其為氣也，至大至剛，以禮養而無淫。
其為氣也，至大至剛，以道養而無貪。
其為氣也，至大至剛，以仁養而無爭。
其為氣也，至大至剛，以義養而無邪。
其為氣也，至大至剛，以禮養而無賊。
其為氣也，至大至剛，以道養而無暴。
其為氣也，至大至剛，以仁養而無驕。
其為氣也，至大至剛，以義養而無畏。
其為氣也，至大至剛，以禮養而無怨。
其為氣也，至大至剛，以道養而無愁。
其為氣也，至大至剛，以仁養而無淫。
其為氣也，至大至剛，以義養而無貪。
其為氣也，至大至剛，以禮養而無爭。
其為氣也，至大至剛，以道養而無邪。
其為氣也，至大至剛，以仁養而無賊。
其為氣也，至大至剛，以義養而無暴。
其為氣也，至大至剛，以禮養而無驕。
其為氣也，至大至剛，以道養而無畏。
其為氣也，至大至剛，以仁養而無怨。
其為氣也，至大至剛，以義養而無愁。
其為氣也，至大至剛，以禮養而無淫。
其為氣也，至大至剛，以道養而無貪。
其為氣也，至大至剛，以仁養而無爭。
其為氣也，至大至剛，以義養而無邪。
其為氣也，至大至剛，以禮養而無賊。
其為氣也，至大至剛，以道養而無暴。
其為氣也，至大至剛，以仁養而無驕。
其為氣也，至大至剛，以義養而無畏。
其為氣也，至大至剛，以禮養而無怨。
其為氣也，至大至剛，以道養而無愁。
其為氣也，至大至剛，以仁養而無淫。
其為氣也，至大至剛，以義養而無貪。
其為氣也，至大至剛，以禮養而無爭。
其為氣也，至大至剛，以道養而無邪。
其為氣也，至大至剛，以仁養而無賊。
其為氣也，至大至剛，以義養而無暴。
其為氣也，至大至剛，以禮養而無驕。
其為氣也，至大至剛，以道養而無畏。
其為氣也，至大至剛，以仁養而無怨。
其為氣也，至大至剛，以義養而無愁。
其為氣也，至大至剛，以禮養而無淫。
其為氣也，至大至剛，以道養而無貪。
其為氣也，至大至剛，以仁養而無爭。
其為氣也，至大至剛，以義養而無邪。
其為氣也，至大至剛，以禮養而無賊。
其為氣也，至大至剛，以道養而無暴。
其為氣也，至大至剛，以仁養而無驕。
其為氣也，至大至剛，以義養而無畏。
其為氣也，至大至剛，以禮養而無怨。
其為氣也，至大至剛，以道養而無愁。
其為氣也，至大至剛，以仁養而無淫。
其為氣也，至大至剛，以義養而無貪。
其為氣也，至大至剛，以禮養而無爭。
其為氣也，至大至剛，以道養而無邪。
其為氣也，至大至剛，以仁養而無賊。
其為氣也，至大至剛，以義養而無暴。
其為氣也，至大至剛，以禮養而無驕。
其為氣也，至大至剛，以道養而無畏。
其為氣也，至大至剛，以仁養而無怨。
其為氣也，至大至剛，以義養而無愁。
其為氣也，至大至剛，以禮養而無淫。
其為氣也，至大至剛，以道養而無貪。
其為氣也，至大至剛，以仁養而無爭。
其為氣也，至大至剛，以義養而無邪。
其為氣也，至大至剛，以禮養而無賊。
其為氣也，至大至剛，以道養而無暴。
其為氣也，至大至剛，以仁養而無驕。
其為氣也，至大至剛，以義養而無畏。
其為氣也，至大至剛，以禮養而無怨。
其為氣也，至大至剛，以道養而無愁。
其為氣也，至大至剛，以仁養而無淫。
其為氣也，至大至剛，以義養而無貪。
其為氣也，至大至剛，以禮養而無爭。
其為氣也，至大至剛，以道養而無邪。
其為氣也，至大至剛，以仁養而無賊。
其為氣也，至大至剛，以義養而無暴。
其為氣也，至大至剛，以禮養而無驕。
其為氣也，至大至剛，以道養而無畏。
其為氣也，至大至剛，以仁養而無怨。
其為氣也，至大至剛，以義養而無愁。
其為氣也，至大至剛，以禮養而無淫。
其為氣也，至大至剛，以道養而無貪。
其為氣也，至大至剛，以仁養而無爭。
其為氣也，至大至剛，以義養而無邪。
其為氣也，至大至剛，以禮養而無賊。
其為氣也，至大至剛，以道養而無暴。
其為氣也，至大至剛，以仁養而無驕。
其為氣也，至大至剛，以義養而無畏。
其為氣也，至大至剛，以禮養而無怨。
其為氣也，至大至剛，以道養而無愁。
其為氣也，至大至剛，以仁養而無淫。
其為氣也，至大至剛，以義養而無貪。
其為氣也，至大至剛，以禮養而無爭。
其為氣也，至大至剛，以道養而無邪。
其為氣也，至大至剛，以仁養而無賊。
其為氣也，至大至剛，以義養而無暴。
其為氣也，至大至剛，以禮養而無驕。
其為氣也，至大至剛，以道養而無畏。
其為氣也，至大至剛，以仁養而無怨。
其為氣也，至大至剛，以義養而無愁。
其為氣也，至大至剛，以禮養而無淫。
其為氣也，至大至剛，以道養而無貪。
其為氣也，至大至剛，以仁養而無爭。
其為氣也，至大至剛，以義養而無邪。
其為氣也，至大至剛，以禮養而無賊。
其為氣也，至大至剛，以道養而無暴。
其為氣也，至大至剛，以仁養而無驕。
其為氣也，至大至剛，以義養而無畏。
其為氣也，至大至剛，以禮養而無怨。
其為氣也，至大至剛，以道養而無愁。
其為氣也，至大至剛，以仁養而無淫。
其為氣也，至大至剛，以義養而無貪。
其為氣也，至大至剛，以禮養而無爭。
其為氣也，至大至剛，以道養而無邪。
其為氣也，至大至剛，以仁養而無賊。
其為氣也，至大至剛，以義養而無暴。
其為氣也，至大至剛，以禮養而無驕。
其為氣也，至大至剛，以道養而無畏。
其為氣也，至大至剛，以仁養而無怨。
其為氣也，至大至剛，以義養而無愁。

