 to=self<|message|>請問這段文字出自哪裡？段落完整的原文是甚麼？

"「敢問何謂浩然之氣？」 曰：「難言也。其為氣也，至大至剛，以直養而無害..."

We need source. This is Mencius? 浩然之氣. Mencius 2A:2? Actually Mencius 2A:2? The text: "敢問何謂浩然之氣？" "曰：難言也。其為氣也，至大至剛，以直養而無害，則塞乎天地之間。" That's Mencius, 公孫丑上.

Complete original paragraph.

Mencius 公孫丑上: 孟子曰：「我善養吾浩然之氣。」公孫丑曰：「何謂浩然之氣？」曰：「難言也。其為氣也，至大至剛，以直養而無害，則塞乎天地之間。」「我且告子以吾養吾浩然之氣之道。」「人之所以異於禽獸者幾希，...」

Provide full passage.

Let's give complete original.

Probably need full paragraph.

Provide citation.

Answer in Chinese.

<|start|>assistant to=user<|message|>這段話出自《孟子·公孫丑上》。

孟子在談到養氣時說：

> 孟子曰：「我善養吾浩然之氣。」
> 公孫丑曰：「何謂浩然之氣？」
> 曰：「難言也。其為氣也，至大至剛，以直養而無害，則塞乎天地之間。」「我且告子以吾養吾浩然之氣之道。夫志，意也；氣次之；物交物，則引其所與同者而聚之，合其志。」「人之所以異於禽獸者幾希，庶民去之，君子存之。舜明於庶物，察於人倫，由仁義行，非行仁義也。」

後文孟子繼續說明養浩然之氣的方法：

> 「故天將降大任於斯人也，必先苦其心志，勞其筋骨，餓其體膚，空乏其身，行拂亂其所為，所以動心忍性，曾益其所不能。人恒過，然後能改；困於心，衡於慮，而後作；征於色，發於聲，而後喻。入則無法家拂士，出則無敵國外患者，国恒亡。然後知生於憂患而死於安樂也。」
> 
> 「故士窮乃知不足，窮則變，變則通，通則久。是故當務之急者，其養浩然之氣也。乃若其氣：其大無外，其小無內。無有遠近幽深，遂往者也。為善不同，同歸於善而已矣。」

最常引用的核心段落即為：

**公孫丑曰：「何謂浩然之氣？」**
**曰：「難言也。其為氣也，至大至剛，以直養而無害，則塞乎天地之間。」**

這就是孟子所說的浩然之氣的定義。 [end of text]


