你提到的這句「多情自古空餘恨，此恨綿綿無絕期」，確實是網路時代非常經典的「拼貼詩」。它巧妙地將兩首不同朝代、不同情境的詩詞縫合在一起，產生了一種既哀怨又帶點荒謬的調侃意味。

### 來源解析

這兩句分別來自不同朝代的兩位文人：

1. **「多情自古空餘恨」**：出自清代小說家魏秀仁所作的狹邪小說《花月痕》第十五回中的詩句（原為「多情自古空餘恨，好夢由來最易醒」）。這句詩本身已經帶有一種看透世情、卻又無可奈何的通俗悲劇感。
2. **「此恨綿綿無絕期」**：出自唐代白居易的千古名篇《長恨歌》。原意是描寫唐玄宗與楊貴妃生死相隔後，唐玄宗晚年孤寂、無盡悔恨的史詩級悲劇。

**調侃效果從何而來？**
白居易的《長恨歌》是帝王將相的「大悲」，而《花月痕》是文人墨客的「小資情傷」。將這兩者拼在一起，瞬間把原本宏大的歷史悲劇，降維打擊成了現代人「失戀後在深夜社群網站發廢文」的矯情與自嘲，有一種「明明只是小事，卻要死要活」的黑色幽默。

---

### 仿作創作：古典詩詞的「跨界拼貼」

按照你的要求，我從真實的古詩詞中抽取兩句，將不同語境的句子配對，試圖刷出新的火花。重點在於**「上半句鋪陳一個情境，下半句突然接一個極度誇張或完全錯位的名句」**，製造出古典氣息與荒謬感並存的張力。

#### 1. 職場社畜的嘆息
> **「採菊東籬下，悠然見南山。奈何明月有，何時照我還？」**

*   **來源**：
    *   晉代陶淵明《飲酒》：「採菊東籬下，悠然見南山。」
    *   宋代蘇軾《水調歌頭》：「人有悲歡離合，月有陰晴圓缺，此事古難全。」（改編其另一句「奈何明月有」非蘇軾原句，此處借用李白「奈何明月有，清風不相識」之意境，或直接化用蘇軾「明月幾時有」的變體）。
    *   *更正：為求精確，下半句改用唐代李白《關山月》的「明月出天山，蒼茫雲海間」與《靜夜思》的「低頭思故鄉」混搭。*
*   **重組後**：
    **「採菊東籬下，低頭思故鄉。」**
*   **火花解讀**：上半句是田園隱士的極致放鬆，下半句突然變成深夜加班的社畜想家。原本在院子裡悠閒賞菊，看著看著突然想起故鄉的老母親和房貸，畫風突變，充滿現代打工人的辛酸。

#### 2. 單身狗的強行灑脫
> **「同是天涯淪落人，相逢何必曾相識。勸君更盡一杯酒，西出陽關無故人。」**
*   **來源**：
    *   唐代白居易《琵琶行》：「同是天涯淪落人，相逢何必曾相識。」
    *   唐代王維《送元二使安西》：「勸君更盡一杯酒，西出陽關無故人。」
*   **火花解讀**：這兩句原本都是送別與貶謫的絕唱。但如果放在現代語境，就像是兩個在酒吧剛認識的單身男女互相吐苦水（同是天涯淪落人），結果酒過三巡，其中一人突然要結帳走人，另一人勸酒說「再喝一杯吧，你走出這家店（陽關）就沒朋友了」。有一種現代都市速食友誼的荒謬感。

#### 3. 減肥失敗的哀愁
> **「問世間情為何物，直教人生死相許。人生自古誰無死，留取丹心照汗青。」**

*   **來源**：
    *   金代元好問《摸魚兒·雁丘詞》：「問世間，情為何物，直教生死相許？」
    *   宋代文天祥《過零丁洋》：「人生自古誰無死？留取丹心照汗青。」
*   **火花解讀**：這是將「兒女情長」與「民族大義」強行拼接。原本是為愛殉情的悲壯，突然接上視死如歸的愛國情操。放在現代，就像是情侶吵架要分手，一方痛不欲生，另一方卻突然看開，覺得「人生反正都要死，談什麼戀愛，不如去為國捐軀」。這種從小情小愛瞬間拔高到宇宙大義的落差，極具喜劇效果。

#### 4. 現代借錢不還的絕唱
> **「洛陽親友如相問，一片冰心在玉壺。莫愁前路無知己，天下誰人不識君。」**

*   **來源**：
    *   唐代王昌齡《芙蓉樓送辛漸》：「洛陽親友如相問，一片冰心在玉壺。」
    *   唐代高適《別董大》：「莫愁前路無知己，天下誰人不識君。」
*   **火花解讀**：這兩首都是極為大氣的送別詩。但拼在一起後，語境完全變了。前半句是「如果故鄉的親友問起我，就說我依然高潔清廉」；後半句突然變成「別擔心前路沒朋友，你走到哪都有人認識你」。
*   **調侃解讀**：這簡直是現代「欠債跑路者」的完美自白——「如果債主問起我，就說我靈魂依然純潔（但錢我是不會還的）。別擔心我跑路後沒朋友，我換了個城市，照樣有人認識我！」

#### 5. 終極錯位：從婉約到暴力的瞬間轉換
> **「眾裡尋他千百度，驀然回首，那人卻在，一劍霜寒十四州。」**

*   **來源**：
    *   宋代辛棄疾《青玉案·元夕》：「眾裡尋他千百度。驀然回首，那人卻在，燈火闌珊處。」
    *   唐代貫休《獻錢尚父》：「滿堂花醉三千客，一劍霜寒十四州。」
*   **火花解讀**：上半句是元宵燈會上最唯美、最婉約的尋覓與浪漫；下半句卻是武俠世界裡最肅殺、最霸氣的劍氣。拼接後，畫面變成：你在人群中找了心上人很久，一回頭，發現那個柔弱的「她」竟然拿著一把劍，正散發著冰冷的殺氣準備征服天下。這種從「言情劇」秒切「武俠劇」的火花，極具視覺衝擊力。 [end of text]


