好的，我們來分析一下這句現代創作，並嘗試創作類似的句子。

**分析：**

*   **「多情自古空餘恨，此恨綿綿無絕期」** 乍一看，很容易讓人聯想到李商隱的《錦瑟》。
    *   **「多情自古空餘恨」** 幾乎是直接引用了《錦瑟》中的一句。
    *   **「此恨綿綿無絕期」** 則在語氣和意境上與《錦瑟》的風格相符，但又帶有一絲現代的調侃意味。

*   **調侃成分：** 這句現代創作的調侃之處在於，它將古典詩詞的意境與現代人的情感體驗結合起來，產生了一種反差感。這種反差感既有幽默感，又引人深思。

**創作類似的句子：**

以下是一些模仿這種風格，並結合其他古詩詞的創作：

1.  **「紅豆生南國，相思寄流水，流水無期，紅豆亦成灰。」**
    *   **來源：** 引用王維的《相思》。
    *   **新意：** 將相思之情推向極致，甚至連紅豆都化為灰燼，更顯相思之苦。

2.  **「問君能有幾多愁？恰似一江春水，流向東，流不盡，愁不休。」**
    *   **來源：** 引用李煜的《虞美人》。
    *   **新意：** 將愁緒比作一江春水，既有詩意，又帶有一絲無奈和調侃。

3.  **「曾經滄海難為水，東風吹來春意鬧，奈何春風不解我，空餘惆悵惹人笑。」**
    *   **來源：** 引用元稹的《離思五首·其四》。
    *   **新意：** 將對過去美好事物的懷念與現實的落差結合起來，產生一種淡淡的哀傷和自嘲。

4.  **「衣帶漸寬終不悔，為伊消得人憔悴，如今憔悴成習慣，伊人何處笑我痴？」**
    *   **來源：** 引用柳永的《蝶戀花》。
    *   **新意：** 將對愛情的執著與現實的無奈結合起來，更顯愛情之苦。

**創作要點：**

*   **選擇合適的古詩詞：** 選擇那些意境優美、情感濃烈的古詩詞作為基礎。
*   **保留原句的韻味：** 在改編時，盡量保留原句的韻律和意境。
*   **加入現代元素：** 在改編的基礎上，加入一些現代的元素，使句子更具時代感和個性。
*   **注意情感的表達：** 情感是詩詞的靈魂，要通過語言的運用，將情感表達得淋漓盡致。

希望這些創作能給你帶來一些靈感！ [end of text]


