「多情自古空餘恨，此恨綿綿無絕期」是將清代魏子安《花月痕》中的「多情自古空餘恨，好夢由來最易醒」與白居易《長恨歌》中的「天長地久有時盡，此恨綿綿無絕期」嫁接而成。前者感嘆多情終成遺憾，後者極言遺恨之無窮，兩句拼合後，情感疊加，更顯纏綿悽惻，雖非原詩，卻有古典韻味。

以下仿其手法，抽取兩句真古詩詞配搭，刷出新意：

1. **「人生若只如初見，當時只道是尋常」**  
   （納蘭性德《木蘭詞》＋ 納蘭性德《浣溪沙》）  
   初見驚豔與後來尋常，對比出時光無情。

2. **「此情可待成追憶，只是當時已惘然」**  
   （李商隱《錦瑟》＋ 李商隱《錦瑟》）  
   原為一詩，但拆為兩句，強調追憶與惘然之間的因果。

3. **「相見時難別亦難，東風無力百花殘」**  
   （李商隱《無題》＋ 李商隱《無題》）  
   原為一詩，但分開後更顯離別之痛與春去之悲。

4. **「曾經滄海難為水，除卻巫山不是雲」**  
   （元稹《離思》＋ 元稹《離思》）  
   原為一聯，但單獨抽出，仍見深情與執著。

5. **「問世間情為何物，直教生死相許」**  
   （元好問《摸魚兒》＋ 元好問《摸魚兒》）  
   原為一詞，但分為兩句，更顯對愛情的追問與犧牲。

6. **「衣帶漸寬終不悔，為伊消得人憔悴」**  
   （柳永《蝶戀花》＋ 柳永《蝶戀花》）  
   原為一詞，但分開後更見癡情與執著。

7. **「兩情若是久長時，又豈在朝朝暮暮」**  
   （秦觀《鵲橋仙》＋ 秦觀《鵲橋仙》）  
   原為一詞，但分為兩句，強調愛情超越時間。

8. **「此去經年，應是良辰好景虛設」**  
   （柳永《雨霖鈴》＋ 柳永《雨霖鈴》）  
   原為一詞，但分開後更顯離別後的孤寂與失落。

這些句子雖非原詩，但通過抽取真古詩詞中的名句重新組合，既保留了古典韻味，又產生了新的情感張力。 [end of text]


