 to=self<|message|>请用中国太空人成功飞上太空这题材，写一首五言律诗。请务必押韵。

Write a five-character regulated verse about Chinese astronaut success fly to space. Must rhyme.

五言律诗 8 lines, 5 chars each. Rhyme.

Need rhyme scheme. Use rhyme like 平水韵. Let's pick rhyme 阳韵: 天, 航, 光, 望 etc.

Make sure tonal pattern? Probably just rhyme.

Provide poem.

Let's produce 8 lines.

Example:
神舟破晓天
... Need 5 chars.

Line1: 神舟破晓天 (5)
Line2: 巨浪起长安? Hmm.

Better craft.

Let's do rhyme on "ang" or "an". Use 韵: 天, 航, 望, 壮, 昌? Need same rhyme.

Use 阳平韵: 天, 航, 光, 望, 壮? Not perfect.

Use 韵部 一先: 天, 航, 望, 昌, 扬? 天/航/光/望/昌/扬 all rhyme? In Mandarin, an/ang mix.

Simpler use 韵: 星, 梦, 征, 兴? Not.

Let's pick rhyme "ang": 天, 航, 光, 望? 望 is ang. Good.

Lines end with 天, 航, 光, 望, 昌, 扬, 梦, 壮? Need consistent.

Five-character regulated verse requires rhyme on even lines 2,4,6,8. Could rhyme all.

Let's produce:

神舟破晓天
万里逐星航
赤旗映日光
巨臂托苍望
...

Let's craft properly.

I'll output poem.

<|start|>assistant to=user<|message|>神舟破晓天
万里逐星航
赤旗映日光
巨臂托苍望

九天传捷报
一梦化飞扬
华夏今昌盛
长空自壮强 [end of text]


