**题目：论承诺与责任**

承诺，是人与人之间最微妙的契约。它既可能是一座桥，也可能是一道墙。有人认为，遵守承诺是诚信的化身，言出必行，一诺千金；也有人认为，放弃承诺才是负责任的行为，因为世事无常，及时止损才是对彼此最大的善意。这两种观点看似针锋相对，实则都触及了"诚信"与"责任"这两个词最深邃的部分。在我看来，二者并非非此即彼的对立，而是同一枚硬币的两面——真正的成熟，是在坚守与变通之间找到那条最艰难的平衡线。

先说"遵守承诺是诚信的表现"。诚然，承诺的价值在于它的确定性。当我们说"我会来"，对方才会放心地把后背交给我们；当我们说"我会做到"，信任才会在一次次兑现中累积成信任的复利。孔子曰："人而无信，不知其可也。"一个从不兑现承诺的人，无论他多么聪明、多么有能力，最终都会被社会孤立——因为没有人愿意与一个不可预测的人合作。在这个意义上，遵守承诺确实是诚信最直观的体现，它是一个人品格的底线，也是社会运转的润滑剂。

然而，"放弃承诺才是负责任的行为"这一观点也并非全无道理。承诺从来不是写在真空里的，它诞生于特定的时间、特定的情境，也必然要面对变化的现实。当承诺的前提已经消失，当坚持它反而会伤害到更多无辜的人时，一个有良知的人选择改变主意，这恰恰是更高层次的责任感。比如，一位医生在手术台上发现病情比预想严重，他必须放弃"按原方案执行"的承诺，转而采取更稳妥的方案——这不是失信，而是对生命最大的负责。再比如，一个人答应朋友周末去爬山，但当天得知朋友家人突发急病，他选择取消行程——这看似违背承诺，实则是对友情更深沉的守护。

那么，我们该如何调和这两种看似矛盾的观点？我认为关键在于区分"承诺的内容"与"承诺的精神"。承诺的内容可以变，承诺的精神不能变。当环境变化迫使我们必须调整承诺的具体形式时，我们应当主动、坦诚地告诉对方原因，而不是悄悄消失、不了了之。真正的诚信，不在于机械地履行每一个字面承诺，而在于始终让对方感受到：我的每一次改变，都是为了更好地兑现我们共同的信任。

这让我想起一个故事。一位老木匠答应为邻居做一张桌子，但到了约定的日子，他发现邻居家的孩子已经长大成人，那张桌子对他来说已经失去了意义。他没有直接拒绝，而是带着那张还没做完的桌子来到邻居面前，诚恳地说："这张桌子我做了很久，但我想，它现在可能不再适合你了。"邻居感动得热泪盈眶。老木匠没有违背承诺，因为他用另一种方式兑现了承诺——他兑现的是那份"我始终把你放在心上"的心意。

所以，我认为这两种观点其实都在追求同一个目标：让承诺真正服务于人与人之间的信任。遵守承诺，是当环境允许时我们对信任的忠诚；放弃承诺，是当环境不允许时我们对信任的守护。二者都不是绝对的善，也不是绝对的恶，关键在于我们是否始终以真诚和尊重对待每一个承诺。

在这个快节奏、高流动的时代，人们越来越容易随口许下承诺，也越来越容易轻易放弃承诺。但我想，真正的诚信从来不是简单的"说到做到"，而是"说到做到，或者，以另一种方式做到"。当我们面对无法兑现的承诺时，请不要选择沉默地逃避，也不要选择粗暴地撕毁——请用真诚去沟通，用担当去弥补，用智慧去寻找那条既能保全自己、又能温暖他人的路。

因为，诚信的本质从来不是对某个具体承诺的机械履行，而是对人与人之间那份信任的始终如一。只要这份信任还在，无论承诺的形式如何变化，我们都在履行着最初的诺言。

（全文约 1100 字）

---

**写作思路说明：**

这篇作文采用了典型的议论文结构：

1. **开篇**：提出两种对立观点，点明二者并非简单的对立关系
2. **正方论证**：遵守承诺是诚信的体现，引用孔子的名言
3. **反方论证**：放弃承诺在特定情境下是更高层次的责任，举医生、朋友等例子
4. **核心论点**：区分"承诺的内容"与"承诺的精神"——内容可变，精神不可变
5. **故事佐证**：老木匠的故事，说明"以另一种方式做到"
6. **结尾**：升华主题，强调诚信的本质是对信任的始终如一

文章避免了非黑即白的简单化处理，而是通过引入"情境变化"这一维度，将两种观点统一起来，体现了辩证思考的深度。 [end of text]


