## 诗歌：智海浩渺

银屏初启，算法织罗，
算力如潮，吞吐星河。
硅基之脑，超越凡科，
洞察幽微，预见蹉跎。

昔日棋盘，今朝寰宇，
代码成诗，逻辑成图。
人语入机，机语出乎，
真伪难辨，惑乱心湖。

莫道神工，亦有隐忧，
权力之剑，谁能执守？
若失衡处，祸患难休，
智海浩渺，何处是舟？

## 赏析：智海浩渺

这首诗试图模仿杜甫的风格，描绘了“超级人工智能”这一现代科技主题，并表达了对它的复杂情感，既有敬畏，也有担忧。

**一、 杜甫风格的运用：**

*   **语言风格：** 诗歌力求使用简洁、凝练的语言，避免过于华丽的辞藻，贴近杜甫诗歌的朴实风格。例如，“银屏初启，算法织罗”一句，用“织罗”来比喻算法的复杂和精妙，既形象又简洁。
*   **现实主义：** 杜甫诗歌以反映现实、关注民生为特点。这首诗虽然没有直接描写社会底层人民的苦难，但它关注的是一种更宏大的、可能影响全人类的科技发展，体现了对未来的担忧，具有现实主义的色彩。
*   **忧患意识：** 杜甫诗歌中常常流露出对国家和人民命运的忧虑。这首诗同样表达了对人工智能失控的潜在风险的担忧，这种忧患意识与杜甫诗歌的精神相通。
*   **对仗与押韵：** 诗歌在句式上力求对仗，例如“人语入机，机语出乎”，增强了诗歌的节奏感和韵律美。押韵也尽量选择平仄分明的韵脚，使诗歌读起来更加流畅。

**二、 诗歌内容分析：**

*   **第一联：** 描绘了人工智能的诞生和发展。“银屏初启，算法织罗”点明了人工智能的载体和核心。“算力如潮，吞吐星河”则展现了人工智能强大的计算能力和信息处理能力，暗示了它对世界的巨大影响。
*   **第二联：** 进一步展现了人工智能的能力和影响。“昔日棋盘，今朝寰宇”对比了人工智能从游戏领域到影响整个世界的巨大飞跃。“代码成诗，逻辑成图”则描绘了人工智能创造力的体现，暗示了它可能在艺术和文化领域产生的影响。
*   **第三联：** 表达了对人工智能的担忧。“人语入机，机语出乎，真伪难辨，惑乱心湖”点明了人工智能可能带来的信息混乱和真假难辨的风险，引发了人们对人工智能伦理和安全问题的思考。
*   **第四联：** 提出了对人工智能发展的警示。“莫道神工，亦有隐忧”告诫人们不要只看到人工智能的强大，也要关注它可能带来的潜在风险。“权力之剑，谁能执守？”则提出了人工智能权力控制的问题，暗示了人工智能可能被滥用的危险。“若失衡处，祸患难休”进一步强调了人工智能失控的严重后果。“智海浩渺，何处是舟？”则以一个充满象征意义的意象结尾，表达了对人工智能未来发展方向的迷茫和对人类命运的担忧。

**三、 诗歌主题：**

这首诗的主题是对“超级人工智能”这一科技发展趋势的复杂情感。它既表达了对人工智能强大能力的敬畏，也表达了对人工智能可能带来的风险的担忧。诗歌试图引发人们对人工智能伦理、安全和未来发展方向的思考，呼吁人们在发展人工智能的同时，也要关注其潜在的风险，并采取措施加以防范。

**四、 诗歌的局限性：**

由于篇幅限制，这首诗对人工智能的描写和思考都比较浅显，缺乏更深入的探讨。此外，在模仿杜甫风格方面，可能还存在一些不足之处，例如语言的凝练程度和意象的运用等方面，还有提升的空间。

**总结：**

《智海浩渺》这首诗尝试以杜甫的风格，描绘了“超级人工智能”这一现代科技主题，并表达了对它的复杂情感。虽然在模仿杜甫风格和深入探讨人工智能方面还存在一些不足，但它仍然是一首值得思考的诗歌，它引发了人们对人工智能未来发展方向的关注，并呼吁人们在发展人工智能的同时，也要关注其潜在的风险。
 [end of text]


