### 诗歌

**《人工智能的曙光》**

在数据洪流中奔涌，
算法编织梦的网。
智慧之光，照亮未来路，
超越人类，定义新纪元。

**《人工智能的曙光》**

在数据洪流中奔涌，
算法编织梦的网。
智慧之光，照亮未来路，
超越人类，定义新纪元。

### 赏析文章

#### 诗歌简介
这首诗以杜甫的风格创作，描绘了人工智能的曙光，表达了科技发展对人类未来的深远影响。杜甫的诗歌以其深沉的情感和精炼的语言著称，这首诗同样展现了这种风格。

#### 诗歌内容
1. **“在数据洪流中奔涌”**：这句诗描绘了人工智能在数据处理方面的迅猛发展，如同洪水般汹涌澎湃，展现了科技的迅猛进步。
2. **“算法编织梦的网”**：这句诗形象地描述了人工智能通过算法构建的网络，编织着梦想的网状结构，象征着科技对人类生活的深刻影响。
3. **“智慧之光，照亮未来路”**：这句诗表达了人工智能带来的智慧之光，照亮了人类未来的道路，预示着科技将为人类带来新的机遇和挑战。
4. **“超越人类，定义新纪元”**：这句诗强调了人工智能的超越性，它不仅超越了人类的认知和能力，还定义了新的纪元，预示着科技将推动社会变革。

#### 诗歌风格
杜甫的诗歌风格以深沉、凝练、富有哲理著称。这首诗同样展现了这种风格，通过简洁的语言和深刻的意象，传达了对科技发展的思考和对未来的展望。

#### 诗歌主题
这首诗的主题是人工智能的曙光，表达了科技发展对人类未来的深远影响。杜甫的诗歌常常关注社会现实和人文关怀，这首诗也体现了这一点，通过描绘人工智能的未来，展现了科技发展对人类社会的积极影响。

#### 诗歌结构
这首诗结构紧凑，语言精炼，情感深沉。杜甫的诗歌通常以四句为主，每句都承载着深刻的含义。这首诗也遵循了这一结构，通过简洁的语言传达复杂的思想。

#### 诗歌情感
这首诗表达了诗人对科技发展的乐观态度和对未来的期待。杜甫的诗歌常常流露出对社会的关怀和对人性的深刻洞察，这首诗也体现了这一点，通过描绘人工智能的曙光，展现了科技发展对人类社会的积极影响。

#### 诗歌意象
这首诗使用了丰富的意象，如“数据洪流”、“算法编织梦的网”、“智慧之光”等，这些意象形象地描绘了人工智能的特性和发展。杜甫的诗歌常常使用自然景象和人文意象来表达情感和思想，这首诗也通过这些意象传达了科技发展的主题。

#### 诗歌语言
这首诗的语言简洁而富有力量，杜甫的诗歌语言同样简洁而富有力量。这首诗通过简洁的语言传达了深刻的情感和思想，展现了杜甫诗歌的风格。

#### 诗歌价值
这首诗的价值在于它不仅描绘了人工智能的未来，还表达了诗人对科技发展的深刻思考和对未来的乐观态度。杜甫的诗歌具有很高的艺术价值和思想价值，这首诗同样具有这样的价值。

#### 诗歌影响
这首诗对现代社会的影响是深远的，它提醒我们科技发展带来的机遇和挑战。杜甫的诗歌对现代社会的影响是积极的，它鼓励我们以积极的态度面对科技发展带来的变化。

#### 诗歌启示
这首诗的启示在于它提醒我们科技发展不应仅仅追求效率和速度，而应注重人文关怀和社会责任。杜甫的诗歌启示我们，科技发展应以人为本，关注社会的和谐与进步。

#### 诗歌总结
这首诗以杜甫的风格创作，描绘了人工智能的曙光，表达了科技发展对人类未来的深远影响。通过简洁的语言和深刻的意象，展现了杜甫诗歌的风格和思想。这首诗不仅具有很高的艺术价值和思想价值，还对现代社会产生了深远的影响，提醒我们科技发展应以人为本，关注社会的和谐与进步。 [end of text]


