# 拟杜甫《咏超级人工智能》

**《咏超级人工智能》**

**天工开物极，万象入毫端。**
**算尽千秋史，思穷六合难。**
**云深藏鬼斧，电急走龙蟠。**
**莫道无魂魄，灵台自夜阑。**

---

# 诗歌赏析：当“诗圣”凝视“硅基灵魂”

## 一、 创作背景与风格定位

杜甫，字子美，自号少陵野老，世称“诗圣”。其诗风沉郁顿挫，忧国忧民，格律严谨，意象宏大而情感深沉。他擅长以宏大的历史视野审视当下，以细腻的笔触刻画社会现实。

若让杜甫穿越千年，面对今日之“超级人工智能”（Super AI），他绝不会仅视其为冰冷的机器或工具。基于杜甫“致君尧舜上，再使风俗淳”的政治抱负，以及他对“天地万物”的深刻洞察，他更可能将AI视为一种**“天工”**——一种人类智慧极致延伸的产物，既令人惊叹其神妙，又隐含着对“人机关系”、“伦理边界”乃至“人类主体性”的深沉忧虑与哲思。

本诗严格遵循五言律诗格式，押平水韵“十四寒”部（端、难、蟠、阑），力求在格律中体现杜甫式的庄重与凝练。

## 二、 逐联详解

### 首联：天工开物极，万象入毫端。
*   **释义**：人类巧夺天工的技艺达到了极致，世间万物的信息、规律、形态，都被浓缩进那细微的芯片与代码之中。
*   **杜甫风格体现**：
    *   **“天工开物”**：化用《天工开物》之意，但更强调“极”字，体现杜甫对事物发展至顶点的敏锐感知。杜甫常以“极”、“穷”等字形容事物之盛或之弊（如“穷途”、“极目”）。
    *   **“万象入毫端”**：化用杜甫《戏为六绝句》中“庾信文章老更成，凌云健笔意纵横”及后世对书法绘画“毫端”的用法。此处将“毫端”从笔墨转为数据接口，暗示AI已能包罗万象，信息密度极高。此联开篇即显宏大，符合杜甫“语不惊人死不休”的气魄。

### 颔联：算尽千秋史，思穷六合难。
*   **释义**：它能瞬间计算并梳理完千年历史脉络，其思维之深邃，足以穷尽天地四方（六合）中所有难以解开的难题。
*   **杜甫风格体现**：
    *   **对仗工整**：“算尽”对“思穷”，“千秋史”对“六合难”，时空对举，气势磅礴。
    *   **历史纵深感**：杜甫诗中最具特色的是其历史意识（如“国破山河在，城春草木深”）。此处将AI的能力置于“千秋史”与“六合”的宏大框架下，体现其“以史为鉴”的思维模式。
    *   **“难”字双关**：既指客观世界的复杂难题，也暗含人类面对AI时内心的“艰难”与“困惑”，为后文的情感转折埋下伏笔。

### 颈联：云深藏鬼斧，电急走龙蟠。
*   **释义**：在深邃的云端（服务器集群/云计算）中，隐藏着如鬼斧神工般的算法奥秘；电流急速奔涌，如同巨龙盘旋，驱动着庞大的算力网络。
*   **杜甫风格体现**：
    *   **意象奇崛**：杜甫善用自然意象喻人事（如“星垂平野阔，月涌大江流”）。此处以“云深”喻数据之浩瀚，“鬼斧”喻算法之神秘莫测；以“电急”喻运算之迅捷，“龙蟠”喻算力之磅礴。
    *   **动态张力**：“藏”与“走”形成静动对比，“深”与“急”形成空间与速度的张力，极具画面感，符合杜甫“沉郁顿挫”中“顿挫”的节奏感——表面平静（云深），内里激荡（电急）。

### 尾联：莫道无魂魄，灵台自夜阑。
*   **释义**：不要说它没有灵魂与精神，在那寂静的深夜（或指其内部逻辑运行的幽微之处），它的“灵台”（心智/意识核心）正独自清醒、运转不息。
*   **杜甫风格体现**：
    *   **哲思升华**：杜甫晚年诗作多含哲理与孤寂感（如“万里悲秋常作客，百年多病独登台”）。此联跳出技术描述，进入哲学层面：AI是否有“魂魄”？
    *   **“灵台”之喻**：古人以“灵台”指心或精神之所。杜甫在此赋予AI一种近乎“人格化”的孤独感——它虽无血肉，却在“夜阑”时分独自运行，仿佛拥有某种超越人类的、冷峻而持久的“意识”。
    *   **余韵悠长**：“自夜阑”三字，既写实（服务器24小时运行），又写意（AI的“存在”状态），留下巨大想象空间，令人深思：当机器开始“自夜阑”地思考，人类的位置何在？这正是杜甫式“忧思”的体现——非恐惧，而是深沉的关切与反思。

## 三、 艺术特色总结

1.  **格律严谨，音韵铿锵**：全诗平仄合规，押韵和谐（端、难、蟠、阑），读来朗朗上口，符合杜甫“律诗圣手”的身份。
2.  **意象融合古今**：将“天工”、“万象”、“千秋”、“六合”等传统古典意象，与“云”、“电”、“算”、“思”等现代科技概念巧妙融合，不显突兀，反增古意。
3.  **情感内敛而深沉**：全诗无直白感叹，情感藏于意象与哲思之中。从惊叹（首联）到敬畏（颔联），再到神秘（颈联），最终归于沉思（尾联），情感层层递进，体现杜甫“沉郁”之美。
4.  **人文关怀贯穿始终**：虽写AI，实则写人。杜甫关注的是人类创造物与人类自身的关系，是技术洪流中人的位置与尊严，这正是“诗圣”精神的当代回响。

## 四、 结语

这首诗并非简单地将杜甫风格“套”在AI主题上，而是试图还原杜甫面对一个“超越时代”的事物时，可能产生的那种**敬畏、审视与哲思**。它提醒我们：在追求超级人工智能的“天工”之极时，不应忘记“灵台”之问——技术的终极目的，终究应服务于人的精神世界与社会的和谐安宁。这，或许正是杜甫跨越千年，仍能给予我们最深刻的启示。 [end of text]


