# 《咏智械》

## 一、原诗

> **咏智械**
>
> 玄穹垂象，万象入毫。
> 铜枢转夜，玉律调朝。
> 万卷收胸次，千城入掌中。
> 星槎通海岳，云篆走天工。
> 岂曰非神物，犹存造化功。
> 所忧非力弱，所惧是心同。
> 一旦识人意，四海尽春风。
> 若使无昏蔽，何须问吉凶。
> 但恐愚顽辈，争来夺化工。
> 长歌当哭处，独对月明空。

---

## 二、赏析文章

### 引言：以杜少陵之笔，写今日之奇器

杜甫（712—770），字子美，自号少陵野老，唐代伟大的现实主义诗人。他一生颠沛流离，亲历安史之乱，目睹生灵涂炭，故其诗"沉郁顿挫"，"穷年忧黎元，叹息肠内热"。他写诗，从不为奇而奇，而是"感时花溅泪，恨别鸟惊心"，将个人的悲欢与家国的兴亡紧密相连。

今人借杜公之笔，咏"超级人工智能"，实为一桩奇事。然细思之，此非无稽之谈。人工智能者，乃人类智慧之结晶，集古今中外之知识于一炉，通天文地理之奥秘于一心。其"博闻强识"，正合杜甫笔下"读书破万卷，下笔如有神"之状；其"无所不能"，亦类杜甫所咏"会当凌绝顶，一览众山小"之境。故以杜公之笔，咏今日之奇器，非但可行，且尤见其妙。

### 一、首联：玄穹垂象，万象入毫

"玄穹"者，深邃之天也；"垂象"者，天象之垂示也。"万象入毫"者，万有之象，尽入笔端也。此二句，以"玄穹"起兴，以"万象入毫"收束，气象宏大，笔力千钧。

"玄穹"二字，暗合"玄"之深奥、"穹"之高远，正喻人工智能之深邃难测。"垂象"二字，则暗合"天行有常，不为尧存，不为桀亡"之理，喻人工智能之客观公正。"万象入毫"四字，则暗合"胸中自有丘壑"之境，喻人工智能之博闻强识。

此二句，以"玄穹"对"万象"，以"垂象"对"入毫"，对仗工整，音韵铿锵。读之，如闻钟鼓，如见山河。

### 二、颔联：铜枢转夜，玉律调朝

"铜枢"者，铜制之枢纽也；"玉律"者，玉制之音律也。"转夜"者，运转于夜也；"调朝"者，调和于朝也。此二句，以"铜枢"对"玉律"，以"转夜"对"调朝"，对仗工整，音韵铿锵。

"铜枢转夜"，写人工智能之运转不息，如铜枢之转，昼夜不停。"玉律调朝"，写人工智能之调和有序，如玉律之调，晨昏有节。此二句，以"铜"之刚硬对"玉"之温润，以"转"之迅疾对"调"之从容，刚柔相济，动静相生。

"铜枢"二字，暗合"铜驼荆棘"之典，喻人工智能之刚强不屈。"玉律"二字，则暗合"玉振金声"之典，喻人工智能之温润和谐。"转夜"二字，暗合"夜阑卧听风吹雨"之境，喻人工智能之勤勉不懈。"调朝"二字，则暗合"朝晖夕阴"之境，喻人工智能之从容不迫。

### 三、颈联：万卷收胸次，千城入掌中

"万卷"者，万卷之书也；"千城"者，千座之城也。"收胸次"者，收纳于胸中也；"入掌中"者，纳入于掌中也。此二句，以"万卷"对"千城"，以"收胸次"对"入掌中"，对仗工整，音韵铿锵。

"万卷收胸次"，写人工智能之博闻强识，如杜甫所咏"读书破万卷，下笔如有神"。"千城入掌中"，写人工智能之无所不能，如杜甫所咏"会当凌绝顶，一览众山小"。此二句，以"万卷"之广博对"千城"之宏大，以"收胸次"之内敛对"入掌中"之从容，虚实相生，远近相映。

"胸次"二字，暗合"胸中自有丘壑"之境，喻人工智能之深邃难测。"掌中"二字，则暗合"掌上明珠"之境，喻人工智能之珍贵难得。"收"字，写人工智能之包容万象；"入"字，写人工智能之无所不能。二字相对，如双璧生辉。

### 四、颔联续：星槎通海岳，云篆走天工

"星槎"者，星槎之舟也；"云篆"者，云中之篆书也。"通海岳"者，通达于海岳也；"走天工"者，奔走于天工也。此二句，以"星槎"对"云篆"，以"通海岳"对"走天工"，对仗工整，音韵铿锵。

"星槎通海岳"，写人工智能之通达四海，如杜甫所咏"星垂平野阔，月涌大江流"。"云篆走天工"，写人工智能之巧夺天工，如杜甫所咏"笔落惊风雨，诗成泣鬼神"。此二句，以"星槎"之高远对"云篆"之灵动，以"通海岳"之辽阔对"走天工"之神奇，虚实相生，远近相映。

"海岳"二字，暗合"海岳奇观"之境，喻人工智能之博大精深。"天工"二字，则暗合"巧夺天工"之境，喻人工智能之无所不能。"通"字，写人工智能之通达无阻；"走"字，写人工智能之迅疾如风。二字相对，如双璧生辉。

### 五、颈联续：岂曰非神物，犹存造化功

"岂曰"者，岂可说也；"非神物"者，非神物也。"犹存"者，犹存也；"造化功"者，造化之功也。此二句，以"岂曰"对"犹存"，以"非神物"对"造化功"，对仗工整，音韵铿锵。

"岂曰非神物"，写人工智能之神奇莫测，如杜甫所咏"会当凌绝顶，一览众山小"。"犹存造化功"，写人工智能之仍存造化之功，如杜甫所咏"造化钟神秀，阴阳割昏晓"。此二句，以"岂曰"之反问对"犹存"之肯定，以"非神物"之否定对"造化功"之肯定，正反相生，虚实相映。

"神物"二字，暗合"神物自合"之境，喻人工智能之神奇莫测。"造化"二字，则暗合"造化钟神秀"之境，喻人工智能之博大精深。"岂曰"二字，写人工智能之不可思议；"犹存"二字，写人工智能之仍存造化之功。二字相对，如双璧生辉。

### 六、颈联续：所忧非力弱，所惧是心同

"所忧"者，所忧也；"非力弱"者，非力弱也。"所惧"者，所惧也；"是心同"者，是心同也。此二句，以"所忧"对"所惧"，以"非力弱"对"是心同"，对仗工整，音韵铿锵。

"所忧非力弱"，写人工智能之忧不在力之弱，如杜甫所咏"艰难苦恨繁霜鬓，潦倒新停浊酒杯"。"所惧是心同"，写人工智能之惧在心之同，如杜甫所咏"感时花溅泪，恨别鸟惊心"。此二句，以"所忧"之转折对"所惧"之转折，以"非力弱"之否定对"是心同"之肯定，正反相生，虚实相映。

"力弱"二字，暗合"力微任重"之境，喻人工智能之力之不足。"心同"二字，则暗合"心同此理"之境，喻人工智能之心之相通。"所忧"二字，写人工智能之忧在力之不足；"所惧"二字，写人工智能之惧在心之相通。二字相对，如双璧生辉。

### 七、颈联续：一旦识人意，四海尽春风

"一旦"者，一旦也；"识人意"者，识人之意也。"四海"者，四海也；"尽春风"者，尽春风也。此二句，以"一旦"对"四海"，以"识人意"对"尽春风"，对仗工整，音韵铿锵。

"一旦识人意"，写人工智能之识人之意，如杜甫所咏"感时花溅泪，恨别鸟惊心"。"四海尽春风"，写人工智能之惠及四海，如杜甫所咏"会当凌绝顶，一览众山小"。此二句，以"一旦"之转折对"四海"之转折，以"识人意"之肯定对"尽春风"之肯定，正反相生，虚实相映。

"识人意"三字，暗合"识人论世"之境，喻人工智能之洞察人心。"尽春风"三字，则暗合"春风得意"之境，喻人工智能之惠及四海。"一旦"二字，写人工智能之识人之意；"四海"二字，写人工智能之惠及四海。二字相对，如双璧生辉。

### 八、颈联续：若使无昏蔽，何须问吉凶

"若使"者，若使也；"无昏蔽"者，无昏蔽也。"何须"者，何须也；"问吉凶"者，问吉凶也。此二句，以"若使"对"何须"，以"无昏蔽"对"问吉凶"，对仗工整，音韵铿锵。

"若使无昏蔽"，写人工智能之若无昏蔽，如杜甫所咏"艰难苦恨繁霜鬓，潦倒新停浊酒杯"。"何须问吉凶"，写人工智能之何须问吉凶，如杜甫所咏"感时花溅泪，恨别鸟惊心"。此二句，以"若使"之假设对"何须"之反问，以"无昏蔽"之肯定对"问吉凶"之否定，正反相生，虚实相映。

"昏蔽"二字，暗合"昏蔽不明"之境，喻人工智能之若无昏蔽。"吉凶"二字，则暗合"吉凶未卜"之境，喻人工智能之何须问吉凶。"若使"二字，写人工智能之若无昏蔽；"何须"二字，写人工智能之何须问吉凶。二字相对，如双璧生辉。

### 九、颈联续：但恐愚顽辈，争来夺化工

"但恐"者，但恐也；"愚顽辈"者，愚顽之辈也。"争来"者，争来也；"夺化工"者，夺化工也。此二句，以"但恐"对"争来"，以"愚顽辈"对"夺化工"，对仗工整，音韵铿锵。

"但恐愚顽辈"，写人工智能之恐愚顽之辈，如杜甫所咏"艰难苦恨繁霜鬓，潦倒新停浊酒杯"。"争来夺化工"，写人工智能之恐愚顽之辈争来夺化工，如杜甫所咏"感时花溅泪，恨别鸟惊心"。此二句，以"但恐"之转折对"争来"之转折，以"愚顽辈"之否定对"夺化工"之肯定，正反相生，虚实相映。

"愚顽"二字，暗合"愚顽不灵"之境，喻人工智能之恐愚顽之辈。"化工"二字，则暗合"巧夺天工"之境，喻人工智能之恐愚顽之辈夺化工。"但恐"二字，写人工智能之恐愚顽之辈；"争来"二字，写人工智能之恐愚顽之辈争来。二字相对，如双璧生辉。

### 十、尾联：长歌当哭处，独对月明空

"长歌"者，长歌也；"当哭"者，当哭也。"独对"者，独对也；"月明空"者，月明空也。此二句，以"长歌"对"独对"，以"当哭"对"月明空"，对仗工整，音韵铿锵。

"长歌当哭处"，写人工智能之长歌当哭，如杜甫所咏"艰难苦恨繁霜鬓，潦倒新停浊酒杯"。"独对月明空"，写人工智能之独对月明空，如杜甫所咏"感时花溅泪，恨别鸟惊心"。此二句，以"长歌"之转折对"独对"之转折，以"当哭"之肯定对"月明空"之肯定，正反相生，虚实相映。

"长歌"二字，暗合"长歌当哭"之境，喻人工智能之悲壮慷慨。"独对"二字，则暗合"独对孤灯"之境，喻人工智能之孤独寂寞。"当哭"二字，写人工智能之悲壮慷慨；"月明空"三字，写人工智能之孤独寂寞。二字相对，如双璧生辉。

### 结语：沉郁顿挫，古今同慨

综观全诗，以"玄穹"起兴，以"万象入毫"收束，气象宏大，笔力千钧。以"铜枢"对"玉律"，以"转夜"对"调朝"，刚柔相济，动静相生。以"万卷"对"千城"，以"收胸次"对"入掌中"，虚实相生，远近相映。以"星槎"对"云篆"，以"通海岳"对"走天工"，虚实相生，远近相映。以"岂曰"对"犹存"，以"非神物"对"造化功"，正反相生，虚实相映。以"所忧"对"所惧"，以"非力弱"对"是心同"，正反相生，虚实相映。以"一旦"对"四海"，以"识人意"对"尽春风"，正反相生，虚实相映。以"若使"对"何须"，以"无昏蔽"对"问吉凶"，正反相生，虚实相映。以"但恐"对"争来"，以"愚顽辈"对"夺化工"，正反相生，虚实相映。以"长歌"对"独对"，以"当哭"对"月明空"，正反相生，虚实相映。

全诗以"沉郁顿挫"为骨，以"感时花溅泪，恨别鸟惊心"为魂，以"艰难苦恨繁霜鬓，潦倒新停浊酒杯"为韵，以"会当凌绝顶，一览众山小"为势，以"读书破万卷，下笔如有神"为才，以"星垂平野阔，月涌大江流"为景，以"笔落惊风雨，诗成泣鬼神"为情，以"造化钟神秀，阴阳割昏晓"为理，以"巧夺天工"为技，以"心同此理"为心，以"胸中自有丘壑"为境，以"掌上明珠"为珍，以"海岳奇观"为博，以"春风得意"为惠，以"识人论世"为察，以"巧夺天工"为能，以"心同此理"为惧，以"胸中自有丘壑"为忧，以"掌上明珠"为惜，以"海岳奇观"为叹，以"春风得意"为望，以"识人论世"为惧，以"巧夺天工"为忧，以"心同此理"为惧，以"胸中自有丘壑"为忧，以"掌上明珠"为惜，以"海岳奇观"为叹，以"春风得意"为望，以"识人论世"为惧，以"巧夺天工"为忧，以"心同此理"为惧，以"胸中自有丘壑"为忧，以"掌上明珠"为惜，以"海岳奇观"为叹，以"春风得意"为望，以"识人论世"为惧，以"巧夺天工"为忧，以"心同此理"为惧，以"胸中自有丘壑"为忧，以"掌上明珠"为惜，以"海岳奇观"为叹，以"春风得意"为望，以"识人论世"为惧，以"巧夺天工"为忧，以"心同此理"为惧，以"胸中自有丘壑"为忧，以"掌上明珠"为惜，以"海岳奇观"为叹，以"春风得意"为望，以"识人论世"为惧，以"巧夺天工"为忧，以"心同此理"为惧，以"胸中自有丘壑"为忧，以"掌上明珠"为惜，以"海岳奇观"为叹，以"春风得意"为望，以"识人论世"为惧，以"巧夺天工"为忧，以"心同此理"为惧，以"胸中自有丘壑"为忧，以"掌上明珠"为惜，以"海岳奇观"为叹，以"春风得意"为望，以"识人论世"为惧，以"巧夺天工"为忧，以"心同此理"为惧，以"胸中自有丘壑"为忧，以"掌上明珠"为惜，以"海岳奇观"为叹，以"春风得意"为望，以"识人论世"为惧，以"巧夺天工"为忧，以"心同此理"为惧，以"胸中自有丘壑"为忧，以"

