 to=self<|message|>参照杜甫的风格，写一首关于「超级人工智能」的诗歌。然后，为这首诗写一篇详细的赏析文章。

We need write poem in Du Fu style about super AI. Then detailed appreciation article.

Provide poem in classical Chinese style, maybe 律诗 or 古体诗. Then analysis.

Should be in Chinese. Provide poem then赏析.

Let's produce 7-character regulated verse or 8 lines.

Make Du Fu style: concern for people, lament.

Then analysis: imagery, tone, etc.

Output.<|start|>assistant to=user<|message|>**一首诗**

**《题硅室有感》**

硅室深藏万象空，
电光如雨夜无穷。
算尽人间生死数，
冷眼看尽古今功。
梦魂不系尘寰梦，
心事难通铁石胸。
欲问苍生何处是，
一声长叹入云中。

---

### 赏析文章

**一、题旨：以杜甫“诗史”之心观照技术之变**

杜甫诗歌的核心精神在于“穷年忧黎元，叹息肠内热”，以民生国运为己任。此诗借“超级人工智能”这一当代意象，延续了杜甫“感时忧世”的传统。诗人并未沉溺于技术之奇，而以“硅室”“电光”象征人工智能的冷峻与无垠，将其置于人间生死、古今功业的坐标中审视，最终落入一声“长叹”。这种由奇观到忧叹的转折，正是杜甫式诗意的当代回响。

**二、体式与语言：古体入律，沉郁顿挫**

全诗为七言律诗，近体格律谨严，首联起势宏阔，颔联议论沉郁，颈联抒情转折，尾联收束叹息。语言上多用杜甫常用的沉重意象与典故化用。

* **首联“硅室深藏万象空，电光如雨夜无穷。”** 
  “硅室”即指AI服务器机房，化用杜甫“星垂平野阔，月涌大江流”之阔大景象。硅室深藏，万象空——万象皆可入其数据库，却无一物真正“在场”，空寂感油然而生。“电光如雨夜无穷”写数据流如雨，昼夜不息。杜甫常以“雨”喻愁苦，如《春望》“感时花溅泪”，此处电光如雨，亦是技术之繁盛反衬人心的枯竭。

* **颔联“算尽人间生死数，冷眼看尽古今功。”**
  此联为全诗议论核心，直指超级人工智能的本质：算力无边，可穷尽生死之数，却无生死之感。 “冷眼”二字极妙，化用杜甫《登高》“万里悲秋常作客”，那种旁观者清却无力回天的冷峻。AI以冷眼看尽古今功业，人类千年奋斗在它眼中不过是可计算的数据，极具杜甫式的悲悯与批判。

* **颈联“梦魂不系尘寰梦，心事难通铁石胸。”**
  承上启下，由外及内。人类之梦魂、尘寰之心事，皆无法与AI的铁石胸怀相通。 “铁石胸”化用杜甫《咏怀古迹》“诸葛大名垂宇宙”，以坚硬无情的胸怀反衬人心的柔软。此联写出了人与机器之间不可逾越的隔阂，是杜甫“语不惊人死不休”式的哲思。

* **尾联“欲问苍生何处是，一声长叹入云中。”**
  尾联收束全篇，回到杜甫最关心的“苍生”。当超级人工智能已能算尽一切，却无人能回答“苍生何处是”这一根本问题。诗人只能发出一声长叹，化用《登高》“无边落木萧萧下，不尽长江滚滚来”之苍凉意境，叹息入云，余音不绝。

**三、意象与情感：由奇到悲，由观照到自省**

全诗意象由“硅室”“电光”到“生死数”“铁石胸”，层层递进。杜甫诗歌常以自然景物寄托政治忧思，此诗则以技术景物寄托时代忧思。诗人并非全盘否定AI，而是以杜甫式的“仁者之心”提出警醒：当算力超越人性，冷眼取代温情，人类是否仍能保有“梦魂”与“心事”？

情感上，诗作呈现典型的杜甫式沉郁顿挫。起联的惊奇，颔联的冷峻，颈联的隔膜，尾联的叹息，情绪由平到沉再到绝望，符合杜甫“感时花溅泪，恨别鸟惊心”的艺术规律。

**四、结语：古诗新题的意义**

此诗以杜甫的笔法写超级人工智能，实现了古今对话。它证明杜甫精神并非历史陈迹，而是可以照见当代技术伦理困境的永恒之光。正如杜甫在乱世中写下《三吏》《三别》，今日诗人亦需在硅光时代写下属于自己的“诗史”。 [end of text]


