 to=self<|message|>Consider text from 滑稽列传 and answer questions:

Q1 summary
Q2 what kind of women victims
Q3 who benefit
Q4 wits or force
Q5 moral?
Q6 explain comment fair?

Keep concise.

Provide answers.

<|start|>assistant to=user<|message|>**Q1: Short summary**
Wei Wenhou appointed Ximen Bao as magistrate of Ye. Locals complained they were impoverished by the annual custom of “marrying a girl to the River God”. Officials and witches took money, selected pretty young girls, dressed them as brides and drowned them in the Yellow River. Ximen Bao pretended to cooperate, then at the ceremony threw the old witch and her three female disciples, then three elders into the river, feigning to wait for the River God’s reply. Terrified, the crowd abandoned the custom. Ximen Bao then dug twelve irrigation canals from the river, enriching the people. Later officials wanted to alter the canals but locals preserved Ximen Bao’s work.

**Q2: Victims**
Young, pretty girls from poor families. The witch would “look at small-house girls who are good” and take them as the River God’s bride.

**Q3: Beneficiaries**
The three elders, the court clerk, the witches and priests. They collected millions of cash, used 200-300 thousand for the ritual and divided the remainder among themselves.

**Q4: Wits or force**
Wits, with theatrical force as a means. Ximen Bao did not use troops or legal punishment. He used psychological deception: he feigned respect for the River God, demanded the witch report back, and drowned the corrupt officials and witch first. The staged “waiting” created terror and self-incrimination, making the people abandon the superstition voluntarily.

**Q5: Moral judgment**
* Utilitarian / Legalist view: Moral. He stopped human sacrifice, stopped extortion, and created lasting public welfare via irrigation. The ends justify the means.
* Deontological / Humanist view: Immoral. He killed the old witch and six others by drowning, using murder and terror rather than law. The victims were innocent of the systemic abuse.
* Confucian view: Mixed. Protecting the people and ending corruption is virtuous, but killing and frightening the populace violates benevolence *ren* and proper ritual governance.
Overall, effective but ethically costly.

**Q6: Meaning and fairness**
The saying contrasts three governance styles:
* Zi Chan of Zheng: people could not deceive him – he was wise and law-abiding.
* Zi Jian of Shanfu: people were unwilling to deceive him – he was beloved and moral.
* Ximen Bao of Ye: people dared not deceive him – he ruled by fear.

The comment asks which talent is most excellent. It is fair in highlighting a hierarchy: unwilling to deceive > unable to deceive > dare not deceive. Fear-based rule is the weakest, though effective in the short term. Ximen Bao’s success is pragmatic but inferior to moral suasion and true wisdom. [end of text]


