Here are the answers to your questions:

**Q1: Give a short summary of the story (5 points)**

In the state of Wei, the people of Ye were impoverished by the annual practice of offering a young woman to the River God. The local elders, officials, and shamans extorted money from the people under the guise of preparing for this ritual, keeping the majority for themselves. When West Gate Leopard became the magistrate of Ye, he discovered the truth. He used a ruse, pretending to want to participate in the ritual, and then threw the shamans, elders, and their disciples into the river, ending the practice and freeing the people from exploitation. He then ordered the construction of irrigation canals, bringing prosperity to the region.

**Q2: What kind of women were usually the victims in the story (2 points)**

The story suggests that the victims were young, attractive women from ordinary families. The shamans would look for "good-looking girls" to be sacrificed.

**Q3. Who were deemed to benefit from the old practice of offering girls? (2 points)**

The elders, officials (廷掾), shamans (巫祝), and their disciples were the ones who benefited from the practice, as they collected money from the people under the pretense of preparing for the ritual.

**Q4: Did the protagonist use wits or force to deal with the situation? Explain (5 points)**

The protagonist, West Gate Leopard, primarily used wits. He initially feigned interest in the ritual to gain the trust of the elders and shamans. He then used this opportunity to expose their corruption and eliminate them through a carefully orchestrated plan. While force was ultimately used (throwing people into the river), it was a direct result of his clever deception and manipulation.

**Q5: Was it moral for the protagonist to do so? Briefly provide views from various perspectives (10 points).**

*   **Utilitarian Perspective:** From a utilitarian perspective, West Gate Leopard's actions were likely moral. He saved many people from poverty and exploitation, and his actions ultimately led to the prosperity of the region. The deaths of a few corrupt individuals were justified by the greater good achieved.
*   **Deontological Perspective:** From a deontological perspective, the morality is more questionable. Killing, even of corrupt individuals, is generally considered wrong. The ends do not always justify the means. Some might argue that he could have achieved the same result through legal means, even if it took longer.
*   **Virtue Ethics Perspective:** From a virtue ethics perspective, his actions could be seen as a demonstration of courage and justice. He stood up against injustice and protected the vulnerable. However, some might argue that his methods were not virtuous, as they involved deception and violence.
*   **Modern Legal Perspective:** From a modern legal perspective, his actions would likely be considered illegal. He committed murder and potentially other crimes.

**Q6: At the end of 滑稽列传, it is said that: "傳曰：「子產治鄭，民不能欺；子賤治單父，民不忍欺；西門豹治鄴，民不敢欺。」三子之才能誰最賢哉？辨治者當能別之。" -- explain what it means, and whether the comment is fair. (15 points)**

This passage compares the governing styles of three historical figures: Zi Chan, Zi Jian, and West Gate Leopard.

*   **Zi Chan (子產) of Zheng:** The people *could not* deceive him. This suggests he was astute, incorruptible, and had a strong system of checks and balances in place. People knew they would be caught if they tried to cheat or lie.
*   **Zi Jian (子賤) of Danfu:** The people *did not dare* to deceive him. This implies that he was intimidating, perhaps through strict laws and harsh punishments. People were afraid of the consequences of being caught.
*   **West Gate Leopard (西門豹) of Ye:** The people *did not dare* to deceive him. Similar to Zi Jian, this suggests that his rule was based on fear and the potential for severe repercussions.

The passage then asks which of the three was the most talented. The answer is that it depends on how one defines "talent" in a ruler.

**Is the comment fair?**

The comment is somewhat fair, but also simplistic. It highlights the different approaches to governance:

*   **Zi Chan:** Represents a more enlightened and just form of leadership, where the ruler's integrity and effective systems prevent corruption.
*   **Zi Jian and West Gate Leopard:** Represent a more authoritarian approach, where fear and intimidation are used to maintain order.

Whether Zi Chan was "more talented" is subjective. A society that values stability above all else might prefer Zi Jian or West Gate Leopard. However, a society that values justice and fairness might prefer Zi Chan.

The comment is also a bit unfair to West Gate Leopard. While his methods were certainly harsh, they were arguably necessary to break the cycle of corruption and exploitation in Ye. He achieved a positive outcome, even if his methods were questionable. The passage doesn't acknowledge the context of the situation in Ye, where the people were being actively harmed by the corrupt practices. Therefore, while the comparison is insightful, it lacks nuance and doesn't fully capture the complexities of each ruler's situation and actions.
 [end of text]


