**Q1: Give a short summary of the story (5 points)**
Ximen Bao, appointed magistrate of Ye, investigated local grievances and found that officials and priests were exploiting the populace by claiming the River God required a bride, using the funds for personal gain and forcing families to sacrifice daughters. To stop this, he feigned agreement to attend the next sacrifice. On the day, he accused the high priestess of being ugly and sent her, her disciples, and the corrupt officials into the river to "report" to the god. When the crowd panicked, he claimed the god was keeping the guests and dismissed everyone. He then diverted the river to irrigate fields, bringing prosperity to the region.

**Q2: What kind of women were usually the victims in the story (2 points)**
The victims were young girls from poor families ("small households") who were deemed "good-looking" by the witch.

**Q3. Who were deemed to benefit from the old practice of offering girls? (2 points)**
The Three Elders (San Lao), the Court Clerk (Ting Yuan), and the high priestess/witch (Da Wu Yu) benefited, as they collected taxes from the people and kept the majority of the money for themselves.

**Q4. Did the protagonist use wits or force to deal with the situation? Explain (5 points)**
Ximen Bao primarily used **wits** (strategic deception) rather than brute force. He did not simply arrest the criminals or kill the priestess immediately. Instead, he used the superstitious beliefs of the crowd against them. By pretending to respect the ritual but finding "faults" with the bride and the messenger, he created a logical trap. He forced the perpetrators to participate in their own punishment by sending them to the river to "explain" the situation to the god. This psychological tactic, combined with the threat of further "sacrifices," broke the power structure without a direct military or violent confrontation, effectively dismantling the scam through irony and public demonstration.

**Q5. Was it moral for the protagonist to do so? Briefly provide views from various perspectives (10 points)**
*   **Utilitarian/Pragmatic View:** Yes, it was moral. The action stopped a deadly scam, saved countless lives, and brought economic prosperity to the region. The ends (saving the people) justified the means.
*   **Legal/Procedural View:** No, it was immoral/illegal. Ximen Bao acted as judge, jury, and executioner without due process. He killed innocent or guilty parties (the disciples were likely innocent) based on his own authority, violating the rule of law.
*   **Confucian View:** Mixed. It aligns with the Confucian ideal of a benevolent ruler protecting the people (Ren), but the method of extrajudicial killing and deception contradicts the emphasis on ritual propriety (Li) and lawful governance. However, the text praises him as an "excellent minister," suggesting the benevolent outcome outweighs the procedural flaws in this context.

**Q6. At the end of 滑稽列传, it is said that: "傳曰：「子產治鄭，民不能欺；子賤治單父，民不忍欺；西門豹治鄴，民不敢欺。」三子之才能誰最賢哉？辨治者當能別之。" -- explain what it means, and whether the comment is fair. (15 points)**

**Explanation of the Quote:**
The quote compares three famous administrators:
1.  **Zi Chan (of Zheng):** "The people could not deceive him." This implies his governance was so transparent and his insight so sharp that deception was impossible; he knew everything.
2.  **Zi Jian (of Shanfu):** "The people were unwilling to deceive him." This implies his governance was so benevolent and moral that the people felt shame or loyalty, making them *choose* not to lie.
3.  **Ximen Bao (of Ye):** "The people did not dare to deceive him." This implies his governance was so strict, authoritative, and backed by decisive (often harsh) action that the people were *afraid* to lie.

The final question asks who is the most virtuous among the three, suggesting that a wise ruler should be able to distinguish between these different styles of governance.

**Is the comment fair?**
The comment is **fair and insightful** because it highlights that "good governance" is not monolithic. It recognizes that different situations require different approaches:
*   **Zi Chan** represents **wisdom and transparency**.
*   **Zi Jian** represents **moral influence and benevolence**.
*   **Ximen Bao** represents **decisive action and deterrence**.

In the specific context of Ye, where the problem was a deeply entrenched, violent, and superstitious scam involving corruption, Ximen Bao's approach ("dare not") was arguably the most *effective* and necessary. Moral suasion (Zi Jian) might have been too slow, and mere transparency (Zi Chan) might not have stopped the immediate violence. The comment is fair because it does not declare one style universally superior but invites the reader to judge based on context. It acknowledges that Ximen Bao's "intimidation" was a valid and successful tool for a specific crisis, even if it differs from the more "gentle" Confucian ideals of the other two. [end of text]


