**Q1: Summary**
When Ximen Bao became magistrate of Ye, the elders told him the people suffered because of the "marriage to the River God Hebo." The local officials (San Lao, Ting Yuan) collected millions of coins from the populace, spent a fraction on the ritual and pocketed the rest, while the priestess and her disciples chose attractive young women from poor families, dressed them up, and drowned them in the river. Fearing their daughters would be taken, families fled, leaving the city empty and impoverished. Ximen Bao attended the next ceremony, then used a series of sarcastic "complaints" to have the priestess, her three disciples, the San Lao, and finally the Ting Yuan thrown into the river one by one, pretending to wait for their replies. The officials, terrified, confessed and stopped ever mentioning the ritual again. Ximen Bao then dug twelve irrigation canals, bringing water to the farmland and making the people wealthy.

**Q2: Victims**
The victims were attractive young women ("好女") from poor households ("小家女"), chosen by the priestess and her disciples. They were typically from families that were already struggling and fleeing poverty, making them easy targets.

**Q3: Beneficiaries**
The beneficiaries were the local officials and the priestly class: the San Lao (village elders), the Ting Yuan (magistrate's deputy), the priestess and her disciples, and the Zhu Wu (diviners). They collected the money from the people, used a portion for the ritual, and divided the remainder among themselves, taking it home.

**Q4: Wits or force?**
Ximen Bao used **wits (satire and psychological pressure) rather than direct force**. He did not openly accuse anyone or use violence. Instead, he feigned concern for the River God and, through a series of increasingly absurd "complaints" about the drowned women taking too long, he forced the officials to throw their own accomplices into the river. The officials, terrified of being next, capitulated and confessed. His cleverness lay in using the absurdity of the ritual itself as a weapon, turning the officials' own superstition against them.

**Q5: Morality**
*   **Utilitarian view:** Yes, it was moral. He ended a cruel practice that killed innocent women and drained the community's wealth, replacing it with irrigation that made the people prosperous. The ends (saving lives, economic recovery) justified the means.
*   **Deontological view:** Arguably not fully moral. He used deception, manipulation, and public humiliation, and he killed people (the officials were thrown in, though they were accomplices). Some might argue he violated the sanctity of the ritual or acted outside the law.
*   **Legalistic view:** He acted outside the formal legal system, using personal authority and intimidation rather than due process. However, his actions were ultimately endorsed by the people and the state.
*   **Overall:** Most would conclude it was justified, given the clear harm being prevented and the lasting benefit to the people, but the methods were questionable.

**Q6: Explanation and fairness**
The passage says: "The classics say: Zi Chan governed Zheng and the people could not deceive him; Zi Juan governed Shanfu and the people could not bear to deceive him; Ximen Bao governed Ye and the people did not dare to deceive him. Among these three, whose talent is most excellent? A competent administrator should be able to distinguish them."

*   **Meaning:** It distinguishes three styles of governance based on the relationship between ruler and people:
    *   **Zi Chan (郑):** Rule by strict law and order — people obey and cannot deceive because they fear the law.
    *   **Zi Juan (单父):** Rule by benevolence and virtue — people are so moved by the ruler's goodness that they cannot bring themselves to deceive.
    *   **Ximen Bao (邺):** Rule by fear and authority — people are so intimidated that they dare not deceive.
*   **Fairness:** The comment is somewhat **fair but simplistic**. It acknowledges that different rulers inspire different kinds of trust and obedience, and that each has value. However, it implies a hierarchy of "talent" that may not be entirely accurate — Zi Juan's benevolent rule is often seen as the most ideal, while Ximen Bao's rule by fear is less admirable. The passage also overlooks that Ximen Bao's methods, while effective, were based on intimidation and deception rather than genuine trust or moral leadership. A fairer reading would recognize that all three approaches have merits and that the "best" form depends on the circumstances. [end of text]


