Here is the breakdown of the passage from 荀子 (Xunzi) as requested.

### (1) Translation of the Story

Marquis Wu of Wei (魏武侯) made plans that were correct, and none of his ministers could match him. After retiring from the court, he wore a pleased expression. Wu Qi (吳起) stepped forward and said, "Has Your Lordship ever heard the words of King Zhuang of Chu (楚莊王) from those around you?"

Marquis Wu asked, "What were the words of King Zhuang of Chu?"

Wu Qi replied: "King Zhuang of Chu made plans that were correct, and none of his ministers could match him. After retiring from the court, he wore a worried expression. Shen Gong Wuchen (申公巫臣) stepped forward and asked, 'Your Majesty wears a worried expression at court. Why is that?'

King Zhuang said: 'I, the Unworthy One, made plans that were correct, and none of my ministers could match them. This is why I am worried. As the saying of Zhong Hui (中蘬) goes: "The feudal lord who finds a teacher for himself will become a true king; the one who finds friends will become a hegemon; the one who finds advisors to consult will preserve his state; but the one who makes all plans himself and thinks no one is as good as him will perish." Now, with me being so unworthy, and yet none of my ministers can match me, my state is nearly doomed! This is why I am worried.'

King Zhuang of Chu was worried about this, yet you, my lord, are pleased by it."

Marquis Wu stepped back respectfully, bowed twice, and said, "Heaven has sent you, sir, to correct my faults."

### (2) Moral of the Story

The moral is a warning against **hubris and the danger of surrounding oneself with inferiors**. The story contrasts two reactions to the same situation (being the smartest person in the room):

- **Marquis Wu's reaction (喜, joy):** He is pleased because his own ability makes him feel superior. This is a sign of complacency and a lack of self-awareness. According to the logic of the story, this attitude leads to ruin (亡).
- **King Zhuang's reaction (憂, worry):** He is alarmed because if his ministers are all inferior to him, there is no one to correct his mistakes, challenge his thinking, or offer better counsel. This is a sign of a wise ruler who understands that a state's strength depends on collective wisdom, not just the ruler's individual talent.

The core lesson is that **a wise leader values capable subordinates over personal glory**. The greatest danger to a ruler is not external enemies, but the internal failure of having no one who dares or is able to offer superior advice. The story promotes humility and the active cultivation of talented critics.

### (3) Counterpart in Western (European) Thought

Yes, this concept has a strong counterpart in Western thought, particularly in **classical political philosophy and leadership theory**.

**1. The Socratic Model of the "Gadfly"**
The most direct parallel is Socrates' description of himself as a "gadfly" to the Athenian state (in Plato's *Apology*). Socrates argued that Athens was like a large, noble horse that was becoming sluggish, and he was the gadfly sent by God to sting it, wake it up, and keep it from complacency. King Zhuang's worry is precisely that he has no "gadflies" – no one to sting him with better ideas or criticism. Marquis Wu, in his joy, is the "sluggish horse" that needs to be stung.

**2. The "Yes-Men" Problem in Machiavelli**
In *The Prince* (Chapter 23), Niccolò Machiavelli explicitly warns rulers against flatterers and "yes-men." He writes: "There is no other way of guarding oneself against flattery than by making men understand that telling you the truth will not offend you." Machiavelli advises a prince to always seek wise counsel and to listen to it, not just to surround himself with people who agree with him. The story of Marquis Wu and King Zhuang is a perfect illustration of this principle, though Xunzi's Confucian framework emphasizes moral cultivation, while Machiavelli's is more pragmatic.

**3. The "King's Two Bodies" and the Need for Counsel**
In medieval European political theory (e.g., John of Salisbury's *Policraticus*), the king was seen as the "head" of the body politic, but he required the "senses" (advisors) and "hands" (executors) to function. A king who thought he was the entire body was a tyrant. The idea that a ruler's wisdom is proven by his ability to listen to wise counselors, rather than by his own solitary brilliance, is a recurring theme in Western mirrors for princes (advice books for rulers).

**In summary:** The story's core idea—that a leader's greatest strength lies in having advisors who are his equals or superiors, and that the absence of such critics is a sign of impending failure—is a universal principle of leadership found in both Confucian and Western traditions, most notably in the Socratic "gadfly" and Machiavellian warnings against flattery. [end of text]


