Here is the translation, analysis, and comparative context for the passage from *Xunzi* (Chapter 12, "Cheng" or "Sincerity/Integrity," though often cited in discussions of leadership).

### (1) English Translation

Lord Wu of Wei had made a decision that was correct and appropriate, but none of his ministers could match his insight. After leaving the court, he wore a look of joy on his face.

Wu Qi approached and said: "Have you ever heard the words of King Zhuang of Chu spoken to those around him?"

Lord Wu asked: "What were the words of King Zhuang of Chu?"

Wu Qi replied: "When King Zhuang of Chu made a decision that was correct and appropriate, and none of his ministers could match his insight, he left the court with a look of worry on his face.

Shen Gong Wu Chen approached and asked: 'Your Majesty, why do you look so worried after leaving the court?'

King Zhuang said: 'I, the unworthy one, made a decision that was correct, but none of my ministers could match my insight. This is why I am worried. As it is said in the *Zhongluo* (a text of the time): "A ruler who finds a teacher among his ministers will become King (Hegemon of all under heaven); one who finds a friend will become a Hegemon (Ba); one who finds a peer will survive; but one who believes his own planning is superior to all others will perish."

Now, given my own unworthiness, if none of my ministers can match me, my state is close to perishing! This is why I am worried.'"

Wu Qi concluded: "King Zhuang of Chu felt worry in such a situation, but you, my Lord, feel joy."

Lord Wu hesitated, then bowed twice and said: "Heaven has sent you, Master, to shake me out of my error."

---

### (2) The Moral of the Story

The core moral of this story is **intellectual humility in leadership** and the **danger of isolation at the top**.

Key points include:

1.  **The Danger of Being "Too Smart" for Your Team:** The story argues that if a ruler is consistently smarter than all his advisors, it is not a sign of the ruler’s greatness, but a sign of the team’s weakness. A strong leader needs strong advisors who can challenge, correct, and complement him.
2.  **Worry as a Virtue, Joy as a Vice:** In this context, feeling *joy* at being the smartest person in the room is dangerous because it leads to complacency and the dismissal of dissenting or corrective voices. Feeling *worry* is virtuous because it prompts the ruler to seek better talent, listen more carefully, and recognize his own limitations.
3.  **The Hierarchy of Leadership:** The quote from the *Zhongluo* establishes a hierarchy:
    *   **Teacher (Shi):** The best advisors are those who can teach the ruler, implying the ruler is willing to learn and be corrected. This leads to supreme success (Wang).
    *   **Friend (You):** Advisors who are equals who can debate and collaborate. This leads to hegemony (Ba).
    *   **Peer (Yi):** Advisors who are merely similar in ability. This leads to mere survival.
    *   **Superior to All (Mo Ji Ruo):** If the ruler thinks he is better than everyone, he will fail (Wang).
4.  **Self-Awareness:** True wisdom includes knowing the limits of one’s own knowledge. Lord Wu of Wei’s initial joy reveals a lack of self-awareness, which Wu Qi corrects.

---

### (3) Counterparts in Western (European) Thought

Yes, the concepts in this story have strong counterparts in Western political philosophy, leadership theory, and classical thought. Here are some key parallels:

#### 1. **Socrates and the "I Know That I Know Nothing"**
*   **Parallel:** Socrates’ famous claim of ignorance is closely related to King Zhuang’s worry. Socrates believed that true wisdom begins with recognizing the limits of one’s own knowledge. A leader who believes he knows everything is, in Socratic terms, ignorant and dangerous.
*   **Connection:** Both emphasize that humility is the foundation of true wisdom and effective action.

#### 2. **Aristotle’s *Nicomachean Ethics* and the "Golden Mean"**
*   **Parallel:** Aristotle discusses the virtue of *phronesis* (practical wisdom) and the importance of having good friends and advisors. He argues that a person cannot be fully virtuous or wise in isolation.
*   **Connection:** The idea that a ruler needs "friends" or "peers" to check his own biases aligns with Aristotle’s view that virtue is developed and maintained in community.

#### 3. **Machiavelli’s *The Prince* (Chapter 23: "On the Need to Listen to Advice")**
*   **Parallel:** Machiavelli explicitly advises princes to surround themselves with honest and capable advisors who are not afraid to tell the truth. He warns against flatterers and against rulers who think they are smarter than everyone else.
*   **Quote:** "A prince should not be afraid to hear the truth... for if he does not, he will be deceived by flatterers."
*   **Connection:** This is almost identical to Wu Qi’s warning. Machiavelli also distinguishes between advisors who are "friends" (who may be biased) and those who are "honest" (who may be critical but truthful).

#### 4. **The Concept of "Checks and Balances" in Political Theory**
*   **Parallel:** While not a direct philosophical quote, the structural idea that no single person should have unchecked power or insight is central to Western political thought, from the Roman Republic to modern constitutionalism.
*   **Connection:** The story’s warning that a ruler who is "superior to all" will perish is a microcosm of the political principle that concentrated power without counterweight leads to failure.

#### 5. **Modern Leadership Theory: "Psychological Safety" and "Dissent"**
*   **Parallel:** Contemporary management theory (e.g., Amy Edmondson’s work on psychological safety) emphasizes that teams perform best when members feel safe to challenge the leader. A leader who is "too smart" and dismissive of others creates a culture of silence, leading to poor decision-making.
*   **Connection:** King Zhuang’s worry reflects a leader who values dissent and correction, while Lord Wu’s joy reflects a leader who may be suppressing dissent, leading to groupthink.

#### 6. **Plato’s *Republic* and the Philosopher-King**
*   **Parallel:** Plato argues that the ideal ruler is a philosopher who understands the Forms and the Good. However, even the Philosopher-King is not infallible and must be part of a well-ordered state with other classes (guardians, producers) that check and balance each other.
*   **Connection:** The idea that a ruler needs "teachers" or "friends" aligns with Plato’s view that wisdom is not solitary but part of a harmonious social structure.

### Conclusion
The story from *Xunzi* resonates deeply with Western thought because it addresses a universal challenge of leadership: **how to balance confidence with humility, and authority with collaboration.** The warning against the "lone genius" ruler is a timeless theme in both Eastern and Western political philosophy. [end of text]


