Here is the translation, an explanation of the moral, and a comparison with Western thought.

### (1) English Translation

Marquis Wu of Wei deliberated on affairs of state and made the right decisions, yet none of his ministers could match his insight. After retiring from the court session, he wore a look of joy. Wu Qi stepped forward and asked, "Has Your Majesty ever heard the words of King Zhuang of Chu mentioned around you?"

The Marquis asked, "What were the words of King Zhuang of Chu?"

Wu Qi replied, "King Zhuang of Chu once deliberated on affairs and made the right decisions, and none of his ministers could match him. Yet, after retiring from the court session, he wore a look of worry. Shen Gong Wuchen stepped forward and asked, 'Your Majesty, why do you look worried after the court session?'

King Zhuang replied, 'I deliberated on affairs and made the right decisions, yet none of my ministers could match my insight; this is why I am worried. As the ancient text *Zhong Kui* states: "When a feudal lord secures a teacher for himself, he can become a true King; if he secures friends, he can become a hegemon; if he secures those who question and debate with him, his state will survive; but if he relies solely on his own plans and no one is his equal, he will perish." Now, given my own lack of worth, none of my ministers can even match me. My state is on the brink of destruction! This is why I am worried.'

King Zhuang of Chu was worried about this, yet you, Your Majesty, are joyful."

Hearing this, Marquis Wu stepped back respectfully, bowed twice, and said, "Heaven has sent you, Master, to correct my faults."

***

### (2) The Moral of the Story

The moral of the story is that **intellectual arrogance and a lack of capable advisors are precursors to ruin.** 

In the context of ancient Chinese political philosophy (particularly Confucianism as presented by Xunzi), a ruler's greatest asset is not their own brilliance, but their ability to attract, listen to, and be challenged by talented ministers. 

When a ruler is the smartest person in the room and feels proud of it, it means the state lacks a diversity of thought, critical feedback, and capable succession. King Zhuang of Chu recognized that if no one could match his intellect, his ministers were inadequate, which left the state vulnerable. Marquis Wu of Wei, conversely, mistook his own superiority over his ministers for a sign of greatness. Wu Qi uses the historical example to teach him that true leadership requires humility, self-awareness, and the active cultivation of advisors who are capable of correcting or matching the ruler.

***

### (3) Counterparts in Western (European) Thought

Yes, the concepts in this story have strong counterparts in Western thought, particularly in political philosophy, ethics, and theories of leadership. 

**1. The Socratic Paradox and Intellectual Humility**
The story echoes the Socratic idea that true wisdom begins with recognizing one's own ignorance. Marquis Wu was ignorant of his own vulnerability; he thought his unmatched intellect was a strength. King Zhuang, like Socrates, recognized that lacking peers to challenge him was a dangerous deficiency. The Greek concept of *hubris* (excessive pride or self-confidence) fits Marquis Wu's initial reaction perfectly, while *sophrosyne* (temperance, self-awareness, and humility) is embodied by King Zhuang.

**2. Aristotle’s "Kingship" vs. "Tyranny"**
In Aristotle’s *Politics*, he distinguishes between a true King (who rules with virtue and for the good of the people, often advised by the best citizens) and a Tyrant (who rules alone, suspects everyone, and eliminates capable people out of fear). A ruler who has no equals and prefers it that way drifts toward tyranny. Aristotle also valued the concept of *phronesis* (practical wisdom), which in a ruler requires deliberation with others to achieve the best outcomes, rather than isolated decision-making.

**3. The "King's Two Bodies" and the Danger of Flatterers**
In Renaissance European political thought (such as Ernst Kantorowicz's concept of the "King's Two Bodies"), the physical king is fallible, but the "body politic" must endure. To ensure the survival of the state, the king needs good counsel. Thinkers like Niccolò Machiavelli and Desiderius Erasmus wrote extensively about the danger of flatterers. A ruler who is surrounded by people less capable than themselves is essentially surrounded by sycophants. Erasmus, in *The Education of a Christian Prince*, strongly advised rulers to surround themselves with honest, sharp critics rather than "yes-men" who merely agree with the ruler's ideas.

**4. The "First Servant of the State"**
In the 18th century, the Prussian King Frederick the Great coined the term "the first servant of the state" (*erster Diener des Staates*). He argued that a monarch should not view the state as their personal property to do with as they please, but rather that the monarch exists to serve the state's welfare. Part of this duty requires recognizing one's own limitations and relying on capable ministers. Frederick deliberately surrounded himself with brilliant philosophers and administrators, embodying the exact principle that King Zhuang of Chu was advocating: a ruler needs "friends" and "teachers," not just subordinates. [end of text]


