 to=self<|message|>This is a passage from 荀子:

We need translate, explain moral, counterpart in Western thought.

Provide translation. Keep proper names in Chinese.

Moral: humility, fear of isolation, etc. The quote: Those who find teachers become kings, find friends become hegemon, find doubters survive, self-reliant die.

Counterpart in Western thought: Socratic ignorance, "I know that I know nothing", or Machiavelli? Or the danger of flattery, court sycophancy. Also concept of "counsel" and "advisors". Maybe Aristotle's phronesis, or the idea of "the only true wisdom is knowing you know nothing". Also "pride goeth before fall". Or the concept of "checks and balances". Could mention the "foolish king" trope, or the idea of "the courtier's dilemma". Also parallels to "The King who knows he doesn't know" - Socratic humility.

Provide answer.

Let's output clear sections.<|start|>assistant to=user<|message|>**1. Translation**

Wei Wu Hou was planning affairs and was correct in them, and the ministers could not keep up with him. After court he retired with a happy expression on his face. Wu Qi came forward and said: "Have you ever heard the words of Chu Zhuang Wang spoken to those around you?"

Wu Hou said: "What were the words of Chu Zhuang Wang like?"

Wu Qi replied: "Chu Zhuang Wang was planning affairs and was correct in them, and the ministers could not keep up with him. After court he retired with a worried expression on his face. Shen Gong Wu Chen came forward and asked: 'Your Majesty has a worried expression after court, why is this?' Zhuang Wang said: 'I am unworthy, yet I plan affairs and am correct in them, and the ministers cannot keep up with me, therefore I am worried. There is a saying in Zhong Li: "If the feudal lords find a teacher for themselves they become kings, if they find a friend they become hegemon, if they find someone who doubts them they survive, if they plan for themselves and think no one is like them they perish." Now with my unworthiness, and the ministers cannot keep up with me, my state is almost on the verge of perishing! Therefore I am worried.' Chu Zhuang Wang was worried, and Your Majesty is happy."

Wu Hou stepped back and bowed twice, saying: "Heaven has sent the Master to shake awake my faults."

**2. The moral of the story**

The moral is about political humility and the danger of isolation at the top.

Wei Wu Hou takes his own correctness and the inability of his ministers to follow him as a sign of his superiority and rejoices. Chu Zhuang Wang takes the exact same situation as a sign of his state's danger and worries.

The reason is the maxim quoted from Zhong Li:

* 得師者王 - those who find a teacher for themselves become kings
* 得友者霸 - those who find a friend become hegemon
* 得疑者存 - those who find someone who doubts them survive
* 自為謀而莫己若者亡 - those who plan for themselves and think no one is like them perish

A ruler who is always right and never challenged is not wise, he is isolated. No teacher means no one can correct him, no friend means no one can advise him, no doubter means no one can check him. Flattery and sycophancy will fill the court, errors will accumulate uncorrected, and the state will fall. True strength is to welcome correction and to surround oneself with people who can surpass or question you.

Wu Qi's rebuke is therefore a classic Confucian/Mohist warning against arrogance and the lack of remonstrance.

**3. Western counterpart**

Yes, the core concepts have clear parallels.

* **Socratic humility / the examined life.** Socrates' famous claim "I know that I know nothing" and his insistence that a ruler must be willing to be questioned. Plato's *Apology* and *Republic* argue that a wise king is one who knows his own ignorance and seeks advisors. The opposite is the tyrant who believes himself infallible.

* **The danger of flattery and lack of counsel.** The classical Western topos of the isolated monarch surrounded by sycophants. In *The Prince* Machiavelli warns that princes who trust only themselves are destroyed. In the Bible, Proverbs 11:14: "Where there is no guidance, a people falls, but in an abundance of counselors there is safety." And the story of King Rehoboam in 1 Kings 12 who rejects the counsel of the elders for the young men and loses his kingdom.

* **Epistemic humility.** The modern philosophical concept that intellectual isolation breeds error. Karl Popper's principle of falsification - progress comes from criticism and doubt, not from self-confirmation. The idea that "a man who thinks he knows everything learns nothing more" is a common Western proverb.

In short, the Chinese warning that *self-sufficiency in judgment leads to ruin* is the same as the Western warning against hubris, the need for critical friends, and the Socratic ideal that wisdom begins with knowing you are not wise. [end of text]


