這首詩確實是清朝人寫的，而且內容與**吳三桂**高度相關。詩中運用了大量歷史典故與雙關語，來諷刺吳三桂的背叛行為與矛盾心態。以下逐句詳細解釋：

---

### 第一句：「李陵心事久風塵，三十年來詎臥薪？」

- **李陵**：漢朝將領，戰敗投降匈奴，後世常以「李陵心事」比喻投降者的苦衷與無奈。
- **久風塵**：長久處於戰亂或屈辱的環境中。
- **三十年來**：吳三桂從明朝崇禎年間到清朝康熙年間，前後約三十年。
- **詎臥薪**：反問句，意思是「難道真的在臥薪嘗膽、立志復仇嗎？」（臥薪嘗膽是越王勾踐復國的故事）

**解釋**：詩人說吳三桂像李陵一樣，長期處於風塵屈辱之中，但這三十年來，他真的有像勾踐那樣忍辱負重、圖謀復國嗎？其實沒有，他只是藉口而已。

---

### 第二句：「復楚未能先覆楚，帝秦何必又亡秦。」

- **復楚**：恢復楚國（暗指恢復明朝）。
- **先覆楚**：反而先滅亡了楚國（吳三桂引清兵入關，導致明朝滅亡）。
- **帝秦**：尊奉秦國為帝（指吳三桂投降清朝，稱臣）。
- **又亡秦**：後來又反叛清朝（吳三桂晚年發動三藩之亂，欲推翻清朝）。

**解釋**：吳三桂口口聲聲說要「復明」，結果卻是引清兵入關，先滅了明朝（覆楚）。後來他投降清朝，做了平西王，卻又起兵反清（亡秦）。詩人諷刺他反覆無常，既不能真正復明，又沒有忠於清朝，兩邊都不討好。

---

### 第三句：「丹心早為紅顏改，青史難寬白髮人。」

- **丹心**：赤誠之心，指忠於明朝的心。
- **紅顏**：美女，這裡指陳圓圓。吳三桂「衝冠一怒為紅顏」的故事廣為流傳。
- **青史**：歷史。
- **白髮人**：指吳三桂晚年。

**解釋**：吳三桂的忠心早就因為一個女人（陳圓圓）而改變了。他為了私慾背叛明朝，歷史是不會寬恕他這個白髮老人的。這句直接點出吳三桂背叛的動機是個人情感與利益，而非大義。

---

### 第四句：「永夜角聲應不寐，那堪思子又思親。」

- **永夜角聲**：長夜中軍營的號角聲，象徵戰爭與不安。
- **不寐**：睡不著。
- **思子又思親**：思念兒子與親人。吳三桂的兒子吳應熊被清朝扣留為人質，後來被殺；他的親人也在戰亂中離散。

**解釋**：吳三桂在反清戰爭中，長夜難眠，聽著號角聲，內心煎熬。他不僅要面對戰爭的壓力，還要承受兒子被殺、親人離散的痛苦。這句寫出他晚年的孤獨與悔恨。

---

### 總結：這首詩的主旨

這首詩是**諷刺吳三桂**的。詩人用「李陵」、「復楚」、「帝秦」、「紅顏」等典故，揭露吳三桂：

1. **假借復明之名，實則引清滅明**。
2. **投降清朝後又反叛，反覆無常**。
3. **背叛的動機是私慾（陳圓圓）而非大義**。
4. **晚年雖有悔恨，但已無法挽回歷史評價**。

整首詩語氣沉痛而諷刺，既批評吳三桂的背叛，也感嘆他最終落得眾叛親離、遺臭萬年的下場。 [end of text]


