是的，您的判斷完全正確。這首詩寫的正是明末清初的著名歷史人物——**吳三桂**。

這首詩透過極其精妙的對仗與用典，將吳三桂一生中幾次重大的政治與軍事轉折（引清兵入關、鎮守雲南、起兵反清）進行了深刻的諷刺與批判。以下為您逐聯詳細解釋：

### 1. 首聯：李陵心事久風塵，三十年來詎臥薪？
*   **李陵心事久風塵**：李陵是漢代將領，兵敗後被迫投降匈奴，終生未能歸漢。這裡將吳三桂比作李陵。吳三桂原為明朝山海關總兵，在明朝滅亡後，為借兵復仇而投降清朝。詩人認為吳三桂當初降清，或許有像李陵一樣「迫不得已」的苦衷（心事），但他在清朝的塵世中沉浮已久，初心早已改變。
*   **三十年來詎臥薪**：「臥薪」用的是越王勾踐臥薪嘗膽的典故。吳三桂從1644年引清兵入關，到1673年因康熙帝「削藩」而起兵反清，正好大約三十年。詩人質問：這三十年來，你難道真的是在「臥薪嘗膽」，圖謀反清復明嗎？（言下之意：根本不是，你只是貪戀藩王的權位，被削藩了才造反）。

### 2. 頷聯：復楚未能先覆楚，帝秦何必又亡秦。
這一聯是全詩最核心的諷刺，運用了戰國時期的歷史典故來影射吳三桂的反复無常：
*   **復楚未能先覆楚**：戰國時楚國被秦國所滅，楚國大將項燕（一說楚將）曾試圖復國。這裡的「楚」代指「明」。吳三桂當初打著「復君父之仇」（為崇禎帝報仇）的旗號引清兵入關，結果非但未能復明（復楚未能），反而成了消滅南明永曆政权的急先鋒，親手將明朝的殘餘勢力徹底覆滅（先覆楚）。
*   **帝秦何必又亡秦**：戰國時魯仲連曾反對尊秦為帝（帝秦），這裡的「秦」代指「清」。吳三桂降清後，幫助清朝平定天下，等於是幫助清朝確立了統治地位（帝秦）；既然你已經做了清朝的平西王，幫清朝打下了江山，又何必在晚年再次起兵造反，試圖顛覆清朝（又亡秦）呢？這兩句將吳三桂「先叛明、後叛清」的投機主義嘴臉刻畫得入木三分。

### 3. 頸聯：丹心早為紅顏改，青史難寬白髮人。
*   **丹心早為紅顏改**：這句點出了吳三桂引清兵入關的最著名民間傳說——「衝冠一怒為紅顏」。吳三桂原本有忠於明朝的「丹心」，但聽聞愛妾陳圓圓被李自成部下擄走後，怒而降清，改變了立場。這裡指出他背叛明朝的初衷並非為了民族大義，而是為了個人私情與利益。
*   **青史難寬白髮人**：「白髮人」指晚年的吳三桂。他在六十多歲時起兵反清，最終兵敗身死。詩人斷言，歷史（青史）是公正無情的，絕不會寬恕這個首鼠兩端、晚節不保的白髮老翁。

### 4. 尾聯：永夜角聲應不寐，那堪思子又思親。
*   **永夜角聲應不寐**：描寫吳三桂起兵後，在軍營中長夜難眠，聽著淒涼的畫角聲，內心充滿焦慮與煎熬。
*   **那堪思子又思親**：這句道出了吳三桂晚年最慘痛的悲劇。
    *   **思子**：吳三桂的長子吳應熊娶了清朝建寧公主，作為人質留在北京。吳三桂一造反，康熙帝立刻處死了吳應熊及其子吳世霖。吳三桂起兵卻害死了自己的兒子和孫子。
    *   **思親**：吳三桂早年降清時，其父吳襄在北京被李自成處死；而南明永曆帝逃入緬甸時，又是吳三桂帶兵逼迫緬甸交出永曆帝並將其絞死。他為了政治利益，未能保全父親（思親之痛），又親手扼殺了故主（不忠不孝）。
    *   詩人感嘆：長夜漫漫，軍營的號角聲讓人無法入睡，在這種內外交困的時刻，回首一生，既愧對被自己害死的故主與親人，又痛惜因自己造反而被清朝處決的兒孫，這種精神折磨怎能承受？

### 總結
這首詩以極為工整的七律形式，濃縮了吳三桂充滿爭議與悲劇的一生。詩人沒有進行謾罵，而是透過「李陵」、「臥薪」、「復楚」、「帝秦」等歷史典故，以及「紅顏」、「白髮」、「思子」、「思親」等強烈的對比，冷靜而犀利地剖析了吳三桂的虛偽、投機與最終的眾叛親離，是一首極具史識與文學價值的詠史詩。 [end of text]


