這首詩**確實是在隱喻和諷刺吳三桂**，但更準確地說，它是後世（或同時代）文人借古諷今，以**李陵**自比或比喻吳三桂，來批判其「降清」與「反清」的矛盾行為，以及他最終淪為歷史罪人的悲劇結局。

不過，需要特別澄清一點：**這首詩並非清朝官方或主流正統文人直接「寫給」吳三桂的公開檄文，而更可能是一首「借題發揮」的詠史詩或感懷詩**，作者可能是明末清初的遺民詩人，或後世對吳三桂事件有感而發的文人。詩中用「李陵」作為核心意象，是因為李陵與吳三桂在「降敵」、「背主」、「晚年悔恨」等方面有極高的相似性。

以下逐句詳細解釋，並說明為何指向吳三桂：

---

### 一、整體背景：為何用「李陵」比喻吳三桂？

- **李陵**：西漢將領，兵敗投降匈奴，後被漢廷視為叛徒，最終死於匈奴。他一生充滿矛盾：忠誠與背叛、悔恨與無奈。
- **吳三桂**：明末將領，原為明朝守關大將，因崇禎帝誅殺其父吳襄、陳圓圓被順治帝賜給多爾袞（或說被清軍掠走），遂開山海关引清兵入關，殺袁崇煥舊部，助清滅明。後清廷猜忌，吳三桂於1673年舉兵反清，號稱「周王」，但最終兵敗身死，被清廷視為叛賊。

兩人共同點：
1. 都是將領，因個人恩怨或政治壓力「降敵」。
2. 都被故國視為叛徒。
3. 晚年都陷入悔恨與孤獨。
4. 都未能實現「復國」理想，反而加速了故國的滅亡。

因此，詩人以「李陵心事」起筆，實則暗指吳三桂。

---

### 二、逐句解析

#### 1. **李陵心事久風塵**
- **字面**：李陵的心事，長期被風塵（戰亂、漂泊、屈辱）所掩蓋。
- **隱喻**：吳三桂的內心掙扎與歷史污點，長期被戰亂與政治風波所掩蓋，無人真正理解，也無人敢直言。
- **點題**：以李陵代指吳三桂，暗示其一生充滿矛盾與屈辱。

#### 2. **三十年來詎臥薪？**
- **字面**：三十多年來，難道他真像勾踐那樣臥薪嘗膽、忍辱負重嗎？
- **隱喻**：吳三桂降清後，表面臣服，內心是否真在等待復明時機？還是早已淪為清廷工具？「詎」字帶有懷疑與諷刺——他並非真心臥薪嘗膽，而是出於私利（保陳圓圓、保自身權勢）。
- **歷史背景**：吳三桂降清後，受封平西王，鎮守雲南，表面恭順，實則養精蓄銳。但清廷猜忌，最終逼其反清。詩人懷疑其「忠誠」的真實性。

#### 3. **復楚未能先覆楚**
- **字面**：想要復興楚國（比喻故國），卻先摧毀了楚國。
- **隱喻**：吳三桂自稱要「反清復明」，但他開關引清兵入關，直接導致明朝滅亡。他沒有先保護明朝，反而加速了明朝的覆滅。
- **關鍵批判**：這是全詩最核心的諷刺。吳三桂口頭上可能聲稱「為國為民」，但實際行為是「先亡明，後反清」，邏輯上自相矛盾。

#### 4. **帝秦何必又亡秦**
- **字面**：想要稱帝於秦（比喻建立新朝），何必又要讓秦國（比喻清朝）滅亡？
- **隱喻**：吳三桂反清時，自稱「周王」，意圖建立新朝。但他反清的動機並非純粹為復明，而是為了自身權力。他既想推翻清朝，又想自己稱帝，這種「既反清又自立」的矛盾，被詩人諷刺為「何必又亡秦」——你既想當皇帝，又何必去滅掉另一個皇帝（清朝）？不如直接自立。
- **深層含義**：揭示吳三桂反清的「不純粹性」，其動機是權力而非忠義。

#### 5. **丹心早為紅顏改**
- **字面**：赤誠之心，早已因為紅顏（美女）而改變。
- **隱喻**：直接點出吳三桂降清的關鍵原因之一——陳圓圓。相傳吳三桂因陳圓圓被清軍掠走（或賜給多爾袞）而憤怒，遂開關引清兵。詩人諷刺他「為女人背叛國家」，丹心（忠誠）因紅顏（私情）而變質。
- **歷史爭議**：陳圓圓事件是否為吳三桂降清主因，史學界有爭議，但文學上常以此為象徵，批判其「私情勝於公義」。

#### 6. **青史難寬白髮人**
- **字面**：歷史（青史）難以寬恕這位白髮老人。
- **隱喻**：吳三桂晚年反清失敗，死於衡陽，年過六旬。詩人指出，無論他晚年如何悔恨，歷史不會寬恕他。他的罪行（降清、殺明臣、引外敵）已定，白髮無濟於事。
- **悲劇感**：帶有對吳三桂個人命運的同情，但更強調歷史的嚴厲審判。

#### 7. **永夜角聲應不寐**
- **字面**：漫長的黑夜裡，軍號聲響起，他應該無法入睡。
- **隱喻**：吳三桂晚年，在反清戰爭中，夜裡聽到軍號，內心充滿悔恨、恐懼與孤獨，無法安眠。也暗示他一生被戰亂與罪惡感困擾。

#### 8. **那堪思子又思親**
- **字面**：哪能忍受思念兒子又思念親人？
- **隱喻**：吳三桂晚年，兒子吳世璠已死（或失聯），親人也多離散。他在孤獨中思念家人，但這種思念更凸顯其悲劇——他為私情背叛國家，最終失去一切，連親情都成為痛苦來源。
- **情感昇華**：從政治批判轉為個人悲劇，使詩歌更具感染力。

---

### 三、總結：這首詩的核心思想

1. **批判吳三桂的矛盾性**：
   - 口頭上「復明」，實際上「先亡明」。
   - 口頭上「忠義」，實際上「為紅顏改丹心」。
   - 口頭上「反清」，實際上「為自立」。

2. **同情其個人悲劇**：
   - 晚年孤獨、悔恨、無法安眠。
   - 歷史不會寬恕他，但他作為一個「人」，也有其痛苦。

3. **借李陵之酒杯，澆吳三桂之塊壘**：
   - 李陵是歷史上的「叛將」，吳三桂是當代的「叛將」。
   - 詩人通過李陵的典故，避免直接點名，但讀者一看便知所指。

---

### 四、關於作者與時代

- 這首詩**並非吳三桂本人所作**，而是後人或同時代文人對吳三桂事件的評論。
- 風格上，屬於**明末清初遺民詩**或**清代詠史詩**，常用「借古諷今」手法。
- 作者不詳，但從用典與情感來看，應為對吳三桂持批判態度的文人，可能帶有遺民情緒（同情明朝，批判降清者）。

---

### 五、結論

✅ **是的，這首詩是在說吳三桂**，但通過「李陵」的典故進行隱喻。  
✅ 詩中批判吳三桂「降清」、「為私情背叛國家」、「反清動機不純」、「晚年悔恨無用」。  
✅ 同時帶有對其個人悲劇的同情，使詩歌兼具批判性與文學感染力。

這是一首典型的「借古諷今」詠史詩，以李陵喻吳三桂，深刻揭示了吳三桂一生的矛盾與悲劇。 [end of text]


