這首詩**不是**在說吳三桂，而是**借李陵自況，抒發作者自身（或其所代表的一群）對清朝統治的怨恨與不合作情緒**。

以下逐句詳解：

---

## 一、題目與作者

這首詩出自**明末清初**的遺民詩人**屈大均**（1630–1696，廣東番禺人，明末抗清志士，南明永曆、隆武、紹武三朝官員，後被清廷追捕，晚年隱居）。他與「江左三大家」之一的**屈大均**同時代，是明末清初遺民詩群的重要代表。

詩中「李陵心事久風塵」——李陵是西漢將領，因兵敗投降匈奴，被後世文人視為「忠而見疑、被迫降敵」的悲劇人物。屈大均以李陵自比，表達自己**被迫降清、內心始終未能真正歸順**的苦悶。

---

## 二、逐句解讀

### 「李陵心事久風塵」
李陵的憂心事，早已在風塵中飄散多年。
- 「風塵」既指戰亂，也指歷史的塵埃。
- 李陵心事 = 作者自己的心事：忠於明朝、被迫降清、內心煎熬。

### 「三十年來詎臥薪？」
「詎」＝難道、怎麼。
- 句意：三十年來，我怎麼會甘心像越王勾踐那樣臥薪嘗膽、忍辱負重地為清朝效力？
- 這裡是**反問**：我並非真心為清朝效忠，只是被迫苟活。
- 「三十年」指從明亡（1644）到屈大均晚年（約1670年代）的時日。

### 「復楚未能先覆楚」
「楚」＝楚漢相爭中的楚國，這裡借指**明朝**（南明）。
- 句意：想恢復明朝（復楚），卻未能先滅掉清朝（覆楚）。
- 「未能」＝未能成功，表達**事與願違的無奈**。
- 這是對抗清事業失敗的沉痛自述。

### 「帝秦何必又亡秦」
「帝秦」＝稱帝於秦（指清朝以「秦」為喻，因其暴政、焚書坑儒、壓制漢人）。
- 句意：清朝（帝秦）何必又要重蹈亡秦的覆轍？
- 「何必」＝何必，是**諷刺與警告**：清朝的統治方式與秦朝相似，終將重蹈亡秦的覆轍。
- 這是對清朝統治的**政治批判**。

### 「丹心早為紅顏改」
「丹心」＝赤誠之心（文天祥「留取丹心照汗青」）。
- 「紅顏」＝美女，這裡指**清朝的權貴或誘惑**（也可能暗指作者被迫與清朝權貴交往）。
- 句意：赤誠之心早已因紅顏（誘惑）而改變。
- 這是**自責**：我本有丹心，卻因現實所迫而改變。

### 「青史難寬白髮人」
「青史」＝史書。
- 句意：史書難寬容那些白髮之人（指被迫降清的遺民）。
- 表達**對歷史的恐懼與自責**：怕被後世非議。

### 「永夜角聲應不寐」
「永夜」＝漫長的黑夜；「角聲」＝軍中號角。
- 句意：漫長的夜晚，角聲不斷，我怎能入睡？
- 表達**失眠、憂思**。

### 「那堪思子又思親」
「那堪」＝怎能忍受。
- 句意：怎能忍受思念愛子、又思念雙親？
- 表達**家國之痛**：既憂國，又思親。

---

## 三、總結

這首詩是**屈大均**（明末清初遺民詩人）的作品，借李陵自況，抒發：

1. **被迫降清的自責**（丹心早為紅顏改）
2. **抗清失敗的無奈**（復楚未能先覆楚）
3. **對清朝統治的批判**（帝秦何必又亡秦）
4. **家國之痛與失眠之苦**（永夜角聲應不寐）

**不是**在說吳三桂。吳三桂是明末清初的漢人武將，因「衝冠一怒為紅顏」降清，與本詩的意象（李陵、楚、秦、丹心、紅顏）有部分相似之處，但本詩的作者是**屈大均**，並非吳三桂。

---

## 四、補充說明

- 詩中「紅顏」一詞，與吳三桂「衝冠一怒為紅顏」的典故有相似之處，但本詩的「紅顏」是**誘惑、改變丹心的象徵**，並非指具體某個人。
- 本詩的「李陵心事」是**自況**，並非在評論李陵本人。
- 本詩的「楚」「秦」是**借古喻今**，並非在評論楚漢相爭或秦漢歷史。

---

## 五、結論

**這首詩不是說吳三桂，而是屈大均（明末清初遺民詩人）借李陵自況，抒發被迫降清、抗清失敗、對清朝統治的批判與家國之痛。**

如果你對這首詩的歷史背景、作者生平，或明末清初遺民詩群感興趣，我可以再補充。 [end of text]


